Archive member included to satisfy reference by file (symbol)

/usr/local/arm/10.3/bin/../lib/gcc/arm-none-eabi/10.3.1/thumb/v7e-m/nofp/libgcc.a(_arm_muldf3.o)
                              CMakeFiles/Car.elf.dir/Bsp/ssd1306.c.obj (__aeabi_dmul)
/usr/local/arm/10.3/bin/../lib/gcc/arm-none-eabi/10.3.1/thumb/v7e-m/nofp/libgcc.a(_arm_mulsf3.o)
                              CMakeFiles/Car.elf.dir/Bsp/JY901.c.obj (__aeabi_fmul)
/usr/local/arm/10.3/bin/../lib/gcc/arm-none-eabi/10.3.1/thumb/v7e-m/nofp/libgcc.a(_arm_addsubdf3.o)
                              CMakeFiles/Car.elf.dir/Task/Move.c.obj (__aeabi_dadd)
/usr/local/arm/10.3/bin/../lib/gcc/arm-none-eabi/10.3.1/thumb/v7e-m/nofp/libgcc.a(_arm_muldivdf3.o)
                              CMakeFiles/Car.elf.dir/Bsp/ssd1306.c.obj (__aeabi_ddiv)
/usr/local/arm/10.3/bin/../lib/gcc/arm-none-eabi/10.3.1/thumb/v7e-m/nofp/libgcc.a(_arm_cmpdf2.o)
                              CMakeFiles/Car.elf.dir/Bsp/JY901.c.obj (__aeabi_dcmple)
/usr/local/arm/10.3/bin/../lib/gcc/arm-none-eabi/10.3.1/thumb/v7e-m/nofp/libgcc.a(_arm_fixdfsi.o)
                              CMakeFiles/Car.elf.dir/Bsp/ssd1306.c.obj (__aeabi_d2iz)
/usr/local/arm/10.3/bin/../lib/gcc/arm-none-eabi/10.3.1/thumb/v7e-m/nofp/libgcc.a(_arm_truncdfsf2.o)
                              CMakeFiles/Car.elf.dir/Bsp/ssd1306.c.obj (__aeabi_d2f)
/usr/local/arm/10.3/bin/../lib/gcc/arm-none-eabi/10.3.1/thumb/v7e-m/nofp/libgcc.a(_arm_addsubsf3.o)
                              CMakeFiles/Car.elf.dir/Bsp/JY901.c.obj (__aeabi_fsub)
/usr/local/arm/10.3/bin/../lib/gcc/arm-none-eabi/10.3.1/thumb/v7e-m/nofp/libgcc.a(_arm_muldivsf3.o)
                              CMakeFiles/Car.elf.dir/Bsp/JY901.c.obj (__aeabi_fdiv)
/usr/local/arm/10.3/bin/../lib/gcc/arm-none-eabi/10.3.1/thumb/v7e-m/nofp/libgcc.a(_arm_cmpsf2.o)
                              CMakeFiles/Car.elf.dir/Bsp/JY901.c.obj (__aeabi_fcmplt)
/usr/local/arm/10.3/bin/../lib/gcc/arm-none-eabi/10.3.1/thumb/v7e-m/nofp/libgcc.a(_arm_fixsfsi.o)
                              CMakeFiles/Car.elf.dir/Task/Motor.c.obj (__aeabi_f2iz)
/usr/local/arm/10.3/bin/../lib/gcc/arm-none-eabi/10.3.1/thumb/v7e-m/nofp/libgcc.a(_arm_fixunssfsi.o)
                              CMakeFiles/Car.elf.dir/Task/Motor.c.obj (__aeabi_f2uiz)
/usr/local/arm/10.3/bin/../lib/gcc/arm-none-eabi/10.3.1/thumb/v7e-m/nofp/libgcc.a(_aeabi_uldivmod.o)
                              CMakeFiles/Car.elf.dir/Drivers/STM32F4xx_HAL_Driver/Src/stm32f4xx_hal_rcc.c.obj (__aeabi_uldivmod)
/usr/local/arm/10.3/bin/../lib/gcc/arm-none-eabi/10.3.1/thumb/v7e-m/nofp/libgcc.a(_udivmoddi4.o)
                              /usr/local/arm/10.3/bin/../lib/gcc/arm-none-eabi/10.3.1/thumb/v7e-m/nofp/libgcc.a(_aeabi_uldivmod.o) (__udivmoddi4)
/usr/local/arm/10.3/bin/../lib/gcc/arm-none-eabi/10.3.1/thumb/v7e-m/nofp/libgcc.a(_dvmd_tls.o)
                              /usr/local/arm/10.3/bin/../lib/gcc/arm-none-eabi/10.3.1/thumb/v7e-m/nofp/libgcc.a(_aeabi_uldivmod.o) (__aeabi_ldiv0)
/usr/local/arm/10.3/bin/../lib/gcc/arm-none-eabi/10.3.1/../../../../arm-none-eabi/lib/thumb/v7e-m/nofp/libg.a(lib_a-errno.o)
                              CMakeFiles/Car.elf.dir/Bsp/retarget.c.obj (__errno)
/usr/local/arm/10.3/bin/../lib/gcc/arm-none-eabi/10.3.1/../../../../arm-none-eabi/lib/thumb/v7e-m/nofp/libg.a(lib_a-exit.o)
                              /usr/local/arm/10.3/bin/../lib/gcc/arm-none-eabi/10.3.1/../../../../arm-none-eabi/lib/thumb/v7e-m/nofp/crt0.o (exit)
/usr/local/arm/10.3/bin/../lib/gcc/arm-none-eabi/10.3.1/../../../../arm-none-eabi/lib/thumb/v7e-m/nofp/libg.a(lib_a-impure.o)
                              /usr/local/arm/10.3/bin/../lib/gcc/arm-none-eabi/10.3.1/../../../../arm-none-eabi/lib/thumb/v7e-m/nofp/libg.a(lib_a-exit.o) (_global_impure_ptr)
/usr/local/arm/10.3/bin/../lib/gcc/arm-none-eabi/10.3.1/../../../../arm-none-eabi/lib/thumb/v7e-m/nofp/libg.a(lib_a-init.o)
                              /usr/local/arm/10.3/bin/../lib/gcc/arm-none-eabi/10.3.1/../../../../arm-none-eabi/lib/thumb/v7e-m/nofp/crt0.o (__libc_init_array)
/usr/local/arm/10.3/bin/../lib/gcc/arm-none-eabi/10.3.1/../../../../arm-none-eabi/lib/thumb/v7e-m/nofp/libg.a(lib_a-memcmp.o)
                              CMakeFiles/Car.elf.dir/Core/Src/stm32f4xx_it.c.obj (memcmp)
/usr/local/arm/10.3/bin/../lib/gcc/arm-none-eabi/10.3.1/../../../../arm-none-eabi/lib/thumb/v7e-m/nofp/libg.a(lib_a-memcpy.o)
                              CMakeFiles/Car.elf.dir/Bsp/ssd1306.c.obj (memcpy)
/usr/local/arm/10.3/bin/../lib/gcc/arm-none-eabi/10.3.1/../../../../arm-none-eabi/lib/thumb/v7e-m/nofp/libg.a(lib_a-memmove.o)
                              CMakeFiles/Car.elf.dir/Bsp/ssd1306_tests.c.obj (memmove)
/usr/local/arm/10.3/bin/../lib/gcc/arm-none-eabi/10.3.1/../../../../arm-none-eabi/lib/thumb/v7e-m/nofp/libg.a(lib_a-memset.o)
                              /usr/local/arm/10.3/bin/../lib/gcc/arm-none-eabi/10.3.1/../../../../arm-none-eabi/lib/thumb/v7e-m/nofp/crt0.o (memset)
[...]
Memory Configuration

Name             Origin             Length             Attributes
CCMRAM           0x0000000010000000 0x0000000000010000 xrw
RAM              0x0000000020000000 0x0000000000020000 xrw
FLASH            0x0000000008000000 0x0000000000080000 xr
*default*        0x0000000000000000 0xffffffffffffffff

Linker script and memory map

LOAD /usr/local/arm/10.3/bin/../lib/gcc/arm-none-eabi/10.3.1/thumb/v7e-m/nofp/crti.o
LOAD /usr/local/arm/10.3/bin/../lib/gcc/arm-none-eabi/10.3.1/thumb/v7e-m/nofp/crtbegin.o
LOAD /usr/local/arm/10.3/bin/../lib/gcc/arm-none-eabi/10.3.1/../../../../arm-none-eabi/lib/thumb/v7e-m/nofp/crt0.o
LOAD CMakeFiles/Car.elf.dir/Bsp/Bsp.c.obj
LOAD CMakeFiles/Car.elf.dir/Bsp/JY901.c.obj
LOAD CMakeFiles/Car.elf.dir/Bsp/My_Delay.c.obj
LOAD CMakeFiles/Car.elf.dir/Bsp/PI.c.obj
LOAD CMakeFiles/Car.elf.dir/Bsp/Uart_Bsp.c.obj
LOAD CMakeFiles/Car.elf.dir/Bsp/gm65.c.obj
LOAD CMakeFiles/Car.elf.dir/Bsp/retarget.c.obj
LOAD CMakeFiles/Car.elf.dir/Bsp/ssd1306.c.obj
LOAD CMakeFiles/Car.elf.dir/Bsp/ssd1306_fonts.c.obj
LOAD CMakeFiles/Car.elf.dir/Bsp/ssd1306_tests.c.obj
LOAD CMakeFiles/Car.elf.dir/Core/Src/dma.c.obj
LOAD CMakeFiles/Car.elf.dir/Core/Src/gpio.c.obj
LOAD CMakeFiles/Car.elf.dir/Core/Src/i2c.c.obj
LOAD CMakeFiles/Car.elf.dir/Core/Src/main.c.obj
LOAD CMakeFiles/Car.elf.dir/Core/Src/stm32f4xx_hal_msp.c.obj
LOAD CMakeFiles/Car.elf.dir/Core/Src/stm32f4xx_it.c.obj
LOAD CMakeFiles/Car.elf.dir/Core/Src/syscalls.c.obj
LOAD CMakeFiles/Car.elf.dir/Core/Src/sysmem.c.obj
LOAD CMakeFiles/Car.elf.dir/Core/Src/system_stm32f4xx.c.obj
LOAD CMakeFiles/Car.elf.dir/Core/Src/tim.c.obj
LOAD CMakeFiles/Car.elf.dir/Core/Src/usart.c.obj
LOAD CMakeFiles/Car.elf.dir/Core/Startup/startup_stm32f407zetx.s.obj
LOAD CMakeFiles/Car.elf.dir/Drivers/STM32F4xx_HAL_Driver/Src/stm32f4xx_hal.c.obj
LOAD CMakeFiles/Car.elf.dir/Drivers/STM32F4xx_HAL_Driver/Src/stm32f4xx_hal_cortex.c.obj
LOAD CMakeFiles/Car.elf.dir/Drivers/STM32F4xx_HAL_Driver/Src/stm32f4xx_hal_dma.c.obj
LOAD CMakeFiles/Car.elf.dir/Drivers/STM32F4xx_HAL_Driver/Src/stm32f4xx_hal_dma_ex.c.obj
LOAD CMakeFiles/Car.elf.dir/Drivers/STM32F4xx_HAL_Driver/Src/stm32f4xx_hal_exti.c.obj
LOAD CMakeFiles/Car.elf.dir/Drivers/STM32F4xx_HAL_Driver/Src/stm32f4xx_hal_flash.c.obj
LOAD CMakeFiles/Car.elf.dir/Drivers/STM32F4xx_HAL_Driver/Src/stm32f4xx_hal_flash_ex.c.obj
LOAD CMakeFiles/Car.elf.dir/Drivers/STM32F4xx_HAL_Driver/Src/stm32f4xx_hal_flash_ramfunc.c.obj
LOAD CMakeFiles/Car.elf.dir/Drivers/STM32F4xx_HAL_Driver/Src/stm32f4xx_hal_gpio.c.obj
LOAD CMakeFiles/Car.elf.dir/Drivers/STM32F4xx_HAL_Driver/Src/stm32f4xx_hal_i2c.c.obj
LOAD CMakeFiles/Car.elf.dir/Drivers/STM32F4xx_HAL_Driver/Src/stm32f4xx_hal_i2c_ex.c.obj
LOAD CMakeFiles/Car.elf.dir/Drivers/STM32F4xx_HAL_Driver/Src/stm32f4xx_hal_pwr.c.obj
LOAD CMakeFiles/Car.elf.dir/Drivers/STM32F4xx_HAL_Driver/Src/stm32f4xx_hal_pwr_ex.c.obj
LOAD CMakeFiles/Car.elf.dir/Drivers/STM32F4xx_HAL_Driver/Src/stm32f4xx_hal_rcc.c.obj
LOAD CMakeFiles/Car.elf.dir/Drivers/STM32F4xx_HAL_Driver/Src/stm32f4xx_hal_rcc_ex.c.obj
LOAD CMakeFiles/Car.elf.dir/Drivers/STM32F4xx_HAL_Driver/Src/stm32f4xx_hal_tim.c.obj
LOAD CMakeFiles/Car.elf.dir/Drivers/STM32F4xx_HAL_Driver/Src/stm32f4xx_hal_tim_ex.c.obj
LOAD CMakeFiles/Car.elf.dir/Drivers/STM32F4xx_HAL_Driver/Src/stm32f4xx_hal_uart.c.obj
LOAD CMakeFiles/Car.elf.dir/Task/Control.c.obj
LOAD CMakeFiles/Car.elf.dir/Task/Motor.c.obj
LOAD CMakeFiles/Car.elf.dir/Task/Move.c.obj
LOAD CMakeFiles/Car.elf.dir/Task/Servo.c.obj
LOAD CMakeFiles/Car.elf.dir/Task/Task.c.obj
START GROUP
LOAD /usr/local/arm/10.3/bin/../lib/gcc/arm-none-eabi/10.3.1/thumb/v7e-m/nofp/libgcc.a
LOAD /usr/local/arm/10.3/bin/../lib/gcc/arm-none-eabi/10.3.1/../../../../arm-none-eabi/lib/thumb/v7e-m/nofp/libg.a
LOAD /usr/local/arm/10.3/bin/../lib/gcc/arm-none-eabi/10.3.1/../../../../arm-none-eabi/lib/thumb/v7e-m/nofp/libc.a
END GROUP
LOAD /usr/local/arm/10.3/bin/../lib/gcc/arm-none-eabi/10.3.1/thumb/v7e-m/nofp/crtend.o
LOAD /usr/local/arm/10.3/bin/../lib/gcc/arm-none-eabi/10.3.1/thumb/v7e-m/nofp/crtn.o
                0x0000000020020000                _estack = (ORIGIN (RAM) + LENGTH (RAM))
                0x0000000000000200                _Min_Heap_Size = 0x200
                0x0000000000000400                _Min_Stack_Size = 0x400

.isr_vector     0x0000000008000000      0x188
                0x0000000008000000                . = ALIGN (0x4)
 *(.isr_vector)
 .isr_vector    0x0000000008000000      0x188 CMakeFiles/Car.elf.dir/Core/Startup/startup_stm32f407zetx.s.obj
                0x0000000008000000                g_pfnVectors
                0x0000000008000188                . = ALIGN (0x4)

.text           0x00000000080001c0     0xfb6c
                0x00000000080001c0                . = ALIGN (0x4)
 *(.text)
 .text          0x00000000080001c0      0x378 /usr/local/arm/10.3/bin/../lib/gcc/arm-none-eabi/10.3.1/thumb/v7e-m/nofp/libgcc.a(_arm_addsubdf3.o)
                0x00000000080001c0                __aeabi_drsub
                0x00000000080001c8                __aeabi_dsub
                0x00000000080001c8                __subdf3
                0x00000000080001cc                __adddf3
                0x00000000080001cc                __aeabi_dadd
                0x0000000008000444                __aeabi_ui2d
                0x0000000008000444                __floatunsidf
                0x0000000008000464                __floatsidf
                0x0000000008000464                __aeabi_i2d
                0x0000000008000488                __extendsfdf2
                0x0000000008000488                __aeabi_f2d
                0x00000000080004cc                __aeabi_ul2d
                0x00000000080004cc                __floatundidf
                0x00000000080004dc                __floatdidf
                0x00000000080004dc                __aeabi_l2d
 .text          0x0000000008000538      0x424 /usr/local/arm/10.3/bin/../lib/gcc/arm-none-eabi/10.3.1/thumb/v7e-m/nofp/libgcc.a(_arm_muldivdf3.o)
                0x0000000008000538                __aeabi_dmul
                0x0000000008000538                __muldf3
                0x000000000800078c                __aeabi_ddiv
                0x000000000800078c                __divdf3
 .text          0x000000000800095c      0x110 /usr/local/arm/10.3/bin/../lib/gcc/arm-none-eabi/10.3.1/thumb/v7e-m/nofp/libgcc.a(_arm_cmpdf2.o)
                0x000000000800095c                __gtdf2
                0x000000000800095c                __gedf2
                0x0000000008000964                __ltdf2
                0x0000000008000964                __ledf2
                0x000000000800096c                __cmpdf2
                0x000000000800096c                __eqdf2
                0x000000000800096c                __nedf2
                0x00000000080009e8                __aeabi_cdrcmple
                0x00000000080009f8                __aeabi_cdcmple
                0x00000000080009f8                __aeabi_cdcmpeq
                0x0000000008000a08                __aeabi_dcmpeq
                0x0000000008000a1c                __aeabi_dcmplt
                0x0000000008000a30                __aeabi_dcmple
                0x0000000008000a44                __aeabi_dcmpge
                0x0000000008000a58                __aeabi_dcmpgt
 .text          0x0000000008000a6c       0x50 /usr/local/arm/10.3/bin/../lib/gcc/arm-none-eabi/10.3.1/thumb/v7e-m/nofp/libgcc.a(_arm_fixdfsi.o)
                0x0000000008000a6c                __fixdfsi
                0x0000000008000a6c                __aeabi_d2iz
 .text          0x0000000008000abc      0x21c /usr/local/arm/10.3/bin/../lib/gcc/arm-none-eabi/10.3.1/thumb/v7e-m/nofp/libgcc.a(_arm_addsubsf3.o)
                0x0000000008000abc                __aeabi_frsub
                0x0000000008000ac4                __subsf3
                0x0000000008000ac4                __aeabi_fsub
                0x0000000008000ac8                __aeabi_fadd
                0x0000000008000ac8                __addsf3
                0x0000000008000c28                __aeabi_ui2f
                0x0000000008000c28                __floatunsisf
                0x0000000008000c30                __aeabi_i2f
                0x0000000008000c30                __floatsisf
                0x0000000008000c4c                __floatundisf
                0x0000000008000c4c                __aeabi_ul2f
                0x0000000008000c5c                __floatdisf
                0x0000000008000c5c                __aeabi_l2f
 .text          0x0000000008000cd8      0x2a0 /usr/local/arm/10.3/bin/../lib/gcc/arm-none-eabi/10.3.1/thumb/v7e-m/nofp/libgcc.a(_arm_muldivsf3.o)
                0x0000000008000cd8                __mulsf3
                0x0000000008000cd8                __aeabi_fmul
                0x0000000008000e40                __divsf3
                0x0000000008000e40                __aeabi_fdiv
 .text          0x0000000008000f78       0xec /usr/local/arm/10.3/bin/../lib/gcc/arm-none-eabi/10.3.1/thumb/v7e-m/nofp/libgcc.a(_arm_cmpsf2.o)
                0x0000000008000f78                __gtsf2
                0x0000000008000f78                __gesf2
                0x0000000008000f80                __lesf2
                0x0000000008000f80                __ltsf2
                0x0000000008000f88                __nesf2
                0x0000000008000f88                __eqsf2
                0x0000000008000f88                __cmpsf2
                0x0000000008000fe8                __aeabi_cfrcmple
                0x0000000008000ff0                __aeabi_cfcmple
                0x0000000008000ff0                __aeabi_cfcmpeq
                0x0000000008001000                __aeabi_fcmpeq
                0x0000000008001014                __aeabi_fcmplt
                0x0000000008001028                __aeabi_fcmple
                0x000000000800103c                __aeabi_fcmpge
                0x0000000008001050                __aeabi_fcmpgt
 .text          0x0000000008001064       0x4c /usr/local/arm/10.3/bin/../lib/gcc/arm-none-eabi/10.3.1/thumb/v7e-m/nofp/libgcc.a(_arm_fixsfsi.o)
                0x0000000008001064                __fixsfsi
                0x0000000008001064                __aeabi_f2iz
 .text          0x00000000080010b0       0x40 /usr/local/arm/10.3/bin/../lib/gcc/arm-none-eabi/10.3.1/thumb/v7e-m/nofp/libgcc.a(_arm_fixunssfsi.o)
                0x00000000080010b0                __aeabi_f2uiz
                0x00000000080010b0                __fixunssfsi
 .text          0x00000000080010f0       0x30 /usr/local/arm/10.3/bin/../lib/gcc/arm-none-eabi/10.3.1/thumb/v7e-m/nofp/libgcc.a(_aeabi_uldivmod.o)
                0x00000000080010f0                __aeabi_uldivmod
 .text          0x0000000008001120      0x2d0 /usr/local/arm/10.3/bin/../lib/gcc/arm-none-eabi/10.3.1/thumb/v7e-m/nofp/libgcc.a(_udivmoddi4.o)
                0x0000000008001120                __udivmoddi4
 .text          0x00000000080013f0        0x4 /usr/local/arm/10.3/bin/../lib/gcc/arm-none-eabi/10.3.1/thumb/v7e-m/nofp/libgcc.a(_dvmd_tls.o)
                0x00000000080013f0                __aeabi_ldiv0
                0x00000000080013f0                __aeabi_idiv0
 .text          0x00000000080013f4      0x134 /usr/local/arm/10.3/bin/../lib/gcc/arm-none-eabi/10.3.1/../../../../arm-none-eabi/lib/thumb/v7e-m/nofp/libg.a(lib_a-memcpy.o)
                0x00000000080013f4                memcpy
 *fill*         0x0000000008001528       0x18 
 .text          0x0000000008001540       0xdc /usr/local/arm/10.3/bin/../lib/gcc/arm-none-eabi/10.3.1/../../../../arm-none-eabi/lib/thumb/v7e-m/nofp/libg.a(lib_a-strlen.o)
                0x0000000008001540                strlen
 *fill*         0x000000000800161c        0x4 
 .text          0x0000000008001620       0xa0 /usr/local/arm/10.3/bin/../lib/gcc/arm-none-eabi/10.3.1/../../../../arm-none-eabi/lib/thumb/v7e-m/nofp/libg.a(lib_a-memchr.o)
                0x0000000008001620                memchr
 .text          0x00000000080016c0       0x2c /usr/local/arm/10.3/bin/../lib/gcc/arm-none-eabi/10.3.1/thumb/v7e-m/nofp/libgcc.a(_arm_unorddf2.o)
                0x00000000080016c0                __aeabi_dcmpun
                0x00000000080016c0                __unorddf2
 *(.text*)
 .text.Bsp_Init
                0x00000000080016ec       0x28 CMakeFiles/Car.elf.dir/Bsp/Bsp.c.obj
                0x00000000080016ec                Bsp_Init
 .text.HuaGui_Init_Proc
                0x0000000008001714       0xdc CMakeFiles/Car.elf.dir/Bsp/Bsp.c.obj
                0x0000000008001714                HuaGui_Init_Proc
 .text.OLED_proc
                0x00000000080017f0      0x14c CMakeFiles/Car.elf.dir/Bsp/Bsp.c.obj
                0x00000000080017f0                OLED_proc
 .text.User_USART_Init
                0x000000000800193c       0x1e CMakeFiles/Car.elf.dir/Bsp/JY901.c.obj
                0x000000000800193c                User_USART_Init
 *fill*         0x000000000800195a        0x2 
 .text.JY901_Process
                0x000000000800195c      0x130 CMakeFiles/Car.elf.dir/Bsp/JY901.c.obj
                0x000000000800195c                JY901_Process
 .text.my_abs_float
                0x0000000008001a8c       0x16 CMakeFiles/Car.elf.dir/Bsp/JY901.c.obj
                0x0000000008001a8c                my_abs_float
 *fill*         0x0000000008001aa2        0x6 
 .text.process_kalman_filter
                0x0000000008001aa8      0x138 CMakeFiles/Car.elf.dir/Bsp/JY901.c.obj
                0x0000000008001aa8                process_kalman_filter
 .text.JY901S_send_command
                0x0000000008001be0       0x34 CMakeFiles/Car.elf.dir/Bsp/JY901.c.obj
                0x0000000008001be0                JY901S_send_command
 .text.Reset_JY901S_Command
                0x0000000008001c14       0x5c CMakeFiles/Car.elf.dir/Bsp/JY901.c.obj
                0x0000000008001c14                Reset_JY901S_Command
 .text.Delay_Init
                0x0000000008001c70       0x18 CMakeFiles/Car.elf.dir/Bsp/My_Delay.c.obj
                0x0000000008001c70                Delay_Init
 .text.Delay_us
                0x0000000008001c88       0x40 CMakeFiles/Car.elf.dir/Bsp/My_Delay.c.obj
                0x0000000008001c88                Delay_us
 .text.Delay_ms
                0x0000000008001cc8       0x3c CMakeFiles/Car.elf.dir/Bsp/My_Delay.c.obj
                0x0000000008001cc8                Delay_ms
 .text.PI_Init  0x0000000008001d04       0x20 CMakeFiles/Car.elf.dir/Bsp/PI.c.obj
                0x0000000008001d04                PI_Init
 .text.PI_Receive_Data
                0x0000000008001d24       0x68 CMakeFiles/Car.elf.dir/Bsp/PI.c.obj
                0x0000000008001d24                PI_Receive_Data
 .text.Char_To_Num
                0x0000000008001d8c       0x3e CMakeFiles/Car.elf.dir/Bsp/PI.c.obj
                0x0000000008001d8c                Char_To_Num
 *fill*         0x0000000008001dca        0x2 
 .text.PI_Data_Receive_Proc
                0x0000000008001dcc      0x160 CMakeFiles/Car.elf.dir/Bsp/PI.c.obj
                0x0000000008001dcc                PI_Data_Receive_Proc
 .text.JY901S_Init
                0x0000000008001f2c       0x2c CMakeFiles/Car.elf.dir/Bsp/Uart_Bsp.c.obj
                0x0000000008001f2c                JY901S_Init
 .text.Usart_Init
                0x0000000008001f58        0xc CMakeFiles/Car.elf.dir/Bsp/Uart_Bsp.c.obj
                0x0000000008001f58                Usart_Init
 .text.Send_QR_Data_to_RB
                0x0000000008001f64       0x78 CMakeFiles/Car.elf.dir/Bsp/Uart_Bsp.c.obj
                0x0000000008001f64                Send_QR_Data_to_RB
 .text.GM65_QR_Send
                0x0000000008001fdc       0x2c CMakeFiles/Car.elf.dir/Bsp/gm65.c.obj
                0x0000000008001fdc                GM65_QR_Send
 .text.ASC_TO_INT
                0x0000000008002008       0x1a CMakeFiles/Car.elf.dir/Bsp/gm65.c.obj
                0x0000000008002008                ASC_TO_INT
 *fill*         0x0000000008002022        0x2 
 .text.RetargetInit
                0x0000000008002024       0x20 CMakeFiles/Car.elf.dir/Bsp/retarget.c.obj
                0x0000000008002024                RetargetInit
 .text._isatty  0x0000000008002044       0x16 CMakeFiles/Car.elf.dir/Bsp/retarget.c.obj
                0x0000000008002044                _isatty
 *fill*         0x000000000800205a        0x2 
 .text._write   0x000000000800205c       0x34 CMakeFiles/Car.elf.dir/Bsp/retarget.c.obj
                0x000000000800205c                _write
 .text._close   0x0000000008002090       0x18 CMakeFiles/Car.elf.dir/Bsp/retarget.c.obj
                0x0000000008002090                _close
 .text._lseek   0x00000000080020a8       0x10 CMakeFiles/Car.elf.dir/Bsp/retarget.c.obj
                0x00000000080020a8                _lseek
 .text._read    0x00000000080020b8       0x30 CMakeFiles/Car.elf.dir/Bsp/retarget.c.obj
                0x00000000080020b8                _read
 .text._fstat   0x00000000080020e8       0x1a CMakeFiles/Car.elf.dir/Bsp/retarget.c.obj
                0x00000000080020e8                _fstat
 *fill*         0x0000000008002102        0x2 
 .text.ssd1306_WriteCommand
                0x0000000008002104       0x2c CMakeFiles/Car.elf.dir/Bsp/ssd1306.c.obj
                0x0000000008002104                ssd1306_WriteCommand
 .text.ssd1306_WriteData
                0x0000000008002130       0x28 CMakeFiles/Car.elf.dir/Bsp/ssd1306.c.obj
                0x0000000008002130                ssd1306_WriteData
 .text.ssd1306_Fill
                0x0000000008002158       0x20 CMakeFiles/Car.elf.dir/Bsp/ssd1306.c.obj
                0x0000000008002158                ssd1306_Fill
 .text.ssd1306_UpdateScreen
                0x0000000008002178       0x38 CMakeFiles/Car.elf.dir/Bsp/ssd1306.c.obj
                0x0000000008002178                ssd1306_UpdateScreen
 .text.ssd1306_DrawPixel
                0x00000000080021b0       0x44 CMakeFiles/Car.elf.dir/Bsp/ssd1306.c.obj
                0x00000000080021b0                ssd1306_DrawPixel
 .text.ssd1306_WriteChar
                0x00000000080021f4       0xb0 CMakeFiles/Car.elf.dir/Bsp/ssd1306.c.obj
                0x00000000080021f4                ssd1306_WriteChar
 .text.ssd1306_WriteString
                0x00000000080022a4       0x2e CMakeFiles/Car.elf.dir/Bsp/ssd1306.c.obj
                0x00000000080022a4                ssd1306_WriteString
 *fill*         0x00000000080022d2        0x2 
 .text.ssd1306_SetCursor
                0x00000000080022d4        0xc CMakeFiles/Car.elf.dir/Bsp/ssd1306.c.obj
                0x00000000080022d4                ssd1306_SetCursor
 .text.ssd1306_SetContrast
                0x00000000080022e0       0x12 CMakeFiles/Car.elf.dir/Bsp/ssd1306.c.obj
                0x00000000080022e0                ssd1306_SetContrast
 *fill*         0x00000000080022f2        0x2 
 .text.ssd1306_SetDisplayOn
                0x00000000080022f4       0x20 CMakeFiles/Car.elf.dir/Bsp/ssd1306.c.obj
                0x00000000080022f4                ssd1306_SetDisplayOn
 .text.ssd1306_Init
                0x0000000008002314       0xc8 CMakeFiles/Car.elf.dir/Bsp/ssd1306.c.obj
                0x0000000008002314                ssd1306_Init
 .text.MX_DMA_Init
                0x00000000080023dc       0x34 CMakeFiles/Car.elf.dir/Core/Src/dma.c.obj
                0x00000000080023dc                MX_DMA_Init
 .text.MX_GPIO_Init
                0x0000000008002410      0x12c CMakeFiles/Car.elf.dir/Core/Src/gpio.c.obj
                0x0000000008002410                MX_GPIO_Init
 .text.MX_I2C1_Init
                0x000000000800253c       0x3c CMakeFiles/Car.elf.dir/Core/Src/i2c.c.obj
                0x000000000800253c                MX_I2C1_Init
 .text.HAL_I2C_MspInit
                0x0000000008002578       0x70 CMakeFiles/Car.elf.dir/Core/Src/i2c.c.obj
                0x0000000008002578                HAL_I2C_MspInit
 .text.Error_Handler
                0x00000000080025e8        0x4 CMakeFiles/Car.elf.dir/Core/Src/main.c.obj
                0x00000000080025e8                Error_Handler
 .text.SystemClock_Config
                0x00000000080025ec       0xac CMakeFiles/Car.elf.dir/Core/Src/main.c.obj
                0x00000000080025ec                SystemClock_Config
 .text.main     0x0000000008002698       0x70 CMakeFiles/Car.elf.dir/Core/Src/main.c.obj
                0x0000000008002698                main
 .text.HAL_MspInit
                0x0000000008002708       0x38 CMakeFiles/Car.elf.dir/Core/Src/stm32f4xx_hal_msp.c.obj
                0x0000000008002708                HAL_MspInit
 .text.NMI_Handler
                0x0000000008002740        0x2 CMakeFiles/Car.elf.dir/Core/Src/stm32f4xx_it.c.obj
                0x0000000008002740                NMI_Handler
 .text.HardFault_Handler
                0x0000000008002742        0x2 CMakeFiles/Car.elf.dir/Core/Src/stm32f4xx_it.c.obj
                0x0000000008002742                HardFault_Handler
 .text.MemManage_Handler
                0x0000000008002744        0x2 CMakeFiles/Car.elf.dir/Core/Src/stm32f4xx_it.c.obj
                0x0000000008002744                MemManage_Handler
 .text.BusFault_Handler
                0x0000000008002746        0x2 CMakeFiles/Car.elf.dir/Core/Src/stm32f4xx_it.c.obj
                0x0000000008002746                BusFault_Handler
 .text.UsageFault_Handler
                0x0000000008002748        0x2 CMakeFiles/Car.elf.dir/Core/Src/stm32f4xx_it.c.obj
                0x0000000008002748                UsageFault_Handler
 .text.SVC_Handler
                0x000000000800274a        0x2 CMakeFiles/Car.elf.dir/Core/Src/stm32f4xx_it.c.obj
                0x000000000800274a                SVC_Handler
 .text.DebugMon_Handler
                0x000000000800274c        0x2 CMakeFiles/Car.elf.dir/Core/Src/stm32f4xx_it.c.obj
                0x000000000800274c                DebugMon_Handler
 .text.PendSV_Handler
                0x000000000800274e        0x2 CMakeFiles/Car.elf.dir/Core/Src/stm32f4xx_it.c.obj
                0x000000000800274e                PendSV_Handler
 .text.SysTick_Handler
                0x0000000008002750        0x8 CMakeFiles/Car.elf.dir/Core/Src/stm32f4xx_it.c.obj
                0x0000000008002750                SysTick_Handler
 .text.DMA1_Stream1_IRQHandler
                0x0000000008002758       0x10 CMakeFiles/Car.elf.dir/Core/Src/stm32f4xx_it.c.obj
                0x0000000008002758                DMA1_Stream1_IRQHandler
 .text.USART1_IRQHandler
                0x0000000008002768       0x10 CMakeFiles/Car.elf.dir/Core/Src/stm32f4xx_it.c.obj
                0x0000000008002768                USART1_IRQHandler
 .text.USART2_IRQHandler
                0x0000000008002778       0x10 CMakeFiles/Car.elf.dir/Core/Src/stm32f4xx_it.c.obj
                0x0000000008002778                USART2_IRQHandler
 .text.USART3_IRQHandler
                0x0000000008002788       0x6c CMakeFiles/Car.elf.dir/Core/Src/stm32f4xx_it.c.obj
                0x0000000008002788                USART3_IRQHandler
 .text.UART4_IRQHandler
                0x00000000080027f4       0x10 CMakeFiles/Car.elf.dir/Core/Src/stm32f4xx_it.c.obj
                0x00000000080027f4                UART4_IRQHandler
 .text.TIM6_DAC_IRQHandler
                0x0000000008002804       0x10 CMakeFiles/Car.elf.dir/Core/Src/stm32f4xx_it.c.obj
                0x0000000008002804                TIM6_DAC_IRQHandler
 .text.USART6_IRQHandler
                0x0000000008002814       0x10 CMakeFiles/Car.elf.dir/Core/Src/stm32f4xx_it.c.obj
                0x0000000008002814                USART6_IRQHandler
 .text.HAL_UART_RxCpltCallback
                0x0000000008002824      0x124 CMakeFiles/Car.elf.dir/Core/Src/stm32f4xx_it.c.obj
                0x0000000008002824                HAL_UART_RxCpltCallback
 .text.HAL_UART_TxCpltCallback
                0x0000000008002948       0x20 CMakeFiles/Car.elf.dir/Core/Src/stm32f4xx_it.c.obj
                0x0000000008002948                HAL_UART_TxCpltCallback
 .text._getpid  0x0000000008002968        0x4 CMakeFiles/Car.elf.dir/Core/Src/syscalls.c.obj
                0x0000000008002968                _getpid
 .text._kill    0x000000000800296c       0x10 CMakeFiles/Car.elf.dir/Core/Src/syscalls.c.obj
                0x000000000800296c                _kill
 .text._exit    0x000000000800297c        0xc CMakeFiles/Car.elf.dir/Core/Src/syscalls.c.obj
                0x000000000800297c                _exit
 .text._sbrk    0x0000000008002988       0x48 CMakeFiles/Car.elf.dir/Core/Src/sysmem.c.obj
                0x0000000008002988                _sbrk
 .text.SystemInit
                0x00000000080029d0        0x2 CMakeFiles/Car.elf.dir/Core/Src/system_stm32f4xx.c.obj
                0x00000000080029d0                SystemInit
 *fill*         0x00000000080029d2        0x2 
 .text.MX_TIM6_Init
                0x00000000080029d4       0x50 CMakeFiles/Car.elf.dir/Core/Src/tim.c.obj
                0x00000000080029d4                MX_TIM6_Init
 .text.MX_TIM7_Init
                0x0000000008002a24       0x50 CMakeFiles/Car.elf.dir/Core/Src/tim.c.obj
                0x0000000008002a24                MX_TIM7_Init
 .text.HAL_TIM_Base_MspInit
                0x0000000008002a74       0x8c CMakeFiles/Car.elf.dir/Core/Src/tim.c.obj
                0x0000000008002a74                HAL_TIM_Base_MspInit
 .text.HAL_TIM_MspPostInit
                0x0000000008002b00       0x80 CMakeFiles/Car.elf.dir/Core/Src/tim.c.obj
                0x0000000008002b00                HAL_TIM_MspPostInit
 .text.MX_TIM3_Init
                0x0000000008002b80       0xec CMakeFiles/Car.elf.dir/Core/Src/tim.c.obj
                0x0000000008002b80                MX_TIM3_Init
 .text.MX_UART4_Init
                0x0000000008002c6c       0x34 CMakeFiles/Car.elf.dir/Core/Src/usart.c.obj
                0x0000000008002c6c                MX_UART4_Init
 .text.MX_UART5_Init
                0x0000000008002ca0       0x34 CMakeFiles/Car.elf.dir/Core/Src/usart.c.obj
                0x0000000008002ca0                MX_UART5_Init
 .text.MX_USART1_UART_Init
                0x0000000008002cd4       0x34 CMakeFiles/Car.elf.dir/Core/Src/usart.c.obj
                0x0000000008002cd4                MX_USART1_UART_Init
 .text.MX_USART2_UART_Init
                0x0000000008002d08       0x34 CMakeFiles/Car.elf.dir/Core/Src/usart.c.obj
                0x0000000008002d08                MX_USART2_UART_Init
 .text.MX_USART3_UART_Init
                0x0000000008002d3c       0x34 CMakeFiles/Car.elf.dir/Core/Src/usart.c.obj
                0x0000000008002d3c                MX_USART3_UART_Init
 .text.MX_USART6_UART_Init
                0x0000000008002d70       0x34 CMakeFiles/Car.elf.dir/Core/Src/usart.c.obj
                0x0000000008002d70                MX_USART6_UART_Init
 .text.HAL_UART_MspInit
                0x0000000008002da4      0x2c8 CMakeFiles/Car.elf.dir/Core/Src/usart.c.obj
                0x0000000008002da4                HAL_UART_MspInit
 .text.Reset_Handler
                0x000000000800306c       0x50 CMakeFiles/Car.elf.dir/Core/Startup/startup_stm32f407zetx.s.obj
                0x000000000800306c                Reset_Handler
 .text.Default_Handler
                0x00000000080030bc        0x2 CMakeFiles/Car.elf.dir/Core/Startup/startup_stm32f407zetx.s.obj
                0x00000000080030bc                RTC_Alarm_IRQHandler
                0x00000000080030bc                HASH_RNG_IRQHandler
                0x00000000080030bc                EXTI2_IRQHandler
                0x00000000080030bc                TIM8_CC_IRQHandler
                0x00000000080030bc                TIM1_CC_IRQHandler
                0x00000000080030bc                DMA2_Stream5_IRQHandler
                0x00000000080030bc                DMA1_Stream5_IRQHandler
                0x00000000080030bc                PVD_IRQHandler
                0x00000000080030bc                SDIO_IRQHandler
                0x00000000080030bc                TAMP_STAMP_IRQHandler
                0x00000000080030bc                CAN2_RX1_IRQHandler
                0x00000000080030bc                EXTI3_IRQHandler
                0x00000000080030bc                TIM8_TRG_COM_TIM14_IRQHandler
                0x00000000080030bc                TIM1_UP_TIM10_IRQHandler
                0x00000000080030bc                TIM8_UP_TIM13_IRQHandler
                0x00000000080030bc                I2C3_ER_IRQHandler
                0x00000000080030bc                EXTI0_IRQHandler
                0x00000000080030bc                I2C2_EV_IRQHandler
                0x00000000080030bc                DMA1_Stream2_IRQHandler
                0x00000000080030bc                CAN1_RX0_IRQHandler
                0x00000000080030bc                FPU_IRQHandler
                0x00000000080030bc                OTG_HS_WKUP_IRQHandler
                0x00000000080030bc                CAN2_SCE_IRQHandler
                0x00000000080030bc                DMA2_Stream2_IRQHandler
                0x00000000080030bc                SPI1_IRQHandler
                0x00000000080030bc                TIM1_BRK_TIM9_IRQHandler
                0x00000000080030bc                DCMI_IRQHandler
                0x00000000080030bc                CAN2_RX0_IRQHandler
                0x00000000080030bc                DMA2_Stream3_IRQHandler
                0x00000000080030bc                CAN1_RX1_IRQHandler
                0x00000000080030bc                UART5_IRQHandler
                0x00000000080030bc                DMA2_Stream0_IRQHandler
                0x00000000080030bc                TIM4_IRQHandler
                0x00000000080030bc                I2C1_EV_IRQHandler
                0x00000000080030bc                DMA1_Stream6_IRQHandler
                0x00000000080030bc                TIM3_IRQHandler
                0x00000000080030bc                RCC_IRQHandler
                0x00000000080030bc                TIM8_BRK_TIM12_IRQHandler
                0x00000000080030bc                Default_Handler
                0x00000000080030bc                EXTI15_10_IRQHandler
                0x00000000080030bc                ADC_IRQHandler
                0x00000000080030bc                DMA1_Stream7_IRQHandler
                0x00000000080030bc                TIM7_IRQHandler
                0x00000000080030bc                CAN2_TX_IRQHandler
                0x00000000080030bc                TIM5_IRQHandler
                0x00000000080030bc                DMA2_Stream7_IRQHandler
                0x00000000080030bc                I2C3_EV_IRQHandler
                0x00000000080030bc                EXTI9_5_IRQHandler
                0x00000000080030bc                RTC_WKUP_IRQHandler
                0x00000000080030bc                ETH_WKUP_IRQHandler
                0x00000000080030bc                SPI2_IRQHandler
                0x00000000080030bc                OTG_HS_EP1_IN_IRQHandler
                0x00000000080030bc                DMA1_Stream0_IRQHandler
                0x00000000080030bc                CAN1_TX_IRQHandler
                0x00000000080030bc                EXTI4_IRQHandler
                0x00000000080030bc                FSMC_IRQHandler
                0x00000000080030bc                ETH_IRQHandler
                0x00000000080030bc                OTG_HS_EP1_OUT_IRQHandler
                0x00000000080030bc                WWDG_IRQHandler
                0x00000000080030bc                TIM2_IRQHandler
                0x00000000080030bc                OTG_FS_WKUP_IRQHandler
                0x00000000080030bc                TIM1_TRG_COM_TIM11_IRQHandler
                0x00000000080030bc                OTG_HS_IRQHandler
                0x00000000080030bc                EXTI1_IRQHandler
                0x00000000080030bc                I2C2_ER_IRQHandler
                0x00000000080030bc                DMA2_Stream1_IRQHandler
                0x00000000080030bc                CAN1_SCE_IRQHandler
                0x00000000080030bc                FLASH_IRQHandler
                0x00000000080030bc                DMA2_Stream4_IRQHandler
                0x00000000080030bc                OTG_FS_IRQHandler
                0x00000000080030bc                SPI3_IRQHandler
                0x00000000080030bc                DMA1_Stream4_IRQHandler
                0x00000000080030bc                I2C1_ER_IRQHandler
                0x00000000080030bc                DMA2_Stream6_IRQHandler
                0x00000000080030bc                DMA1_Stream3_IRQHandler
 *fill*         0x00000000080030be        0x2 
 .text.HAL_InitTick
                0x00000000080030c0       0x4c CMakeFiles/Car.elf.dir/Drivers/STM32F4xx_HAL_Driver/Src/stm32f4xx_hal.c.obj
                0x00000000080030c0                HAL_InitTick
 .text.HAL_Init
                0x000000000800310c       0x34 CMakeFiles/Car.elf.dir/Drivers/STM32F4xx_HAL_Driver/Src/stm32f4xx_hal.c.obj
                0x000000000800310c                HAL_Init
 .text.HAL_IncTick
                0x0000000008003140       0x18 CMakeFiles/Car.elf.dir/Drivers/STM32F4xx_HAL_Driver/Src/stm32f4xx_hal.c.obj
                0x0000000008003140                HAL_IncTick
 .text.HAL_GetTick
                0x0000000008003158        0xc CMakeFiles/Car.elf.dir/Drivers/STM32F4xx_HAL_Driver/Src/stm32f4xx_hal.c.obj
                0x0000000008003158                HAL_GetTick
 .text.HAL_Delay
                0x0000000008003164       0x28 CMakeFiles/Car.elf.dir/Drivers/STM32F4xx_HAL_Driver/Src/stm32f4xx_hal.c.obj
                0x0000000008003164                HAL_Delay
 .text.HAL_NVIC_SetPriorityGrouping
                0x000000000800318c       0x24 CMakeFiles/Car.elf.dir/Drivers/STM32F4xx_HAL_Driver/Src/stm32f4xx_hal_cortex.c.obj
                0x000000000800318c                HAL_NVIC_SetPriorityGrouping
 .text.HAL_NVIC_SetPriority
                0x00000000080031b0       0x70 CMakeFiles/Car.elf.dir/Drivers/STM32F4xx_HAL_Driver/Src/stm32f4xx_hal_cortex.c.obj
                0x00000000080031b0                HAL_NVIC_SetPriority
 .text.HAL_NVIC_EnableIRQ
                0x0000000008003220       0x1c CMakeFiles/Car.elf.dir/Drivers/STM32F4xx_HAL_Driver/Src/stm32f4xx_hal_cortex.c.obj
                0x0000000008003220                HAL_NVIC_EnableIRQ
 .text.HAL_SYSTICK_Config
                0x000000000800323c       0x28 CMakeFiles/Car.elf.dir/Drivers/STM32F4xx_HAL_Driver/Src/stm32f4xx_hal_cortex.c.obj
                0x000000000800323c                HAL_SYSTICK_Config
 .text.HAL_SYSTICK_CLKSourceConfig
                0x0000000008003264       0x20 CMakeFiles/Car.elf.dir/Drivers/STM32F4xx_HAL_Driver/Src/stm32f4xx_hal_cortex.c.obj
                0x0000000008003264                HAL_SYSTICK_CLKSourceConfig
 .text.DMA_SetConfig
                0x0000000008003284       0x2c CMakeFiles/Car.elf.dir/Drivers/STM32F4xx_HAL_Driver/Src/stm32f4xx_hal_dma.c.obj
 .text.DMA_CalcBaseAndBitshift
                0x00000000080032b0       0x40 CMakeFiles/Car.elf.dir/Drivers/STM32F4xx_HAL_Driver/Src/stm32f4xx_hal_dma.c.obj
 .text.DMA_CheckFifoParam
                0x00000000080032f0       0x8e CMakeFiles/Car.elf.dir/Drivers/STM32F4xx_HAL_Driver/Src/stm32f4xx_hal_dma.c.obj
 *fill*         0x000000000800337e        0x2 
 .text.HAL_DMA_Init
                0x0000000008003380       0xcc CMakeFiles/Car.elf.dir/Drivers/STM32F4xx_HAL_Driver/Src/stm32f4xx_hal_dma.c.obj
                0x0000000008003380                HAL_DMA_Init
 .text.HAL_DMA_Start_IT
                0x000000000800344c       0x6a CMakeFiles/Car.elf.dir/Drivers/STM32F4xx_HAL_Driver/Src/stm32f4xx_hal_dma.c.obj
                0x000000000800344c                HAL_DMA_Start_IT
 .text.HAL_DMA_Abort
                0x00000000080034b6       0x94 CMakeFiles/Car.elf.dir/Drivers/STM32F4xx_HAL_Driver/Src/stm32f4xx_hal_dma.c.obj
                0x00000000080034b6                HAL_DMA_Abort
 .text.HAL_DMA_Abort_IT
                0x000000000800354a       0x26 CMakeFiles/Car.elf.dir/Drivers/STM32F4xx_HAL_Driver/Src/stm32f4xx_hal_dma.c.obj
                0x000000000800354a                HAL_DMA_Abort_IT
 .text.HAL_DMA_IRQHandler
                0x0000000008003570      0x1dc CMakeFiles/Car.elf.dir/Drivers/STM32F4xx_HAL_Driver/Src/stm32f4xx_hal_dma.c.obj
                0x0000000008003570                HAL_DMA_IRQHandler
 .text.HAL_GPIO_Init
                0x000000000800374c      0x1e4 CMakeFiles/Car.elf.dir/Drivers/STM32F4xx_HAL_Driver/Src/stm32f4xx_hal_gpio.c.obj
                0x000000000800374c                HAL_GPIO_Init
 .text.HAL_GPIO_WritePin
                0x0000000008003930        0xc CMakeFiles/Car.elf.dir/Drivers/STM32F4xx_HAL_Driver/Src/stm32f4xx_hal_gpio.c.obj
                0x0000000008003930                HAL_GPIO_WritePin
 .text.HAL_GPIO_TogglePin
                0x000000000800393c       0x12 CMakeFiles/Car.elf.dir/Drivers/STM32F4xx_HAL_Driver/Src/stm32f4xx_hal_gpio.c.obj
                0x000000000800393c                HAL_GPIO_TogglePin
 .text.I2C_IsAcknowledgeFailed
                0x000000000800394e       0x32 CMakeFiles/Car.elf.dir/Drivers/STM32F4xx_HAL_Driver/Src/stm32f4xx_hal_i2c.c.obj
 .text.I2C_WaitOnFlagUntilTimeout
                0x0000000008003980       0xaa CMakeFiles/Car.elf.dir/Drivers/STM32F4xx_HAL_Driver/Src/stm32f4xx_hal_i2c.c.obj
 .text.I2C_WaitOnMasterAddressFlagUntilTimeout
                0x0000000008003a2a       0xd6 CMakeFiles/Car.elf.dir/Drivers/STM32F4xx_HAL_Driver/Src/stm32f4xx_hal_i2c.c.obj
 .text.I2C_WaitOnTXEFlagUntilTimeout
                0x0000000008003b00       0x5e CMakeFiles/Car.elf.dir/Drivers/STM32F4xx_HAL_Driver/Src/stm32f4xx_hal_i2c.c.obj
 *fill*         0x0000000008003b5e        0x2 
 .text.I2C_RequestMemoryWrite
                0x0000000008003b60       0xd8 CMakeFiles/Car.elf.dir/Drivers/STM32F4xx_HAL_Driver/Src/stm32f4xx_hal_i2c.c.obj
 .text.I2C_WaitOnBTFFlagUntilTimeout
                0x0000000008003c38       0x5e CMakeFiles/Car.elf.dir/Drivers/STM32F4xx_HAL_Driver/Src/stm32f4xx_hal_i2c.c.obj
 *fill*         0x0000000008003c96        0x2 
 .text.HAL_I2C_Init
                0x0000000008003c98      0x1bc CMakeFiles/Car.elf.dir/Drivers/STM32F4xx_HAL_Driver/Src/stm32f4xx_hal_i2c.c.obj
                0x0000000008003c98                HAL_I2C_Init
 .text.HAL_I2C_Mem_Write
                0x0000000008003e54      0x164 CMakeFiles/Car.elf.dir/Drivers/STM32F4xx_HAL_Driver/Src/stm32f4xx_hal_i2c.c.obj
                0x0000000008003e54                HAL_I2C_Mem_Write
 .text.HAL_RCC_OscConfig
                0x0000000008003fb8      0x3f8 CMakeFiles/Car.elf.dir/Drivers/STM32F4xx_HAL_Driver/Src/stm32f4xx_hal_rcc.c.obj
                0x0000000008003fb8                HAL_RCC_OscConfig
 .text.HAL_RCC_GetSysClockFreq
                0x00000000080043b0       0xd4 CMakeFiles/Car.elf.dir/Drivers/STM32F4xx_HAL_Driver/Src/stm32f4xx_hal_rcc.c.obj
                0x00000000080043b0                HAL_RCC_GetSysClockFreq
 .text.HAL_RCC_ClockConfig
                0x0000000008004484      0x160 CMakeFiles/Car.elf.dir/Drivers/STM32F4xx_HAL_Driver/Src/stm32f4xx_hal_rcc.c.obj
                0x0000000008004484                HAL_RCC_ClockConfig
 .text.HAL_RCC_GetHCLKFreq
                0x00000000080045e4        0xc CMakeFiles/Car.elf.dir/Drivers/STM32F4xx_HAL_Driver/Src/stm32f4xx_hal_rcc.c.obj
                0x00000000080045e4                HAL_RCC_GetHCLKFreq
 .text.HAL_RCC_GetPCLK1Freq
                0x00000000080045f0       0x20 CMakeFiles/Car.elf.dir/Drivers/STM32F4xx_HAL_Driver/Src/stm32f4xx_hal_rcc.c.obj
                0x00000000080045f0                HAL_RCC_GetPCLK1Freq
 .text.HAL_RCC_GetPCLK2Freq
                0x0000000008004610       0x20 CMakeFiles/Car.elf.dir/Drivers/STM32F4xx_HAL_Driver/Src/stm32f4xx_hal_rcc.c.obj
                0x0000000008004610                HAL_RCC_GetPCLK2Freq
 .text.TIM_OC1_SetConfig
                0x0000000008004630       0x68 CMakeFiles/Car.elf.dir/Drivers/STM32F4xx_HAL_Driver/Src/stm32f4xx_hal_tim.c.obj
 .text.TIM_OC3_SetConfig
                0x0000000008004698       0x70 CMakeFiles/Car.elf.dir/Drivers/STM32F4xx_HAL_Driver/Src/stm32f4xx_hal_tim.c.obj
 .text.TIM_OC4_SetConfig
                0x0000000008004708       0x50 CMakeFiles/Car.elf.dir/Drivers/STM32F4xx_HAL_Driver/Src/stm32f4xx_hal_tim.c.obj
 .text.TIM_TI1_ConfigInputStage
                0x0000000008004758       0x24 CMakeFiles/Car.elf.dir/Drivers/STM32F4xx_HAL_Driver/Src/stm32f4xx_hal_tim.c.obj
 .text.TIM_TI2_ConfigInputStage
                0x000000000800477c       0x26 CMakeFiles/Car.elf.dir/Drivers/STM32F4xx_HAL_Driver/Src/stm32f4xx_hal_tim.c.obj
 .text.TIM_ITRx_SetConfig
                0x00000000080047a2       0x10 CMakeFiles/Car.elf.dir/Drivers/STM32F4xx_HAL_Driver/Src/stm32f4xx_hal_tim.c.obj
 *fill*         0x00000000080047b2        0x2 
 .text.HAL_TIM_Base_Start_IT
                0x00000000080047b4       0x88 CMakeFiles/Car.elf.dir/Drivers/STM32F4xx_HAL_Driver/Src/stm32f4xx_hal_tim.c.obj
                0x00000000080047b4                HAL_TIM_Base_Start_IT
 .text.HAL_TIM_PWM_MspInit
                0x000000000800483c        0x2 CMakeFiles/Car.elf.dir/Drivers/STM32F4xx_HAL_Driver/Src/stm32f4xx_hal_tim.c.obj
                0x000000000800483c                HAL_TIM_PWM_MspInit
 .text.HAL_TIM_OC_DelayElapsedCallback
                0x000000000800483e        0x2 CMakeFiles/Car.elf.dir/Drivers/STM32F4xx_HAL_Driver/Src/stm32f4xx_hal_tim.c.obj
                0x000000000800483e                HAL_TIM_OC_DelayElapsedCallback
 .text.HAL_TIM_IC_CaptureCallback
                0x0000000008004840        0x2 CMakeFiles/Car.elf.dir/Drivers/STM32F4xx_HAL_Driver/Src/stm32f4xx_hal_tim.c.obj
                0x0000000008004840                HAL_TIM_IC_CaptureCallback
 .text.HAL_TIM_PWM_PulseFinishedCallback
                0x0000000008004842        0x2 CMakeFiles/Car.elf.dir/Drivers/STM32F4xx_HAL_Driver/Src/stm32f4xx_hal_tim.c.obj
                0x0000000008004842                HAL_TIM_PWM_PulseFinishedCallback
 .text.HAL_TIM_TriggerCallback
                0x0000000008004844        0x2 CMakeFiles/Car.elf.dir/Drivers/STM32F4xx_HAL_Driver/Src/stm32f4xx_hal_tim.c.obj
                0x0000000008004844                HAL_TIM_TriggerCallback
 .text.HAL_TIM_IRQHandler
                0x0000000008004846      0x15e CMakeFiles/Car.elf.dir/Drivers/STM32F4xx_HAL_Driver/Src/stm32f4xx_hal_tim.c.obj
                0x0000000008004846                HAL_TIM_IRQHandler
 .text.TIM_Base_SetConfig
                0x00000000080049a4       0xd8 CMakeFiles/Car.elf.dir/Drivers/STM32F4xx_HAL_Driver/Src/stm32f4xx_hal_tim.c.obj
                0x00000000080049a4                TIM_Base_SetConfig
 .text.HAL_TIM_Base_Init
                0x0000000008004a7c       0x58 CMakeFiles/Car.elf.dir/Drivers/STM32F4xx_HAL_Driver/Src/stm32f4xx_hal_tim.c.obj
                0x0000000008004a7c                HAL_TIM_Base_Init
 .text.HAL_TIM_PWM_Init
                0x0000000008004ad4       0x58 CMakeFiles/Car.elf.dir/Drivers/STM32F4xx_HAL_Driver/Src/stm32f4xx_hal_tim.c.obj
                0x0000000008004ad4                HAL_TIM_PWM_Init
 .text.TIM_OC2_SetConfig
                0x0000000008004b2c       0x70 CMakeFiles/Car.elf.dir/Drivers/STM32F4xx_HAL_Driver/Src/stm32f4xx_hal_tim.c.obj
                0x0000000008004b2c                TIM_OC2_SetConfig
 .text.HAL_TIM_PWM_ConfigChannel
                0x0000000008004b9c       0xdc CMakeFiles/Car.elf.dir/Drivers/STM32F4xx_HAL_Driver/Src/stm32f4xx_hal_tim.c.obj
                0x0000000008004b9c                HAL_TIM_PWM_ConfigChannel
 .text.TIM_ETR_SetConfig
                0x0000000008004c78       0x18 CMakeFiles/Car.elf.dir/Drivers/STM32F4xx_HAL_Driver/Src/stm32f4xx_hal_tim.c.obj
                0x0000000008004c78                TIM_ETR_SetConfig
 .text.HAL_TIM_ConfigClockSource
                0x0000000008004c90       0xfe CMakeFiles/Car.elf.dir/Drivers/STM32F4xx_HAL_Driver/Src/stm32f4xx_hal_tim.c.obj
                0x0000000008004c90                HAL_TIM_ConfigClockSource
 .text.TIM_CCxChannelCmd
                0x0000000008004d8e       0x1e CMakeFiles/Car.elf.dir/Drivers/STM32F4xx_HAL_Driver/Src/stm32f4xx_hal_tim.c.obj
                0x0000000008004d8e                TIM_CCxChannelCmd
 .text.HAL_TIM_PWM_Start
                0x0000000008004dac      0x104 CMakeFiles/Car.elf.dir/Drivers/STM32F4xx_HAL_Driver/Src/stm32f4xx_hal_tim.c.obj
                0x0000000008004dac                HAL_TIM_PWM_Start
 .text.HAL_TIMEx_MasterConfigSynchronization
                0x0000000008004eb0       0x8c CMakeFiles/Car.elf.dir/Drivers/STM32F4xx_HAL_Driver/Src/stm32f4xx_hal_tim_ex.c.obj
                0x0000000008004eb0                HAL_TIMEx_MasterConfigSynchronization
 .text.HAL_TIMEx_CommutCallback
                0x0000000008004f3c        0x2 CMakeFiles/Car.elf.dir/Drivers/STM32F4xx_HAL_Driver/Src/stm32f4xx_hal_tim_ex.c.obj
                0x0000000008004f3c                HAL_TIMEx_CommutCallback
 .text.HAL_TIMEx_BreakCallback
                0x0000000008004f3e        0x2 CMakeFiles/Car.elf.dir/Drivers/STM32F4xx_HAL_Driver/Src/stm32f4xx_hal_tim_ex.c.obj
                0x0000000008004f3e                HAL_TIMEx_BreakCallback
 .text.UART_EndTxTransfer
                0x0000000008004f40       0x20 CMakeFiles/Car.elf.dir/Drivers/STM32F4xx_HAL_Driver/Src/stm32f4xx_hal_uart.c.obj
 .text.UART_EndRxTransfer
                0x0000000008004f60       0x5c CMakeFiles/Car.elf.dir/Drivers/STM32F4xx_HAL_Driver/Src/stm32f4xx_hal_uart.c.obj
 .text.UART_Transmit_IT
                0x0000000008004fbc       0x60 CMakeFiles/Car.elf.dir/Drivers/STM32F4xx_HAL_Driver/Src/stm32f4xx_hal_uart.c.obj
 .text.UART_SetConfig
                0x000000000800501c      0x110 CMakeFiles/Car.elf.dir/Drivers/STM32F4xx_HAL_Driver/Src/stm32f4xx_hal_uart.c.obj
 .text.UART_WaitOnFlagUntilTimeout
                0x000000000800512c       0x8a CMakeFiles/Car.elf.dir/Drivers/STM32F4xx_HAL_Driver/Src/stm32f4xx_hal_uart.c.obj
 .text.HAL_UART_Init
                0x00000000080051b6       0x60 CMakeFiles/Car.elf.dir/Drivers/STM32F4xx_HAL_Driver/Src/stm32f4xx_hal_uart.c.obj
                0x00000000080051b6                HAL_UART_Init
 .text.HAL_UART_Transmit
                0x0000000008005216       0xcc CMakeFiles/Car.elf.dir/Drivers/STM32F4xx_HAL_Driver/Src/stm32f4xx_hal_uart.c.obj
                0x0000000008005216                HAL_UART_Transmit
 .text.HAL_UART_Receive
                0x00000000080052e2       0xd2 CMakeFiles/Car.elf.dir/Drivers/STM32F4xx_HAL_Driver/Src/stm32f4xx_hal_uart.c.obj
                0x00000000080052e2                HAL_UART_Receive
 .text.HAL_UART_Transmit_IT
                0x00000000080053b4       0x38 CMakeFiles/Car.elf.dir/Drivers/STM32F4xx_HAL_Driver/Src/stm32f4xx_hal_uart.c.obj
                0x00000000080053b4                HAL_UART_Transmit_IT
 .text.HAL_UART_DMAStop
                0x00000000080053ec       0x84 CMakeFiles/Car.elf.dir/Drivers/STM32F4xx_HAL_Driver/Src/stm32f4xx_hal_uart.c.obj
                0x00000000080053ec                HAL_UART_DMAStop
 .text.UART_EndTransmit_IT
                0x0000000008005470       0x1a CMakeFiles/Car.elf.dir/Drivers/STM32F4xx_HAL_Driver/Src/stm32f4xx_hal_uart.c.obj
 .text.HAL_UART_RxHalfCpltCallback
                0x000000000800548a        0x2 CMakeFiles/Car.elf.dir/Drivers/STM32F4xx_HAL_Driver/Src/stm32f4xx_hal_uart.c.obj
                0x000000000800548a                HAL_UART_RxHalfCpltCallback
 .text.HAL_UART_ErrorCallback
                0x000000000800548c        0x2 CMakeFiles/Car.elf.dir/Drivers/STM32F4xx_HAL_Driver/Src/stm32f4xx_hal_uart.c.obj
                0x000000000800548c                HAL_UART_ErrorCallback
 .text.UART_DMAError
                0x000000000800548e       0x58 CMakeFiles/Car.elf.dir/Drivers/STM32F4xx_HAL_Driver/Src/stm32f4xx_hal_uart.c.obj
 .text.UART_DMAAbortOnError
                0x00000000080054e6       0x10 CMakeFiles/Car.elf.dir/Drivers/STM32F4xx_HAL_Driver/Src/stm32f4xx_hal_uart.c.obj
 .text.HAL_UARTEx_RxEventCallback
                0x00000000080054f6        0x2 CMakeFiles/Car.elf.dir/Drivers/STM32F4xx_HAL_Driver/Src/stm32f4xx_hal_uart.c.obj
                0x00000000080054f6                HAL_UARTEx_RxEventCallback
 .text.UART_Receive_IT
                0x00000000080054f8       0xe6 CMakeFiles/Car.elf.dir/Drivers/STM32F4xx_HAL_Driver/Src/stm32f4xx_hal_uart.c.obj
 *fill*         0x00000000080055de        0x2 
 .text.HAL_UART_IRQHandler
                0x00000000080055e0      0x288 CMakeFiles/Car.elf.dir/Drivers/STM32F4xx_HAL_Driver/Src/stm32f4xx_hal_uart.c.obj
                0x00000000080055e0                HAL_UART_IRQHandler
 .text.UART_DMARxHalfCplt
                0x0000000008005868       0x1e CMakeFiles/Car.elf.dir/Drivers/STM32F4xx_HAL_Driver/Src/stm32f4xx_hal_uart.c.obj
 .text.UART_DMAReceiveCplt
                0x0000000008005886       0x9a CMakeFiles/Car.elf.dir/Drivers/STM32F4xx_HAL_Driver/Src/stm32f4xx_hal_uart.c.obj
 .text.UART_Start_Receive_IT
                0x0000000008005920       0x36 CMakeFiles/Car.elf.dir/Drivers/STM32F4xx_HAL_Driver/Src/stm32f4xx_hal_uart.c.obj
                0x0000000008005920                UART_Start_Receive_IT
 .text.HAL_UART_Receive_IT
                0x0000000008005956       0x26 CMakeFiles/Car.elf.dir/Drivers/STM32F4xx_HAL_Driver/Src/stm32f4xx_hal_uart.c.obj
                0x0000000008005956                HAL_UART_Receive_IT
 .text.UART_Start_Receive_DMA
                0x000000000800597c       0xa4 CMakeFiles/Car.elf.dir/Drivers/STM32F4xx_HAL_Driver/Src/stm32f4xx_hal_uart.c.obj
                0x000000000800597c                UART_Start_Receive_DMA
 .text.HAL_UART_Receive_DMA
                0x0000000008005a20       0x26 CMakeFiles/Car.elf.dir/Drivers/STM32F4xx_HAL_Driver/Src/stm32f4xx_hal_uart.c.obj
                0x0000000008005a20                HAL_UART_Receive_DMA
 *fill*         0x0000000008005a46        0x2 
 .text.Control_Proc
                0x0000000008005a48      0xacc CMakeFiles/Car.elf.dir/Task/Control.c.obj
                0x0000000008005a48                Control_Proc
 .text.My_ABS   0x0000000008006514        0xa CMakeFiles/Car.elf.dir/Task/Motor.c.obj
                0x0000000008006514                My_ABS
 *fill*         0x000000000800651e        0x2 
 .text.Motor_Receive_Data
                0x0000000008006520      0x230 CMakeFiles/Car.elf.dir/Task/Motor.c.obj
                0x0000000008006520                Motor_Receive_Data
 .text.Motor_Enable
                0x0000000008006750       0x38 CMakeFiles/Car.elf.dir/Task/Motor.c.obj
                0x0000000008006750                Motor_Enable
 .text.Motor_Reset
                0x0000000008006788       0x58 CMakeFiles/Car.elf.dir/Task/Motor.c.obj
                0x0000000008006788                Motor_Reset
 .text.Motor_Enable_All
                0x00000000080067e0       0x22 CMakeFiles/Car.elf.dir/Task/Motor.c.obj
                0x00000000080067e0                Motor_Enable_All
 *fill*         0x0000000008006802        0x2 
 .text.Motor_Init
                0x0000000008006804       0x30 CMakeFiles/Car.elf.dir/Task/Motor.c.obj
                0x0000000008006804                Motor_Init
 .text.Motor_State_Scan
                0x0000000008006834       0x2c CMakeFiles/Car.elf.dir/Task/Motor.c.obj
                0x0000000008006834                Motor_State_Scan
 .text.Motor_Read_Current
                0x0000000008006860       0x2c CMakeFiles/Car.elf.dir/Task/Motor.c.obj
                0x0000000008006860                Motor_Read_Current
 .text.Motor_Run
                0x000000000800688c       0x30 CMakeFiles/Car.elf.dir/Task/Motor.c.obj
                0x000000000800688c                Motor_Run
 .text.Motor_SetPosition
                0x00000000080068bc       0x98 CMakeFiles/Car.elf.dir/Task/Motor.c.obj
                0x00000000080068bc                Motor_SetPosition
 .text.Motor_SetPosition_Dir
                0x0000000008006954       0xb4 CMakeFiles/Car.elf.dir/Task/Motor.c.obj
                0x0000000008006954                Motor_SetPosition_Dir
 .text.Motor_SetPosition_A
                0x0000000008006a08       0xc4 CMakeFiles/Car.elf.dir/Task/Motor.c.obj
                0x0000000008006a08                Motor_SetPosition_A
 *fill*         0x0000000008006acc        0x4 
 .text.Car_Go_Target
                0x0000000008006ad0      0x288 CMakeFiles/Car.elf.dir/Task/Motor.c.obj
                0x0000000008006ad0                Car_Go_Target
 .text.Car_Turn
                0x0000000008006d58      0x128 CMakeFiles/Car.elf.dir/Task/Motor.c.obj
                0x0000000008006d58                Car_Turn
 .text.Car_Calibration
                0x0000000008006e80      0x27c CMakeFiles/Car.elf.dir/Task/Motor.c.obj
                0x0000000008006e80                Car_Calibration
 .text.HuaGui_UP
                0x00000000080070fc       0x20 CMakeFiles/Car.elf.dir/Task/Motor.c.obj
                0x00000000080070fc                HuaGui_UP
 .text.HuaGui_DOWN
                0x000000000800711c       0x20 CMakeFiles/Car.elf.dir/Task/Motor.c.obj
                0x000000000800711c                HuaGui_DOWN
 .text.HuaGui_DOWN2
                0x000000000800713c       0x20 CMakeFiles/Car.elf.dir/Task/Motor.c.obj
                0x000000000800713c                HuaGui_DOWN2
 .text.HuaGui_Fang
                0x000000000800715c       0x20 CMakeFiles/Car.elf.dir/Task/Motor.c.obj
                0x000000000800715c                HuaGui_Fang
 .text.HuaGui_Qu
                0x000000000800717c       0x20 CMakeFiles/Car.elf.dir/Task/Motor.c.obj
                0x000000000800717c                HuaGui_Qu
 .text.HuaGui_ZhuanPan
                0x000000000800719c       0x20 CMakeFiles/Car.elf.dir/Task/Motor.c.obj
                0x000000000800719c                HuaGui_ZhuanPan
 *fill*         0x00000000080071bc        0x4 
 .text.HAL_TIM_PeriodElapsedCallback
                0x00000000080071c0      0x1d8 CMakeFiles/Car.elf.dir/Task/Move.c.obj
                0x00000000080071c0                HAL_TIM_PeriodElapsedCallback
 .text.Get_Loads
                0x0000000008007398      0x324 CMakeFiles/Car.elf.dir/Task/Move.c.obj
                0x0000000008007398                Get_Loads
 .text.Put_Loads
                0x00000000080076bc      0x388 CMakeFiles/Car.elf.dir/Task/Move.c.obj
                0x00000000080076bc                Put_Loads
 *fill*         0x0000000008007a44        0x4 
 .text.Servo_SetAngle
                0x0000000008007a48       0xf8 CMakeFiles/Car.elf.dir/Task/Servo.c.obj
                0x0000000008007a48                Servo_SetAngle
 .text.Servo_Init
                0x0000000008007b40       0x48 CMakeFiles/Car.elf.dir/Task/Servo.c.obj
                0x0000000008007b40                Servo_Init
 .text.Servo_CallBack
                0x0000000008007b88       0xe8 CMakeFiles/Car.elf.dir/Task/Servo.c.obj
                0x0000000008007b88                Servo_CallBack
 .text.JiaZhua_Turn
                0x0000000008007c70       0x6c CMakeFiles/Car.elf.dir/Task/Servo.c.obj
                0x0000000008007c70                JiaZhua_Turn
 *fill*         0x0000000008007cdc        0x4 
 .text.HuaGui_Turn
                0x0000000008007ce0       0x8c CMakeFiles/Car.elf.dir/Task/Servo.c.obj
                0x0000000008007ce0                HuaGui_Turn
 .text.ZaiWu_Turn
                0x0000000008007d6c       0xd0 CMakeFiles/Car.elf.dir/Task/Servo.c.obj
                0x0000000008007d6c                ZaiWu_Turn
 .text.__errno  0x0000000008007e3c        0xc /usr/local/arm/10.3/bin/../lib/gcc/arm-none-eabi/10.3.1/../../../../arm-none-eabi/lib/thumb/v7e-m/nofp/libg.a(lib_a-errno.o)
                0x0000000008007e3c                __errno
 .text.__libc_init_array
                0x0000000008007e48       0x48 /usr/local/arm/10.3/bin/../lib/gcc/arm-none-eabi/10.3.1/../../../../arm-none-eabi/lib/thumb/v7e-m/nofp/libg.a(lib_a-init.o)
                0x0000000008007e48                __libc_init_array
 .text.memcmp   0x0000000008007e90       0x68 /usr/local/arm/10.3/bin/../lib/gcc/arm-none-eabi/10.3.1/../../../../arm-none-eabi/lib/thumb/v7e-m/nofp/libg.a(lib_a-memcmp.o)
                0x0000000008007e90                memcmp
 .text.memmove  0x0000000008007ef8       0xf8 /usr/local/arm/10.3/bin/../lib/gcc/arm-none-eabi/10.3.1/../../../../arm-none-eabi/lib/thumb/v7e-m/nofp/libg.a(lib_a-memmove.o)
                0x0000000008007ef8                memmove
 .text.memset   0x0000000008007ff0       0xa4 /usr/local/arm/10.3/bin/../lib/gcc/arm-none-eabi/10.3.1/../../../../arm-none-eabi/lib/thumb/v7e-m/nofp/libg.a(lib_a-memset.o)
                0x0000000008007ff0                memset
 .text.printf   0x0000000008008094       0x28 /usr/local/arm/10.3/bin/../lib/gcc/arm-none-eabi/10.3.1/../../../../arm-none-eabi/lib/thumb/v7e-m/nofp/libg.a(lib_a-printf.o)
                0x0000000008008094                printf
 .text._puts_r  0x00000000080080bc       0x9c /usr/local/arm/10.3/bin/../lib/gcc/arm-none-eabi/10.3.1/../../../../arm-none-eabi/lib/thumb/v7e-m/nofp/libg.a(lib_a-puts.o)
                0x00000000080080bc                _puts_r
 .text.puts     0x0000000008008158       0x10 /usr/local/arm/10.3/bin/../lib/gcc/arm-none-eabi/10.3.1/../../../../arm-none-eabi/lib/thumb/v7e-m/nofp/libg.a(lib_a-puts.o)
                0x0000000008008158                puts
 .text.setvbuf  0x0000000008008168      0x1b0 /usr/local/arm/10.3/bin/../lib/gcc/arm-none-eabi/10.3.1/../../../../arm-none-eabi/lib/thumb/v7e-m/nofp/libg.a(lib_a-setvbuf.o)
                0x0000000008008168                setvbuf
 .text.snprintf
                0x0000000008008318       0x88 /usr/local/arm/10.3/bin/../lib/gcc/arm-none-eabi/10.3.1/../../../../arm-none-eabi/lib/thumb/v7e-m/nofp/libg.a(lib_a-snprintf.o)
                0x0000000008008318                snprintf
 .text._svfprintf_r
                0x00000000080083a0     0x1a3c /usr/local/arm/10.3/bin/../lib/gcc/arm-none-eabi/10.3.1/../../../../arm-none-eabi/lib/thumb/v7e-m/nofp/libg.a(lib_a-svfprintf.o)
                0x00000000080083a0                _svfprintf_r
 .text._vfprintf_r
                0x0000000008009ddc     0x1ad4 /usr/local/arm/10.3/bin/../lib/gcc/arm-none-eabi/10.3.1/../../../../arm-none-eabi/lib/thumb/v7e-m/nofp/libg.a(lib_a-vfprintf.o)
                0x0000000008009ddc                _vfprintf_r
 .text.__sbprintf
                0x000000000800b8b0       0x80 /usr/local/arm/10.3/bin/../lib/gcc/arm-none-eabi/10.3.1/../../../../arm-none-eabi/lib/thumb/v7e-m/nofp/libg.a(lib_a-vfprintf.o)
 .text.__swsetup_r
                0x000000000800b930       0xd4 /usr/local/arm/10.3/bin/../lib/gcc/arm-none-eabi/10.3.1/../../../../arm-none-eabi/lib/thumb/v7e-m/nofp/libg.a(lib_a-wsetup.o)
                0x000000000800b930                __swsetup_r
 .text.quorem   0x000000000800ba04      0x124 /usr/local/arm/10.3/bin/../lib/gcc/arm-none-eabi/10.3.1/../../../../arm-none-eabi/lib/thumb/v7e-m/nofp/libg.a(lib_a-dtoa.o)
 .text._dtoa_r  0x000000000800bb28      0xec4 /usr/local/arm/10.3/bin/../lib/gcc/arm-none-eabi/10.3.1/../../../../arm-none-eabi/lib/thumb/v7e-m/nofp/libg.a(lib_a-dtoa.o)
                0x000000000800bb28                _dtoa_r
 .text.__sflush_r
                0x000000000800c9ec      0x120 /usr/local/arm/10.3/bin/../lib/gcc/arm-none-eabi/10.3.1/../../../../arm-none-eabi/lib/thumb/v7e-m/nofp/libg.a(lib_a-fflush.o)
                0x000000000800c9ec                __sflush_r
 .text._fflush_r
                0x000000000800cb0c       0x5c /usr/local/arm/10.3/bin/../lib/gcc/arm-none-eabi/10.3.1/../../../../arm-none-eabi/lib/thumb/v7e-m/nofp/libg.a(lib_a-fflush.o)
                0x000000000800cb0c                _fflush_r
 .text._cleanup_r
                0x000000000800cb68        0xc /usr/local/arm/10.3/bin/../lib/gcc/arm-none-eabi/10.3.1/../../../../arm-none-eabi/lib/thumb/v7e-m/nofp/libg.a(lib_a-findfp.o)
                0x000000000800cb68                _cleanup_r
 .text.__sinit  0x000000000800cb74      0x10c /usr/local/arm/10.3/bin/../lib/gcc/arm-none-eabi/10.3.1/../../../../arm-none-eabi/lib/thumb/v7e-m/nofp/libg.a(lib_a-findfp.o)
                0x000000000800cb74                __sinit
 .text.__sfp_lock_acquire
                0x000000000800cc80        0xc /usr/local/arm/10.3/bin/../lib/gcc/arm-none-eabi/10.3.1/../../../../arm-none-eabi/lib/thumb/v7e-m/nofp/libg.a(lib_a-findfp.o)
                0x000000000800cc80                __sfp_lock_acquire
 .text.__sfp_lock_release
                0x000000000800cc8c        0xc /usr/local/arm/10.3/bin/../lib/gcc/arm-none-eabi/10.3.1/../../../../arm-none-eabi/lib/thumb/v7e-m/nofp/libg.a(lib_a-findfp.o)
                0x000000000800cc8c                __sfp_lock_release
 .text._malloc_trim_r
                0x000000000800cc98       0xa0 /usr/local/arm/10.3/bin/../lib/gcc/arm-none-eabi/10.3.1/../../../../arm-none-eabi/lib/thumb/v7e-m/nofp/libg.a(lib_a-freer.o)
                0x000000000800cc98                _malloc_trim_r
 .text._free_r  0x000000000800cd38      0x20c /usr/local/arm/10.3/bin/../lib/gcc/arm-none-eabi/10.3.1/../../../../arm-none-eabi/lib/thumb/v7e-m/nofp/libg.a(lib_a-freer.o)
                0x000000000800cd38                _free_r
 .text.__sfvwrite_r
                0x000000000800cf44      0x2e8 /usr/local/arm/10.3/bin/../lib/gcc/arm-none-eabi/10.3.1/../../../../arm-none-eabi/lib/thumb/v7e-m/nofp/libg.a(lib_a-fvwrite.o)
                0x000000000800cf44                __sfvwrite_r
 .text._fwalk_reent
                0x000000000800d22c       0x48 /usr/local/arm/10.3/bin/../lib/gcc/arm-none-eabi/10.3.1/../../../../arm-none-eabi/lib/thumb/v7e-m/nofp/libg.a(lib_a-fwalk.o)
                0x000000000800d22c                _fwalk_reent
 .text._localeconv_r
                0x000000000800d274        0x8 /usr/local/arm/10.3/bin/../lib/gcc/arm-none-eabi/10.3.1/../../../../arm-none-eabi/lib/thumb/v7e-m/nofp/libg.a(lib_a-localeconv.o)
                0x000000000800d274                _localeconv_r
 .text.__retarget_lock_init_recursive
                0x000000000800d27c        0x4 /usr/local/arm/10.3/bin/../lib/gcc/arm-none-eabi/10.3.1/../../../../arm-none-eabi/lib/thumb/v7e-m/nofp/libg.a(lib_a-lock.o)
                0x000000000800d27c                __retarget_lock_init_recursive
 .text.__retarget_lock_close_recursive
                0x000000000800d280        0x4 /usr/local/arm/10.3/bin/../lib/gcc/arm-none-eabi/10.3.1/../../../../arm-none-eabi/lib/thumb/v7e-m/nofp/libg.a(lib_a-lock.o)
                0x000000000800d280                __retarget_lock_close_recursive
 .text.__retarget_lock_acquire_recursive
                0x000000000800d284        0x4 /usr/local/arm/10.3/bin/../lib/gcc/arm-none-eabi/10.3.1/../../../../arm-none-eabi/lib/thumb/v7e-m/nofp/libg.a(lib_a-lock.o)
                0x000000000800d284                __retarget_lock_acquire_recursive
 .text.__retarget_lock_release_recursive
                0x000000000800d288        0x4 /usr/local/arm/10.3/bin/../lib/gcc/arm-none-eabi/10.3.1/../../../../arm-none-eabi/lib/thumb/v7e-m/nofp/libg.a(lib_a-lock.o)
                0x000000000800d288                __retarget_lock_release_recursive
 .text.__smakebuf_r
                0x000000000800d28c       0xe0 /usr/local/arm/10.3/bin/../lib/gcc/arm-none-eabi/10.3.1/../../../../arm-none-eabi/lib/thumb/v7e-m/nofp/libg.a(lib_a-makebuf.o)
                0x000000000800d28c                __smakebuf_r
 .text.__swhatbuf_r
                0x000000000800d36c       0x60 /usr/local/arm/10.3/bin/../lib/gcc/arm-none-eabi/10.3.1/../../../../arm-none-eabi/lib/thumb/v7e-m/nofp/libg.a(lib_a-makebuf.o)
                0x000000000800d36c                __swhatbuf_r
 .text.malloc   0x000000000800d3cc       0x10 /usr/local/arm/10.3/bin/../lib/gcc/arm-none-eabi/10.3.1/../../../../arm-none-eabi/lib/thumb/v7e-m/nofp/libg.a(lib_a-malloc.o)
                0x000000000800d3cc                malloc
 .text._malloc_r
                0x000000000800d3dc      0x560 /usr/local/arm/10.3/bin/../lib/gcc/arm-none-eabi/10.3.1/../../../../arm-none-eabi/lib/thumb/v7e-m/nofp/libg.a(lib_a-mallocr.o)
                0x000000000800d3dc                _malloc_r
 .text.__malloc_lock
                0x000000000800d93c        0xc /usr/local/arm/10.3/bin/../lib/gcc/arm-none-eabi/10.3.1/../../../../arm-none-eabi/lib/thumb/v7e-m/nofp/libg.a(lib_a-mlock.o)
                0x000000000800d93c                __malloc_lock
 .text.__malloc_unlock
                0x000000000800d948        0xc /usr/local/arm/10.3/bin/../lib/gcc/arm-none-eabi/10.3.1/../../../../arm-none-eabi/lib/thumb/v7e-m/nofp/libg.a(lib_a-mlock.o)
                0x000000000800d948                __malloc_unlock
 .text._Balloc  0x000000000800d954       0x4c /usr/local/arm/10.3/bin/../lib/gcc/arm-none-eabi/10.3.1/../../../../arm-none-eabi/lib/thumb/v7e-m/nofp/libg.a(lib_a-mprec.o)
                0x000000000800d954                _Balloc
 .text._Bfree   0x000000000800d9a0       0x14 /usr/local/arm/10.3/bin/../lib/gcc/arm-none-eabi/10.3.1/../../../../arm-none-eabi/lib/thumb/v7e-m/nofp/libg.a(lib_a-mprec.o)
                0x000000000800d9a0                _Bfree
 .text.__multadd
                0x000000000800d9b4       0xa0 /usr/local/arm/10.3/bin/../lib/gcc/arm-none-eabi/10.3.1/../../../../arm-none-eabi/lib/thumb/v7e-m/nofp/libg.a(lib_a-mprec.o)
                0x000000000800d9b4                __multadd
 .text.__hi0bits
                0x000000000800da54       0x40 /usr/local/arm/10.3/bin/../lib/gcc/arm-none-eabi/10.3.1/../../../../arm-none-eabi/lib/thumb/v7e-m/nofp/libg.a(lib_a-mprec.o)
                0x000000000800da54                __hi0bits
 .text.__lo0bits
                0x000000000800da94       0x5c /usr/local/arm/10.3/bin/../lib/gcc/arm-none-eabi/10.3.1/../../../../arm-none-eabi/lib/thumb/v7e-m/nofp/libg.a(lib_a-mprec.o)
                0x000000000800da94                __lo0bits
 .text.__i2b    0x000000000800daf0       0x5c /usr/local/arm/10.3/bin/../lib/gcc/arm-none-eabi/10.3.1/../../../../arm-none-eabi/lib/thumb/v7e-m/nofp/libg.a(lib_a-mprec.o)
                0x000000000800daf0                __i2b
 .text.__multiply
                0x000000000800db4c      0x15c /usr/local/arm/10.3/bin/../lib/gcc/arm-none-eabi/10.3.1/../../../../arm-none-eabi/lib/thumb/v7e-m/nofp/libg.a(lib_a-mprec.o)
                0x000000000800db4c                __multiply
 .text.__pow5mult
                0x000000000800dca8       0xc0 /usr/local/arm/10.3/bin/../lib/gcc/arm-none-eabi/10.3.1/../../../../arm-none-eabi/lib/thumb/v7e-m/nofp/libg.a(lib_a-mprec.o)
                0x000000000800dca8                __pow5mult
 .text.__lshift
                0x000000000800dd68       0xf0 /usr/local/arm/10.3/bin/../lib/gcc/arm-none-eabi/10.3.1/../../../../arm-none-eabi/lib/thumb/v7e-m/nofp/libg.a(lib_a-mprec.o)
                0x000000000800dd68                __lshift
 .text.__mcmp   0x000000000800de58       0x40 /usr/local/arm/10.3/bin/../lib/gcc/arm-none-eabi/10.3.1/../../../../arm-none-eabi/lib/thumb/v7e-m/nofp/libg.a(lib_a-mprec.o)
                0x000000000800de58                __mcmp
 .text.__mdiff  0x000000000800de98      0x14c /usr/local/arm/10.3/bin/../lib/gcc/arm-none-eabi/10.3.1/../../../../arm-none-eabi/lib/thumb/v7e-m/nofp/libg.a(lib_a-mprec.o)
                0x000000000800de98                __mdiff
 .text.__d2b    0x000000000800dfe4       0xc4 /usr/local/arm/10.3/bin/../lib/gcc/arm-none-eabi/10.3.1/../../../../arm-none-eabi/lib/thumb/v7e-m/nofp/libg.a(lib_a-mprec.o)
                0x000000000800dfe4                __d2b
 .text._realloc_r
                0x000000000800e0a8      0x3d8 /usr/local/arm/10.3/bin/../lib/gcc/arm-none-eabi/10.3.1/../../../../arm-none-eabi/lib/thumb/v7e-m/nofp/libg.a(lib_a-reallocr.o)
                0x000000000800e0a8                _realloc_r
 .text.frexp    0x000000000800e480       0x70 /usr/local/arm/10.3/bin/../lib/gcc/arm-none-eabi/10.3.1/../../../../arm-none-eabi/lib/thumb/v7e-m/nofp/libg.a(lib_a-s_frexp.o)
                0x000000000800e480                frexp
 .text._sbrk_r  0x000000000800e4f0       0x24 /usr/local/arm/10.3/bin/../lib/gcc/arm-none-eabi/10.3.1/../../../../arm-none-eabi/lib/thumb/v7e-m/nofp/libg.a(lib_a-sbrkr.o)
                0x000000000800e4f0                _sbrk_r
 .text.__sread  0x000000000800e514       0x24 /usr/local/arm/10.3/bin/../lib/gcc/arm-none-eabi/10.3.1/../../../../arm-none-eabi/lib/thumb/v7e-m/nofp/libg.a(lib_a-stdio.o)
                0x000000000800e514                __sread
 .text.__swrite
                0x000000000800e538       0x40 /usr/local/arm/10.3/bin/../lib/gcc/arm-none-eabi/10.3.1/../../../../arm-none-eabi/lib/thumb/v7e-m/nofp/libg.a(lib_a-stdio.o)
                0x000000000800e538                __swrite
 .text.__sseek  0x000000000800e578       0x20 /usr/local/arm/10.3/bin/../lib/gcc/arm-none-eabi/10.3.1/../../../../arm-none-eabi/lib/thumb/v7e-m/nofp/libg.a(lib_a-stdio.o)
                0x000000000800e578                __sseek
 .text.__sclose
                0x000000000800e598        0x8 /usr/local/arm/10.3/bin/../lib/gcc/arm-none-eabi/10.3.1/../../../../arm-none-eabi/lib/thumb/v7e-m/nofp/libg.a(lib_a-stdio.o)
                0x000000000800e598                __sclose
 .text.strncpy  0x000000000800e5a0       0x64 /usr/local/arm/10.3/bin/../lib/gcc/arm-none-eabi/10.3.1/../../../../arm-none-eabi/lib/thumb/v7e-m/nofp/libg.a(lib_a-strncpy.o)
                0x000000000800e5a0                strncpy
 .text.__ssprint_r
                0x000000000800e604       0xf8 /usr/local/arm/10.3/bin/../lib/gcc/arm-none-eabi/10.3.1/../../../../arm-none-eabi/lib/thumb/v7e-m/nofp/libg.a(lib_a-svfiprintf.o)
                0x000000000800e604                __ssprint_r
 .text.__sprint_r.part.0
                0x000000000800e6fc       0x78 /usr/local/arm/10.3/bin/../lib/gcc/arm-none-eabi/10.3.1/../../../../arm-none-eabi/lib/thumb/v7e-m/nofp/libg.a(lib_a-vfiprintf.o)
 .text.__sprint_r
                0x000000000800e774       0x14 /usr/local/arm/10.3/bin/../lib/gcc/arm-none-eabi/10.3.1/../../../../arm-none-eabi/lib/thumb/v7e-m/nofp/libg.a(lib_a-vfiprintf.o)
                0x000000000800e774                __sprint_r
 .text._vfiprintf_r
                0x000000000800e788      0xda0 /usr/local/arm/10.3/bin/../lib/gcc/arm-none-eabi/10.3.1/../../../../arm-none-eabi/lib/thumb/v7e-m/nofp/libg.a(lib_a-vfiprintf.o)
                0x000000000800e788                _vfiprintf_r
 .text.__sbprintf
                0x000000000800f528       0x80 /usr/local/arm/10.3/bin/../lib/gcc/arm-none-eabi/10.3.1/../../../../arm-none-eabi/lib/thumb/v7e-m/nofp/libg.a(lib_a-vfiprintf.o)
 .text._write_r
                0x000000000800f5a8       0x2c /usr/local/arm/10.3/bin/../lib/gcc/arm-none-eabi/10.3.1/../../../../arm-none-eabi/lib/thumb/v7e-m/nofp/libg.a(lib_a-writer.o)
                0x000000000800f5a8                _write_r
 .text.__assert_func
                0x000000000800f5d4       0x40 /usr/local/arm/10.3/bin/../lib/gcc/arm-none-eabi/10.3.1/../../../../arm-none-eabi/lib/thumb/v7e-m/nofp/libg.a(lib_a-assert.o)
                0x000000000800f5d4                __assert_func
 .text._calloc_r
                0x000000000800f614       0x78 /usr/local/arm/10.3/bin/../lib/gcc/arm-none-eabi/10.3.1/../../../../arm-none-eabi/lib/thumb/v7e-m/nofp/libg.a(lib_a-callocr.o)
                0x000000000800f614                _calloc_r
 .text._close_r
                0x000000000800f68c       0x24 /usr/local/arm/10.3/bin/../lib/gcc/arm-none-eabi/10.3.1/../../../../arm-none-eabi/lib/thumb/v7e-m/nofp/libg.a(lib_a-closer.o)
                0x000000000800f68c                _close_r
 .text._fclose_r
                0x000000000800f6b0       0xcc /usr/local/arm/10.3/bin/../lib/gcc/arm-none-eabi/10.3.1/../../../../arm-none-eabi/lib/thumb/v7e-m/nofp/libg.a(lib_a-fclose.o)
                0x000000000800f6b0                _fclose_r
 .text.fiprintf
                0x000000000800f77c       0x28 /usr/local/arm/10.3/bin/../lib/gcc/arm-none-eabi/10.3.1/../../../../arm-none-eabi/lib/thumb/v7e-m/nofp/libg.a(lib_a-fiprintf.o)
                0x000000000800f77c                fiprintf
 .text.__fputwc
                0x000000000800f7a4       0xa8 /usr/local/arm/10.3/bin/../lib/gcc/arm-none-eabi/10.3.1/../../../../arm-none-eabi/lib/thumb/v7e-m/nofp/libg.a(lib_a-fputwc.o)
                0x000000000800f7a4                __fputwc
 .text._fputwc_r
                0x000000000800f84c       0x68 /usr/local/arm/10.3/bin/../lib/gcc/arm-none-eabi/10.3.1/../../../../arm-none-eabi/lib/thumb/v7e-m/nofp/libg.a(lib_a-fputwc.o)
                0x000000000800f84c                _fputwc_r
 .text._fstat_r
                0x000000000800f8b4       0x2c /usr/local/arm/10.3/bin/../lib/gcc/arm-none-eabi/10.3.1/../../../../arm-none-eabi/lib/thumb/v7e-m/nofp/libg.a(lib_a-fstatr.o)
                0x000000000800f8b4                _fstat_r
 .text._isatty_r
                0x000000000800f8e0       0x24 /usr/local/arm/10.3/bin/../lib/gcc/arm-none-eabi/10.3.1/../../../../arm-none-eabi/lib/thumb/v7e-m/nofp/libg.a(lib_a-isattyr.o)
                0x000000000800f8e0                _isatty_r
 .text.__locale_mb_cur_max
                0x000000000800f904        0xc /usr/local/arm/10.3/bin/../lib/gcc/arm-none-eabi/10.3.1/../../../../arm-none-eabi/lib/thumb/v7e-m/nofp/libg.a(lib_a-locale.o)
                0x000000000800f904                __locale_mb_cur_max
 .text._lseek_r
                0x000000000800f910       0x2c /usr/local/arm/10.3/bin/../lib/gcc/arm-none-eabi/10.3.1/../../../../arm-none-eabi/lib/thumb/v7e-m/nofp/libg.a(lib_a-lseekr.o)
                0x000000000800f910                _lseek_r
 .text.__ascii_mbtowc
                0x000000000800f93c       0x2c /usr/local/arm/10.3/bin/../lib/gcc/arm-none-eabi/10.3.1/../../../../arm-none-eabi/lib/thumb/v7e-m/nofp/libg.a(lib_a-mbtowc_r.o)
                0x000000000800f93c                __ascii_mbtowc
 .text._read_r  0x000000000800f968       0x2c /usr/local/arm/10.3/bin/../lib/gcc/arm-none-eabi/10.3.1/../../../../arm-none-eabi/lib/thumb/v7e-m/nofp/libg.a(lib_a-readr.o)
                0x000000000800f968                _read_r
 .text.__swbuf_r
                0x000000000800f994       0xb0 /usr/local/arm/10.3/bin/../lib/gcc/arm-none-eabi/10.3.1/../../../../arm-none-eabi/lib/thumb/v7e-m/nofp/libg.a(lib_a-wbuf.o)
                0x000000000800f994                __swbuf_r
 .text._wcrtomb_r
                0x000000000800fa44       0x3c /usr/local/arm/10.3/bin/../lib/gcc/arm-none-eabi/10.3.1/../../../../arm-none-eabi/lib/thumb/v7e-m/nofp/libg.a(lib_a-wcrtomb.o)
                0x000000000800fa44                _wcrtomb_r
 .text.__ascii_wctomb
                0x000000000800fa80       0x1c /usr/local/arm/10.3/bin/../lib/gcc/arm-none-eabi/10.3.1/../../../../arm-none-eabi/lib/thumb/v7e-m/nofp/libg.a(lib_a-wctomb_r.o)
                0x000000000800fa80                __ascii_wctomb
 .text.abort    0x000000000800fa9c       0x10 /usr/local/arm/10.3/bin/../lib/gcc/arm-none-eabi/10.3.1/../../../../arm-none-eabi/lib/thumb/v7e-m/nofp/libg.a(lib_a-abort.o)
                0x000000000800fa9c                abort
 .text.raise    0x000000000800faac       0x5c /usr/local/arm/10.3/bin/../lib/gcc/arm-none-eabi/10.3.1/../../../../arm-none-eabi/lib/thumb/v7e-m/nofp/libg.a(lib_a-signal.o)
                0x000000000800faac                raise
 .text._kill_r  0x000000000800fb08       0x2c /usr/local/arm/10.3/bin/../lib/gcc/arm-none-eabi/10.3.1/../../../../arm-none-eabi/lib/thumb/v7e-m/nofp/libg.a(lib_a-signalr.o)
                0x000000000800fb08                _kill_r
 .text._getpid_r
                0x000000000800fb34        0x4 /usr/local/arm/10.3/bin/../lib/gcc/arm-none-eabi/10.3.1/../../../../arm-none-eabi/lib/thumb/v7e-m/nofp/libg.a(lib_a-signalr.o)
                0x000000000800fb34                _getpid_r
 .text.sqrt     0x000000000800fb38       0x50 /usr/local/arm/10.3/bin/../lib/gcc/arm-none-eabi/10.3.1/../../../../arm-none-eabi/lib/thumb/v7e-m/nofp/libm.a(lib_a-w_sqrt.o)
                0x000000000800fb38                sqrt
 .text.__ieee754_sqrt
                0x000000000800fb88      0x18c /usr/local/arm/10.3/bin/../lib/gcc/arm-none-eabi/10.3.1/../../../../arm-none-eabi/lib/thumb/v7e-m/nofp/libm.a(lib_a-e_sqrt.o)
                0x000000000800fb88                __ieee754_sqrt
 *(.glue_7)
 .glue_7        0x000000000800fd14        0x0 linker stubs
 *(.glue_7t)
 .glue_7t       0x000000000800fd14        0x0 linker stubs
 *(.eh_frame)
 *(.init)
 .init          0x000000000800fd14        0x4 /usr/local/arm/10.3/bin/../lib/gcc/arm-none-eabi/10.3.1/thumb/v7e-m/nofp/crti.o
                0x000000000800fd14                _init
 .init          0x000000000800fd18        0x8 /usr/local/arm/10.3/bin/../lib/gcc/arm-none-eabi/10.3.1/thumb/v7e-m/nofp/crtn.o
 *(.fini)
 .fini          0x000000000800fd20        0x4 /usr/local/arm/10.3/bin/../lib/gcc/arm-none-eabi/10.3.1/thumb/v7e-m/nofp/crti.o
                0x000000000800fd20                _fini
 .fini          0x000000000800fd24        0x8 /usr/local/arm/10.3/bin/../lib/gcc/arm-none-eabi/10.3.1/thumb/v7e-m/nofp/crtn.o
                0x000000000800fd2c                . = ALIGN (0x4)
                0x000000000800fd2c                _etext = .

.vfp11_veneer   0x000000000800fd2c        0x0
 .vfp11_veneer  0x000000000800fd2c        0x0 linker stubs

.v4_bx          0x000000000800fd2c        0x0
 .v4_bx         0x000000000800fd2c        0x0 linker stubs

.iplt           0x000000000800fd2c        0x0
 .iplt          0x000000000800fd2c        0x0 CMakeFiles/Car.elf.dir/Bsp/Bsp.c.obj

.rodata         0x000000000800fd30     0x1578
                0x000000000800fd30                . = ALIGN (0x4)
 *(.rodata)
 .rodata        0x000000000800fd30        0x9 CMakeFiles/Car.elf.dir/Bsp/gm65.c.obj
 *(.rodata*)
 *fill*         0x000000000800fd39        0x3 
 .rodata.HuaGui_Init_Proc.str1.4
                0x000000000800fd3c       0x2f CMakeFiles/Car.elf.dir/Bsp/Bsp.c.obj
 *fill*         0x000000000800fd6b        0x1 
 .rodata.OLED_proc.str1.4
                0x000000000800fd6c       0x17 CMakeFiles/Car.elf.dir/Bsp/Bsp.c.obj
                                         0x1b (size before relaxing)
 *fill*         0x000000000800fd83        0x1 
 .rodata.process_kalman_filter.str1.4
                0x000000000800fd84       0x62 CMakeFiles/Car.elf.dir/Bsp/JY901.c.obj
 *fill*         0x000000000800fde6        0x2 
 .rodata.PI_Data_Receive_Proc.str1.4
                0x000000000800fde8       0x15 CMakeFiles/Car.elf.dir/Bsp/PI.c.obj
 *fill*         0x000000000800fdfd        0x3 
 .rodata.Font11x18
                0x000000000800fe00      0xd5c CMakeFiles/Car.elf.dir/Bsp/ssd1306_fonts.c.obj
 .rodata.main.str1.4
                0x0000000008010b5c       0x17 CMakeFiles/Car.elf.dir/Core/Src/main.c.obj
 *fill*         0x0000000008010b73        0x1 
 .rodata.HAL_UART_RxCpltCallback.str1.4
                0x0000000008010b74       0x44 CMakeFiles/Car.elf.dir/Core/Src/stm32f4xx_it.c.obj
 .rodata.AHBPrescTable
                0x0000000008010bb8       0x10 CMakeFiles/Car.elf.dir/Core/Src/system_stm32f4xx.c.obj
                0x0000000008010bb8                AHBPrescTable
 .rodata.APBPrescTable
                0x0000000008010bc8        0x8 CMakeFiles/Car.elf.dir/Core/Src/system_stm32f4xx.c.obj
                0x0000000008010bc8                APBPrescTable
 .rodata.flagBitshiftOffset.0
                0x0000000008010bd0        0x8 CMakeFiles/Car.elf.dir/Drivers/STM32F4xx_HAL_Driver/Src/stm32f4xx_hal_dma.c.obj
 .rodata.Control_Proc.str1.4
                0x0000000008010bd8      0x11f CMakeFiles/Car.elf.dir/Task/Control.c.obj
 *fill*         0x0000000008010cf7        0x1 
 .rodata.Motor_Receive_Data.str1.4
                0x0000000008010cf8       0x97 CMakeFiles/Car.elf.dir/Task/Motor.c.obj
 *fill*         0x0000000008010d8f        0x1 
 .rodata.Car_Go_Target.str1.4
                0x0000000008010d90       0x1f CMakeFiles/Car.elf.dir/Task/Motor.c.obj
 *fill*         0x0000000008010daf        0x1 
 .rodata.HAL_TIM_PeriodElapsedCallback.str1.4
                0x0000000008010db0       0x16 CMakeFiles/Car.elf.dir/Task/Move.c.obj
 *fill*         0x0000000008010dc6        0x2 
 .rodata.Put_Loads.str1.4
                0x0000000008010dc8       0xc6 CMakeFiles/Car.elf.dir/Task/Move.c.obj
 .rodata._puts_r.str1.4
                0x0000000008010e8e       0xc6 /usr/local/arm/10.3/bin/../lib/gcc/arm-none-eabi/10.3.1/../../../../arm-none-eabi/lib/thumb/v7e-m/nofp/libg.a(lib_a-puts.o)
                                          0x2 (size before relaxing)
 *fill*         0x0000000008010e8e        0x2 
 .rodata._svfprintf_r.str1.4
                0x0000000008010e90       0x42 /usr/local/arm/10.3/bin/../lib/gcc/arm-none-eabi/10.3.1/../../../../arm-none-eabi/lib/thumb/v7e-m/nofp/libg.a(lib_a-svfprintf.o)
 *fill*         0x0000000008010ed2        0x2 
 .rodata.blanks.1
                0x0000000008010ed4       0x10 /usr/local/arm/10.3/bin/../lib/gcc/arm-none-eabi/10.3.1/../../../../arm-none-eabi/lib/thumb/v7e-m/nofp/libg.a(lib_a-svfprintf.o)
 .rodata.zeroes.0
                0x0000000008010ee4       0x10 /usr/local/arm/10.3/bin/../lib/gcc/arm-none-eabi/10.3.1/../../../../arm-none-eabi/lib/thumb/v7e-m/nofp/libg.a(lib_a-svfprintf.o)
 .rodata._vfprintf_r.str1.4
                0x0000000008010ef4       0x42 /usr/local/arm/10.3/bin/../lib/gcc/arm-none-eabi/10.3.1/../../../../arm-none-eabi/lib/thumb/v7e-m/nofp/libg.a(lib_a-vfprintf.o)
 .rodata.blanks.1
                0x0000000008010ef4       0x10 /usr/local/arm/10.3/bin/../lib/gcc/arm-none-eabi/10.3.1/../../../../arm-none-eabi/lib/thumb/v7e-m/nofp/libg.a(lib_a-vfprintf.o)
 .rodata.zeroes.0
                0x0000000008010f04       0x10 /usr/local/arm/10.3/bin/../lib/gcc/arm-none-eabi/10.3.1/../../../../arm-none-eabi/lib/thumb/v7e-m/nofp/libg.a(lib_a-vfprintf.o)
 .rodata._dtoa_r.str1.4
                0x0000000008010f14       0xa2 /usr/local/arm/10.3/bin/../lib/gcc/arm-none-eabi/10.3.1/../../../../arm-none-eabi/lib/thumb/v7e-m/nofp/libg.a(lib_a-dtoa.o)
                                         0xa6 (size before relaxing)
 *fill*         0x0000000008010fb6        0x2 
 .rodata.__multadd.str1.4
                0x0000000008010fb8       0x7f /usr/local/arm/10.3/bin/../lib/gcc/arm-none-eabi/10.3.1/../../../../arm-none-eabi/lib/thumb/v7e-m/nofp/libg.a(lib_a-mprec.o)
                                         0x93 (size before relaxing)
 *fill*         0x0000000008011037        0x1 
 .rodata.__mprec_bigtens
                0x0000000008011038       0x28 /usr/local/arm/10.3/bin/../lib/gcc/arm-none-eabi/10.3.1/../../../../arm-none-eabi/lib/thumb/v7e-m/nofp/libg.a(lib_a-mprec.o)
                0x0000000008011038                __mprec_bigtens
 .rodata.__mprec_tens
                0x0000000008011060       0xc8 /usr/local/arm/10.3/bin/../lib/gcc/arm-none-eabi/10.3.1/../../../../arm-none-eabi/lib/thumb/v7e-m/nofp/libg.a(lib_a-mprec.o)
                0x0000000008011060                __mprec_tens
 .rodata.p05.0  0x0000000008011128        0xc /usr/local/arm/10.3/bin/../lib/gcc/arm-none-eabi/10.3.1/../../../../arm-none-eabi/lib/thumb/v7e-m/nofp/libg.a(lib_a-mprec.o)
 .rodata._vfiprintf_r.str1.4
                0x0000000008011134       0x2f /usr/local/arm/10.3/bin/../lib/gcc/arm-none-eabi/10.3.1/../../../../arm-none-eabi/lib/thumb/v7e-m/nofp/libg.a(lib_a-vfiprintf.o)
 .rodata.blanks.1
                0x0000000008011134       0x10 /usr/local/arm/10.3/bin/../lib/gcc/arm-none-eabi/10.3.1/../../../../arm-none-eabi/lib/thumb/v7e-m/nofp/libg.a(lib_a-vfiprintf.o)
 .rodata.zeroes.0
                0x0000000008011144       0x10 /usr/local/arm/10.3/bin/../lib/gcc/arm-none-eabi/10.3.1/../../../../arm-none-eabi/lib/thumb/v7e-m/nofp/libg.a(lib_a-vfiprintf.o)
 .rodata.__assert_func.str1.4
                0x0000000008011154       0x3f /usr/local/arm/10.3/bin/../lib/gcc/arm-none-eabi/10.3.1/../../../../arm-none-eabi/lib/thumb/v7e-m/nofp/libg.a(lib_a-assert.o)
                                         0x43 (size before relaxing)
 *fill*         0x0000000008011193        0x1 
 .rodata._setlocale_r.str1.4
                0x0000000008011194        0xa /usr/local/arm/10.3/bin/../lib/gcc/arm-none-eabi/10.3.1/../../../../arm-none-eabi/lib/thumb/v7e-m/nofp/libg.a(lib_a-locale.o)
                                          0xd (size before relaxing)
 *fill*         0x000000000801119e        0x2 
 .rodata.str1.4
                0x00000000080111a0        0x2 /usr/local/arm/10.3/bin/../lib/gcc/arm-none-eabi/10.3.1/../../../../arm-none-eabi/lib/thumb/v7e-m/nofp/libg.a(lib_a-locale.o)
 *fill*         0x00000000080111a2        0x2 
 .rodata._ctype_
                0x00000000080111a4      0x101 /usr/local/arm/10.3/bin/../lib/gcc/arm-none-eabi/10.3.1/../../../../arm-none-eabi/lib/thumb/v7e-m/nofp/libg.a(lib_a-ctype_.o)
                0x00000000080111a4                _ctype_
                0x00000000080112a8                . = ALIGN (0x4)
 *fill*         0x00000000080112a5        0x3 
                0x00000000080112b0                _sidata = LOADADDR (.data)

.ARM.exidx      0x00000000080112a8        0x8
 .ARM.exidx     0x00000000080112a8        0x8 /usr/local/arm/10.3/bin/../lib/gcc/arm-none-eabi/10.3.1/thumb/v7e-m/nofp/libgcc.a(_udivmoddi4.o)

.rel.dyn        0x00000000080112b0        0x0
 .rel.iplt      0x00000000080112b0        0x0 CMakeFiles/Car.elf.dir/Bsp/Bsp.c.obj

.data           0x0000000020000000      0xa04 load address 0x00000000080112b0
                0x0000000020000000                . = ALIGN (0x4)
                0x0000000020000000                _sdata = .
 *(.data)
 *(.data*)
 .data.data     0x0000000020000000       0x13 CMakeFiles/Car.elf.dir/Bsp/gm65.c.obj
                0x0000000020000000                data
 *fill*         0x0000000020000013        0x1 
 .data.fssj     0x0000000020000014        0x9 CMakeFiles/Car.elf.dir/Bsp/gm65.c.obj
                0x0000000020000014                fssj
 *fill*         0x000000002000001d        0x3 
 .data.hydata   0x0000000020000020        0x7 CMakeFiles/Car.elf.dir/Bsp/gm65.c.obj
                0x0000000020000020                hydata
 *fill*         0x0000000020000027        0x1 
 .data.Font_11x18
                0x0000000020000028        0x8 CMakeFiles/Car.elf.dir/Bsp/ssd1306_fonts.c.obj
                0x0000000020000028                Font_11x18
 .data.SystemCoreClock
                0x0000000020000030        0x4 CMakeFiles/Car.elf.dir/Core/Src/system_stm32f4xx.c.obj
                0x0000000020000030                SystemCoreClock
 .data.uwTickFreq
                0x0000000020000034        0x1 CMakeFiles/Car.elf.dir/Drivers/STM32F4xx_HAL_Driver/Src/stm32f4xx_hal.c.obj
                0x0000000020000034                uwTickFreq
 *fill*         0x0000000020000035        0x3 
 .data.uwTickPrio
                0x0000000020000038        0x4 CMakeFiles/Car.elf.dir/Drivers/STM32F4xx_HAL_Driver/Src/stm32f4xx_hal.c.obj
                0x0000000020000038                uwTickPrio
 .data.Car_Acc  0x000000002000003c        0x2 CMakeFiles/Car.elf.dir/Task/Control.c.obj
                0x000000002000003c                Car_Acc
 .data.Car_Acc_Slow
                0x000000002000003e        0x2 CMakeFiles/Car.elf.dir/Task/Control.c.obj
                0x000000002000003e                Car_Acc_Slow
 .data.Car_Speed
                0x0000000020000040        0x2 CMakeFiles/Car.elf.dir/Task/Control.c.obj
                0x0000000020000040                Car_Speed
 .data.Car_Speed_Slow
                0x0000000020000042        0x2 CMakeFiles/Car.elf.dir/Task/Control.c.obj
                0x0000000020000042                Car_Speed_Slow
 .data.Car_Turn_Speed_Limit
                0x0000000020000044        0x2 CMakeFiles/Car.elf.dir/Task/Control.c.obj
                0x0000000020000044                Car_Turn_Speed_Limit
 .data.Motor_HuaGui_ACC
                0x0000000020000046        0x2 CMakeFiles/Car.elf.dir/Task/Control.c.obj
                0x0000000020000046                Motor_HuaGui_ACC
 .data.Motor_HuaGui_Speed
                0x0000000020000048        0x2 CMakeFiles/Car.elf.dir/Task/Control.c.obj
                0x0000000020000048                Motor_HuaGui_Speed
 .data.Running_Mode
                0x000000002000004a        0x1 CMakeFiles/Car.elf.dir/Task/Control.c.obj
                0x000000002000004a                Running_Mode
 .data.Last_Motor_Stop_Flag_Car
                0x000000002000004b        0x1 CMakeFiles/Car.elf.dir/Task/Motor.c.obj
                0x000000002000004b                Last_Motor_Stop_Flag_Car
 .data.Motor_Stop_Flag_Car
                0x000000002000004c        0x1 CMakeFiles/Car.elf.dir/Task/Motor.c.obj
                0x000000002000004c                Motor_Stop_Flag_Car
 .data.Stop_Flag_HuaGui
                0x000000002000004d        0x1 CMakeFiles/Car.elf.dir/Task/Motor.c.obj
                0x000000002000004d                Stop_Flag_HuaGui
 *fill*         0x000000002000004e        0x2 
 .data.HuaGui_Angle
                0x0000000020000050        0x4 CMakeFiles/Car.elf.dir/Task/Servo.c.obj
                0x0000000020000050                HuaGui_Angle
 .data.JiaZhua_Angle
                0x0000000020000054        0x4 CMakeFiles/Car.elf.dir/Task/Servo.c.obj
                0x0000000020000054                JiaZhua_Angle
 .data.ZaiWu_Angle
                0x0000000020000058        0x4 CMakeFiles/Car.elf.dir/Task/Servo.c.obj
                0x0000000020000058                ZaiWu_Angle
 .data._impure_ptr
                0x000000002000005c        0x4 /usr/local/arm/10.3/bin/../lib/gcc/arm-none-eabi/10.3.1/../../../../arm-none-eabi/lib/thumb/v7e-m/nofp/libg.a(lib_a-impure.o)
                0x000000002000005c                _impure_ptr
 .data.impure_data
                0x0000000020000060      0x428 /usr/local/arm/10.3/bin/../lib/gcc/arm-none-eabi/10.3.1/../../../../arm-none-eabi/lib/thumb/v7e-m/nofp/libg.a(lib_a-impure.o)
 .data.__malloc_av_
                0x0000000020000488      0x408 /usr/local/arm/10.3/bin/../lib/gcc/arm-none-eabi/10.3.1/../../../../arm-none-eabi/lib/thumb/v7e-m/nofp/libg.a(lib_a-mallocr.o)
                0x0000000020000488                __malloc_av_
 .data.__malloc_sbrk_base
                0x0000000020000890        0x4 /usr/local/arm/10.3/bin/../lib/gcc/arm-none-eabi/10.3.1/../../../../arm-none-eabi/lib/thumb/v7e-m/nofp/libg.a(lib_a-mallocr.o)
                0x0000000020000890                __malloc_sbrk_base
 .data.__malloc_trim_threshold
                0x0000000020000894        0x4 /usr/local/arm/10.3/bin/../lib/gcc/arm-none-eabi/10.3.1/../../../../arm-none-eabi/lib/thumb/v7e-m/nofp/libg.a(lib_a-mallocr.o)
                0x0000000020000894                __malloc_trim_threshold
 .data.__global_locale
                0x0000000020000898      0x16c /usr/local/arm/10.3/bin/../lib/gcc/arm-none-eabi/10.3.1/../../../../arm-none-eabi/lib/thumb/v7e-m/nofp/libg.a(lib_a-locale.o)
                0x0000000020000898                __global_locale
 *(.RamFunc)
 *(.RamFunc*)
                0x0000000020000a04                . = ALIGN (0x4)
                0x0000000020000a04                _edata = .
                0x0000000008011cb4                _siccmram = LOADADDR (.ccmram)

.igot.plt       0x0000000020000a04        0x0 load address 0x0000000008011cb4
 .igot.plt      0x0000000020000a04        0x0 CMakeFiles/Car.elf.dir/Bsp/Bsp.c.obj

.ccmram         0x0000000010000000        0x0 load address 0x0000000008011cb4
                0x0000000010000000                . = ALIGN (0x4)
                0x0000000010000000                _sccmram = .
 *(.ccmram)
 *(.ccmram*)
                0x0000000010000000                . = ALIGN (0x4)
                0x0000000010000000                _eccmram = .
                0x0000000010000000                . = ALIGN (0x4)

.bss            0x0000000020000a08      0xbf4
                0x0000000020000a08                _sbss = .
                0x0000000020000a08                __bss_start__ = _sbss
 *(.bss)
 *(.bss*)
 .bss.HuaGui_Init_State
                0x0000000020000a08        0x1 CMakeFiles/Car.elf.dir/Bsp/Bsp.c.obj
                0x0000000020000a08                HuaGui_Init_State
 *fill*         0x0000000020000a09        0x3 
 .bss.OLED_buffer
                0x0000000020000a0c        0x3 CMakeFiles/Car.elf.dir/Bsp/Bsp.c.obj
                0x0000000020000a0c                OLED_buffer
 *fill*         0x0000000020000a0f        0x1 
 .bss.JY901_data
                0x0000000020000a10       0x48 CMakeFiles/Car.elf.dir/Bsp/JY901.c.obj
                0x0000000020000a10                JY901_data
 .bss.Kalman_Set_Data_Flag
                0x0000000020000a58        0x1 CMakeFiles/Car.elf.dir/Bsp/JY901.c.obj
                0x0000000020000a58                Kalman_Set_Data_Flag
 .bss.Kalman_count
                0x0000000020000a59        0x1 CMakeFiles/Car.elf.dir/Bsp/JY901.c.obj
                0x0000000020000a59                Kalman_count
 *fill*         0x0000000020000a5a        0x2 
 .bss.kalman    0x0000000020000a5c       0xf0 CMakeFiles/Car.elf.dir/Bsp/JY901.c.obj
                0x0000000020000a5c                kalman
 .bss.last_Kalman
                0x0000000020000b4c        0xc CMakeFiles/Car.elf.dir/Bsp/JY901.c.obj
                0x0000000020000b4c                last_Kalman
 .bss.stcAcc    0x0000000020000b58        0x8 CMakeFiles/Car.elf.dir/Bsp/JY901.c.obj
                0x0000000020000b58                stcAcc
 .bss.stcAngle  0x0000000020000b60        0x8 CMakeFiles/Car.elf.dir/Bsp/JY901.c.obj
                0x0000000020000b60                stcAngle
 .bss.stcGyro   0x0000000020000b68        0x8 CMakeFiles/Car.elf.dir/Bsp/JY901.c.obj
                0x0000000020000b68                stcGyro
 .bss.fac_us    0x0000000020000b70        0x1 CMakeFiles/Car.elf.dir/Bsp/My_Delay.c.obj
 .bss.PI_Data0  0x0000000020000b71        0x1 CMakeFiles/Car.elf.dir/Bsp/PI.c.obj
                0x0000000020000b71                PI_Data0
 .bss.PI_Data1  0x0000000020000b72        0x2 CMakeFiles/Car.elf.dir/Bsp/PI.c.obj
                0x0000000020000b72                PI_Data1
 .bss.PI_Data2  0x0000000020000b74        0x2 CMakeFiles/Car.elf.dir/Bsp/PI.c.obj
                0x0000000020000b74                PI_Data2
 *fill*         0x0000000020000b76        0x2 
 .bss.PI_RawData0
                0x0000000020000b78        0x3 CMakeFiles/Car.elf.dir/Bsp/PI.c.obj
                0x0000000020000b78                PI_RawData0
 *fill*         0x0000000020000b7b        0x1 
 .bss.PI_RawData1
                0x0000000020000b7c        0x5 CMakeFiles/Car.elf.dir/Bsp/PI.c.obj
                0x0000000020000b7c                PI_RawData1
 *fill*         0x0000000020000b81        0x3 
 .bss.PI_RawData2
                0x0000000020000b84        0x5 CMakeFiles/Car.elf.dir/Bsp/PI.c.obj
                0x0000000020000b84                PI_RawData2
 .bss.RxFlag    0x0000000020000b89        0x1 CMakeFiles/Car.elf.dir/Bsp/PI.c.obj
                0x0000000020000b89                RxFlag
 .bss.uart4_rxbuff