Archive member included to satisfy reference by file (symbol)

/usr/local/arm/10.3/bin/../lib/gcc/arm-none-eabi/10.3.1/thumb/v7e-m/nofp/libgcc.a(_arm_muldf3.o)
                              CMakeFiles/Car.elf.dir/Task/Motor.c.obj (__aeabi_dmul)
/usr/local/arm/10.3/bin/../lib/gcc/arm-none-eabi/10.3.1/thumb/v7e-m/nofp/libgcc.a(_arm_mulsf3.o)
                              CMakeFiles/Car.elf.dir/Core/Src/stm32f4xx_it.c.obj (__aeabi_fmul)
/usr/local/arm/10.3/bin/../lib/gcc/arm-none-eabi/10.3.1/thumb/v7e-m/nofp/libgcc.a(_arm_addsubdf3.o)
                              CMakeFiles/Car.elf.dir/Task/Move.c.obj (__aeabi_dadd)
/usr/local/arm/10.3/bin/../lib/gcc/arm-none-eabi/10.3.1/thumb/v7e-m/nofp/libgcc.a(_arm_muldivdf3.o)
                              CMakeFiles/Car.elf.dir/Task/Motor.c.obj (__aeabi_ddiv)
/usr/local/arm/10.3/bin/../lib/gcc/arm-none-eabi/10.3.1/thumb/v7e-m/nofp/libgcc.a(_arm_fixdfsi.o)
                              CMakeFiles/Car.elf.dir/Task/Motor.c.obj (__aeabi_d2iz)
/usr/local/arm/10.3/bin/../lib/gcc/arm-none-eabi/10.3.1/thumb/v7e-m/nofp/libgcc.a(_arm_truncdfsf2.o)
                              CMakeFiles/Car.elf.dir/Core/Src/stm32f4xx_it.c.obj (__aeabi_d2f)
/usr/local/arm/10.3/bin/../lib/gcc/arm-none-eabi/10.3.1/thumb/v7e-m/nofp/libgcc.a(_arm_addsubsf3.o)
                              CMakeFiles/Car.elf.dir/Task/Motor.c.obj (__aeabi_fsub)
/usr/local/arm/10.3/bin/../lib/gcc/arm-none-eabi/10.3.1/thumb/v7e-m/nofp/libgcc.a(_arm_muldivsf3.o)
                              CMakeFiles/Car.elf.dir/Task/Servo.c.obj (__aeabi_fdiv)
/usr/local/arm/10.3/bin/../lib/gcc/arm-none-eabi/10.3.1/thumb/v7e-m/nofp/libgcc.a(_arm_cmpsf2.o)
                              CMakeFiles/Car.elf.dir/Task/Motor.c.obj (__aeabi_fcmplt)
/usr/local/arm/10.3/bin/../lib/gcc/arm-none-eabi/10.3.1/thumb/v7e-m/nofp/libgcc.a(_arm_fixsfsi.o)
                              CMakeFiles/Car.elf.dir/Task/Motor.c.obj (__aeabi_f2iz)
/usr/local/arm/10.3/bin/../lib/gcc/arm-none-eabi/10.3.1/thumb/v7e-m/nofp/libgcc.a(_arm_fixunssfsi.o)
                              CMakeFiles/Car.elf.dir/Task/Servo.c.obj (__aeabi_f2uiz)
/usr/local/arm/10.3/bin/../lib/gcc/arm-none-eabi/10.3.1/thumb/v7e-m/nofp/libgcc.a(_aeabi_uldivmod.o)
                              CMakeFiles/Car.elf.dir/Drivers/STM32F4xx_HAL_Driver/Src/stm32f4xx_hal_rcc.c.obj (__aeabi_uldivmod)
/usr/local/arm/10.3/bin/../lib/gcc/arm-none-eabi/10.3.1/thumb/v7e-m/nofp/libgcc.a(_udivmoddi4.o)
                              /usr/local/arm/10.3/bin/../lib/gcc/arm-none-eabi/10.3.1/thumb/v7e-m/nofp/libgcc.a(_aeabi_uldivmod.o) (__udivmoddi4)
/usr/local/arm/10.3/bin/../lib/gcc/arm-none-eabi/10.3.1/thumb/v7e-m/nofp/libgcc.a(_dvmd_tls.o)
                              /usr/local/arm/10.3/bin/../lib/gcc/arm-none-eabi/10.3.1/thumb/v7e-m/nofp/libgcc.a(_aeabi_uldivmod.o) (__aeabi_ldiv0)
/usr/local/arm/10.3/bin/../lib/gcc/arm-none-eabi/10.3.1/../../../../arm-none-eabi/lib/thumb/v7e-m/nofp/libg.a(lib_a-errno.o)
                              CMakeFiles/Car.elf.dir/Bsp/retarget.c.obj (__errno)
/usr/local/arm/10.3/bin/../lib/gcc/arm-none-eabi/10.3.1/../../../../arm-none-eabi/lib/thumb/v7e-m/nofp/libg.a(lib_a-exit.o)
                              /usr/local/arm/10.3/bin/../lib/gcc/arm-none-eabi/10.3.1/../../../../arm-none-eabi/lib/thumb/v7e-m/nofp/crt0.o (exit)
/usr/local/arm/10.3/bin/../lib/gcc/arm-none-eabi/10.3.1/../../../../arm-none-eabi/lib/thumb/v7e-m/nofp/libg.a(lib_a-impure.o)
                              /usr/local/arm/10.3/bin/../lib/gcc/arm-none-eabi/10.3.1/../../../../arm-none-eabi/lib/thumb/v7e-m/nofp/libg.a(lib_a-exit.o) (_global_impure_ptr)
/usr/local/arm/10.3/bin/../lib/gcc/arm-none-eabi/10.3.1/../../../../arm-none-eabi/lib/thumb/v7e-m/nofp/libg.a(lib_a-init.o)
                              /usr/local/arm/10.3/bin/../lib/gcc/arm-none-eabi/10.3.1/../../../../arm-none-eabi/lib/thumb/v7e-m/nofp/crt0.o (__libc_init_array)
/usr/local/arm/10.3/bin/../lib/gcc/arm-none-eabi/10.3.1/../../../../arm-none-eabi/lib/thumb/v7e-m/nofp/libg.a(lib_a-memset.o)
                              /usr/local/arm/10.3/bin/../lib/gcc/arm-none-eabi/10.3.1/../../../../arm-none-eabi/lib/thumb/v7e-m/nofp/crt0.o (memset)
/usr/local/arm/10.3/bin/../lib/gcc/arm-none-eabi/10.3.1/../../../../arm-none-eabi/lib/thumb/v7e-m/nofp/libg.a(lib_a-printf.o)
                              CMakeFiles/Car.elf.dir/Core/Src/main.c.obj (printf)
/usr/local/arm/10.3/bin/../lib/gcc/arm-none-eabi/10.3.1/../../../../arm-none-eabi/lib/thumb/v7e-m/nofp/libg.a(lib_a-puts.o)
                              CMakeFiles/Car.elf.dir/Core/Src/main.c.obj (puts)
/usr/local/arm/10.3/bin/../lib/gcc/arm-none-eabi/10.3.1/../../../../arm-none-eabi/lib/thumb/v7e-m/nofp/libg.a(lib_a-setvbuf.o)
                              CMakeFiles/Car.elf.dir/Bsp/retarget.c.obj (setvbuf)
/usr/local/arm/10.3/bin/../lib/gcc/arm-none-eabi/10.3.1/../../../../arm-none-eabi/lib/thumb/v7e-m/nofp/libg.a(lib_a-strlen.o)
[...]
Memory Configuration

Name             Origin             Length             Attributes
CCMRAM           0x0000000010000000 0x0000000000010000 xrw
RAM              0x0000000020000000 0x0000000000020000 xrw
FLASH            0x0000000008000000 0x0000000000080000 xr
*default*        0x0000000000000000 0xffffffffffffffff

Linker script and memory map

LOAD /usr/local/arm/10.3/bin/../lib/gcc/arm-none-eabi/10.3.1/thumb/v7e-m/nofp/crti.o
LOAD /usr/local/arm/10.3/bin/../lib/gcc/arm-none-eabi/10.3.1/thumb/v7e-m/nofp/crtbegin.o
LOAD /usr/local/arm/10.3/bin/../lib/gcc/arm-none-eabi/10.3.1/../../../../arm-none-eabi/lib/thumb/v7e-m/nofp/crt0.o
LOAD CMakeFiles/Car.elf.dir/Bsp/Bsp.c.obj
LOAD CMakeFiles/Car.elf.dir/Bsp/My_Delay.c.obj
LOAD CMakeFiles/Car.elf.dir/Bsp/Uart_Bsp.c.obj
LOAD CMakeFiles/Car.elf.dir/Bsp/retarget.c.obj
LOAD CMakeFiles/Car.elf.dir/Core/Src/dma.c.obj
LOAD CMakeFiles/Car.elf.dir/Core/Src/gpio.c.obj
LOAD CMakeFiles/Car.elf.dir/Core/Src/main.c.obj
LOAD CMakeFiles/Car.elf.dir/Core/Src/stm32f4xx_hal_msp.c.obj
LOAD CMakeFiles/Car.elf.dir/Core/Src/stm32f4xx_it.c.obj
LOAD CMakeFiles/Car.elf.dir/Core/Src/syscalls.c.obj
LOAD CMakeFiles/Car.elf.dir/Core/Src/sysmem.c.obj
LOAD CMakeFiles/Car.elf.dir/Core/Src/system_stm32f4xx.c.obj
LOAD CMakeFiles/Car.elf.dir/Core/Src/tim.c.obj
LOAD CMakeFiles/Car.elf.dir/Core/Src/usart.c.obj
LOAD CMakeFiles/Car.elf.dir/Core/Startup/startup_stm32f407zetx.s.obj
LOAD CMakeFiles/Car.elf.dir/Drivers/STM32F4xx_HAL_Driver/Src/stm32f4xx_hal.c.obj
LOAD CMakeFiles/Car.elf.dir/Drivers/STM32F4xx_HAL_Driver/Src/stm32f4xx_hal_cortex.c.obj
LOAD CMakeFiles/Car.elf.dir/Drivers/STM32F4xx_HAL_Driver/Src/stm32f4xx_hal_dma.c.obj
LOAD CMakeFiles/Car.elf.dir/Drivers/STM32F4xx_HAL_Driver/Src/stm32f4xx_hal_dma_ex.c.obj
LOAD CMakeFiles/Car.elf.dir/Drivers/STM32F4xx_HAL_Driver/Src/stm32f4xx_hal_exti.c.obj
LOAD CMakeFiles/Car.elf.dir/Drivers/STM32F4xx_HAL_Driver/Src/stm32f4xx_hal_flash.c.obj
LOAD CMakeFiles/Car.elf.dir/Drivers/STM32F4xx_HAL_Driver/Src/stm32f4xx_hal_flash_ex.c.obj
LOAD CMakeFiles/Car.elf.dir/Drivers/STM32F4xx_HAL_Driver/Src/stm32f4xx_hal_flash_ramfunc.c.obj
LOAD CMakeFiles/Car.elf.dir/Drivers/STM32F4xx_HAL_Driver/Src/stm32f4xx_hal_gpio.c.obj
LOAD CMakeFiles/Car.elf.dir/Drivers/STM32F4xx_HAL_Driver/Src/stm32f4xx_hal_pwr.c.obj
LOAD CMakeFiles/Car.elf.dir/Drivers/STM32F4xx_HAL_Driver/Src/stm32f4xx_hal_pwr_ex.c.obj
LOAD CMakeFiles/Car.elf.dir/Drivers/STM32F4xx_HAL_Driver/Src/stm32f4xx_hal_rcc.c.obj
LOAD CMakeFiles/Car.elf.dir/Drivers/STM32F4xx_HAL_Driver/Src/stm32f4xx_hal_rcc_ex.c.obj
LOAD CMakeFiles/Car.elf.dir/Drivers/STM32F4xx_HAL_Driver/Src/stm32f4xx_hal_tim.c.obj
LOAD CMakeFiles/Car.elf.dir/Drivers/STM32F4xx_HAL_Driver/Src/stm32f4xx_hal_tim_ex.c.obj
LOAD CMakeFiles/Car.elf.dir/Drivers/STM32F4xx_HAL_Driver/Src/stm32f4xx_hal_uart.c.obj
LOAD CMakeFiles/Car.elf.dir/Task/Control.c.obj
LOAD CMakeFiles/Car.elf.dir/Task/Control_Logic.c.obj
LOAD CMakeFiles/Car.elf.dir/Task/Motor.c.obj
LOAD CMakeFiles/Car.elf.dir/Task/Move.c.obj
LOAD CMakeFiles/Car.elf.dir/Task/Servo.c.obj
START GROUP
LOAD /usr/local/arm/10.3/bin/../lib/gcc/arm-none-eabi/10.3.1/thumb/v7e-m/nofp/libgcc.a
LOAD /usr/local/arm/10.3/bin/../lib/gcc/arm-none-eabi/10.3.1/../../../../arm-none-eabi/lib/thumb/v7e-m/nofp/libg.a
LOAD /usr/local/arm/10.3/bin/../lib/gcc/arm-none-eabi/10.3.1/../../../../arm-none-eabi/lib/thumb/v7e-m/nofp/libc.a
END GROUP
LOAD /usr/local/arm/10.3/bin/../lib/gcc/arm-none-eabi/10.3.1/thumb/v7e-m/nofp/crtend.o
LOAD /usr/local/arm/10.3/bin/../lib/gcc/arm-none-eabi/10.3.1/thumb/v7e-m/nofp/crtn.o
                0x0000000020020000                _estack = (ORIGIN (RAM) + LENGTH (RAM))
                0x0000000000000200                _Min_Heap_Size = 0x200
                0x0000000000000400                _Min_Stack_Size = 0x400

.isr_vector     0x0000000008000000      0x188
                0x0000000008000000                . = ALIGN (0x4)
 *(.isr_vector)
 .isr_vector    0x0000000008000000      0x188 CMakeFiles/Car.elf.dir/Core/Startup/startup_stm32f407zetx.s.obj
                0x0000000008000000                g_pfnVectors
                0x0000000008000188                . = ALIGN (0x4)

.text           0x00000000080001c0     0xbe4c
                0x00000000080001c0                . = ALIGN (0x4)
 *(.text)
 .text          0x00000000080001c0      0x378 /usr/local/arm/10.3/bin/../lib/gcc/arm-none-eabi/10.3.1/thumb/v7e-m/nofp/libgcc.a(_arm_addsubdf3.o)
                0x00000000080001c0                __aeabi_drsub
                0x00000000080001c8                __aeabi_dsub
                0x00000000080001c8                __subdf3
                0x00000000080001cc                __adddf3
                0x00000000080001cc                __aeabi_dadd
                0x0000000008000444                __aeabi_ui2d
                0x0000000008000444                __floatunsidf
                0x0000000008000464                __floatsidf
                0x0000000008000464                __aeabi_i2d
                0x0000000008000488                __extendsfdf2
                0x0000000008000488                __aeabi_f2d
                0x00000000080004cc                __aeabi_ul2d
                0x00000000080004cc                __floatundidf
                0x00000000080004dc                __floatdidf
                0x00000000080004dc                __aeabi_l2d
 .text          0x0000000008000538      0x424 /usr/local/arm/10.3/bin/../lib/gcc/arm-none-eabi/10.3.1/thumb/v7e-m/nofp/libgcc.a(_arm_muldivdf3.o)
                0x0000000008000538                __aeabi_dmul
                0x0000000008000538                __muldf3
                0x000000000800078c                __aeabi_ddiv
                0x000000000800078c                __divdf3
 .text          0x000000000800095c       0x50 /usr/local/arm/10.3/bin/../lib/gcc/arm-none-eabi/10.3.1/thumb/v7e-m/nofp/libgcc.a(_arm_fixdfsi.o)
                0x000000000800095c                __fixdfsi
                0x000000000800095c                __aeabi_d2iz
 .text          0x00000000080009ac       0xa0 /usr/local/arm/10.3/bin/../lib/gcc/arm-none-eabi/10.3.1/thumb/v7e-m/nofp/libgcc.a(_arm_truncdfsf2.o)
                0x00000000080009ac                __aeabi_d2f
                0x00000000080009ac                __truncdfsf2
 .text          0x0000000008000a4c      0x21c /usr/local/arm/10.3/bin/../lib/gcc/arm-none-eabi/10.3.1/thumb/v7e-m/nofp/libgcc.a(_arm_addsubsf3.o)
                0x0000000008000a4c                __aeabi_frsub
                0x0000000008000a54                __subsf3
                0x0000000008000a54                __aeabi_fsub
                0x0000000008000a58                __aeabi_fadd
                0x0000000008000a58                __addsf3
                0x0000000008000bb8                __aeabi_ui2f
                0x0000000008000bb8                __floatunsisf
                0x0000000008000bc0                __aeabi_i2f
                0x0000000008000bc0                __floatsisf
                0x0000000008000bdc                __floatundisf
                0x0000000008000bdc                __aeabi_ul2f
                0x0000000008000bec                __floatdisf
                0x0000000008000bec                __aeabi_l2f
 .text          0x0000000008000c68      0x2a0 /usr/local/arm/10.3/bin/../lib/gcc/arm-none-eabi/10.3.1/thumb/v7e-m/nofp/libgcc.a(_arm_muldivsf3.o)
                0x0000000008000c68                __mulsf3
                0x0000000008000c68                __aeabi_fmul
                0x0000000008000dd0                __divsf3
                0x0000000008000dd0                __aeabi_fdiv
 .text          0x0000000008000f08       0xec /usr/local/arm/10.3/bin/../lib/gcc/arm-none-eabi/10.3.1/thumb/v7e-m/nofp/libgcc.a(_arm_cmpsf2.o)
                0x0000000008000f08                __gtsf2
                0x0000000008000f08                __gesf2
                0x0000000008000f10                __lesf2
                0x0000000008000f10                __ltsf2
                0x0000000008000f18                __nesf2
                0x0000000008000f18                __eqsf2
                0x0000000008000f18                __cmpsf2
                0x0000000008000f78                __aeabi_cfrcmple
                0x0000000008000f80                __aeabi_cfcmple
                0x0000000008000f80                __aeabi_cfcmpeq
                0x0000000008000f90                __aeabi_fcmpeq
                0x0000000008000fa4                __aeabi_fcmplt
                0x0000000008000fb8                __aeabi_fcmple
                0x0000000008000fcc                __aeabi_fcmpge
                0x0000000008000fe0                __aeabi_fcmpgt
 .text          0x0000000008000ff4       0x4c /usr/local/arm/10.3/bin/../lib/gcc/arm-none-eabi/10.3.1/thumb/v7e-m/nofp/libgcc.a(_arm_fixsfsi.o)
                0x0000000008000ff4                __fixsfsi
                0x0000000008000ff4                __aeabi_f2iz
 .text          0x0000000008001040       0x40 /usr/local/arm/10.3/bin/../lib/gcc/arm-none-eabi/10.3.1/thumb/v7e-m/nofp/libgcc.a(_arm_fixunssfsi.o)
                0x0000000008001040                __aeabi_f2uiz
                0x0000000008001040                __fixunssfsi
 .text          0x0000000008001080       0x30 /usr/local/arm/10.3/bin/../lib/gcc/arm-none-eabi/10.3.1/thumb/v7e-m/nofp/libgcc.a(_aeabi_uldivmod.o)
                0x0000000008001080                __aeabi_uldivmod
 .text          0x00000000080010b0      0x2d0 /usr/local/arm/10.3/bin/../lib/gcc/arm-none-eabi/10.3.1/thumb/v7e-m/nofp/libgcc.a(_udivmoddi4.o)
                0x00000000080010b0                __udivmoddi4
 .text          0x0000000008001380        0x4 /usr/local/arm/10.3/bin/../lib/gcc/arm-none-eabi/10.3.1/thumb/v7e-m/nofp/libgcc.a(_dvmd_tls.o)
                0x0000000008001380                __aeabi_ldiv0
                0x0000000008001380                __aeabi_idiv0
 *fill*         0x0000000008001384       0x3c 
 .text          0x00000000080013c0       0xdc /usr/local/arm/10.3/bin/../lib/gcc/arm-none-eabi/10.3.1/../../../../arm-none-eabi/lib/thumb/v7e-m/nofp/libg.a(lib_a-strlen.o)
                0x00000000080013c0                strlen
 *fill*         0x000000000800149c        0x4 
 .text          0x00000000080014a0       0xa0 /usr/local/arm/10.3/bin/../lib/gcc/arm-none-eabi/10.3.1/../../../../arm-none-eabi/lib/thumb/v7e-m/nofp/libg.a(lib_a-memchr.o)
                0x00000000080014a0                memchr
 .text          0x0000000008001540      0x134 /usr/local/arm/10.3/bin/../lib/gcc/arm-none-eabi/10.3.1/../../../../arm-none-eabi/lib/thumb/v7e-m/nofp/libg.a(lib_a-memcpy.o)
                0x0000000008001540                memcpy
 .text          0x0000000008001674      0x110 /usr/local/arm/10.3/bin/../lib/gcc/arm-none-eabi/10.3.1/thumb/v7e-m/nofp/libgcc.a(_arm_cmpdf2.o)
                0x0000000008001674                __gtdf2
                0x0000000008001674                __gedf2
                0x000000000800167c                __ltdf2
                0x000000000800167c                __ledf2
                0x0000000008001684                __cmpdf2
                0x0000000008001684                __eqdf2
                0x0000000008001684                __nedf2
                0x0000000008001700                __aeabi_cdrcmple
                0x0000000008001710                __aeabi_cdcmple
                0x0000000008001710                __aeabi_cdcmpeq
                0x0000000008001720                __aeabi_dcmpeq
                0x0000000008001734                __aeabi_dcmplt
                0x0000000008001748                __aeabi_dcmple
                0x000000000800175c                __aeabi_dcmpge
                0x0000000008001770                __aeabi_dcmpgt
 .text          0x0000000008001784       0x2c /usr/local/arm/10.3/bin/../lib/gcc/arm-none-eabi/10.3.1/thumb/v7e-m/nofp/libgcc.a(_arm_unorddf2.o)
                0x0000000008001784                __aeabi_dcmpun
                0x0000000008001784                __unorddf2
 *(.text*)
 .text.Bsp_Init
                0x00000000080017b0       0x24 CMakeFiles/Car.elf.dir/Bsp/Bsp.c.obj
                0x00000000080017b0                Bsp_Init
 .text.Delay_Init
                0x00000000080017d4       0x18 CMakeFiles/Car.elf.dir/Bsp/My_Delay.c.obj
                0x00000000080017d4                Delay_Init
 .text.Delay_us
                0x00000000080017ec       0x40 CMakeFiles/Car.elf.dir/Bsp/My_Delay.c.obj
                0x00000000080017ec                Delay_us
 .text.Delay_ms
                0x000000000800182c       0x3c CMakeFiles/Car.elf.dir/Bsp/My_Delay.c.obj
                0x000000000800182c                Delay_ms
 .text.JY901S_Init
                0x0000000008001868       0x20 CMakeFiles/Car.elf.dir/Bsp/Uart_Bsp.c.obj
                0x0000000008001868                JY901S_Init
 .text.RetargetInit
                0x0000000008001888       0x20 CMakeFiles/Car.elf.dir/Bsp/retarget.c.obj
                0x0000000008001888                RetargetInit
 .text._isatty  0x00000000080018a8       0x16 CMakeFiles/Car.elf.dir/Bsp/retarget.c.obj
                0x00000000080018a8                _isatty
 *fill*         0x00000000080018be        0x2 
 .text._write   0x00000000080018c0       0x34 CMakeFiles/Car.elf.dir/Bsp/retarget.c.obj
                0x00000000080018c0                _write
 .text._close   0x00000000080018f4       0x18 CMakeFiles/Car.elf.dir/Bsp/retarget.c.obj
                0x00000000080018f4                _close
 .text._lseek   0x000000000800190c       0x10 CMakeFiles/Car.elf.dir/Bsp/retarget.c.obj
                0x000000000800190c                _lseek
 .text._read    0x000000000800191c       0x30 CMakeFiles/Car.elf.dir/Bsp/retarget.c.obj
                0x000000000800191c                _read
 .text._fstat   0x000000000800194c       0x1a CMakeFiles/Car.elf.dir/Bsp/retarget.c.obj
                0x000000000800194c                _fstat
 *fill*         0x0000000008001966        0x2 
 .text.MX_DMA_Init
                0x0000000008001968       0x34 CMakeFiles/Car.elf.dir/Core/Src/dma.c.obj
                0x0000000008001968                MX_DMA_Init
 .text.MX_GPIO_Init
                0x000000000800199c       0xbc CMakeFiles/Car.elf.dir/Core/Src/gpio.c.obj
                0x000000000800199c                MX_GPIO_Init
 .text.Error_Handler
                0x0000000008001a58        0x4 CMakeFiles/Car.elf.dir/Core/Src/main.c.obj
                0x0000000008001a58                Error_Handler
 .text.SystemClock_Config
                0x0000000008001a5c       0xac CMakeFiles/Car.elf.dir/Core/Src/main.c.obj
                0x0000000008001a5c                SystemClock_Config
 .text.main     0x0000000008001b08       0x6c CMakeFiles/Car.elf.dir/Core/Src/main.c.obj
                0x0000000008001b08                main
 .text.HAL_MspInit
                0x0000000008001b74       0x38 CMakeFiles/Car.elf.dir/Core/Src/stm32f4xx_hal_msp.c.obj
                0x0000000008001b74                HAL_MspInit
 .text.NMI_Handler
                0x0000000008001bac        0x2 CMakeFiles/Car.elf.dir/Core/Src/stm32f4xx_it.c.obj
                0x0000000008001bac                NMI_Handler
 .text.HardFault_Handler
                0x0000000008001bae        0x2 CMakeFiles/Car.elf.dir/Core/Src/stm32f4xx_it.c.obj
                0x0000000008001bae                HardFault_Handler
 .text.MemManage_Handler
                0x0000000008001bb0        0x2 CMakeFiles/Car.elf.dir/Core/Src/stm32f4xx_it.c.obj
                0x0000000008001bb0                MemManage_Handler
 .text.BusFault_Handler
                0x0000000008001bb2        0x2 CMakeFiles/Car.elf.dir/Core/Src/stm32f4xx_it.c.obj
                0x0000000008001bb2                BusFault_Handler
 .text.UsageFault_Handler
                0x0000000008001bb4        0x2 CMakeFiles/Car.elf.dir/Core/Src/stm32f4xx_it.c.obj
                0x0000000008001bb4                UsageFault_Handler
 .text.SVC_Handler
                0x0000000008001bb6        0x2 CMakeFiles/Car.elf.dir/Core/Src/stm32f4xx_it.c.obj
                0x0000000008001bb6                SVC_Handler
 .text.DebugMon_Handler
                0x0000000008001bb8        0x2 CMakeFiles/Car.elf.dir/Core/Src/stm32f4xx_it.c.obj
                0x0000000008001bb8                DebugMon_Handler
 .text.PendSV_Handler
                0x0000000008001bba        0x2 CMakeFiles/Car.elf.dir/Core/Src/stm32f4xx_it.c.obj
                0x0000000008001bba                PendSV_Handler
 .text.SysTick_Handler
                0x0000000008001bbc        0x8 CMakeFiles/Car.elf.dir/Core/Src/stm32f4xx_it.c.obj
                0x0000000008001bbc                SysTick_Handler
 .text.DMA1_Stream1_IRQHandler
                0x0000000008001bc4       0x10 CMakeFiles/Car.elf.dir/Core/Src/stm32f4xx_it.c.obj
                0x0000000008001bc4                DMA1_Stream1_IRQHandler
 .text.USART1_IRQHandler
                0x0000000008001bd4       0x10 CMakeFiles/Car.elf.dir/Core/Src/stm32f4xx_it.c.obj
                0x0000000008001bd4                USART1_IRQHandler
 .text.USART3_IRQHandler
                0x0000000008001be4       0x70 CMakeFiles/Car.elf.dir/Core/Src/stm32f4xx_it.c.obj
                0x0000000008001be4                USART3_IRQHandler
 .text.TIM6_DAC_IRQHandler
                0x0000000008001c54       0x10 CMakeFiles/Car.elf.dir/Core/Src/stm32f4xx_it.c.obj
                0x0000000008001c54                TIM6_DAC_IRQHandler
 .text.HAL_UART_RxCpltCallback
                0x0000000008001c64       0x2c CMakeFiles/Car.elf.dir/Core/Src/stm32f4xx_it.c.obj
                0x0000000008001c64                HAL_UART_RxCpltCallback
 .text._getpid  0x0000000008001c90        0x4 CMakeFiles/Car.elf.dir/Core/Src/syscalls.c.obj
                0x0000000008001c90                _getpid
 .text._kill    0x0000000008001c94       0x10 CMakeFiles/Car.elf.dir/Core/Src/syscalls.c.obj
                0x0000000008001c94                _kill
 .text._exit    0x0000000008001ca4        0xc CMakeFiles/Car.elf.dir/Core/Src/syscalls.c.obj
                0x0000000008001ca4                _exit
 .text._sbrk    0x0000000008001cb0       0x48 CMakeFiles/Car.elf.dir/Core/Src/sysmem.c.obj
                0x0000000008001cb0                _sbrk
 .text.SystemInit
                0x0000000008001cf8        0x2 CMakeFiles/Car.elf.dir/Core/Src/system_stm32f4xx.c.obj
                0x0000000008001cf8                SystemInit
 *fill*         0x0000000008001cfa        0x2 
 .text.MX_TIM6_Init
                0x0000000008001cfc       0x50 CMakeFiles/Car.elf.dir/Core/Src/tim.c.obj
                0x0000000008001cfc                MX_TIM6_Init
 .text.MX_TIM7_Init
                0x0000000008001d4c       0x50 CMakeFiles/Car.elf.dir/Core/Src/tim.c.obj
                0x0000000008001d4c                MX_TIM7_Init
 .text.HAL_TIM_Base_MspInit
                0x0000000008001d9c       0x8c CMakeFiles/Car.elf.dir/Core/Src/tim.c.obj
                0x0000000008001d9c                HAL_TIM_Base_MspInit
 .text.HAL_TIM_MspPostInit
                0x0000000008001e28       0x80 CMakeFiles/Car.elf.dir/Core/Src/tim.c.obj
                0x0000000008001e28                HAL_TIM_MspPostInit
 .text.MX_TIM3_Init
                0x0000000008001ea8       0xec CMakeFiles/Car.elf.dir/Core/Src/tim.c.obj
                0x0000000008001ea8                MX_TIM3_Init
 .text.MX_UART5_Init
                0x0000000008001f94       0x34 CMakeFiles/Car.elf.dir/Core/Src/usart.c.obj
                0x0000000008001f94                MX_UART5_Init
 .text.MX_USART1_UART_Init
                0x0000000008001fc8       0x34 CMakeFiles/Car.elf.dir/Core/Src/usart.c.obj
                0x0000000008001fc8                MX_USART1_UART_Init
 .text.MX_USART3_UART_Init
                0x0000000008001ffc       0x34 CMakeFiles/Car.elf.dir/Core/Src/usart.c.obj
                0x0000000008001ffc                MX_USART3_UART_Init
 .text.HAL_UART_MspInit
                0x0000000008002030      0x1a4 CMakeFiles/Car.elf.dir/Core/Src/usart.c.obj
                0x0000000008002030                HAL_UART_MspInit
 .text.Reset_Handler
                0x00000000080021d4       0x50 CMakeFiles/Car.elf.dir/Core/Startup/startup_stm32f407zetx.s.obj
                0x00000000080021d4                Reset_Handler
 .text.Default_Handler
                0x0000000008002224        0x2 CMakeFiles/Car.elf.dir/Core/Startup/startup_stm32f407zetx.s.obj
                0x0000000008002224                RTC_Alarm_IRQHandler
                0x0000000008002224                HASH_RNG_IRQHandler
                0x0000000008002224                EXTI2_IRQHandler
                0x0000000008002224                TIM8_CC_IRQHandler
                0x0000000008002224                TIM1_CC_IRQHandler
                0x0000000008002224                DMA2_Stream5_IRQHandler
                0x0000000008002224                DMA1_Stream5_IRQHandler
                0x0000000008002224                PVD_IRQHandler
                0x0000000008002224                SDIO_IRQHandler
                0x0000000008002224                TAMP_STAMP_IRQHandler
                0x0000000008002224                CAN2_RX1_IRQHandler
                0x0000000008002224                EXTI3_IRQHandler
                0x0000000008002224                TIM8_TRG_COM_TIM14_IRQHandler
                0x0000000008002224                TIM1_UP_TIM10_IRQHandler
                0x0000000008002224                TIM8_UP_TIM13_IRQHandler
                0x0000000008002224                I2C3_ER_IRQHandler
                0x0000000008002224                EXTI0_IRQHandler
                0x0000000008002224                I2C2_EV_IRQHandler
                0x0000000008002224                DMA1_Stream2_IRQHandler
                0x0000000008002224                CAN1_RX0_IRQHandler
                0x0000000008002224                FPU_IRQHandler
                0x0000000008002224                OTG_HS_WKUP_IRQHandler
                0x0000000008002224                CAN2_SCE_IRQHandler
                0x0000000008002224                DMA2_Stream2_IRQHandler
                0x0000000008002224                SPI1_IRQHandler
                0x0000000008002224                TIM1_BRK_TIM9_IRQHandler
                0x0000000008002224                DCMI_IRQHandler
                0x0000000008002224                CAN2_RX0_IRQHandler
                0x0000000008002224                DMA2_Stream3_IRQHandler
                0x0000000008002224                USART6_IRQHandler
                0x0000000008002224                CAN1_RX1_IRQHandler
                0x0000000008002224                UART5_IRQHandler
                0x0000000008002224                DMA2_Stream0_IRQHandler
                0x0000000008002224                TIM4_IRQHandler
                0x0000000008002224                I2C1_EV_IRQHandler
                0x0000000008002224                DMA1_Stream6_IRQHandler
                0x0000000008002224                UART4_IRQHandler
                0x0000000008002224                TIM3_IRQHandler
                0x0000000008002224                RCC_IRQHandler
                0x0000000008002224                TIM8_BRK_TIM12_IRQHandler
                0x0000000008002224                Default_Handler
                0x0000000008002224                EXTI15_10_IRQHandler
                0x0000000008002224                ADC_IRQHandler
                0x0000000008002224                DMA1_Stream7_IRQHandler
                0x0000000008002224                TIM7_IRQHandler
                0x0000000008002224                CAN2_TX_IRQHandler
                0x0000000008002224                TIM5_IRQHandler
                0x0000000008002224                DMA2_Stream7_IRQHandler
                0x0000000008002224                I2C3_EV_IRQHandler
                0x0000000008002224                EXTI9_5_IRQHandler
                0x0000000008002224                RTC_WKUP_IRQHandler
                0x0000000008002224                ETH_WKUP_IRQHandler
                0x0000000008002224                SPI2_IRQHandler
                0x0000000008002224                OTG_HS_EP1_IN_IRQHandler
                0x0000000008002224                DMA1_Stream0_IRQHandler
                0x0000000008002224                CAN1_TX_IRQHandler
                0x0000000008002224                EXTI4_IRQHandler
                0x0000000008002224                FSMC_IRQHandler
                0x0000000008002224                ETH_IRQHandler
                0x0000000008002224                OTG_HS_EP1_OUT_IRQHandler
                0x0000000008002224                WWDG_IRQHandler
                0x0000000008002224                TIM2_IRQHandler
                0x0000000008002224                OTG_FS_WKUP_IRQHandler
                0x0000000008002224                TIM1_TRG_COM_TIM11_IRQHandler
                0x0000000008002224                OTG_HS_IRQHandler
                0x0000000008002224                EXTI1_IRQHandler
                0x0000000008002224                USART2_IRQHandler
                0x0000000008002224                I2C2_ER_IRQHandler
                0x0000000008002224                DMA2_Stream1_IRQHandler
                0x0000000008002224                CAN1_SCE_IRQHandler
                0x0000000008002224                FLASH_IRQHandler
                0x0000000008002224                DMA2_Stream4_IRQHandler
                0x0000000008002224                OTG_FS_IRQHandler
                0x0000000008002224                SPI3_IRQHandler
                0x0000000008002224                DMA1_Stream4_IRQHandler
                0x0000000008002224                I2C1_ER_IRQHandler
                0x0000000008002224                DMA2_Stream6_IRQHandler
                0x0000000008002224                DMA1_Stream3_IRQHandler
 *fill*         0x0000000008002226        0x2 
 .text.HAL_InitTick
                0x0000000008002228       0x4c CMakeFiles/Car.elf.dir/Drivers/STM32F4xx_HAL_Driver/Src/stm32f4xx_hal.c.obj
                0x0000000008002228                HAL_InitTick
 .text.HAL_Init
                0x0000000008002274       0x34 CMakeFiles/Car.elf.dir/Drivers/STM32F4xx_HAL_Driver/Src/stm32f4xx_hal.c.obj
                0x0000000008002274                HAL_Init
 .text.HAL_IncTick
                0x00000000080022a8       0x18 CMakeFiles/Car.elf.dir/Drivers/STM32F4xx_HAL_Driver/Src/stm32f4xx_hal.c.obj
                0x00000000080022a8                HAL_IncTick
 .text.HAL_GetTick
                0x00000000080022c0        0xc CMakeFiles/Car.elf.dir/Drivers/STM32F4xx_HAL_Driver/Src/stm32f4xx_hal.c.obj
                0x00000000080022c0                HAL_GetTick
 .text.HAL_NVIC_SetPriorityGrouping
                0x00000000080022cc       0x24 CMakeFiles/Car.elf.dir/Drivers/STM32F4xx_HAL_Driver/Src/stm32f4xx_hal_cortex.c.obj
                0x00000000080022cc                HAL_NVIC_SetPriorityGrouping
 .text.HAL_NVIC_SetPriority
                0x00000000080022f0       0x70 CMakeFiles/Car.elf.dir/Drivers/STM32F4xx_HAL_Driver/Src/stm32f4xx_hal_cortex.c.obj
                0x00000000080022f0                HAL_NVIC_SetPriority
 .text.HAL_NVIC_EnableIRQ
                0x0000000008002360       0x1c CMakeFiles/Car.elf.dir/Drivers/STM32F4xx_HAL_Driver/Src/stm32f4xx_hal_cortex.c.obj
                0x0000000008002360                HAL_NVIC_EnableIRQ
 .text.HAL_SYSTICK_Config
                0x000000000800237c       0x28 CMakeFiles/Car.elf.dir/Drivers/STM32F4xx_HAL_Driver/Src/stm32f4xx_hal_cortex.c.obj
                0x000000000800237c                HAL_SYSTICK_Config
 .text.HAL_SYSTICK_CLKSourceConfig
                0x00000000080023a4       0x20 CMakeFiles/Car.elf.dir/Drivers/STM32F4xx_HAL_Driver/Src/stm32f4xx_hal_cortex.c.obj
                0x00000000080023a4                HAL_SYSTICK_CLKSourceConfig
 .text.DMA_SetConfig
                0x00000000080023c4       0x2c CMakeFiles/Car.elf.dir/Drivers/STM32F4xx_HAL_Driver/Src/stm32f4xx_hal_dma.c.obj
 .text.DMA_CalcBaseAndBitshift
                0x00000000080023f0       0x40 CMakeFiles/Car.elf.dir/Drivers/STM32F4xx_HAL_Driver/Src/stm32f4xx_hal_dma.c.obj
 .text.DMA_CheckFifoParam
                0x0000000008002430       0x8e CMakeFiles/Car.elf.dir/Drivers/STM32F4xx_HAL_Driver/Src/stm32f4xx_hal_dma.c.obj
 *fill*         0x00000000080024be        0x2 
 .text.HAL_DMA_Init
                0x00000000080024c0       0xcc CMakeFiles/Car.elf.dir/Drivers/STM32F4xx_HAL_Driver/Src/stm32f4xx_hal_dma.c.obj
                0x00000000080024c0                HAL_DMA_Init
 .text.HAL_DMA_Start_IT
                0x000000000800258c       0x6a CMakeFiles/Car.elf.dir/Drivers/STM32F4xx_HAL_Driver/Src/stm32f4xx_hal_dma.c.obj
                0x000000000800258c                HAL_DMA_Start_IT
 .text.HAL_DMA_Abort
                0x00000000080025f6       0x94 CMakeFiles/Car.elf.dir/Drivers/STM32F4xx_HAL_Driver/Src/stm32f4xx_hal_dma.c.obj
                0x00000000080025f6                HAL_DMA_Abort
 .text.HAL_DMA_Abort_IT
                0x000000000800268a       0x26 CMakeFiles/Car.elf.dir/Drivers/STM32F4xx_HAL_Driver/Src/stm32f4xx_hal_dma.c.obj
                0x000000000800268a                HAL_DMA_Abort_IT
 .text.HAL_DMA_IRQHandler
                0x00000000080026b0      0x1dc CMakeFiles/Car.elf.dir/Drivers/STM32F4xx_HAL_Driver/Src/stm32f4xx_hal_dma.c.obj
                0x00000000080026b0                HAL_DMA_IRQHandler
 .text.HAL_GPIO_Init
                0x000000000800288c      0x1e4 CMakeFiles/Car.elf.dir/Drivers/STM32F4xx_HAL_Driver/Src/stm32f4xx_hal_gpio.c.obj
                0x000000000800288c                HAL_GPIO_Init
 .text.HAL_GPIO_WritePin
                0x0000000008002a70        0xc CMakeFiles/Car.elf.dir/Drivers/STM32F4xx_HAL_Driver/Src/stm32f4xx_hal_gpio.c.obj
                0x0000000008002a70                HAL_GPIO_WritePin
 .text.HAL_GPIO_TogglePin
                0x0000000008002a7c       0x12 CMakeFiles/Car.elf.dir/Drivers/STM32F4xx_HAL_Driver/Src/stm32f4xx_hal_gpio.c.obj
                0x0000000008002a7c                HAL_GPIO_TogglePin
 *fill*         0x0000000008002a8e        0x2 
 .text.HAL_RCC_OscConfig
                0x0000000008002a90      0x3f8 CMakeFiles/Car.elf.dir/Drivers/STM32F4xx_HAL_Driver/Src/stm32f4xx_hal_rcc.c.obj
                0x0000000008002a90                HAL_RCC_OscConfig
 .text.HAL_RCC_GetSysClockFreq
                0x0000000008002e88       0xd4 CMakeFiles/Car.elf.dir/Drivers/STM32F4xx_HAL_Driver/Src/stm32f4xx_hal_rcc.c.obj
                0x0000000008002e88                HAL_RCC_GetSysClockFreq
 .text.HAL_RCC_ClockConfig
                0x0000000008002f5c      0x160 CMakeFiles/Car.elf.dir/Drivers/STM32F4xx_HAL_Driver/Src/stm32f4xx_hal_rcc.c.obj
                0x0000000008002f5c                HAL_RCC_ClockConfig
 .text.HAL_RCC_GetHCLKFreq
                0x00000000080030bc        0xc CMakeFiles/Car.elf.dir/Drivers/STM32F4xx_HAL_Driver/Src/stm32f4xx_hal_rcc.c.obj
                0x00000000080030bc                HAL_RCC_GetHCLKFreq
 .text.HAL_RCC_GetPCLK1Freq
                0x00000000080030c8       0x20 CMakeFiles/Car.elf.dir/Drivers/STM32F4xx_HAL_Driver/Src/stm32f4xx_hal_rcc.c.obj
                0x00000000080030c8                HAL_RCC_GetPCLK1Freq
 .text.HAL_RCC_GetPCLK2Freq
                0x00000000080030e8       0x20 CMakeFiles/Car.elf.dir/Drivers/STM32F4xx_HAL_Driver/Src/stm32f4xx_hal_rcc.c.obj
                0x00000000080030e8                HAL_RCC_GetPCLK2Freq
 .text.TIM_OC1_SetConfig
                0x0000000008003108       0x68 CMakeFiles/Car.elf.dir/Drivers/STM32F4xx_HAL_Driver/Src/stm32f4xx_hal_tim.c.obj
 .text.TIM_OC3_SetConfig
                0x0000000008003170       0x70 CMakeFiles/Car.elf.dir/Drivers/STM32F4xx_HAL_Driver/Src/stm32f4xx_hal_tim.c.obj
 .text.TIM_OC4_SetConfig
                0x00000000080031e0       0x50 CMakeFiles/Car.elf.dir/Drivers/STM32F4xx_HAL_Driver/Src/stm32f4xx_hal_tim.c.obj
 .text.TIM_TI1_ConfigInputStage
                0x0000000008003230       0x24 CMakeFiles/Car.elf.dir/Drivers/STM32F4xx_HAL_Driver/Src/stm32f4xx_hal_tim.c.obj
 .text.TIM_TI2_ConfigInputStage
                0x0000000008003254       0x26 CMakeFiles/Car.elf.dir/Drivers/STM32F4xx_HAL_Driver/Src/stm32f4xx_hal_tim.c.obj
 .text.TIM_ITRx_SetConfig
                0x000000000800327a       0x10 CMakeFiles/Car.elf.dir/Drivers/STM32F4xx_HAL_Driver/Src/stm32f4xx_hal_tim.c.obj
 *fill*         0x000000000800328a        0x2 
 .text.HAL_TIM_Base_Start_IT
                0x000000000800328c       0x88 CMakeFiles/Car.elf.dir/Drivers/STM32F4xx_HAL_Driver/Src/stm32f4xx_hal_tim.c.obj
                0x000000000800328c                HAL_TIM_Base_Start_IT
 .text.HAL_TIM_PWM_MspInit
                0x0000000008003314        0x2 CMakeFiles/Car.elf.dir/Drivers/STM32F4xx_HAL_Driver/Src/stm32f4xx_hal_tim.c.obj
                0x0000000008003314                HAL_TIM_PWM_MspInit
 .text.HAL_TIM_OC_DelayElapsedCallback
                0x0000000008003316        0x2 CMakeFiles/Car.elf.dir/Drivers/STM32F4xx_HAL_Driver/Src/stm32f4xx_hal_tim.c.obj
                0x0000000008003316                HAL_TIM_OC_DelayElapsedCallback
 .text.HAL_TIM_IC_CaptureCallback
                0x0000000008003318        0x2 CMakeFiles/Car.elf.dir/Drivers/STM32F4xx_HAL_Driver/Src/stm32f4xx_hal_tim.c.obj
                0x0000000008003318                HAL_TIM_IC_CaptureCallback
 .text.HAL_TIM_PWM_PulseFinishedCallback
                0x000000000800331a        0x2 CMakeFiles/Car.elf.dir/Drivers/STM32F4xx_HAL_Driver/Src/stm32f4xx_hal_tim.c.obj
                0x000000000800331a                HAL_TIM_PWM_PulseFinishedCallback
 .text.HAL_TIM_TriggerCallback
                0x000000000800331c        0x2 CMakeFiles/Car.elf.dir/Drivers/STM32F4xx_HAL_Driver/Src/stm32f4xx_hal_tim.c.obj
                0x000000000800331c                HAL_TIM_TriggerCallback
 .text.HAL_TIM_IRQHandler
                0x000000000800331e      0x15e CMakeFiles/Car.elf.dir/Drivers/STM32F4xx_HAL_Driver/Src/stm32f4xx_hal_tim.c.obj
                0x000000000800331e                HAL_TIM_IRQHandler
 .text.TIM_Base_SetConfig
                0x000000000800347c       0xd8 CMakeFiles/Car.elf.dir/Drivers/STM32F4xx_HAL_Driver/Src/stm32f4xx_hal_tim.c.obj
                0x000000000800347c                TIM_Base_SetConfig
 .text.HAL_TIM_Base_Init
                0x0000000008003554       0x58 CMakeFiles/Car.elf.dir/Drivers/STM32F4xx_HAL_Driver/Src/stm32f4xx_hal_tim.c.obj
                0x0000000008003554                HAL_TIM_Base_Init
 .text.HAL_TIM_PWM_Init
                0x00000000080035ac       0x58 CMakeFiles/Car.elf.dir/Drivers/STM32F4xx_HAL_Driver/Src/stm32f4xx_hal_tim.c.obj
                0x00000000080035ac                HAL_TIM_PWM_Init
 .text.TIM_OC2_SetConfig
                0x0000000008003604       0x70 CMakeFiles/Car.elf.dir/Drivers/STM32F4xx_HAL_Driver/Src/stm32f4xx_hal_tim.c.obj
                0x0000000008003604                TIM_OC2_SetConfig
 .text.HAL_TIM_PWM_ConfigChannel
                0x0000000008003674       0xdc CMakeFiles/Car.elf.dir/Drivers/STM32F4xx_HAL_Driver/Src/stm32f4xx_hal_tim.c.obj
                0x0000000008003674                HAL_TIM_PWM_ConfigChannel
 .text.TIM_ETR_SetConfig
                0x0000000008003750       0x18 CMakeFiles/Car.elf.dir/Drivers/STM32F4xx_HAL_Driver/Src/stm32f4xx_hal_tim.c.obj
                0x0000000008003750                TIM_ETR_SetConfig
 .text.HAL_TIM_ConfigClockSource
                0x0000000008003768       0xfe CMakeFiles/Car.elf.dir/Drivers/STM32F4xx_HAL_Driver/Src/stm32f4xx_hal_tim.c.obj
                0x0000000008003768                HAL_TIM_ConfigClockSource
 *fill*         0x0000000008003866        0x2 
 .text.HAL_TIMEx_MasterConfigSynchronization
                0x0000000008003868       0x8c CMakeFiles/Car.elf.dir/Drivers/STM32F4xx_HAL_Driver/Src/stm32f4xx_hal_tim_ex.c.obj
                0x0000000008003868                HAL_TIMEx_MasterConfigSynchronization
 .text.HAL_TIMEx_CommutCallback
                0x00000000080038f4        0x2 CMakeFiles/Car.elf.dir/Drivers/STM32F4xx_HAL_Driver/Src/stm32f4xx_hal_tim_ex.c.obj
                0x00000000080038f4                HAL_TIMEx_CommutCallback
 .text.HAL_TIMEx_BreakCallback
                0x00000000080038f6        0x2 CMakeFiles/Car.elf.dir/Drivers/STM32F4xx_HAL_Driver/Src/stm32f4xx_hal_tim_ex.c.obj
                0x00000000080038f6                HAL_TIMEx_BreakCallback
 .text.UART_EndTxTransfer
                0x00000000080038f8       0x20 CMakeFiles/Car.elf.dir/Drivers/STM32F4xx_HAL_Driver/Src/stm32f4xx_hal_uart.c.obj
 .text.UART_EndRxTransfer
                0x0000000008003918       0x5c CMakeFiles/Car.elf.dir/Drivers/STM32F4xx_HAL_Driver/Src/stm32f4xx_hal_uart.c.obj
 .text.UART_Transmit_IT
                0x0000000008003974       0x60 CMakeFiles/Car.elf.dir/Drivers/STM32F4xx_HAL_Driver/Src/stm32f4xx_hal_uart.c.obj
 .text.UART_SetConfig
                0x00000000080039d4      0x110 CMakeFiles/Car.elf.dir/Drivers/STM32F4xx_HAL_Driver/Src/stm32f4xx_hal_uart.c.obj
 .text.UART_WaitOnFlagUntilTimeout
                0x0000000008003ae4       0x8a CMakeFiles/Car.elf.dir/Drivers/STM32F4xx_HAL_Driver/Src/stm32f4xx_hal_uart.c.obj
 .text.HAL_UART_Init
                0x0000000008003b6e       0x60 CMakeFiles/Car.elf.dir/Drivers/STM32F4xx_HAL_Driver/Src/stm32f4xx_hal_uart.c.obj
                0x0000000008003b6e                HAL_UART_Init
 .text.HAL_UART_Transmit
                0x0000000008003bce       0xcc CMakeFiles/Car.elf.dir/Drivers/STM32F4xx_HAL_Driver/Src/stm32f4xx_hal_uart.c.obj
                0x0000000008003bce                HAL_UART_Transmit
 .text.HAL_UART_Receive
                0x0000000008003c9a       0xd2 CMakeFiles/Car.elf.dir/Drivers/STM32F4xx_HAL_Driver/Src/stm32f4xx_hal_uart.c.obj
                0x0000000008003c9a                HAL_UART_Receive
 .text.HAL_UART_TxCpltCallback
                0x0000000008003d6c        0x2 CMakeFiles/Car.elf.dir/Drivers/STM32F4xx_HAL_Driver/Src/stm32f4xx_hal_uart.c.obj
                0x0000000008003d6c                HAL_UART_TxCpltCallback
 .text.UART_EndTransmit_IT
                0x0000000008003d6e       0x1a CMakeFiles/Car.elf.dir/Drivers/STM32F4xx_HAL_Driver/Src/stm32f4xx_hal_uart.c.obj
 .text.HAL_UART_RxHalfCpltCallback
                0x0000000008003d88        0x2 CMakeFiles/Car.elf.dir/Drivers/STM32F4xx_HAL_Driver/Src/stm32f4xx_hal_uart.c.obj
                0x0000000008003d88                HAL_UART_RxHalfCpltCallback
 .text.HAL_UART_ErrorCallback
                0x0000000008003d8a        0x2 CMakeFiles/Car.elf.dir/Drivers/STM32F4xx_HAL_Driver/Src/stm32f4xx_hal_uart.c.obj
                0x0000000008003d8a                HAL_UART_ErrorCallback
 .text.UART_DMAError
                0x0000000008003d8c       0x58 CMakeFiles/Car.elf.dir/Drivers/STM32F4xx_HAL_Driver/Src/stm32f4xx_hal_uart.c.obj
 .text.UART_DMAAbortOnError
                0x0000000008003de4       0x10 CMakeFiles/Car.elf.dir/Drivers/STM32F4xx_HAL_Driver/Src/stm32f4xx_hal_uart.c.obj
 .text.HAL_UARTEx_RxEventCallback
                0x0000000008003df4        0x2 CMakeFiles/Car.elf.dir/Drivers/STM32F4xx_HAL_Driver/Src/stm32f4xx_hal_uart.c.obj
                0x0000000008003df4                HAL_UARTEx_RxEventCallback
 .text.UART_Receive_IT
                0x0000000008003df6       0xe6 CMakeFiles/Car.elf.dir/Drivers/STM32F4xx_HAL_Driver/Src/stm32f4xx_hal_uart.c.obj
 .text.HAL_UART_IRQHandler
                0x0000000008003edc      0x288 CMakeFiles/Car.elf.dir/Drivers/STM32F4xx_HAL_Driver/Src/stm32f4xx_hal_uart.c.obj
                0x0000000008003edc                HAL_UART_IRQHandler
 .text.UART_DMARxHalfCplt
                0x0000000008004164       0x1e CMakeFiles/Car.elf.dir/Drivers/STM32F4xx_HAL_Driver/Src/stm32f4xx_hal_uart.c.obj
 .text.UART_DMAReceiveCplt
                0x0000000008004182       0x9a CMakeFiles/Car.elf.dir/Drivers/STM32F4xx_HAL_Driver/Src/stm32f4xx_hal_uart.c.obj
 .text.UART_Start_Receive_IT
                0x000000000800421c       0x36 CMakeFiles/Car.elf.dir/Drivers/STM32F4xx_HAL_Driver/Src/stm32f4xx_hal_uart.c.obj
                0x000000000800421c                UART_Start_Receive_IT
 .text.HAL_UART_Receive_IT
                0x0000000008004252       0x26 CMakeFiles/Car.elf.dir/Drivers/STM32F4xx_HAL_Driver/Src/stm32f4xx_hal_uart.c.obj
                0x0000000008004252                HAL_UART_Receive_IT
 .text.UART_Start_Receive_DMA
                0x0000000008004278       0xa4 CMakeFiles/Car.elf.dir/Drivers/STM32F4xx_HAL_Driver/Src/stm32f4xx_hal_uart.c.obj
                0x0000000008004278                UART_Start_Receive_DMA
 .text.HAL_UART_Receive_DMA
                0x000000000800431c       0x26 CMakeFiles/Car.elf.dir/Drivers/STM32F4xx_HAL_Driver/Src/stm32f4xx_hal_uart.c.obj
                0x000000000800431c                HAL_UART_Receive_DMA
 *fill*         0x0000000008004342        0x2 
 .text.Control_Proc
                0x0000000008004344      0x5d8 CMakeFiles/Car.elf.dir/Task/Control.c.obj
                0x0000000008004344                Control_Proc
 .text.My_ABS   0x000000000800491c        0xa CMakeFiles/Car.elf.dir/Task/Motor.c.obj
                0x000000000800491c                My_ABS
 *fill*         0x0000000008004926        0x2 
 .text.Motor_Receive_Data
                0x0000000008004928      0x1d8 CMakeFiles/Car.elf.dir/Task/Motor.c.obj
                0x0000000008004928                Motor_Receive_Data
 .text.Motor_Enable
                0x0000000008004b00       0x38 CMakeFiles/Car.elf.dir/Task/Motor.c.obj
                0x0000000008004b00                Motor_Enable
 .text.Motor_Reset
                0x0000000008004b38       0x58 CMakeFiles/Car.elf.dir/Task/Motor.c.obj
                0x0000000008004b38                Motor_Reset
 .text.Motor_Enable_All
                0x0000000008004b90       0x22 CMakeFiles/Car.elf.dir/Task/Motor.c.obj
                0x0000000008004b90                Motor_Enable_All
 *fill*         0x0000000008004bb2        0x2 
 .text.Motor_Init
                0x0000000008004bb4       0x30 CMakeFiles/Car.elf.dir/Task/Motor.c.obj
                0x0000000008004bb4                Motor_Init
 .text.Motor_State_Scan
                0x0000000008004be4       0x2c CMakeFiles/Car.elf.dir/Task/Motor.c.obj
                0x0000000008004be4                Motor_State_Scan
 .text.Motor_Run
                0x0000000008004c10       0x30 CMakeFiles/Car.elf.dir/Task/Motor.c.obj
                0x0000000008004c10                Motor_Run
 .text.Motor_SetSpeed
                0x0000000008004c40       0x68 CMakeFiles/Car.elf.dir/Task/Motor.c.obj
                0x0000000008004c40                Motor_SetSpeed
 .text.Motor_SetPosition
                0x0000000008004ca8       0x98 CMakeFiles/Car.elf.dir/Task/Motor.c.obj
                0x0000000008004ca8                Motor_SetPosition
 .text.Motor_SetPosition_A
                0x0000000008004d40       0xc4 CMakeFiles/Car.elf.dir/Task/Motor.c.obj
                0x0000000008004d40                Motor_SetPosition_A
 *fill*         0x0000000008004e04        0x4 
 .text.Car_Go_Target
                0x0000000008004e08      0x150 CMakeFiles/Car.elf.dir/Task/Motor.c.obj
                0x0000000008004e08                Car_Go_Target
 .text.Car_Turn
                0x0000000008004f58      0x138 CMakeFiles/Car.elf.dir/Task/Motor.c.obj
                0x0000000008004f58                Car_Turn
 .text.Car_Calibration
                0x0000000008005090      0x27c CMakeFiles/Car.elf.dir/Task/Motor.c.obj
                0x0000000008005090                Car_Calibration
 .text.HuaGui_UP
                0x000000000800530c       0x20 CMakeFiles/Car.elf.dir/Task/Motor.c.obj
                0x000000000800530c                HuaGui_UP
 .text.HuaGui_DOWN
                0x000000000800532c       0x20 CMakeFiles/Car.elf.dir/Task/Motor.c.obj
                0x000000000800532c                HuaGui_DOWN
 .text.HuaGui_DOWN2
                0x000000000800534c       0x20 CMakeFiles/Car.elf.dir/Task/Motor.c.obj
                0x000000000800534c                HuaGui_DOWN2
 .text.HuaGui_Fang
                0x000000000800536c       0x20 CMakeFiles/Car.elf.dir/Task/Motor.c.obj
                0x000000000800536c                HuaGui_Fang
 .text.HuaGui_Qu
                0x000000000800538c       0x20 CMakeFiles/Car.elf.dir/Task/Motor.c.obj
                0x000000000800538c                HuaGui_Qu
 .text.HuaGui_ZhuanPan
                0x00000000080053ac       0x20 CMakeFiles/Car.elf.dir/Task/Motor.c.obj
                0x00000000080053ac                HuaGui_ZhuanPan
 *fill*         0x00000000080053cc        0x4 
 .text.HAL_TIM_PeriodElapsedCallback
                0x00000000080053d0      0x100 CMakeFiles/Car.elf.dir/Task/Move.c.obj
                0x00000000080053d0                HAL_TIM_PeriodElapsedCallback
 .text.Get_Loads
                0x00000000080054d0      0x298 CMakeFiles/Car.elf.dir/Task/Move.c.obj
                0x00000000080054d0                Get_Loads
 .text.Put_Loads
                0x0000000008005768      0x254 CMakeFiles/Car.elf.dir/Task/Move.c.obj
                0x0000000008005768                Put_Loads
 .text.Servo_SetAngle
                0x00000000080059bc       0xe8 CMakeFiles/Car.elf.dir/Task/Servo.c.obj
                0x00000000080059bc                Servo_SetAngle
 .text.Servo_CallBack
                0x0000000008005aa4       0xe8 CMakeFiles/Car.elf.dir/Task/Servo.c.obj
                0x0000000008005aa4                Servo_CallBack
 .text.JiaZhua_Turn
                0x0000000008005b8c       0x6c CMakeFiles/Car.elf.dir/Task/Servo.c.obj
                0x0000000008005b8c                JiaZhua_Turn
 .text.HuaGui_Turn
                0x0000000008005bf8       0x78 CMakeFiles/Car.elf.dir/Task/Servo.c.obj
                0x0000000008005bf8                HuaGui_Turn
 .text.ZaiWu_Turn
                0x0000000008005c70       0xd0 CMakeFiles/Car.elf.dir/Task/Servo.c.obj
                0x0000000008005c70                ZaiWu_Turn
 .text.__errno  0x0000000008005d40        0xc /usr/local/arm/10.3/bin/../lib/gcc/arm-none-eabi/10.3.1/../../../../arm-none-eabi/lib/thumb/v7e-m/nofp/libg.a(lib_a-errno.o)
                0x0000000008005d40                __errno
 .text.__libc_init_array
                0x0000000008005d4c       0x48 /usr/local/arm/10.3/bin/../lib/gcc/arm-none-eabi/10.3.1/../../../../arm-none-eabi/lib/thumb/v7e-m/nofp/libg.a(lib_a-init.o)
                0x0000000008005d4c                __libc_init_array
 .text.memset   0x0000000008005d94       0xa4 /usr/local/arm/10.3/bin/../lib/gcc/arm-none-eabi/10.3.1/../../../../arm-none-eabi/lib/thumb/v7e-m/nofp/libg.a(lib_a-memset.o)
                0x0000000008005d94                memset
 .text.printf   0x0000000008005e38       0x28 /usr/local/arm/10.3/bin/../lib/gcc/arm-none-eabi/10.3.1/../../../../arm-none-eabi/lib/thumb/v7e-m/nofp/libg.a(lib_a-printf.o)
                0x0000000008005e38                printf
 .text._puts_r  0x0000000008005e60       0x9c /usr/local/arm/10.3/bin/../lib/gcc/arm-none-eabi/10.3.1/../../../../arm-none-eabi/lib/thumb/v7e-m/nofp/libg.a(lib_a-puts.o)
                0x0000000008005e60                _puts_r
 .text.puts     0x0000000008005efc       0x10 /usr/local/arm/10.3/bin/../lib/gcc/arm-none-eabi/10.3.1/../../../../arm-none-eabi/lib/thumb/v7e-m/nofp/libg.a(lib_a-puts.o)
                0x0000000008005efc                puts
 .text.setvbuf  0x0000000008005f0c      0x1b0 /usr/local/arm/10.3/bin/../lib/gcc/arm-none-eabi/10.3.1/../../../../arm-none-eabi/lib/thumb/v7e-m/nofp/libg.a(lib_a-setvbuf.o)
                0x0000000008005f0c                setvbuf
 .text._vfprintf_r
                0x00000000080060bc     0x1ad4 /usr/local/arm/10.3/bin/../lib/gcc/arm-none-eabi/10.3.1/../../../../arm-none-eabi/lib/thumb/v7e-m/nofp/libg.a(lib_a-vfprintf.o)
                0x00000000080060bc                _vfprintf_r
 .text.__sbprintf
                0x0000000008007b90       0x80 /usr/local/arm/10.3/bin/../lib/gcc/arm-none-eabi/10.3.1/../../../../arm-none-eabi/lib/thumb/v7e-m/nofp/libg.a(lib_a-vfprintf.o)
 .text.__swsetup_r
                0x0000000008007c10       0xd4 /usr/local/arm/10.3/bin/../lib/gcc/arm-none-eabi/10.3.1/../../../../arm-none-eabi/lib/thumb/v7e-m/nofp/libg.a(lib_a-wsetup.o)
                0x0000000008007c10                __swsetup_r
 .text.quorem   0x0000000008007ce4      0x124 /usr/local/arm/10.3/bin/../lib/gcc/arm-none-eabi/10.3.1/../../../../arm-none-eabi/lib/thumb/v7e-m/nofp/libg.a(lib_a-dtoa.o)
 .text._dtoa_r  0x0000000008007e08      0xec4 /usr/local/arm/10.3/bin/../lib/gcc/arm-none-eabi/10.3.1/../../../../arm-none-eabi/lib/thumb/v7e-m/nofp/libg.a(lib_a-dtoa.o)
                0x0000000008007e08                _dtoa_r
 .text.__sflush_r
                0x0000000008008ccc      0x120 /usr/local/arm/10.3/bin/../lib/gcc/arm-none-eabi/10.3.1/../../../../arm-none-eabi/lib/thumb/v7e-m/nofp/libg.a(lib_a-fflush.o)
                0x0000000008008ccc                __sflush_r
 .text._fflush_r
                0x0000000008008dec       0x5c /usr/local/arm/10.3/bin/../lib/gcc/arm-none-eabi/10.3.1/../../../../arm-none-eabi/lib/thumb/v7e-m/nofp/libg.a(lib_a-fflush.o)
                0x0000000008008dec                _fflush_r
 .text._cleanup_r
                0x0000000008008e48        0xc /usr/local/arm/10.3/bin/../lib/gcc/arm-none-eabi/10.3.1/../../../../arm-none-eabi/lib/thumb/v7e-m/nofp/libg.a(lib_a-findfp.o)
                0x0000000008008e48                _cleanup_r
 .text.__sinit  0x0000000008008e54      0x10c /usr/local/arm/10.3/bin/../lib/gcc/arm-none-eabi/10.3.1/../../../../arm-none-eabi/lib/thumb/v7e-m/nofp/libg.a(lib_a-findfp.o)
                0x0000000008008e54                __sinit
 .text.__sfp_lock_acquire
                0x0000000008008f60        0xc /usr/local/arm/10.3/bin/../lib/gcc/arm-none-eabi/10.3.1/../../../../arm-none-eabi/lib/thumb/v7e-m/nofp/libg.a(lib_a-findfp.o)
                0x0000000008008f60                __sfp_lock_acquire
 .text.__sfp_lock_release
                0x0000000008008f6c        0xc /usr/local/arm/10.3/bin/../lib/gcc/arm-none-eabi/10.3.1/../../../../arm-none-eabi/lib/thumb/v7e-m/nofp/libg.a(lib_a-findfp.o)
                0x0000000008008f6c                __sfp_lock_release
 .text._malloc_trim_r
                0x0000000008008f78       0xa0 /usr/local/arm/10.3/bin/../lib/gcc/arm-none-eabi/10.3.1/../../../../arm-none-eabi/lib/thumb/v7e-m/nofp/libg.a(lib_a-freer.o)
                0x0000000008008f78                _malloc_trim_r
 .text._free_r  0x0000000008009018      0x20c /usr/local/arm/10.3/bin/../lib/gcc/arm-none-eabi/10.3.1/../../../../arm-none-eabi/lib/thumb/v7e-m/nofp/libg.a(lib_a-freer.o)
                0x0000000008009018                _free_r
 .text.__sfvwrite_r
                0x0000000008009224      0x2e8 /usr/local/arm/10.3/bin/../lib/gcc/arm-none-eabi/10.3.1/../../../../arm-none-eabi/lib/thumb/v7e-m/nofp/libg.a(lib_a-fvwrite.o)
                0x0000000008009224                __sfvwrite_r
 .text._fwalk_reent
                0x000000000800950c       0x48 /usr/local/arm/10.3/bin/../lib/gcc/arm-none-eabi/10.3.1/../../../../arm-none-eabi/lib/thumb/v7e-m/nofp/libg.a(lib_a-fwalk.o)
                0x000000000800950c                _fwalk_reent
 .text._localeconv_r
                0x0000000008009554        0x8 /usr/local/arm/10.3/bin/../lib/gcc/arm-none-eabi/10.3.1/../../../../arm-none-eabi/lib/thumb/v7e-m/nofp/libg.a(lib_a-localeconv.o)
                0x0000000008009554                _localeconv_r
 .text.__retarget_lock_init_recursive
                0x000000000800955c        0x4 /usr/local/arm/10.3/bin/../lib/gcc/arm-none-eabi/10.3.1/../../../../arm-none-eabi/lib/thumb/v7e-m/nofp/libg.a(lib_a-lock.o)
                0x000000000800955c                __retarget_lock_init_recursive
 .text.__retarget_lock_close_recursive
                0x0000000008009560        0x4 /usr/local/arm/10.3/bin/../lib/gcc/arm-none-eabi/10.3.1/../../../../arm-none-eabi/lib/thumb/v7e-m/nofp/libg.a(lib_a-lock.o)
                0x0000000008009560                __retarget_lock_close_recursive
 .text.__retarget_lock_acquire_recursive
                0x0000000008009564        0x4 /usr/local/arm/10.3/bin/../lib/gcc/arm-none-eabi/10.3.1/../../../../arm-none-eabi/lib/thumb/v7e-m/nofp/libg.a(lib_a-lock.o)
                0x0000000008009564                __retarget_lock_acquire_recursive
 .text.__retarget_lock_release_recursive
                0x0000000008009568        0x4 /usr/local/arm/10.3/bin/../lib/gcc/arm-none-eabi/10.3.1/../../../../arm-none-eabi/lib/thumb/v7e-m/nofp/libg.a(lib_a-lock.o)
                0x0000000008009568                __retarget_lock_release_recursive
 .text.__smakebuf_r
                0x000000000800956c       0xe0 /usr/local/arm/10.3/bin/../lib/gcc/arm-none-eabi/10.3.1/../../../../arm-none-eabi/lib/thumb/v7e-m/nofp/libg.a(lib_a-makebuf.o)
                0x000000000800956c                __smakebuf_r
 .text.__swhatbuf_r
                0x000000000800964c       0x60 /usr/local/arm/10.3/bin/../lib/gcc/arm-none-eabi/10.3.1/../../../../arm-none-eabi/lib/thumb/v7e-m/nofp/libg.a(lib_a-makebuf.o)
                0x000000000800964c                __swhatbuf_r
 .text.malloc   0x00000000080096ac       0x10 /usr/local/arm/10.3/bin/../lib/gcc/arm-none-eabi/10.3.1/../../../../arm-none-eabi/lib/thumb/v7e-m/nofp/libg.a(lib_a-malloc.o)
                0x00000000080096ac                malloc
 .text._malloc_r
                0x00000000080096bc      0x560 /usr/local/arm/10.3/bin/../lib/gcc/arm-none-eabi/10.3.1/../../../../arm-none-eabi/lib/thumb/v7e-m/nofp/libg.a(lib_a-mallocr.o)
                0x00000000080096bc                _malloc_r
 .text.memmove  0x0000000008009c1c       0xf8 /usr/local/arm/10.3/bin/../lib/gcc/arm-none-eabi/10.3.1/../../../../arm-none-eabi/lib/thumb/v7e-m/nofp/libg.a(lib_a-memmove.o)
                0x0000000008009c1c                memmove
 .text.__malloc_lock
                0x0000000008009d14        0xc /usr/local/arm/10.3/bin/../lib/gcc/arm-none-eabi/10.3.1/../../../../arm-none-eabi/lib/thumb/v7e-m/nofp/libg.a(lib_a-mlock.o)
                0x0000000008009d14                __malloc_lock
 .text.__malloc_unlock
                0x0000000008009d20        0xc /usr/local/arm/10.3/bin/../lib/gcc/arm-none-eabi/10.3.1/../../../../arm-none-eabi/lib/thumb/v7e-m/nofp/libg.a(lib_a-mlock.o)
                0x0000000008009d20                __malloc_unlock
 .text._Balloc  0x0000000008009d2c       0x4c /usr/local/arm/10.3/bin/../lib/gcc/arm-none-eabi/10.3.1/../../../../arm-none-eabi/lib/thumb/v7e-m/nofp/libg.a(lib_a-mprec.o)
                0x0000000008009d2c                _Balloc
 .text._Bfree   0x0000000008009d78       0x14 /usr/local/arm/10.3/bin/../lib/gcc/arm-none-eabi/10.3.1/../../../../arm-none-eabi/lib/thumb/v7e-m/nofp/libg.a(lib_a-mprec.o)
                0x0000000008009d78                _Bfree
 .text.__multadd
                0x0000000008009d8c       0xa0 /usr/local/arm/10.3/bin/../lib/gcc/arm-none-eabi/10.3.1/../../../../arm-none-eabi/lib/thumb/v7e-m/nofp/libg.a(lib_a-mprec.o)
                0x0000000008009d8c                __multadd
 .text.__hi0bits
                0x0000000008009e2c       0x40 /usr/local/arm/10.3/bin/../lib/gcc/arm-none-eabi/10.3.1/../../../../arm-none-eabi/lib/thumb/v7e-m/nofp/libg.a(lib_a-mprec.o)
                0x0000000008009e2c                __hi0bits
 .text.__lo0bits
                0x0000000008009e6c       0x5c /usr/local/arm/10.3/bin/../lib/gcc/arm-none-eabi/10.3.1/../../../../arm-none-eabi/lib/thumb/v7e-m/nofp/libg.a(lib_a-mprec.o)
                0x0000000008009e6c                __lo0bits
 .text.__i2b    0x0000000008009ec8       0x5c /usr/local/arm/10.3/bin/../lib/gcc/arm-none-eabi/10.3.1/../../../../arm-none-eabi/lib/thumb/v7e-m/nofp/libg.a(lib_a-mprec.o)
                0x0000000008009ec8                __i2b
 .text.__multiply
                0x0000000008009f24      0x15c /usr/local/arm/10.3/bin/../lib/gcc/arm-none-eabi/10.3.1/../../../../arm-none-eabi/lib/thumb/v7e-m/nofp/libg.a(lib_a-mprec.o)
                0x0000000008009f24                __multiply
 .text.__pow5mult
                0x000000000800a080       0xc0 /usr/local/arm/10.3/bin/../lib/gcc/arm-none-eabi/10.3.1/../../../../arm-none-eabi/lib/thumb/v7e-m/nofp/libg.a(lib_a-mprec.o)
                0x000000000800a080                __pow5mult
 .text.__lshift
                0x000000000800a140       0xf0 /usr/local/arm/10.3/bin/../lib/gcc/arm-none-eabi/10.3.1/../../../../arm-none-eabi/lib/thumb/v7e-m/nofp/libg.a(lib_a-mprec.o)
                0x000000000800a140                __lshift
 .text.__mcmp   0x000000000800a230       0x40 /usr/local/arm/10.3/bin/../lib/gcc/arm-none-eabi/10.3.1/../../../../arm-none-eabi/lib/thumb/v7e-m/nofp/libg.a(lib_a-mprec.o)
                0x000000000800a230                __mcmp
 .text.__mdiff  0x000000000800a270      0x14c /usr/local/arm/10.3/bin/../lib/gcc/arm-none-eabi/10.3.1/../../../../arm-none-eabi/lib/thumb/v7e-m/nofp/libg.a(lib_a-mprec.o)
                0x000000000800a270                __mdiff
 .text.__d2b    0x000000000800a3bc       0xc4 /usr/local/arm/10.3/bin/../lib/gcc/arm-none-eabi/10.3.1/../../../../arm-none-eabi/lib/thumb/v7e-m/nofp/libg.a(lib_a-mprec.o)
                0x000000000800a3bc                __d2b
 .text._realloc_r
                0x000000000800a480      0x3d8 /usr/local/arm/10.3/bin/../lib/gcc/arm-none-eabi/10.3.1/../../../../arm-none-eabi/lib/thumb/v7e-m/nofp/libg.a(lib_a-reallocr.o)
                0x000000000800a480                _realloc_r
 .text.frexp    0x000000000800a858       0x70 /usr/local/arm/10.3/bin/../lib/gcc/arm-none-eabi/10.3.1/../../../../arm-none-eabi/lib/thumb/v7e-m/nofp/libg.a(lib_a-s_frexp.o)
                0x000000000800a858                frexp
 .text._sbrk_r  0x000000000800a8c8       0x24 /usr/local/arm/10.3/bin/../lib/gcc/arm-none-eabi/10.3.1/../../../../arm-none-eabi/lib/thumb/v7e-m/nofp/libg.a(lib_a-sbrkr.o)
                0x000000000800a8c8                _sbrk_r
 .text.__sread  0x000000000800a8ec       0x24 /usr/local/arm/10.3/bin/../lib/gcc/arm-none-eabi/10.3.1/../../../../arm-none-eabi/lib/thumb/v7e-m/nofp/libg.a(lib_a-stdio.o)
                0x000000000800a8ec                __sread
 .text.__swrite
                0x000000000800a910       0x40 /usr/local/arm/10.3/bin/../lib/gcc/arm-none-eabi/10.3.1/../../../../arm-none-eabi/lib/thumb/v7e-m/nofp/libg.a(lib_a-stdio.o)
                0x000000000800a910                __swrite
 .text.__sseek  0x000000000800a950       0x20 /usr/local/arm/10.3/bin/../lib/gcc/arm-none-eabi/10.3.1/../../../../arm-none-eabi/lib/thumb/v7e-m/nofp/libg.a(lib_a-stdio.o)
                0x000000000800a950                __sseek
 .text.__sclose
                0x000000000800a970        0x8 /usr/local/arm/10.3/bin/../lib/gcc/arm-none-eabi/10.3.1/../../../../arm-none-eabi/lib/thumb/v7e-m/nofp/libg.a(lib_a-stdio.o)
                0x000000000800a970                __sclose
 .text.strncpy  0x000000000800a978       0x64 /usr/local/arm/10.3/bin/../lib/gcc/arm-none-eabi/10.3.1/../../../../arm-none-eabi/lib/thumb/v7e-m/nofp/libg.a(lib_a-strncpy.o)
                0x000000000800a978                strncpy
 .text.__sprint_r.part.0
                0x000000000800a9dc       0x78 /usr/local/arm/10.3/bin/../lib/gcc/arm-none-eabi/10.3.1/../../../../arm-none-eabi/lib/thumb/v7e-m/nofp/libg.a(lib_a-vfiprintf.o)
 .text.__sprint_r
                0x000000000800aa54       0x14 /usr/local/arm/10.3/bin/../lib/gcc/arm-none-eabi/10.3.1/../../../../arm-none-eabi/lib/thumb/v7e-m/nofp/libg.a(lib_a-vfiprintf.o)
                0x000000000800aa54                __sprint_r
 .text._vfiprintf_r
                0x000000000800aa68      0xda0 /usr/local/arm/10.3/bin/../lib/gcc/arm-none-eabi/10.3.1/../../../../arm-none-eabi/lib/thumb/v7e-m/nofp/libg.a(lib_a-vfiprintf.o)
                0x000000000800aa68                _vfiprintf_r
 .text.__sbprintf
                0x000000000800b808       0x80 /usr/local/arm/10.3/bin/../lib/gcc/arm-none-eabi/10.3.1/../../../../arm-none-eabi/lib/thumb/v7e-m/nofp/libg.a(lib_a-vfiprintf.o)
 .text._write_r
                0x000000000800b888       0x2c /usr/local/arm/10.3/bin/../lib/gcc/arm-none-eabi/10.3.1/../../../../arm-none-eabi/lib/thumb/v7e-m/nofp/libg.a(lib_a-writer.o)
                0x000000000800b888                _write_r
 .text.__assert_func
                0x000000000800b8b4       0x40 /usr/local/arm/10.3/bin/../lib/gcc/arm-none-eabi/10.3.1/../../../../arm-none-eabi/lib/thumb/v7e-m/nofp/libg.a(lib_a-assert.o)
                0x000000000800b8b4                __assert_func
 .text._calloc_r
                0x000000000800b8f4       0x78 /usr/local/arm/10.3/bin/../lib/gcc/arm-none-eabi/10.3.1/../../../../arm-none-eabi/lib/thumb/v7e-m/nofp/libg.a(lib_a-callocr.o)
                0x000000000800b8f4                _calloc_r
 .text._close_r
                0x000000000800b96c       0x24 /usr/local/arm/10.3/bin/../lib/gcc/arm-none-eabi/10.3.1/../../../../arm-none-eabi/lib/thumb/v7e-m/nofp/libg.a(lib_a-closer.o)
                0x000000000800b96c                _close_r
 .text._fclose_r
                0x000000000800b990       0xcc /usr/local/arm/10.3/bin/../lib/gcc/arm-none-eabi/10.3.1/../../../../arm-none-eabi/lib/thumb/v7e-m/nofp/libg.a(lib_a-fclose.o)
                0x000000000800b990                _fclose_r
 .text.fiprintf
                0x000000000800ba5c       0x28 /usr/local/arm/10.3/bin/../lib/gcc/arm-none-eabi/10.3.1/../../../../arm-none-eabi/lib/thumb/v7e-m/nofp/libg.a(lib_a-fiprintf.o)
                0x000000000800ba5c                fiprintf
 .text.__fputwc
                0x000000000800ba84       0xa8 /usr/local/arm/10.3/bin/../lib/gcc/arm-none-eabi/10.3.1/../../../../arm-none-eabi/lib/thumb/v7e-m/nofp/libg.a(lib_a-fputwc.o)
                0x000000000800ba84                __fputwc
 .text._fputwc_r
                0x000000000800bb2c       0x68 /usr/local/arm/10.3/bin/../lib/gcc/arm-none-eabi/10.3.1/../../../../arm-none-eabi/lib/thumb/v7e-m/nofp/libg.a(lib_a-fputwc.o)
                0x000000000800bb2c                _fputwc_r
 .text._fstat_r
                0x000000000800bb94       0x2c /usr/local/arm/10.3/bin/../lib/gcc/arm-none-eabi/10.3.1/../../../../arm-none-eabi/lib/thumb/v7e-m/nofp/libg.a(lib_a-fstatr.o)
                0x000000000800bb94                _fstat_r
 .text._isatty_r
                0x000000000800bbc0       0x24 /usr/local/arm/10.3/bin/../lib/gcc/arm-none-eabi/10.3.1/../../../../arm-none-eabi/lib/thumb/v7e-m/nofp/libg.a(lib_a-isattyr.o)
                0x000000000800bbc0                _isatty_r
 .text.__locale_mb_cur_max
                0x000000000800bbe4        0xc /usr/local/arm/10.3/bin/../lib/gcc/arm-none-eabi/10.3.1/../../../../arm-none-eabi/lib/thumb/v7e-m/nofp/libg.a(lib_a-locale.o)
                0x000000000800bbe4                __locale_mb_cur_max
 .text._lseek_r
                0x000000000800bbf0       0x2c /usr/local/arm/10.3/bin/../lib/gcc/arm-none-eabi/10.3.1/../../../../arm-none-eabi/lib/thumb/v7e-m/nofp/libg.a(lib_a-lseekr.o)
                0x000000000800bbf0                _lseek_r
 .text.__ascii_mbtowc
                0x000000000800bc1c       0x2c /usr/local/arm/10.3/bin/../lib/gcc/arm-none-eabi/10.3.1/../../../../arm-none-eabi/lib/thumb/v7e-m/nofp/libg.a(lib_a-mbtowc_r.o)
                0x000000000800bc1c                __ascii_mbtowc
 .text._read_r  0x000000000800bc48       0x2c /usr/local/arm/10.3/bin/../lib/gcc/arm-none-eabi/10.3.1/../../../../arm-none-eabi/lib/thumb/v7e-m/nofp/libg.a(lib_a-readr.o)
                0x000000000800bc48                _read_r
 .text.__swbuf_r
                0x000000000800bc74       0xb0 /usr/local/arm/10.3/bin/../lib/gcc/arm-none-eabi/10.3.1/../../../../arm-none-eabi/lib/thumb/v7e-m/nofp/libg.a(lib_a-wbuf.o)
                0x000000000800bc74                __swbuf_r
 .text._wcrtomb_r
                0x000000000800bd24       0x3c /usr/local/arm/10.3/bin/../lib/gcc/arm-none-eabi/10.3.1/../../../../arm-none-eabi/lib/thumb/v7e-m/nofp/libg.a(lib_a-wcrtomb.o)
                0x000000000800bd24                _wcrtomb_r
 .text.__ascii_wctomb
                0x000000000800bd60       0x1c /usr/local/arm/10.3/bin/../lib/gcc/arm-none-eabi/10.3.1/../../../../arm-none-eabi/lib/thumb/v7e-m/nofp/libg.a(lib_a-wctomb_r.o)
                0x000000000800bd60                __ascii_wctomb
 .text.abort    0x000000000800bd7c       0x10 /usr/local/arm/10.3/bin/../lib/gcc/arm-none-eabi/10.3.1/../../../../arm-none-eabi/lib/thumb/v7e-m/nofp/libg.a(lib_a-abort.o)
                0x000000000800bd7c                abort
 .text.raise    0x000000000800bd8c       0x5c /usr/local/arm/10.3/bin/../lib/gcc/arm-none-eabi/10.3.1/../../../../arm-none-eabi/lib/thumb/v7e-m/nofp/libg.a(lib_a-signal.o)
                0x000000000800bd8c                raise
 .text._kill_r  0x000000000800bde8       0x2c /usr/local/arm/10.3/bin/../lib/gcc/arm-none-eabi/10.3.1/../../../../arm-none-eabi/lib/thumb/v7e-m/nofp/libg.a(lib_a-signalr.o)
                0x000000000800bde8                _kill_r
 .text._getpid_r
                0x000000000800be14        0x4 /usr/local/arm/10.3/bin/../lib/gcc/arm-none-eabi/10.3.1/../../../../arm-none-eabi/lib/thumb/v7e-m/nofp/libg.a(lib_a-signalr.o)
                0x000000000800be14                _getpid_r
 .text.sqrt     0x000000000800be18       0x50 /usr/local/arm/10.3/bin/../lib/gcc/arm-none-eabi/10.3.1/../../../../arm-none-eabi/lib/thumb/v7e-m/nofp/libm.a(lib_a-w_sqrt.o)
                0x000000000800be18                sqrt
 .text.__ieee754_sqrt
                0x000000000800be68      0x18c /usr/local/arm/10.3/bin/../lib/gcc/arm-none-eabi/10.3.1/../../../../arm-none-eabi/lib/thumb/v7e-m/nofp/libm.a(lib_a-e_sqrt.o)
                0x000000000800be68                __ieee754_sqrt
 *(.glue_7)
 .glue_7        0x000000000800bff4        0x0 linker stubs
 *(.glue_7t)
 .glue_7t       0x000000000800bff4        0x0 linker stubs
 *(.eh_frame)
 *(.init)
 .init          0x000000000800bff4        0x4 /usr/local/arm/10.3/bin/../lib/gcc/arm-none-eabi/10.3.1/thumb/v7e-m/nofp/crti.o
                0x000000000800bff4                _init
 .init          0x000000000800bff8        0x8 /usr/local/arm/10.3/bin/../lib/gcc/arm-none-eabi/10.3.1/thumb/v7e-m/nofp/crtn.o
 *(.fini)
 .fini          0x000000000800c000        0x4 /usr/local/arm/10.3/bin/../lib/gcc/arm-none-eabi/10.3.1/thumb/v7e-m/nofp/crti.o
                0x000000000800c000                _fini
 .fini          0x000000000800c004        0x8 /usr/local/arm/10.3/bin/../lib/gcc/arm-none-eabi/10.3.1/thumb/v7e-m/nofp/crtn.o
                0x000000000800c00c                . = ALIGN (0x4)
                0x000000000800c00c                _etext = .

.vfp11_veneer   0x000000000800c00c        0x0
 .vfp11_veneer  0x000000000800c00c        0x0 linker stubs

.v4_bx          0x000000000800c00c        0x0
 .v4_bx         0x000000000800c00c        0x0 linker stubs

.iplt           0x000000000800c00c        0x0
 .iplt          0x000000000800c00c        0x0 CMakeFiles/Car.elf.dir/Bsp/Bsp.c.obj

.rodata         0x000000000800c010      0x4d8
                0x000000000800c010                . = ALIGN (0x4)
 *(.rodata)
 *(.rodata*)
 .rodata.main.str1.4
                0x000000000800c010       0x16 CMakeFiles/Car.elf.dir/Core/Src/main.c.obj
 *fill*         0x000000000800c026        0x2 
 .rodata.AHBPrescTable
                0x000000000800c028       0x10 CMakeFiles/Car.elf.dir/Core/Src/system_stm32f4xx.c.obj
                0x000000000800c028                AHBPrescTable
 .rodata.APBPrescTable
                0x000000000800c038        0x8 CMakeFiles/Car.elf.dir/Core/Src/system_stm32f4xx.c.obj
                0x000000000800c038                APBPrescTable
 .rodata.flagBitshiftOffset.0
                0x000000000800c040        0x8 CMakeFiles/Car.elf.dir/Drivers/STM32F4xx_HAL_Driver/Src/stm32f4xx_hal_dma.c.obj
 .rodata.Control_Proc.str1.4
                0x000000000800c048       0x60 CMakeFiles/Car.elf.dir/Task/Control.c.obj
 .rodata.Motor_Receive_Data.str1.4
                0x000000000800c0a8       0x41 CMakeFiles/Car.elf.dir/Task/Motor.c.obj
 .rodata._puts_r.str1.4
                0x000000000800c0e9       0x41 /usr/local/arm/10.3/bin/../lib/gcc/arm-none-eabi/10.3.1/../../../../arm-none-eabi/lib/thumb/v7e-m/nofp/libg.a(lib_a-puts.o)
                                          0x2 (size before relaxing)
 *fill*         0x000000000800c0e9        0x3 
 .rodata._vfprintf_r.str1.4
                0x000000000800c0ec       0x42 /usr/local/arm/10.3/bin/../lib/gcc/arm-none-eabi/10.3.1/../../../../arm-none-eabi/lib/thumb/v7e-m/nofp/libg.a(lib_a-vfprintf.o)
 *fill*         0x000000000800c12e        0x2 
 .rodata.blanks.1
                0x000000000800c130       0x10 /usr/local/arm/10.3/bin/../lib/gcc/arm-none-eabi/10.3.1/../../../../arm-none-eabi/lib/thumb/v7e-m/nofp/libg.a(lib_a-vfprintf.o)
 .rodata.zeroes.0
                0x000000000800c140       0x10 /usr/local/arm/10.3/bin/../lib/gcc/arm-none-eabi/10.3.1/../../../../arm-none-eabi/lib/thumb/v7e-m/nofp/libg.a(lib_a-vfprintf.o)
 .rodata._dtoa_r.str1.4
                0x000000000800c150       0xa2 /usr/local/arm/10.3/bin/../lib/gcc/arm-none-eabi/10.3.1/../../../../arm-none-eabi/lib/thumb/v7e-m/nofp/libg.a(lib_a-dtoa.o)
                                         0xa6 (size before relaxing)
 *fill*         0x000000000800c1f2        0x2 
 .rodata.__multadd.str1.4
                0x000000000800c1f4       0x7f /usr/local/arm/10.3/bin/../lib/gcc/arm-none-eabi/10.3.1/../../../../arm-none-eabi/lib/thumb/v7e-m/nofp/libg.a(lib_a-mprec.o)
                                         0x93 (size before relaxing)
 *fill*         0x000000000800c273        0x5 
 .rodata.__mprec_bigtens
                0x000000000800c278       0x28 /usr/local/arm/10.3/bin/../lib/gcc/arm-none-eabi/10.3.1/../../../../arm-none-eabi/lib/thumb/v7e-m/nofp/libg.a(lib_a-mprec.o)
                0x000000000800c278                __mprec_bigtens
 .rodata.__mprec_tens
                0x000000000800c2a0       0xc8 /usr/local/arm/10.3/bin/../lib/gcc/arm-none-eabi/10.3.1/../../../../arm-none-eabi/lib/thumb/v7e-m/nofp/libg.a(lib_a-mprec.o)
                0x000000000800c2a0                __mprec_tens
 .rodata.p05.0  0x000000000800c368        0xc /usr/local/arm/10.3/bin/../lib/gcc/arm-none-eabi/10.3.1/../../../../arm-none-eabi/lib/thumb/v7e-m/nofp/libg.a(lib_a-mprec.o)
 .rodata._vfiprintf_r.str1.4
                0x000000000800c374       0x2f /usr/local/arm/10.3/bin/../lib/gcc/arm-none-eabi/10.3.1/../../../../arm-none-eabi/lib/thumb/v7e-m/nofp/libg.a(lib_a-vfiprintf.o)
 .rodata.blanks.1
                0x000000000800c374       0x10 /usr/local/arm/10.3/bin/../lib/gcc/arm-none-eabi/10.3.1/../../../../arm-none-eabi/lib/thumb/v7e-m/nofp/libg.a(lib_a-vfiprintf.o)
 .rodata.zeroes.0
                0x000000000800c384       0x10 /usr/local/arm/10.3/bin/../lib/gcc/arm-none-eabi/10.3.1/../../../../arm-none-eabi/lib/thumb/v7e-m/nofp/libg.a(lib_a-vfiprintf.o)
 .rodata.__assert_func.str1.4
                0x000000000800c394       0x3f /usr/local/arm/10.3/bin/../lib/gcc/arm-none-eabi/10.3.1/../../../../arm-none-eabi/lib/thumb/v7e-m/nofp/libg.a(lib_a-assert.o)
                                         0x43 (size before relaxing)
 *fill*         0x000000000800c3d3        0x1 
 .rodata._setlocale_r.str1.4
                0x000000000800c3d4        0xa /usr/local/arm/10.3/bin/../lib/gcc/arm-none-eabi/10.3.1/../../../../arm-none-eabi/lib/thumb/v7e-m/nofp/libg.a(lib_a-locale.o)
                                          0xd (size before relaxing)
 *fill*         0x000000000800c3de        0x2 
 .rodata.str1.4
                0x000000000800c3e0        0x2 /usr/local/arm/10.3/bin/../lib/gcc/arm-none-eabi/10.3.1/../../../../arm-none-eabi/lib/thumb/v7e-m/nofp/libg.a(lib_a-locale.o)
 *fill*         0x000000000800c3e2        0x2 
 .rodata._ctype_
                0x000000000800c3e4      0x101 /usr/local/arm/10.3/bin/../lib/gcc/arm-none-eabi/10.3.1/../../../../arm-none-eabi/lib/thumb/v7e-m/nofp/libg.a(lib_a-ctype_.o)
                0x000000000800c3e4                _ctype_
                0x000000000800c4e8                . = ALIGN (0x4)
 *fill*         0x000000000800c4e5        0x3 
                0x000000000800c4f0                _sidata = LOADADDR (.data)

.ARM.exidx      0x000000000800c4e8        0x8
 .ARM.exidx     0x000000000800c4e8        0x8 /usr/local/arm/10.3/bin/../lib/gcc/arm-none-eabi/10.3.1/thumb/v7e-m/nofp/libgcc.a(_udivmoddi4.o)

.rel.dyn        0x000000000800c4f0        0x0
 .rel.iplt      0x000000000800c4f0        0x0 CMakeFiles/Car.elf.dir/Bsp/Bsp.c.obj

.data           0x0000000020000000      0x9d4 load address 0x000000000800c4f0
                0x0000000020000000                . = ALIGN (0x4)
                0x0000000020000000                _sdata = .
 *(.data)
 *(.data*)
 .data.SystemCoreClock
                0x0000000020000000        0x4 CMakeFiles/Car.elf.dir/Core/Src/system_stm32f4xx.c.obj
                0x0000000020000000                SystemCoreClock
 .data.uwTickFreq
                0x0000000020000004        0x1 CMakeFiles/Car.elf.dir/Drivers/STM32F4xx_HAL_Driver/Src/stm32f4xx_hal.c.obj
                0x0000000020000004                uwTickFreq
 *fill*         0x0000000020000005        0x3 
 .data.uwTickPrio
                0x0000000020000008        0x4 CMakeFiles/Car.elf.dir/Drivers/STM32F4xx_HAL_Driver/Src/stm32f4xx_hal.c.obj
                0x0000000020000008                uwTickPrio
 .data.Car_Acc  0x000000002000000c        0x2 CMakeFiles/Car.elf.dir/Task/Control.c.obj
                0x000000002000000c                Car_Acc
 .data.Car_Acc_Slow
                0x000000002000000e        0x2 CMakeFiles/Car.elf.dir/Task/Control.c.obj
                0x000000002000000e                Car_Acc_Slow
 .data.Car_Speed
                0x0000000020000010        0x2 CMakeFiles/Car.elf.dir/Task/Control.c.obj
                0x0000000020000010                Car_Speed
 .data.Car_Speed_Slow
                0x0000000020000012        0x2 CMakeFiles/Car.elf.dir/Task/Control.c.obj
                0x0000000020000012                Car_Speed_Slow
 .data.Car_Turn_Speed_Limit
                0x0000000020000014        0x2 CMakeFiles/Car.elf.dir/Task/Control.c.obj
                0x0000000020000014                Car_Turn_Speed_Limit
 .data.Motor_HuaGui_ACC
                0x0000000020000016        0x2 CMakeFiles/Car.elf.dir/Task/Control.c.obj
                0x0000000020000016                Motor_HuaGui_ACC
 .data.Motor_HuaGui_Speed
                0x0000000020000018        0x2 CMakeFiles/Car.elf.dir/Task/Control.c.obj
                0x0000000020000018                Motor_HuaGui_Speed
 .data.Stop_Flag_HuaGui
                0x000000002000001a        0x1 CMakeFiles/Car.elf.dir/Task/Motor.c.obj
                0x000000002000001a                Stop_Flag_HuaGui
 *fill*         0x000000002000001b        0x1 
 .data.HuaGui_Angle
                0x000000002000001c        0x4 CMakeFiles/Car.elf.dir/Task/Servo.c.obj
                0x000000002000001c                HuaGui_Angle
 .data.JiaZhua_Angle
                0x0000000020000020        0x4 CMakeFiles/Car.elf.dir/Task/Servo.c.obj
                0x0000000020000020                JiaZhua_Angle
 .data.ZaiWu_Angle
                0x0000000020000024        0x4 CMakeFiles/Car.elf.dir/Task/Servo.c.obj
                0x0000000020000024                ZaiWu_Angle
 .data._impure_ptr
                0x0000000020000028        0x4 /usr/local/arm/10.3/bin/../lib/gcc/arm-none-eabi/10.3.1/../../../../arm-none-eabi/lib/thumb/v7e-m/nofp/libg.a(lib_a-impure.o)
                0x0000000020000028                _impure_ptr
 *fill*         0x000000002000002c        0x4 
 .data.impure_data
                0x0000000020000030      0x428 /usr/local/arm/10.3/bin/../lib/gcc/arm-none-eabi/10.3.1/../../../../arm-none-eabi/lib/thumb/v7e-m/nofp/libg.a(lib_a-impure.o)
 .data.__malloc_av_
                0x0000000020000458      0x408 /usr/local/arm/10.3/bin/../lib/gcc/arm-none-eabi/10.3.1/../../../../arm-none-eabi/lib/thumb/v7e-m/nofp/libg.a(lib_a-mallocr.o)
                0x0000000020000458                __malloc_av_
 .data.__malloc_sbrk_base
                0x0000000020000860        0x4 /usr/local/arm/10.3/bin/../lib/gcc/arm-none-eabi/10.3.1/../../../../arm-none-eabi/lib/thumb/v7e-m/nofp/libg.a(lib_a-mallocr.o)
                0x0000000020000860                __malloc_sbrk_base
 .data.__malloc_trim_threshold
                0x0000000020000864        0x4 /usr/local/arm/10.3/bin/../lib/gcc/arm-none-eabi/10.3.1/../../../../arm-none-eabi/lib/thumb/v7e-m/nofp/libg.a(lib_a-mallocr.o)
                0x0000000020000864                __malloc_trim_threshold
 .data.__global_locale
                0x0000000020000868      0x16c /usr/local/arm/10.3/bin/../lib/gcc/arm-none-eabi/10.3.1/../../../../arm-none-eabi/lib/thumb/v7e-m/nofp/libg.a(lib_a-locale.o)
                0x0000000020000868                __global_locale
 *(.RamFunc)
 *(.RamFunc*)
                0x00000000200009d4                . = ALIGN (0x4)
                0x00000000200009d4                _edata = .
                0x000000000800cec4                _siccmram = LOADADDR (.ccmram)

.igot.plt       0x00000000200009d4        0x0 load address 0x000000000800cec4
 .igot.plt      0x00000000200009d4        0x0 CMakeFiles/Car.elf.dir/Bsp/Bsp.c.obj

.ccmram         0x0000000010000000        0x0 load address 0x000000000800cec4
                0x0000000010000000                . = ALIGN (0x4)
                0x0000000010000000                _sccmram = .
 *(.ccmram)
 *(.ccmram*)
                0x0000000010000000                . = ALIGN (0x4)
                0x0000000010000000                _eccmram = .
                0x0000000010000000                . = ALIGN (0x4)

.bss            0x00000000200009d8      0x4ec
                0x00000000200009d8                _sbss = .
                0x00000000200009d8                __bss_start__ = _sbss
 *(.bss)
 *(.bss*)
 .bss.fac_us    0x00000000200009d8        0x1 CMakeFiles/Car.elf.dir/Bsp/My_Delay.c.obj
 *fill*         0x00000000200009d9        0x3 
 .bss.JY_rx_buffer
                0x00000000200009dc        0xb CMakeFiles/Car.elf.dir/Bsp/Uart_Bsp.c.obj
                0x00000000200009dc                JY_rx_buffer
 *fill*         0x00000000200009e7        0x1 
 .bss.Last_Yaw  0x00000000200009e8        0x4 CMakeFiles/Car.elf.dir/Bsp/Uart_Bsp.c.obj
                0x00000000200009e8                Last_Yaw
 .bss.Yaw       0x00000000200009ec        0x4 CMakeFiles/Car.elf.dir/Bsp/Uart_Bsp.c.obj
                0x00000000200009ec                Yaw
 .bss.gHuart    0x00000000200009f0        0x4 CMakeFiles/Car.elf.dir/Bsp/retarget.c.obj
                0x00000000200009f0                gHuart
 .bss.__sbrk_heap_end
                0x00000000200009f4        0x4 CMakeFiles/Car.elf.dir/Core/Src/sysmem.c.obj
 .bss.htim3     0x00000000200009f8       0x48 CMakeFiles/Car.elf.dir/Core/Src/tim.c.obj
                0x00000000200009f8                htim3
 .bss.htim6     0x0000000020000a40       0x48 CMakeFiles/Car.elf.dir/Core/Src/tim.c.obj
                0x0000000020000a40                htim6
 .bss.htim7     0x0000000020000a88       0x48 CMakeFiles/Car.elf.dir/Core/Src/tim.c.obj
                0x0000000020000a88                htim7
 .bss.hdma_usart3_rx
                0x0000000020000ad0       0x60 CMakeFiles/Car.elf.dir/Core/Src/usart.c.obj
                0x0000000020000ad0                hdma_usart3_rx
 .bss.huart1    0x0000000020000b30       0x48 CMakeFiles/Car.elf.dir/Core/Src/usart.c.obj
                0x0000000020000b30                huart1
 .bss.huart3    0x0000000020000b78       0x48 CMakeFiles/Car.elf.dir/Core/Src/usart.c.obj
                0x0000000020000b78                huart3
 .bss.huart5    0x0000000020000bc0       0x48 CMakeFiles/Car.elf.dir/Core/Src/usart.c.obj
                0x0000000020000bc0                huart5
 .bss.uwTick    0x0000000020000c08        0x4 CMakeFiles/Car.elf.dir/Drivers/STM32F4xx_HAL_Driver/Src/stm32f4xx_hal.c.obj
                0x0000000020000c08                uwTick
 .bss.Last_Data1.8
                0x0000000020000c0c        0x1 CMakeFiles/Car.elf.dir/Task/Control.c.obj
 .bss.Running_Flag
                0x0000000020000c0d        0x1 CMakeFiles/Car.elf.dir/Task/Control.c.obj
                0x0000000020000c0d                Running_Flag
 .bss.Running_Mode
                0x0000000020000c0e        0x1 CMakeFiles/Car.elf.dir/Task/Control.c.obj
                0x0000000020000c0e                Running_Mode
 *fill*         0x0000000020000c0f        0x1 
 .bss.Task_Data1
                0x0000000020000c10       0xc8 CMakeFiles/Car.elf.dir/Task/Control.c.obj
                0x0000000020000c10                Task_Data1
 .bss.Task_Data2
                0x0000000020000cd8       0xc8 CMakeFiles/Car.elf.dir/Task/Control.c.obj
                0x0000000020000cd8                Task_Data2
 .bss.Task_Flag
                0x0000000020000da0       0x64 CMakeFiles/Car.elf.dir/Task/Control.c.obj
                0x0000000020000da0                Task_Flag
 .bss.Task_Num_0
                0x0000000020000e04        0x1 CMakeFiles/Car.elf.dir/Task/Control.c.obj
                0x0000000020000e04                Task_Num_0
 *fill*         0x0000000020000e05        0x1 
 .bss.Task_Num_1
                0x0000000020000e06        0x2 CMakeFiles/Car.elf.dir/Task/Control.c.obj
                0x0000000020000e06                Task_Num_1
 .bss.Task_Num_2
                0x0000000020000e08        0x2 CMakeFiles/Car.elf.dir/Task/Control.c.obj
                0x0000000020000e08                Task_Num_2
 .bss.temp.0    0x0000000020000e0a        0x1 CMakeFiles/Car.elf.dir/Task/Control.c.obj
 .bss.temp.1    0x0000000020000e0b        0x1 CMakeFiles/Car.elf.dir/Task/Control.c.obj
 .bss.temp.10   0x0000000020000e0c        0x1 CMakeFiles/Car.elf.dir/Task/Control.c.obj
 .bss.temp.11   0x0000000020000e0d        0x1 CMakeFiles/Car.elf.dir/Task/Control.c.obj
 .bss.temp.4    0x0000000020000e0e        0x1 CMakeFiles/Car.elf.dir/Task/Control.c.obj
 .bss.temp.7    0x0000000020000e0f        0x1 CMakeFiles/Car.elf.dir/Task/Control.c.obj
 .bss.temp.9    0x0000000020000e10        0x1 CMakeFiles/Car.elf.dir/Task/Control.c.obj
 .bss.temp1.3   0x0000000020000e11        0x1 CMakeFiles/Car.elf.dir/Task/Control.c.obj
 .bss.temp1.6   0x0000000020000e12        0x1 CMakeFiles/Car.elf.dir/Task/Control.c.obj
 .bss.temp2.2   0x0000000020000e13        0x1 CMakeFiles/Car.elf.dir/Task/Control.c.obj
 .bss.temp2.5   0x0000000020000e14        0x1 CMakeFiles/Car.elf.dir/Task/Control.c.obj
 .bss.Car_Task_Data_0
                0x0000000020000e15        0x1 CMakeFiles/Car.elf.dir/Task/Control_Logic.c.obj
                0x0000000020000e15                Car_Task_Data_0
 .bss.Car_Task_Data_1
                0x0000000020000e16        0x2 CMakeFiles/Car.elf.dir/Task/Control_Logic.c.obj
                0x0000000020000e16                Car_Task_Data_1
 .bss.Car_Task_Data_2
                0x0000000020000e18        0x2 CMakeFiles/Car.elf.dir/Task/Control_Logic.c.obj
                0x0000000020000e18                Car_Task_Data_2
 .bss.HuaGui_Motor_State
                0x0000000020000e1a        0x1 CMakeFiles/Car.elf.dir/Task/Motor.c.obj
                0x0000000020000e1a                HuaGui_Motor_State
 *fill*         0x0000000020000e1b        0x1 
 .bss.Last_Yaw.5
                0x0000000020000e1c        0x4 CMakeFiles/Car.elf.dir/Task/Motor.c.obj
 .bss.Motor_HuaGui_Current_amount
                0x0000000020000e20        0x2 CMakeFiles/Car.elf.dir/Task/Motor.c.obj
                0x0000000020000e20                Motor_HuaGui_Current_amount
 .bss.Motor_RxBuff
                0x0000000020000e22        0x1 CMakeFiles/Car.elf.dir/Task/Motor.c.obj
                0x0000000020000e22                Motor_RxBuff
 .bss.Motor_Stop_Flag_Car
                0x0000000020000e23        0x1 CMakeFiles/Car.elf.dir/Task/Motor.c.obj
                0x0000000020000e23                Motor_Stop_Flag_Car
 .bss.RxBuffer1
                0x0000000020000e24       0x14 CMakeFiles/Car.elf.dir/Task/Motor.c.obj
                0x0000000020000e24                RxBuffer1
 .bss.RxCounter1.9
                0x0000000020000e38        0x1 CMakeFiles/Car.elf.dir/Task/Motor.c.obj
 .bss.RxState.10
                0x0000000020000e39        0x1 CMakeFiles/Car.elf.dir/Task/Motor.c.obj
 *fill*         0x0000000020000e3a        0x2 
 .bss.Send_Data
                0x0000000020000e3c       0x14 CMakeFiles/Car.elf.dir/Task/Motor.c.obj
                0x0000000020000e3c                Send_Data
 .bss.Stop_Counter.2
                0x0000000020000e50        0x1 CMakeFiles/Car.elf.dir/Task/Motor.c.obj
 .bss.Temp_State.1
                0x0000000020000e51        0x1 CMakeFiles/Car.elf.dir/Task/Motor.c.obj
 .bss.Temp_State.6
                0x0000000020000e52        0x1 CMakeFiles/Car.elf.dir/Task/Motor.c.obj
 *fill*         0x0000000020000e53        0x1 
 .bss.Temp_Yaw.0
                0x0000000020000e54        0x4 CMakeFiles/Car.elf.dir/Task/Motor.c.obj
 .bss.Temp_Yaw.4
                0x0000000020000e58        0x4 CMakeFiles/Car.elf.dir/Task/Motor.c.obj
 .bss.Car_Counter
                0x0000000020000e5c        0x2 CMakeFiles/Car.elf.dir/Task/Move.c.obj
                0x0000000020000e5c                Car_Counter
 .bss.Car_Counter_Enable
                0x0000000020000e5e        0x1 CMakeFiles/Car.elf.dir/Task/Move.c.obj
                0x0000000020000e5e                Car_Counter_Enable
 *fill*         0x0000000020000e5f        0x1 
 .bss.Car_Counter_Times
                0x0000000020000e60        0x2 CMakeFiles/Car.elf.dir/Task/Move.c.obj
                0x0000000020000e60                Car_Counter_Times
 .bss.Car_Task_Time
                0x0000000020000e62        0x2 CMakeFiles/Car.elf.dir/Task/Move.c.obj
                0x0000000020000e62                Car_Task_Time
 .bss.Counter   0x0000000020000e64        0x2 CMakeFiles/Car.elf.dir/Task/Move.c.obj
                0x0000000020000e64                Counter
 .bss.Counter_Enable
                0x0000000020000e66        0x1 CMakeFiles/Car.elf.dir/Task/Move.c.obj
                0x0000000020000e66                Counter_Enable
 *fill*         0x0000000020000e67        0x1 
 .bss.Counter_Times
                0x0000000020000e68        0x2 CMakeFiles/Car.elf.dir/Task/Move.c.obj
                0x0000000020000e68                Counter_Times
 .bss.Get_Loads_State.1
                0x0000000020000e6a        0x1 CMakeFiles/Car.elf.dir/Task/Move.c.obj
 .bss.Put_Loads_State.0
                0x0000000020000e6b        0x1 CMakeFiles/Car.elf.dir/Task/Move.c.obj
 *fill*         0x0000000020000e6c        0x4 
 .bss.Yaw_Compensate
                0x0000000020000e70        0x8 CMakeFiles/Car.elf.dir/Task/Move.c.obj
                0x0000000020000e70                Yaw_Compensate
 .bss.u10ms     0x0000000020000e78        0x2 CMakeFiles/Car.elf.dir/Task/Move.c.obj
                0x0000000020000e78                u10ms
 .bss.HuaGui_Servo_Flag
                0x0000000020000e7a        0x1 CMakeFiles/Car.elf.dir/Task/Servo.c.obj
                0x0000000020000e7a                HuaGui_Servo_Flag
 .bss.JiaZhua_Servo_Flag
                0x0000000020000e7b        0x1 CMakeFiles/Car.elf.dir/Task/Servo.c.obj
                0x0000000020000e7b                JiaZhua_Servo_Flag
 .bss.ZaiWu_Servo_Flag
                0x0000000020000e7c        0x1 CMakeFiles/Car.elf.dir/Task/Servo.c.obj
                0x0000000020000e7c                ZaiWu_Servo_Flag
 *fill*         0x0000000020000e7d        0x3 
 .bss.__lock___malloc_recursive_mutex
                0x0000000020000e80        0x1 /usr/local/arm/10.3/bin/../lib/gcc/arm-none-eabi/10.3.1/../../../../arm-none-eabi/lib/thumb/v7e-m/nofp/libg.a(lib_a-lock.o)
                0x0000000020000e80                __lock___malloc_recursive_mutex
 *fill*         0x0000000020000e81        0x3 
 .bss.__lock___sfp_recursive_mutex
                0x0000000020000e84        0x1 /usr/local/arm/10.3/bin/../lib/gcc/arm-none-eabi/10.3.1/../../../../arm-none-eabi/lib/thumb/v7e-m/nofp/libg.a(lib_a-lock.o)
                0x0000000020000e84                __lock___sfp_recursive_mutex
 *fill*         0x0000000020000e85        0x3 
 .bss.__lock___sinit_recursive_mutex
                0x0000000020000e88        0x1 /usr/local/arm/10.3/bin/../lib/gcc/arm-none-eabi/10.3.1/../../../../arm-none-eabi/lib/thumb/v7e-m/nofp/libg.a(lib_a-lock.o)
                0x0000000020000e88                __lock___sinit_recursive_mutex
 *fill*         0x0000000020000e89        0x3 
 .bss.__malloc_current_mallinfo
                0x0000000020000e8c       0x28 /usr/local/arm/10.3/bin/../lib/gcc/arm-none-eabi/10.3.1/../../../../arm-none-eabi/lib/thumb/v7e-m/nofp/libg.a(lib_a-mallocr.o)
                0x0000000020000e8c                __malloc_current_mallinfo
 .bss.__malloc_max_sbrked_mem
                0x0000000020000eb4        0x4 /usr/local/arm/10.3/bin/../lib/gcc/arm-none-eabi/10.3.1/../../../../arm-none-eabi/lib/thumb/v7e-m/nofp/libg.a(lib_a-mallocr.o)
                0x0000000020000eb4                __malloc_max_sbrked_mem
 .bss.__malloc_max_total_mem
                0x0000000020000eb8        0x4 /usr/local/arm/10.3/bin/../lib/gcc/arm-none-eabi/10.3.1/../../../../arm-none-eabi/lib/thumb/v7e-m/nofp/libg.a(lib_a-mallocr.o)
                0x0000000020000eb8                __malloc_max_total_mem
 .bss.__malloc_top_pad
                0x0000000020000ebc        0x4 /usr/local/arm/10.3/bin/../lib/gcc/arm-none-eabi/10.3.1/../../../../arm-none-eabi/lib/thumb/v7e-m/nofp/libg.a(lib_a-mallocr.o)
                0x0000000020000ebc                __malloc_top_pad
 .bss.errno     0x0000000020000ec0        0x4 /usr/local/arm/10.3/bin/../lib/gcc/arm-none-eabi/10.3.1/../../../../arm-none-eabi/lib/thumb/v7e-m/nofp/libg.a(lib_a-reent.o)
                0x0000000020000ec0                errno
 *(COMMON)
                0x0000000020000ec4                . = ALIGN (0x4)
                0x0000000020000ec4                _ebss = .
                0x0000000020000ec4                __bss_end__ = _ebss

._user_heap_stack
                0x0000000020000ec4      0x604
                0x0000000020000ec8                . = ALIGN (0x8)
 *fill*         0x0000000020000ec4        0x4 
                [!provide]                        PROVIDE (end = .)
                0x0000000020000ec8                PROVIDE (_end = .)
                0x00000000200010c8                . = (. + _Min_Heap_Size)
 *fill*         0x0000000020000ec8      0x200 
                0x00000000200014c8                . = (. + _Min_Stack_Size)
 *fill*         0x00000000200010c8      0x400 
                0x00000000200014c8                . = ALIGN (0x8)

/DISCARD/
 libc.a(*)
 libm.a(*)
 libgcc.a(*)

.ARM.attributes
                0x0000000000000000       0x2a
 *(.ARM.attributes)
 .ARM.attributes
                0x0000000000000000       0x1e /usr/local/arm/10.3/bin/../lib/gcc/arm-none-eabi/10.3.1/thumb/v7e-m/nofp/crti.o
 .ARM.attributes
                0x000000000000001e       0x2e CMakeFiles/Car.elf.dir/Bsp/Bsp.c.obj
 .ARM.attributes
                0x000000000000004c       0x2e CMakeFiles/Car.elf.dir/Bsp/My_Delay.c.obj
 .ARM.attributes
                0x000000000000007a       0x2e CMakeFiles/Car.elf.dir/Bsp/Uart_Bsp.c.obj
 .ARM.attributes
                0x00000000000000a8       0x2e CMakeFiles/Car.elf.dir/Bsp/retarget.c.obj
 .ARM.attributes
                0x00000000000000d6       0x2e CMakeFiles/Car.elf.dir/Core/Src/dma.c.obj
 .ARM.attributes
                0x0000000000000104       0x2e CMakeFiles/Car.elf.dir/Core/Src/gpio.c.obj
 .ARM.attributes
                0x0000000000000132       0x2e CMakeFiles/Car.elf.dir/Core/Src/main.c.obj
 .ARM.attributes
                0x0000000000000160       0x2e CMakeFiles/Car.elf.dir/Core/Src/stm32f4xx_hal_msp.c.obj
 .ARM.attributes
                0x000000000000018e       0x2e CMakeFiles/Car.elf.dir/Core/Src/stm32f4xx_it.c.obj
 .ARM.attributes
                0x00000000000001bc       0x2e CMakeFiles/Car.elf.dir/Core/Src/syscalls.c.obj
 .ARM.attributes
                0x00000000000001ea       0x2e CMakeFiles/Car.elf.dir/Core/Src/sysmem.c.obj
 .ARM.attributes
                0x0000000000000218       0x2e CMakeFiles/Car.elf.dir/Core/Src/system_stm32f4xx.c.obj
 .ARM.attributes
                0x0000000000000246       0x2e CMakeFiles/Car.elf.dir/Core/Src/tim.c.obj
 .ARM.attributes
                0x0000000000000274       0x2e CMakeFiles/Car.elf.dir/Core/Src/usart.c.obj
 .ARM.attributes
                0x00000000000002a2       0x21 CMakeFiles/Car.elf.dir/Core/Startup/startup_stm32f407zetx.s.obj
 .ARM.attributes
                0x00000000000002c3       0x2e CMakeFiles/Car.elf.dir/Drivers/STM32F4xx_HAL_Driver/Src/stm32f4xx_hal.c.obj
 .ARM.attributes
                0x00000000000002f1       0x2e CMakeFiles/Car.elf.dir/Drivers/STM32F4xx_HAL_Driver/Src/stm32f4xx_hal_cortex.c.obj
 .ARM.attributes
                0x000000000000031f       0x2e CMakeFiles/Car.elf.dir/Drivers/STM32F4xx_HAL_Driver/Src/stm32f4xx_hal_dma.c.obj
 .ARM.attributes
                0x000000000000034d       0x2e CMakeFiles/Car.elf.dir/Drivers/STM32F4xx_HAL_Driver/Src/stm32f4xx_hal_gpio.c.obj
 .ARM.attributes
                0x000000000000037b       0x2e CMakeFiles/Car.elf.dir/Drivers/STM32F4xx_HAL_Driver/Src/stm32f4xx_hal_rcc.c.obj
 .ARM.attributes
                0x00000000000003a9       0x2e CMakeFiles/Car.elf.dir/Drivers/STM32F4xx_HAL_Driver/Src/stm32f4xx_hal_tim.c.obj
 .ARM.attributes
                0x00000000000003d7       0x2e CMakeFiles/Car.elf.dir/Drivers/STM32F4xx_HAL_Driver/Src/stm32f4xx_hal_tim_ex.c.obj
 .ARM.attributes
                0x0000000000000405       0x2e CMakeFiles/Car.elf.dir/Drivers/STM32F4xx_HAL_Driver/Src/stm32f4xx_hal_uart.c.obj
 .ARM.attributes
                0x0000000000000433       0x2e CMakeFiles/Car.elf.dir/Task/Control.c.obj
 .ARM.attributes
                0x0000000000000461       0x2e CMakeFiles/Car.elf.dir/Task/Control_Logic.c.obj
 .ARM.attributes
                0x000000000000048f       0x2e CMakeFiles/Car.elf.dir/Task/Motor.c.obj
 .ARM.attributes
                0x00000000000004bd       0x2e CMakeFiles/Car.elf.dir/Task/Move.c.obj
 .ARM.attributes
                0x00000000000004eb       0x2e CMakeFiles/Car.elf.dir/Task/Servo.c.obj
 .ARM.attributes
                0x0000000000000519       0x1e /usr/local/arm/10.3/bin/../lib/gcc/arm-none-eabi/10.3.1/thumb/v7e-m/nofp/libgcc.a(_arm_addsubdf3.o)
 .ARM.attributes
                0x0000000000000537       0x1e /usr/local/arm/10.3/bin/../lib/gcc/arm-none-eabi/10.3.1/thumb/v7e-m/nofp/libgcc.a(_arm_muldivdf3.o)
 .ARM.attributes
                0x0000000000000555       0x1e /usr/local/arm/10.3/bin/../lib/gcc/arm-none-eabi/10.3.1/thumb/v7e-m/nofp/libgcc.a(_arm_fixdfsi.o)
 .ARM.attributes