Archive member included to satisfy reference by file (symbol)

/usr/local/arm/10.3/bin/../lib/gcc/arm-none-eabi/10.3.1/thumb/v7e-m/nofp/libgcc.a(_arm_muldf3.o)
                              CMakeFiles/Car.elf.dir/Task/Motor.c.obj (__aeabi_dmul)
/usr/local/arm/10.3/bin/../lib/gcc/arm-none-eabi/10.3.1/thumb/v7e-m/nofp/libgcc.a(_arm_mulsf3.o)
                              CMakeFiles/Car.elf.dir/Bsp/JY901.c.obj (__aeabi_fmul)
/usr/local/arm/10.3/bin/../lib/gcc/arm-none-eabi/10.3.1/thumb/v7e-m/nofp/libgcc.a(_arm_addsubdf3.o)
                              CMakeFiles/Car.elf.dir/Task/Move.c.obj (__aeabi_dadd)
/usr/local/arm/10.3/bin/../lib/gcc/arm-none-eabi/10.3.1/thumb/v7e-m/nofp/libgcc.a(_arm_muldivdf3.o)
                              CMakeFiles/Car.elf.dir/Task/Motor.c.obj (__aeabi_ddiv)
/usr/local/arm/10.3/bin/../lib/gcc/arm-none-eabi/10.3.1/thumb/v7e-m/nofp/libgcc.a(_arm_cmpdf2.o)
                              CMakeFiles/Car.elf.dir/Bsp/JY901.c.obj (__aeabi_dcmple)
/usr/local/arm/10.3/bin/../lib/gcc/arm-none-eabi/10.3.1/thumb/v7e-m/nofp/libgcc.a(_arm_fixdfsi.o)
                              CMakeFiles/Car.elf.dir/Task/Motor.c.obj (__aeabi_d2iz)
/usr/local/arm/10.3/bin/../lib/gcc/arm-none-eabi/10.3.1/thumb/v7e-m/nofp/libgcc.a(_arm_addsubsf3.o)
                              CMakeFiles/Car.elf.dir/Bsp/JY901.c.obj (__aeabi_fsub)
/usr/local/arm/10.3/bin/../lib/gcc/arm-none-eabi/10.3.1/thumb/v7e-m/nofp/libgcc.a(_arm_muldivsf3.o)
                              CMakeFiles/Car.elf.dir/Bsp/JY901.c.obj (__aeabi_fdiv)
/usr/local/arm/10.3/bin/../lib/gcc/arm-none-eabi/10.3.1/thumb/v7e-m/nofp/libgcc.a(_arm_cmpsf2.o)
                              CMakeFiles/Car.elf.dir/Bsp/JY901.c.obj (__aeabi_fcmplt)
/usr/local/arm/10.3/bin/../lib/gcc/arm-none-eabi/10.3.1/thumb/v7e-m/nofp/libgcc.a(_arm_fixsfsi.o)
                              CMakeFiles/Car.elf.dir/Task/Motor.c.obj (__aeabi_f2iz)
/usr/local/arm/10.3/bin/../lib/gcc/arm-none-eabi/10.3.1/thumb/v7e-m/nofp/libgcc.a(_arm_fixunssfsi.o)
                              CMakeFiles/Car.elf.dir/Task/Motor.c.obj (__aeabi_f2uiz)
/usr/local/arm/10.3/bin/../lib/gcc/arm-none-eabi/10.3.1/thumb/v7e-m/nofp/libgcc.a(_aeabi_uldivmod.o)
                              CMakeFiles/Car.elf.dir/Drivers/STM32F4xx_HAL_Driver/Src/stm32f4xx_hal_rcc.c.obj (__aeabi_uldivmod)
/usr/local/arm/10.3/bin/../lib/gcc/arm-none-eabi/10.3.1/thumb/v7e-m/nofp/libgcc.a(_udivmoddi4.o)
                              /usr/local/arm/10.3/bin/../lib/gcc/arm-none-eabi/10.3.1/thumb/v7e-m/nofp/libgcc.a(_aeabi_uldivmod.o) (__udivmoddi4)
/usr/local/arm/10.3/bin/../lib/gcc/arm-none-eabi/10.3.1/thumb/v7e-m/nofp/libgcc.a(_dvmd_tls.o)
                              /usr/local/arm/10.3/bin/../lib/gcc/arm-none-eabi/10.3.1/thumb/v7e-m/nofp/libgcc.a(_aeabi_uldivmod.o) (__aeabi_ldiv0)
/usr/local/arm/10.3/bin/../lib/gcc/arm-none-eabi/10.3.1/../../../../arm-none-eabi/lib/thumb/v7e-m/nofp/libg.a(lib_a-errno.o)
                              CMakeFiles/Car.elf.dir/Bsp/retarget.c.obj (__errno)
/usr/local/arm/10.3/bin/../lib/gcc/arm-none-eabi/10.3.1/../../../../arm-none-eabi/lib/thumb/v7e-m/nofp/libg.a(lib_a-exit.o)
                              /usr/local/arm/10.3/bin/../lib/gcc/arm-none-eabi/10.3.1/../../../../arm-none-eabi/lib/thumb/v7e-m/nofp/crt0.o (exit)
/usr/local/arm/10.3/bin/../lib/gcc/arm-none-eabi/10.3.1/../../../../arm-none-eabi/lib/thumb/v7e-m/nofp/libg.a(lib_a-impure.o)
                              /usr/local/arm/10.3/bin/../lib/gcc/arm-none-eabi/10.3.1/../../../../arm-none-eabi/lib/thumb/v7e-m/nofp/libg.a(lib_a-exit.o) (_global_impure_ptr)
/usr/local/arm/10.3/bin/../lib/gcc/arm-none-eabi/10.3.1/../../../../arm-none-eabi/lib/thumb/v7e-m/nofp/libg.a(lib_a-init.o)
                              /usr/local/arm/10.3/bin/../lib/gcc/arm-none-eabi/10.3.1/../../../../arm-none-eabi/lib/thumb/v7e-m/nofp/crt0.o (__libc_init_array)
/usr/local/arm/10.3/bin/../lib/gcc/arm-none-eabi/10.3.1/../../../../arm-none-eabi/lib/thumb/v7e-m/nofp/libg.a(lib_a-memset.o)
                              /usr/local/arm/10.3/bin/../lib/gcc/arm-none-eabi/10.3.1/../../../../arm-none-eabi/lib/thumb/v7e-m/nofp/crt0.o (memset)
/usr/local/arm/10.3/bin/../lib/gcc/arm-none-eabi/10.3.1/../../../../arm-none-eabi/lib/thumb/v7e-m/nofp/libg.a(lib_a-printf.o)
                              CMakeFiles/Car.elf.dir/Bsp/Bsp.c.obj (printf)
/usr/local/arm/10.3/bin/../lib/gcc/arm-none-eabi/10.3.1/../../../../arm-none-eabi/lib/thumb/v7e-m/nofp/libg.a(lib_a-puts.o)
                              CMakeFiles/Car.elf.dir/Bsp/Bsp.c.obj (puts)
/usr/local/arm/10.3/bin/../lib/gcc/arm-none-eabi/10.3.1/../../../../arm-none-eabi/lib/thumb/v7e-m/nofp/libg.a(lib_a-setvbuf.o)
                              CMakeFiles/Car.elf.dir/Bsp/retarget.c.obj (setvbuf)
/usr/local/arm/10.3/bin/../lib/gcc/arm-none-eabi/10.3.1/../../../../arm-none-eabi/lib/thumb/v7e-m/nofp/libg.a(lib_a-strlen.o)
[...]
Memory Configuration

Name             Origin             Length             Attributes
CCMRAM           0x0000000010000000 0x0000000000010000 xrw
RAM              0x0000000020000000 0x0000000000020000 xrw
FLASH            0x0000000008000000 0x0000000000080000 xr
*default*        0x0000000000000000 0xffffffffffffffff

Linker script and memory map

LOAD /usr/local/arm/10.3/bin/../lib/gcc/arm-none-eabi/10.3.1/thumb/v7e-m/nofp/crti.o
LOAD /usr/local/arm/10.3/bin/../lib/gcc/arm-none-eabi/10.3.1/thumb/v7e-m/nofp/crtbegin.o
LOAD /usr/local/arm/10.3/bin/../lib/gcc/arm-none-eabi/10.3.1/../../../../arm-none-eabi/lib/thumb/v7e-m/nofp/crt0.o
LOAD CMakeFiles/Car.elf.dir/Bsp/Bsp.c.obj
LOAD CMakeFiles/Car.elf.dir/Bsp/JY901.c.obj
LOAD CMakeFiles/Car.elf.dir/Bsp/My_Delay.c.obj
LOAD CMakeFiles/Car.elf.dir/Bsp/Uart_Bsp.c.obj
LOAD CMakeFiles/Car.elf.dir/Bsp/retarget.c.obj
LOAD CMakeFiles/Car.elf.dir/Core/Src/dma.c.obj
LOAD CMakeFiles/Car.elf.dir/Core/Src/gpio.c.obj
LOAD CMakeFiles/Car.elf.dir/Core/Src/i2c.c.obj
LOAD CMakeFiles/Car.elf.dir/Core/Src/main.c.obj
LOAD CMakeFiles/Car.elf.dir/Core/Src/stm32f4xx_hal_msp.c.obj
LOAD CMakeFiles/Car.elf.dir/Core/Src/stm32f4xx_it.c.obj
LOAD CMakeFiles/Car.elf.dir/Core/Src/syscalls.c.obj
LOAD CMakeFiles/Car.elf.dir/Core/Src/sysmem.c.obj
LOAD CMakeFiles/Car.elf.dir/Core/Src/system_stm32f4xx.c.obj
LOAD CMakeFiles/Car.elf.dir/Core/Src/tim.c.obj
LOAD CMakeFiles/Car.elf.dir/Core/Src/usart.c.obj
LOAD CMakeFiles/Car.elf.dir/Core/Startup/startup_stm32f407zetx.s.obj
LOAD CMakeFiles/Car.elf.dir/Drivers/STM32F4xx_HAL_Driver/Src/stm32f4xx_hal.c.obj
LOAD CMakeFiles/Car.elf.dir/Drivers/STM32F4xx_HAL_Driver/Src/stm32f4xx_hal_cortex.c.obj
LOAD CMakeFiles/Car.elf.dir/Drivers/STM32F4xx_HAL_Driver/Src/stm32f4xx_hal_dma.c.obj
LOAD CMakeFiles/Car.elf.dir/Drivers/STM32F4xx_HAL_Driver/Src/stm32f4xx_hal_dma_ex.c.obj
LOAD CMakeFiles/Car.elf.dir/Drivers/STM32F4xx_HAL_Driver/Src/stm32f4xx_hal_exti.c.obj
LOAD CMakeFiles/Car.elf.dir/Drivers/STM32F4xx_HAL_Driver/Src/stm32f4xx_hal_flash.c.obj
LOAD CMakeFiles/Car.elf.dir/Drivers/STM32F4xx_HAL_Driver/Src/stm32f4xx_hal_flash_ex.c.obj
LOAD CMakeFiles/Car.elf.dir/Drivers/STM32F4xx_HAL_Driver/Src/stm32f4xx_hal_flash_ramfunc.c.obj
LOAD CMakeFiles/Car.elf.dir/Drivers/STM32F4xx_HAL_Driver/Src/stm32f4xx_hal_gpio.c.obj
LOAD CMakeFiles/Car.elf.dir/Drivers/STM32F4xx_HAL_Driver/Src/stm32f4xx_hal_i2c.c.obj
LOAD CMakeFiles/Car.elf.dir/Drivers/STM32F4xx_HAL_Driver/Src/stm32f4xx_hal_i2c_ex.c.obj
LOAD CMakeFiles/Car.elf.dir/Drivers/STM32F4xx_HAL_Driver/Src/stm32f4xx_hal_pwr.c.obj
LOAD CMakeFiles/Car.elf.dir/Drivers/STM32F4xx_HAL_Driver/Src/stm32f4xx_hal_pwr_ex.c.obj
LOAD CMakeFiles/Car.elf.dir/Drivers/STM32F4xx_HAL_Driver/Src/stm32f4xx_hal_rcc.c.obj
LOAD CMakeFiles/Car.elf.dir/Drivers/STM32F4xx_HAL_Driver/Src/stm32f4xx_hal_rcc_ex.c.obj
LOAD CMakeFiles/Car.elf.dir/Drivers/STM32F4xx_HAL_Driver/Src/stm32f4xx_hal_tim.c.obj
LOAD CMakeFiles/Car.elf.dir/Drivers/STM32F4xx_HAL_Driver/Src/stm32f4xx_hal_tim_ex.c.obj
LOAD CMakeFiles/Car.elf.dir/Drivers/STM32F4xx_HAL_Driver/Src/stm32f4xx_hal_uart.c.obj
LOAD CMakeFiles/Car.elf.dir/Task/Control.c.obj
LOAD CMakeFiles/Car.elf.dir/Task/Motor.c.obj
LOAD CMakeFiles/Car.elf.dir/Task/Move.c.obj
LOAD CMakeFiles/Car.elf.dir/Task/Servo.c.obj
START GROUP
LOAD /usr/local/arm/10.3/bin/../lib/gcc/arm-none-eabi/10.3.1/thumb/v7e-m/nofp/libgcc.a
LOAD /usr/local/arm/10.3/bin/../lib/gcc/arm-none-eabi/10.3.1/../../../../arm-none-eabi/lib/thumb/v7e-m/nofp/libg.a
LOAD /usr/local/arm/10.3/bin/../lib/gcc/arm-none-eabi/10.3.1/../../../../arm-none-eabi/lib/thumb/v7e-m/nofp/libc.a
END GROUP
LOAD /usr/local/arm/10.3/bin/../lib/gcc/arm-none-eabi/10.3.1/thumb/v7e-m/nofp/crtend.o
LOAD /usr/local/arm/10.3/bin/../lib/gcc/arm-none-eabi/10.3.1/thumb/v7e-m/nofp/crtn.o
                0x0000000020020000                _estack = (ORIGIN (RAM) + LENGTH (RAM))
                0x0000000000000200                _Min_Heap_Size = 0x200
                0x0000000000000400                _Min_Stack_Size = 0x400

.isr_vector     0x0000000008000000      0x188
                0x0000000008000000                . = ALIGN (0x4)
 *(.isr_vector)
 .isr_vector    0x0000000008000000      0x188 CMakeFiles/Car.elf.dir/Core/Startup/startup_stm32f407zetx.s.obj
                0x0000000008000000                g_pfnVectors
                0x0000000008000188                . = ALIGN (0x4)

.text           0x00000000080001c0     0xcafc
                0x00000000080001c0                . = ALIGN (0x4)
 *(.text)
 .text          0x00000000080001c0      0x378 /usr/local/arm/10.3/bin/../lib/gcc/arm-none-eabi/10.3.1/thumb/v7e-m/nofp/libgcc.a(_arm_addsubdf3.o)
                0x00000000080001c0                __aeabi_drsub
                0x00000000080001c8                __aeabi_dsub
                0x00000000080001c8                __subdf3
                0x00000000080001cc                __adddf3
                0x00000000080001cc                __aeabi_dadd
                0x0000000008000444                __aeabi_ui2d
                0x0000000008000444                __floatunsidf
                0x0000000008000464                __floatsidf
                0x0000000008000464                __aeabi_i2d
                0x0000000008000488                __extendsfdf2
                0x0000000008000488                __aeabi_f2d
                0x00000000080004cc                __aeabi_ul2d
                0x00000000080004cc                __floatundidf
                0x00000000080004dc                __floatdidf
                0x00000000080004dc                __aeabi_l2d
 .text          0x0000000008000538      0x424 /usr/local/arm/10.3/bin/../lib/gcc/arm-none-eabi/10.3.1/thumb/v7e-m/nofp/libgcc.a(_arm_muldivdf3.o)
                0x0000000008000538                __aeabi_dmul
                0x0000000008000538                __muldf3
                0x000000000800078c                __aeabi_ddiv
                0x000000000800078c                __divdf3
 .text          0x000000000800095c      0x110 /usr/local/arm/10.3/bin/../lib/gcc/arm-none-eabi/10.3.1/thumb/v7e-m/nofp/libgcc.a(_arm_cmpdf2.o)
                0x000000000800095c                __gtdf2
                0x000000000800095c                __gedf2
                0x0000000008000964                __ltdf2
                0x0000000008000964                __ledf2
                0x000000000800096c                __cmpdf2
                0x000000000800096c                __eqdf2
                0x000000000800096c                __nedf2
                0x00000000080009e8                __aeabi_cdrcmple
                0x00000000080009f8                __aeabi_cdcmple
                0x00000000080009f8                __aeabi_cdcmpeq
                0x0000000008000a08                __aeabi_dcmpeq
                0x0000000008000a1c                __aeabi_dcmplt
                0x0000000008000a30                __aeabi_dcmple
                0x0000000008000a44                __aeabi_dcmpge
                0x0000000008000a58                __aeabi_dcmpgt
 .text          0x0000000008000a6c       0x50 /usr/local/arm/10.3/bin/../lib/gcc/arm-none-eabi/10.3.1/thumb/v7e-m/nofp/libgcc.a(_arm_fixdfsi.o)
                0x0000000008000a6c                __fixdfsi
                0x0000000008000a6c                __aeabi_d2iz
 .text          0x0000000008000abc      0x21c /usr/local/arm/10.3/bin/../lib/gcc/arm-none-eabi/10.3.1/thumb/v7e-m/nofp/libgcc.a(_arm_addsubsf3.o)
                0x0000000008000abc                __aeabi_frsub
                0x0000000008000ac4                __subsf3
                0x0000000008000ac4                __aeabi_fsub
                0x0000000008000ac8                __aeabi_fadd
                0x0000000008000ac8                __addsf3
                0x0000000008000c28                __aeabi_ui2f
                0x0000000008000c28                __floatunsisf
                0x0000000008000c30                __aeabi_i2f
                0x0000000008000c30                __floatsisf
                0x0000000008000c4c                __floatundisf
                0x0000000008000c4c                __aeabi_ul2f
                0x0000000008000c5c                __floatdisf
                0x0000000008000c5c                __aeabi_l2f
 .text          0x0000000008000cd8      0x2a0 /usr/local/arm/10.3/bin/../lib/gcc/arm-none-eabi/10.3.1/thumb/v7e-m/nofp/libgcc.a(_arm_muldivsf3.o)
                0x0000000008000cd8                __mulsf3
                0x0000000008000cd8                __aeabi_fmul
                0x0000000008000e40                __divsf3
                0x0000000008000e40                __aeabi_fdiv
 .text          0x0000000008000f78       0xec /usr/local/arm/10.3/bin/../lib/gcc/arm-none-eabi/10.3.1/thumb/v7e-m/nofp/libgcc.a(_arm_cmpsf2.o)
                0x0000000008000f78                __gtsf2
                0x0000000008000f78                __gesf2
                0x0000000008000f80                __lesf2
                0x0000000008000f80                __ltsf2
                0x0000000008000f88                __nesf2
                0x0000000008000f88                __eqsf2
                0x0000000008000f88                __cmpsf2
                0x0000000008000fe8                __aeabi_cfrcmple
                0x0000000008000ff0                __aeabi_cfcmple
                0x0000000008000ff0                __aeabi_cfcmpeq
                0x0000000008001000                __aeabi_fcmpeq
                0x0000000008001014                __aeabi_fcmplt
                0x0000000008001028                __aeabi_fcmple
                0x000000000800103c                __aeabi_fcmpge
                0x0000000008001050                __aeabi_fcmpgt
 .text          0x0000000008001064       0x4c /usr/local/arm/10.3/bin/../lib/gcc/arm-none-eabi/10.3.1/thumb/v7e-m/nofp/libgcc.a(_arm_fixsfsi.o)
                0x0000000008001064                __fixsfsi
                0x0000000008001064                __aeabi_f2iz
 .text          0x00000000080010b0       0x40 /usr/local/arm/10.3/bin/../lib/gcc/arm-none-eabi/10.3.1/thumb/v7e-m/nofp/libgcc.a(_arm_fixunssfsi.o)
                0x00000000080010b0                __aeabi_f2uiz
                0x00000000080010b0                __fixunssfsi
 .text          0x00000000080010f0       0x30 /usr/local/arm/10.3/bin/../lib/gcc/arm-none-eabi/10.3.1/thumb/v7e-m/nofp/libgcc.a(_aeabi_uldivmod.o)
                0x00000000080010f0                __aeabi_uldivmod
 .text          0x0000000008001120      0x2d0 /usr/local/arm/10.3/bin/../lib/gcc/arm-none-eabi/10.3.1/thumb/v7e-m/nofp/libgcc.a(_udivmoddi4.o)
                0x0000000008001120                __udivmoddi4
 .text          0x00000000080013f0        0x4 /usr/local/arm/10.3/bin/../lib/gcc/arm-none-eabi/10.3.1/thumb/v7e-m/nofp/libgcc.a(_dvmd_tls.o)
                0x00000000080013f0                __aeabi_ldiv0
                0x00000000080013f0                __aeabi_idiv0
 *fill*         0x00000000080013f4        0xc 
 .text          0x0000000008001400       0xdc /usr/local/arm/10.3/bin/../lib/gcc/arm-none-eabi/10.3.1/../../../../arm-none-eabi/lib/thumb/v7e-m/nofp/libg.a(lib_a-strlen.o)
                0x0000000008001400                strlen
 *fill*         0x00000000080014dc        0x4 
 .text          0x00000000080014e0       0xa0 /usr/local/arm/10.3/bin/../lib/gcc/arm-none-eabi/10.3.1/../../../../arm-none-eabi/lib/thumb/v7e-m/nofp/libg.a(lib_a-memchr.o)
                0x00000000080014e0                memchr
 .text          0x0000000008001580      0x134 /usr/local/arm/10.3/bin/../lib/gcc/arm-none-eabi/10.3.1/../../../../arm-none-eabi/lib/thumb/v7e-m/nofp/libg.a(lib_a-memcpy.o)
                0x0000000008001580                memcpy
 .text          0x00000000080016b4       0x2c /usr/local/arm/10.3/bin/../lib/gcc/arm-none-eabi/10.3.1/thumb/v7e-m/nofp/libgcc.a(_arm_unorddf2.o)
                0x00000000080016b4                __aeabi_dcmpun
                0x00000000080016b4                __unorddf2
 *(.text*)
 .text.Bsp_Init
                0x00000000080016e0       0x24 CMakeFiles/Car.elf.dir/Bsp/Bsp.c.obj
                0x00000000080016e0                Bsp_Init
 .text.HuaGui_Init_Proc
                0x0000000008001704       0x88 CMakeFiles/Car.elf.dir/Bsp/Bsp.c.obj
                0x0000000008001704                HuaGui_Init_Proc
 .text.User_USART_Init
                0x000000000800178c       0x1e CMakeFiles/Car.elf.dir/Bsp/JY901.c.obj
                0x000000000800178c                User_USART_Init
 *fill*         0x00000000080017aa        0x2 
 .text.JY901_Process
                0x00000000080017ac      0x130 CMakeFiles/Car.elf.dir/Bsp/JY901.c.obj
                0x00000000080017ac                JY901_Process
 .text.my_abs_float
                0x00000000080018dc       0x16 CMakeFiles/Car.elf.dir/Bsp/JY901.c.obj
                0x00000000080018dc                my_abs_float
 *fill*         0x00000000080018f2        0x6 
 .text.process_kalman_filter
                0x00000000080018f8      0x120 CMakeFiles/Car.elf.dir/Bsp/JY901.c.obj
                0x00000000080018f8                process_kalman_filter
 .text.JY901S_send_command
                0x0000000008001a18       0x34 CMakeFiles/Car.elf.dir/Bsp/JY901.c.obj
                0x0000000008001a18                JY901S_send_command
 .text.Reset_JY901S_Command
                0x0000000008001a4c       0x5c CMakeFiles/Car.elf.dir/Bsp/JY901.c.obj
                0x0000000008001a4c                Reset_JY901S_Command
 .text.Delay_Init
                0x0000000008001aa8       0x18 CMakeFiles/Car.elf.dir/Bsp/My_Delay.c.obj
                0x0000000008001aa8                Delay_Init
 .text.Delay_us
                0x0000000008001ac0       0x40 CMakeFiles/Car.elf.dir/Bsp/My_Delay.c.obj
                0x0000000008001ac0                Delay_us
 .text.Delay_ms
                0x0000000008001b00       0x3c CMakeFiles/Car.elf.dir/Bsp/My_Delay.c.obj
                0x0000000008001b00                Delay_ms
 .text.JY901S_Init
                0x0000000008001b3c       0x2c CMakeFiles/Car.elf.dir/Bsp/Uart_Bsp.c.obj
                0x0000000008001b3c                JY901S_Init
 .text.Usart_Init
                0x0000000008001b68        0x8 CMakeFiles/Car.elf.dir/Bsp/Uart_Bsp.c.obj
                0x0000000008001b68                Usart_Init
 .text.RetargetInit
                0x0000000008001b70       0x20 CMakeFiles/Car.elf.dir/Bsp/retarget.c.obj
                0x0000000008001b70                RetargetInit
 .text._isatty  0x0000000008001b90       0x16 CMakeFiles/Car.elf.dir/Bsp/retarget.c.obj
                0x0000000008001b90                _isatty
 *fill*         0x0000000008001ba6        0x2 
 .text._write   0x0000000008001ba8       0x34 CMakeFiles/Car.elf.dir/Bsp/retarget.c.obj
                0x0000000008001ba8                _write
 .text._close   0x0000000008001bdc       0x18 CMakeFiles/Car.elf.dir/Bsp/retarget.c.obj
                0x0000000008001bdc                _close
 .text._lseek   0x0000000008001bf4       0x10 CMakeFiles/Car.elf.dir/Bsp/retarget.c.obj
                0x0000000008001bf4                _lseek
 .text._read    0x0000000008001c04       0x30 CMakeFiles/Car.elf.dir/Bsp/retarget.c.obj
                0x0000000008001c04                _read
 .text._fstat   0x0000000008001c34       0x1a CMakeFiles/Car.elf.dir/Bsp/retarget.c.obj
                0x0000000008001c34                _fstat
 *fill*         0x0000000008001c4e        0x2 
 .text.MX_DMA_Init
                0x0000000008001c50       0x34 CMakeFiles/Car.elf.dir/Core/Src/dma.c.obj
                0x0000000008001c50                MX_DMA_Init
 .text.MX_GPIO_Init
                0x0000000008001c84      0x12c CMakeFiles/Car.elf.dir/Core/Src/gpio.c.obj
                0x0000000008001c84                MX_GPIO_Init
 .text.MX_I2C1_Init
                0x0000000008001db0       0x3c CMakeFiles/Car.elf.dir/Core/Src/i2c.c.obj
                0x0000000008001db0                MX_I2C1_Init
 .text.HAL_I2C_MspInit
                0x0000000008001dec       0x70 CMakeFiles/Car.elf.dir/Core/Src/i2c.c.obj
                0x0000000008001dec                HAL_I2C_MspInit
 .text.Error_Handler
                0x0000000008001e5c        0x4 CMakeFiles/Car.elf.dir/Core/Src/main.c.obj
                0x0000000008001e5c                Error_Handler
 .text.SystemClock_Config
                0x0000000008001e60       0xac CMakeFiles/Car.elf.dir/Core/Src/main.c.obj
                0x0000000008001e60                SystemClock_Config
 .text.main     0x0000000008001f0c       0x7c CMakeFiles/Car.elf.dir/Core/Src/main.c.obj
                0x0000000008001f0c                main
 .text.HAL_MspInit
                0x0000000008001f88       0x38 CMakeFiles/Car.elf.dir/Core/Src/stm32f4xx_hal_msp.c.obj
                0x0000000008001f88                HAL_MspInit
 .text.NMI_Handler
                0x0000000008001fc0        0x2 CMakeFiles/Car.elf.dir/Core/Src/stm32f4xx_it.c.obj
                0x0000000008001fc0                NMI_Handler
 .text.HardFault_Handler
                0x0000000008001fc2        0x2 CMakeFiles/Car.elf.dir/Core/Src/stm32f4xx_it.c.obj
                0x0000000008001fc2                HardFault_Handler
 .text.MemManage_Handler
                0x0000000008001fc4        0x2 CMakeFiles/Car.elf.dir/Core/Src/stm32f4xx_it.c.obj
                0x0000000008001fc4                MemManage_Handler
 .text.BusFault_Handler
                0x0000000008001fc6        0x2 CMakeFiles/Car.elf.dir/Core/Src/stm32f4xx_it.c.obj
                0x0000000008001fc6                BusFault_Handler
 .text.UsageFault_Handler
                0x0000000008001fc8        0x2 CMakeFiles/Car.elf.dir/Core/Src/stm32f4xx_it.c.obj
                0x0000000008001fc8                UsageFault_Handler
 .text.SVC_Handler
                0x0000000008001fca        0x2 CMakeFiles/Car.elf.dir/Core/Src/stm32f4xx_it.c.obj
                0x0000000008001fca                SVC_Handler
 .text.DebugMon_Handler
                0x0000000008001fcc        0x2 CMakeFiles/Car.elf.dir/Core/Src/stm32f4xx_it.c.obj
                0x0000000008001fcc                DebugMon_Handler
 .text.PendSV_Handler
                0x0000000008001fce        0x2 CMakeFiles/Car.elf.dir/Core/Src/stm32f4xx_it.c.obj
                0x0000000008001fce                PendSV_Handler
 .text.SysTick_Handler
                0x0000000008001fd0        0x8 CMakeFiles/Car.elf.dir/Core/Src/stm32f4xx_it.c.obj
                0x0000000008001fd0                SysTick_Handler
 .text.DMA1_Stream1_IRQHandler
                0x0000000008001fd8       0x10 CMakeFiles/Car.elf.dir/Core/Src/stm32f4xx_it.c.obj
                0x0000000008001fd8                DMA1_Stream1_IRQHandler
 .text.USART1_IRQHandler
                0x0000000008001fe8       0x10 CMakeFiles/Car.elf.dir/Core/Src/stm32f4xx_it.c.obj
                0x0000000008001fe8                USART1_IRQHandler
 .text.USART3_IRQHandler
                0x0000000008001ff8       0x6c CMakeFiles/Car.elf.dir/Core/Src/stm32f4xx_it.c.obj
                0x0000000008001ff8                USART3_IRQHandler
 .text.TIM6_DAC_IRQHandler
                0x0000000008002064       0x10 CMakeFiles/Car.elf.dir/Core/Src/stm32f4xx_it.c.obj
                0x0000000008002064                TIM6_DAC_IRQHandler
 .text.HAL_UART_RxCpltCallback
                0x0000000008002074       0x2c CMakeFiles/Car.elf.dir/Core/Src/stm32f4xx_it.c.obj
                0x0000000008002074                HAL_UART_RxCpltCallback
 .text._getpid  0x00000000080020a0        0x4 CMakeFiles/Car.elf.dir/Core/Src/syscalls.c.obj
                0x00000000080020a0                _getpid
 .text._kill    0x00000000080020a4       0x10 CMakeFiles/Car.elf.dir/Core/Src/syscalls.c.obj
                0x00000000080020a4                _kill
 .text._exit    0x00000000080020b4        0xc CMakeFiles/Car.elf.dir/Core/Src/syscalls.c.obj
                0x00000000080020b4                _exit
 .text._sbrk    0x00000000080020c0       0x48 CMakeFiles/Car.elf.dir/Core/Src/sysmem.c.obj
                0x00000000080020c0                _sbrk
 .text.SystemInit
                0x0000000008002108        0x2 CMakeFiles/Car.elf.dir/Core/Src/system_stm32f4xx.c.obj
                0x0000000008002108                SystemInit
 *fill*         0x000000000800210a        0x2 
 .text.MX_TIM6_Init
                0x000000000800210c       0x50 CMakeFiles/Car.elf.dir/Core/Src/tim.c.obj
                0x000000000800210c                MX_TIM6_Init
 .text.MX_TIM7_Init
                0x000000000800215c       0x50 CMakeFiles/Car.elf.dir/Core/Src/tim.c.obj
                0x000000000800215c                MX_TIM7_Init
 .text.HAL_TIM_Base_MspInit
                0x00000000080021ac       0x8c CMakeFiles/Car.elf.dir/Core/Src/tim.c.obj
                0x00000000080021ac                HAL_TIM_Base_MspInit
 .text.HAL_TIM_MspPostInit
                0x0000000008002238       0x80 CMakeFiles/Car.elf.dir/Core/Src/tim.c.obj
                0x0000000008002238                HAL_TIM_MspPostInit
 .text.MX_TIM3_Init
                0x00000000080022b8       0xec CMakeFiles/Car.elf.dir/Core/Src/tim.c.obj
                0x00000000080022b8                MX_TIM3_Init
 .text.MX_UART4_Init
                0x00000000080023a4       0x34 CMakeFiles/Car.elf.dir/Core/Src/usart.c.obj
                0x00000000080023a4                MX_UART4_Init
 .text.MX_UART5_Init
                0x00000000080023d8       0x34 CMakeFiles/Car.elf.dir/Core/Src/usart.c.obj
                0x00000000080023d8                MX_UART5_Init
 .text.MX_USART1_UART_Init
                0x000000000800240c       0x34 CMakeFiles/Car.elf.dir/Core/Src/usart.c.obj
                0x000000000800240c                MX_USART1_UART_Init
 .text.MX_USART2_UART_Init
                0x0000000008002440       0x34 CMakeFiles/Car.elf.dir/Core/Src/usart.c.obj
                0x0000000008002440                MX_USART2_UART_Init
 .text.MX_USART3_UART_Init
                0x0000000008002474       0x34 CMakeFiles/Car.elf.dir/Core/Src/usart.c.obj
                0x0000000008002474                MX_USART3_UART_Init
 .text.MX_USART6_UART_Init
                0x00000000080024a8       0x34 CMakeFiles/Car.elf.dir/Core/Src/usart.c.obj
                0x00000000080024a8                MX_USART6_UART_Init
 .text.HAL_UART_MspInit
                0x00000000080024dc      0x298 CMakeFiles/Car.elf.dir/Core/Src/usart.c.obj
                0x00000000080024dc                HAL_UART_MspInit
 .text.Reset_Handler
                0x0000000008002774       0x50 CMakeFiles/Car.elf.dir/Core/Startup/startup_stm32f407zetx.s.obj
                0x0000000008002774                Reset_Handler
 .text.Default_Handler
                0x00000000080027c4        0x2 CMakeFiles/Car.elf.dir/Core/Startup/startup_stm32f407zetx.s.obj
                0x00000000080027c4                RTC_Alarm_IRQHandler
                0x00000000080027c4                HASH_RNG_IRQHandler
                0x00000000080027c4                EXTI2_IRQHandler
                0x00000000080027c4                TIM8_CC_IRQHandler
                0x00000000080027c4                TIM1_CC_IRQHandler
                0x00000000080027c4                DMA2_Stream5_IRQHandler
                0x00000000080027c4                DMA1_Stream5_IRQHandler
                0x00000000080027c4                PVD_IRQHandler
                0x00000000080027c4                SDIO_IRQHandler
                0x00000000080027c4                TAMP_STAMP_IRQHandler
                0x00000000080027c4                CAN2_RX1_IRQHandler
                0x00000000080027c4                EXTI3_IRQHandler
                0x00000000080027c4                TIM8_TRG_COM_TIM14_IRQHandler
                0x00000000080027c4                TIM1_UP_TIM10_IRQHandler
                0x00000000080027c4                TIM8_UP_TIM13_IRQHandler
                0x00000000080027c4                I2C3_ER_IRQHandler
                0x00000000080027c4                EXTI0_IRQHandler
                0x00000000080027c4                I2C2_EV_IRQHandler
                0x00000000080027c4                DMA1_Stream2_IRQHandler
                0x00000000080027c4                CAN1_RX0_IRQHandler
                0x00000000080027c4                FPU_IRQHandler
                0x00000000080027c4                OTG_HS_WKUP_IRQHandler
                0x00000000080027c4                CAN2_SCE_IRQHandler
                0x00000000080027c4                DMA2_Stream2_IRQHandler
                0x00000000080027c4                SPI1_IRQHandler
                0x00000000080027c4                TIM1_BRK_TIM9_IRQHandler
                0x00000000080027c4                DCMI_IRQHandler
                0x00000000080027c4                CAN2_RX0_IRQHandler
                0x00000000080027c4                DMA2_Stream3_IRQHandler
                0x00000000080027c4                USART6_IRQHandler
                0x00000000080027c4                CAN1_RX1_IRQHandler
                0x00000000080027c4                UART5_IRQHandler
                0x00000000080027c4                DMA2_Stream0_IRQHandler
                0x00000000080027c4                TIM4_IRQHandler
                0x00000000080027c4                I2C1_EV_IRQHandler
                0x00000000080027c4                DMA1_Stream6_IRQHandler
                0x00000000080027c4                UART4_IRQHandler
                0x00000000080027c4                TIM3_IRQHandler
                0x00000000080027c4                RCC_IRQHandler
                0x00000000080027c4                TIM8_BRK_TIM12_IRQHandler
                0x00000000080027c4                Default_Handler
                0x00000000080027c4                EXTI15_10_IRQHandler
                0x00000000080027c4                ADC_IRQHandler
                0x00000000080027c4                DMA1_Stream7_IRQHandler
                0x00000000080027c4                TIM7_IRQHandler
                0x00000000080027c4                CAN2_TX_IRQHandler
                0x00000000080027c4                TIM5_IRQHandler
                0x00000000080027c4                DMA2_Stream7_IRQHandler
                0x00000000080027c4                I2C3_EV_IRQHandler
                0x00000000080027c4                EXTI9_5_IRQHandler
                0x00000000080027c4                RTC_WKUP_IRQHandler
                0x00000000080027c4                ETH_WKUP_IRQHandler
                0x00000000080027c4                SPI2_IRQHandler
                0x00000000080027c4                OTG_HS_EP1_IN_IRQHandler
                0x00000000080027c4                DMA1_Stream0_IRQHandler
                0x00000000080027c4                CAN1_TX_IRQHandler
                0x00000000080027c4                EXTI4_IRQHandler
                0x00000000080027c4                FSMC_IRQHandler
                0x00000000080027c4                ETH_IRQHandler
                0x00000000080027c4                OTG_HS_EP1_OUT_IRQHandler
                0x00000000080027c4                WWDG_IRQHandler
                0x00000000080027c4                TIM2_IRQHandler
                0x00000000080027c4                OTG_FS_WKUP_IRQHandler
                0x00000000080027c4                TIM1_TRG_COM_TIM11_IRQHandler
                0x00000000080027c4                OTG_HS_IRQHandler
                0x00000000080027c4                EXTI1_IRQHandler
                0x00000000080027c4                USART2_IRQHandler
                0x00000000080027c4                I2C2_ER_IRQHandler
                0x00000000080027c4                DMA2_Stream1_IRQHandler
                0x00000000080027c4                CAN1_SCE_IRQHandler
                0x00000000080027c4                FLASH_IRQHandler
                0x00000000080027c4                DMA2_Stream4_IRQHandler
                0x00000000080027c4                OTG_FS_IRQHandler
                0x00000000080027c4                SPI3_IRQHandler
                0x00000000080027c4                DMA1_Stream4_IRQHandler
                0x00000000080027c4                I2C1_ER_IRQHandler
                0x00000000080027c4                DMA2_Stream6_IRQHandler
                0x00000000080027c4                DMA1_Stream3_IRQHandler
 *fill*         0x00000000080027c6        0x2 
 .text.HAL_InitTick
                0x00000000080027c8       0x4c CMakeFiles/Car.elf.dir/Drivers/STM32F4xx_HAL_Driver/Src/stm32f4xx_hal.c.obj
                0x00000000080027c8                HAL_InitTick
 .text.HAL_Init
                0x0000000008002814       0x34 CMakeFiles/Car.elf.dir/Drivers/STM32F4xx_HAL_Driver/Src/stm32f4xx_hal.c.obj
                0x0000000008002814                HAL_Init
 .text.HAL_IncTick
                0x0000000008002848       0x18 CMakeFiles/Car.elf.dir/Drivers/STM32F4xx_HAL_Driver/Src/stm32f4xx_hal.c.obj
                0x0000000008002848                HAL_IncTick
 .text.HAL_GetTick
                0x0000000008002860        0xc CMakeFiles/Car.elf.dir/Drivers/STM32F4xx_HAL_Driver/Src/stm32f4xx_hal.c.obj
                0x0000000008002860                HAL_GetTick
 .text.HAL_NVIC_SetPriorityGrouping
                0x000000000800286c       0x24 CMakeFiles/Car.elf.dir/Drivers/STM32F4xx_HAL_Driver/Src/stm32f4xx_hal_cortex.c.obj
                0x000000000800286c                HAL_NVIC_SetPriorityGrouping
 .text.HAL_NVIC_SetPriority
                0x0000000008002890       0x70 CMakeFiles/Car.elf.dir/Drivers/STM32F4xx_HAL_Driver/Src/stm32f4xx_hal_cortex.c.obj
                0x0000000008002890                HAL_NVIC_SetPriority
 .text.HAL_NVIC_EnableIRQ
                0x0000000008002900       0x1c CMakeFiles/Car.elf.dir/Drivers/STM32F4xx_HAL_Driver/Src/stm32f4xx_hal_cortex.c.obj
                0x0000000008002900                HAL_NVIC_EnableIRQ
 .text.HAL_SYSTICK_Config
                0x000000000800291c       0x28 CMakeFiles/Car.elf.dir/Drivers/STM32F4xx_HAL_Driver/Src/stm32f4xx_hal_cortex.c.obj
                0x000000000800291c                HAL_SYSTICK_Config
 .text.HAL_SYSTICK_CLKSourceConfig
                0x0000000008002944       0x20 CMakeFiles/Car.elf.dir/Drivers/STM32F4xx_HAL_Driver/Src/stm32f4xx_hal_cortex.c.obj
                0x0000000008002944                HAL_SYSTICK_CLKSourceConfig
 .text.DMA_SetConfig
                0x0000000008002964       0x2c CMakeFiles/Car.elf.dir/Drivers/STM32F4xx_HAL_Driver/Src/stm32f4xx_hal_dma.c.obj
 .text.DMA_CalcBaseAndBitshift
                0x0000000008002990       0x40 CMakeFiles/Car.elf.dir/Drivers/STM32F4xx_HAL_Driver/Src/stm32f4xx_hal_dma.c.obj
 .text.DMA_CheckFifoParam
                0x00000000080029d0       0x8e CMakeFiles/Car.elf.dir/Drivers/STM32F4xx_HAL_Driver/Src/stm32f4xx_hal_dma.c.obj
 *fill*         0x0000000008002a5e        0x2 
 .text.HAL_DMA_Init
                0x0000000008002a60       0xcc CMakeFiles/Car.elf.dir/Drivers/STM32F4xx_HAL_Driver/Src/stm32f4xx_hal_dma.c.obj
                0x0000000008002a60                HAL_DMA_Init
 .text.HAL_DMA_Start_IT
                0x0000000008002b2c       0x6a CMakeFiles/Car.elf.dir/Drivers/STM32F4xx_HAL_Driver/Src/stm32f4xx_hal_dma.c.obj
                0x0000000008002b2c                HAL_DMA_Start_IT
 .text.HAL_DMA_Abort
                0x0000000008002b96       0x94 CMakeFiles/Car.elf.dir/Drivers/STM32F4xx_HAL_Driver/Src/stm32f4xx_hal_dma.c.obj
                0x0000000008002b96                HAL_DMA_Abort
 .text.HAL_DMA_Abort_IT
                0x0000000008002c2a       0x26 CMakeFiles/Car.elf.dir/Drivers/STM32F4xx_HAL_Driver/Src/stm32f4xx_hal_dma.c.obj
                0x0000000008002c2a                HAL_DMA_Abort_IT
 .text.HAL_DMA_IRQHandler
                0x0000000008002c50      0x1dc CMakeFiles/Car.elf.dir/Drivers/STM32F4xx_HAL_Driver/Src/stm32f4xx_hal_dma.c.obj
                0x0000000008002c50                HAL_DMA_IRQHandler
 .text.HAL_GPIO_Init
                0x0000000008002e2c      0x1e4 CMakeFiles/Car.elf.dir/Drivers/STM32F4xx_HAL_Driver/Src/stm32f4xx_hal_gpio.c.obj
                0x0000000008002e2c                HAL_GPIO_Init
 .text.HAL_GPIO_WritePin
                0x0000000008003010        0xc CMakeFiles/Car.elf.dir/Drivers/STM32F4xx_HAL_Driver/Src/stm32f4xx_hal_gpio.c.obj
                0x0000000008003010                HAL_GPIO_WritePin
 .text.HAL_GPIO_TogglePin
                0x000000000800301c       0x12 CMakeFiles/Car.elf.dir/Drivers/STM32F4xx_HAL_Driver/Src/stm32f4xx_hal_gpio.c.obj
                0x000000000800301c                HAL_GPIO_TogglePin
 *fill*         0x000000000800302e        0x2 
 .text.HAL_I2C_Init
                0x0000000008003030      0x1bc CMakeFiles/Car.elf.dir/Drivers/STM32F4xx_HAL_Driver/Src/stm32f4xx_hal_i2c.c.obj
                0x0000000008003030                HAL_I2C_Init
 .text.HAL_RCC_OscConfig
                0x00000000080031ec      0x3f8 CMakeFiles/Car.elf.dir/Drivers/STM32F4xx_HAL_Driver/Src/stm32f4xx_hal_rcc.c.obj
                0x00000000080031ec                HAL_RCC_OscConfig
 .text.HAL_RCC_GetSysClockFreq
                0x00000000080035e4       0xd4 CMakeFiles/Car.elf.dir/Drivers/STM32F4xx_HAL_Driver/Src/stm32f4xx_hal_rcc.c.obj
                0x00000000080035e4                HAL_RCC_GetSysClockFreq
 .text.HAL_RCC_ClockConfig
                0x00000000080036b8      0x160 CMakeFiles/Car.elf.dir/Drivers/STM32F4xx_HAL_Driver/Src/stm32f4xx_hal_rcc.c.obj
                0x00000000080036b8                HAL_RCC_ClockConfig
 .text.HAL_RCC_GetHCLKFreq
                0x0000000008003818        0xc CMakeFiles/Car.elf.dir/Drivers/STM32F4xx_HAL_Driver/Src/stm32f4xx_hal_rcc.c.obj
                0x0000000008003818                HAL_RCC_GetHCLKFreq
 .text.HAL_RCC_GetPCLK1Freq
                0x0000000008003824       0x20 CMakeFiles/Car.elf.dir/Drivers/STM32F4xx_HAL_Driver/Src/stm32f4xx_hal_rcc.c.obj
                0x0000000008003824                HAL_RCC_GetPCLK1Freq
 .text.HAL_RCC_GetPCLK2Freq
                0x0000000008003844       0x20 CMakeFiles/Car.elf.dir/Drivers/STM32F4xx_HAL_Driver/Src/stm32f4xx_hal_rcc.c.obj
                0x0000000008003844                HAL_RCC_GetPCLK2Freq
 .text.TIM_OC1_SetConfig
                0x0000000008003864       0x68 CMakeFiles/Car.elf.dir/Drivers/STM32F4xx_HAL_Driver/Src/stm32f4xx_hal_tim.c.obj
 .text.TIM_OC3_SetConfig
                0x00000000080038cc       0x70 CMakeFiles/Car.elf.dir/Drivers/STM32F4xx_HAL_Driver/Src/stm32f4xx_hal_tim.c.obj
 .text.TIM_OC4_SetConfig
                0x000000000800393c       0x50 CMakeFiles/Car.elf.dir/Drivers/STM32F4xx_HAL_Driver/Src/stm32f4xx_hal_tim.c.obj
 .text.TIM_TI1_ConfigInputStage
                0x000000000800398c       0x24 CMakeFiles/Car.elf.dir/Drivers/STM32F4xx_HAL_Driver/Src/stm32f4xx_hal_tim.c.obj
 .text.TIM_TI2_ConfigInputStage
                0x00000000080039b0       0x26 CMakeFiles/Car.elf.dir/Drivers/STM32F4xx_HAL_Driver/Src/stm32f4xx_hal_tim.c.obj
 .text.TIM_ITRx_SetConfig
                0x00000000080039d6       0x10 CMakeFiles/Car.elf.dir/Drivers/STM32F4xx_HAL_Driver/Src/stm32f4xx_hal_tim.c.obj
 *fill*         0x00000000080039e6        0x2 
 .text.HAL_TIM_Base_Start_IT
                0x00000000080039e8       0x88 CMakeFiles/Car.elf.dir/Drivers/STM32F4xx_HAL_Driver/Src/stm32f4xx_hal_tim.c.obj
                0x00000000080039e8                HAL_TIM_Base_Start_IT
 .text.HAL_TIM_PWM_MspInit
                0x0000000008003a70        0x2 CMakeFiles/Car.elf.dir/Drivers/STM32F4xx_HAL_Driver/Src/stm32f4xx_hal_tim.c.obj
                0x0000000008003a70                HAL_TIM_PWM_MspInit
 .text.HAL_TIM_OC_DelayElapsedCallback
                0x0000000008003a72        0x2 CMakeFiles/Car.elf.dir/Drivers/STM32F4xx_HAL_Driver/Src/stm32f4xx_hal_tim.c.obj
                0x0000000008003a72                HAL_TIM_OC_DelayElapsedCallback
 .text.HAL_TIM_IC_CaptureCallback
                0x0000000008003a74        0x2 CMakeFiles/Car.elf.dir/Drivers/STM32F4xx_HAL_Driver/Src/stm32f4xx_hal_tim.c.obj
                0x0000000008003a74                HAL_TIM_IC_CaptureCallback
 .text.HAL_TIM_PWM_PulseFinishedCallback
                0x0000000008003a76        0x2 CMakeFiles/Car.elf.dir/Drivers/STM32F4xx_HAL_Driver/Src/stm32f4xx_hal_tim.c.obj
                0x0000000008003a76                HAL_TIM_PWM_PulseFinishedCallback
 .text.HAL_TIM_TriggerCallback
                0x0000000008003a78        0x2 CMakeFiles/Car.elf.dir/Drivers/STM32F4xx_HAL_Driver/Src/stm32f4xx_hal_tim.c.obj
                0x0000000008003a78                HAL_TIM_TriggerCallback
 .text.HAL_TIM_IRQHandler
                0x0000000008003a7a      0x15e CMakeFiles/Car.elf.dir/Drivers/STM32F4xx_HAL_Driver/Src/stm32f4xx_hal_tim.c.obj
                0x0000000008003a7a                HAL_TIM_IRQHandler
 .text.TIM_Base_SetConfig
                0x0000000008003bd8       0xd8 CMakeFiles/Car.elf.dir/Drivers/STM32F4xx_HAL_Driver/Src/stm32f4xx_hal_tim.c.obj
                0x0000000008003bd8                TIM_Base_SetConfig
 .text.HAL_TIM_Base_Init
                0x0000000008003cb0       0x58 CMakeFiles/Car.elf.dir/Drivers/STM32F4xx_HAL_Driver/Src/stm32f4xx_hal_tim.c.obj
                0x0000000008003cb0                HAL_TIM_Base_Init
 .text.HAL_TIM_PWM_Init
                0x0000000008003d08       0x58 CMakeFiles/Car.elf.dir/Drivers/STM32F4xx_HAL_Driver/Src/stm32f4xx_hal_tim.c.obj
                0x0000000008003d08                HAL_TIM_PWM_Init
 .text.TIM_OC2_SetConfig
                0x0000000008003d60       0x70 CMakeFiles/Car.elf.dir/Drivers/STM32F4xx_HAL_Driver/Src/stm32f4xx_hal_tim.c.obj
                0x0000000008003d60                TIM_OC2_SetConfig
 .text.HAL_TIM_PWM_ConfigChannel
                0x0000000008003dd0       0xdc CMakeFiles/Car.elf.dir/Drivers/STM32F4xx_HAL_Driver/Src/stm32f4xx_hal_tim.c.obj
                0x0000000008003dd0                HAL_TIM_PWM_ConfigChannel
 .text.TIM_ETR_SetConfig
                0x0000000008003eac       0x18 CMakeFiles/Car.elf.dir/Drivers/STM32F4xx_HAL_Driver/Src/stm32f4xx_hal_tim.c.obj
                0x0000000008003eac                TIM_ETR_SetConfig
 .text.HAL_TIM_ConfigClockSource
                0x0000000008003ec4       0xfe CMakeFiles/Car.elf.dir/Drivers/STM32F4xx_HAL_Driver/Src/stm32f4xx_hal_tim.c.obj
                0x0000000008003ec4                HAL_TIM_ConfigClockSource
 .text.TIM_CCxChannelCmd
                0x0000000008003fc2       0x1e CMakeFiles/Car.elf.dir/Drivers/STM32F4xx_HAL_Driver/Src/stm32f4xx_hal_tim.c.obj
                0x0000000008003fc2                TIM_CCxChannelCmd
 .text.HAL_TIM_PWM_Start
                0x0000000008003fe0      0x104 CMakeFiles/Car.elf.dir/Drivers/STM32F4xx_HAL_Driver/Src/stm32f4xx_hal_tim.c.obj
                0x0000000008003fe0                HAL_TIM_PWM_Start
 .text.HAL_TIMEx_MasterConfigSynchronization
                0x00000000080040e4       0x8c CMakeFiles/Car.elf.dir/Drivers/STM32F4xx_HAL_Driver/Src/stm32f4xx_hal_tim_ex.c.obj
                0x00000000080040e4                HAL_TIMEx_MasterConfigSynchronization
 .text.HAL_TIMEx_CommutCallback
                0x0000000008004170        0x2 CMakeFiles/Car.elf.dir/Drivers/STM32F4xx_HAL_Driver/Src/stm32f4xx_hal_tim_ex.c.obj
                0x0000000008004170                HAL_TIMEx_CommutCallback
 .text.HAL_TIMEx_BreakCallback
                0x0000000008004172        0x2 CMakeFiles/Car.elf.dir/Drivers/STM32F4xx_HAL_Driver/Src/stm32f4xx_hal_tim_ex.c.obj
                0x0000000008004172                HAL_TIMEx_BreakCallback
 .text.UART_EndTxTransfer
                0x0000000008004174       0x20 CMakeFiles/Car.elf.dir/Drivers/STM32F4xx_HAL_Driver/Src/stm32f4xx_hal_uart.c.obj
 .text.UART_EndRxTransfer
                0x0000000008004194       0x5c CMakeFiles/Car.elf.dir/Drivers/STM32F4xx_HAL_Driver/Src/stm32f4xx_hal_uart.c.obj
 .text.UART_Transmit_IT
                0x00000000080041f0       0x60 CMakeFiles/Car.elf.dir/Drivers/STM32F4xx_HAL_Driver/Src/stm32f4xx_hal_uart.c.obj
 .text.UART_SetConfig
                0x0000000008004250      0x110 CMakeFiles/Car.elf.dir/Drivers/STM32F4xx_HAL_Driver/Src/stm32f4xx_hal_uart.c.obj
 .text.UART_WaitOnFlagUntilTimeout
                0x0000000008004360       0x8a CMakeFiles/Car.elf.dir/Drivers/STM32F4xx_HAL_Driver/Src/stm32f4xx_hal_uart.c.obj
 .text.HAL_UART_Init
                0x00000000080043ea       0x60 CMakeFiles/Car.elf.dir/Drivers/STM32F4xx_HAL_Driver/Src/stm32f4xx_hal_uart.c.obj
                0x00000000080043ea                HAL_UART_Init
 .text.HAL_UART_Transmit
                0x000000000800444a       0xcc CMakeFiles/Car.elf.dir/Drivers/STM32F4xx_HAL_Driver/Src/stm32f4xx_hal_uart.c.obj
                0x000000000800444a                HAL_UART_Transmit
 .text.HAL_UART_Receive
                0x0000000008004516       0xd2 CMakeFiles/Car.elf.dir/Drivers/STM32F4xx_HAL_Driver/Src/stm32f4xx_hal_uart.c.obj
                0x0000000008004516                HAL_UART_Receive
 .text.HAL_UART_DMAStop
                0x00000000080045e8       0x84 CMakeFiles/Car.elf.dir/Drivers/STM32F4xx_HAL_Driver/Src/stm32f4xx_hal_uart.c.obj
                0x00000000080045e8                HAL_UART_DMAStop
 .text.HAL_UART_TxCpltCallback
                0x000000000800466c        0x2 CMakeFiles/Car.elf.dir/Drivers/STM32F4xx_HAL_Driver/Src/stm32f4xx_hal_uart.c.obj
                0x000000000800466c                HAL_UART_TxCpltCallback
 .text.UART_EndTransmit_IT
                0x000000000800466e       0x1a CMakeFiles/Car.elf.dir/Drivers/STM32F4xx_HAL_Driver/Src/stm32f4xx_hal_uart.c.obj
 .text.HAL_UART_RxHalfCpltCallback
                0x0000000008004688        0x2 CMakeFiles/Car.elf.dir/Drivers/STM32F4xx_HAL_Driver/Src/stm32f4xx_hal_uart.c.obj
                0x0000000008004688                HAL_UART_RxHalfCpltCallback
 .text.HAL_UART_ErrorCallback
                0x000000000800468a        0x2 CMakeFiles/Car.elf.dir/Drivers/STM32F4xx_HAL_Driver/Src/stm32f4xx_hal_uart.c.obj
                0x000000000800468a                HAL_UART_ErrorCallback
 .text.UART_DMAError
                0x000000000800468c       0x58 CMakeFiles/Car.elf.dir/Drivers/STM32F4xx_HAL_Driver/Src/stm32f4xx_hal_uart.c.obj
 .text.UART_DMAAbortOnError
                0x00000000080046e4       0x10 CMakeFiles/Car.elf.dir/Drivers/STM32F4xx_HAL_Driver/Src/stm32f4xx_hal_uart.c.obj
 .text.HAL_UARTEx_RxEventCallback
                0x00000000080046f4        0x2 CMakeFiles/Car.elf.dir/Drivers/STM32F4xx_HAL_Driver/Src/stm32f4xx_hal_uart.c.obj
                0x00000000080046f4                HAL_UARTEx_RxEventCallback
 .text.UART_Receive_IT
                0x00000000080046f6       0xe6 CMakeFiles/Car.elf.dir/Drivers/STM32F4xx_HAL_Driver/Src/stm32f4xx_hal_uart.c.obj
 .text.HAL_UART_IRQHandler
                0x00000000080047dc      0x288 CMakeFiles/Car.elf.dir/Drivers/STM32F4xx_HAL_Driver/Src/stm32f4xx_hal_uart.c.obj
                0x00000000080047dc                HAL_UART_IRQHandler
 .text.UART_DMARxHalfCplt
                0x0000000008004a64       0x1e CMakeFiles/Car.elf.dir/Drivers/STM32F4xx_HAL_Driver/Src/stm32f4xx_hal_uart.c.obj
 .text.UART_DMAReceiveCplt
                0x0000000008004a82       0x9a CMakeFiles/Car.elf.dir/Drivers/STM32F4xx_HAL_Driver/Src/stm32f4xx_hal_uart.c.obj
 .text.UART_Start_Receive_IT
                0x0000000008004b1c       0x36 CMakeFiles/Car.elf.dir/Drivers/STM32F4xx_HAL_Driver/Src/stm32f4xx_hal_uart.c.obj
                0x0000000008004b1c                UART_Start_Receive_IT
 .text.HAL_UART_Receive_IT
                0x0000000008004b52       0x26 CMakeFiles/Car.elf.dir/Drivers/STM32F4xx_HAL_Driver/Src/stm32f4xx_hal_uart.c.obj
                0x0000000008004b52                HAL_UART_Receive_IT
 .text.UART_Start_Receive_DMA
                0x0000000008004b78       0xa4 CMakeFiles/Car.elf.dir/Drivers/STM32F4xx_HAL_Driver/Src/stm32f4xx_hal_uart.c.obj
                0x0000000008004b78                UART_Start_Receive_DMA
 .text.HAL_UART_Receive_DMA
                0x0000000008004c1c       0x26 CMakeFiles/Car.elf.dir/Drivers/STM32F4xx_HAL_Driver/Src/stm32f4xx_hal_uart.c.obj
                0x0000000008004c1c                HAL_UART_Receive_DMA
 *fill*         0x0000000008004c42        0x2 
 .text.Control_Proc
                0x0000000008004c44      0x6f8 CMakeFiles/Car.elf.dir/Task/Control.c.obj
                0x0000000008004c44                Control_Proc
 .text.My_ABS   0x000000000800533c        0xa CMakeFiles/Car.elf.dir/Task/Motor.c.obj
                0x000000000800533c                My_ABS
 *fill*         0x0000000008005346        0x2 
 .text.Motor_Receive_Data
                0x0000000008005348      0x1c4 CMakeFiles/Car.elf.dir/Task/Motor.c.obj
                0x0000000008005348                Motor_Receive_Data
 .text.Motor_Enable
                0x000000000800550c       0x38 CMakeFiles/Car.elf.dir/Task/Motor.c.obj
                0x000000000800550c                Motor_Enable
 .text.Motor_Reset
                0x0000000008005544       0x58 CMakeFiles/Car.elf.dir/Task/Motor.c.obj
                0x0000000008005544                Motor_Reset
 .text.Motor_Enable_All
                0x000000000800559c       0x22 CMakeFiles/Car.elf.dir/Task/Motor.c.obj
                0x000000000800559c                Motor_Enable_All
 *fill*         0x00000000080055be        0x2 
 .text.Motor_Init
                0x00000000080055c0       0x30 CMakeFiles/Car.elf.dir/Task/Motor.c.obj
                0x00000000080055c0                Motor_Init
 .text.Motor_State_Scan
                0x00000000080055f0       0x2c CMakeFiles/Car.elf.dir/Task/Motor.c.obj
                0x00000000080055f0                Motor_State_Scan
 .text.Motor_Read_Current
                0x000000000800561c       0x2c CMakeFiles/Car.elf.dir/Task/Motor.c.obj
                0x000000000800561c                Motor_Read_Current
 .text.Motor_Run
                0x0000000008005648       0x30 CMakeFiles/Car.elf.dir/Task/Motor.c.obj
                0x0000000008005648                Motor_Run
 .text.Motor_SetPosition
                0x0000000008005678       0x98 CMakeFiles/Car.elf.dir/Task/Motor.c.obj
                0x0000000008005678                Motor_SetPosition
 .text.Motor_SetPosition_Dir
                0x0000000008005710       0xb4 CMakeFiles/Car.elf.dir/Task/Motor.c.obj
                0x0000000008005710                Motor_SetPosition_Dir
 .text.Motor_SetPosition_A
                0x00000000080057c4       0xc4 CMakeFiles/Car.elf.dir/Task/Motor.c.obj
                0x00000000080057c4                Motor_SetPosition_A
 .text.Car_Go_Target
                0x0000000008005888      0x288 CMakeFiles/Car.elf.dir/Task/Motor.c.obj
                0x0000000008005888                Car_Go_Target
 .text.Car_Turn
                0x0000000008005b10      0x128 CMakeFiles/Car.elf.dir/Task/Motor.c.obj
                0x0000000008005b10                Car_Turn
 .text.Car_Calibration
                0x0000000008005c38      0x27c CMakeFiles/Car.elf.dir/Task/Motor.c.obj
                0x0000000008005c38                Car_Calibration
 .text.HuaGui_JiaoZhun
                0x0000000008005eb4       0x3c CMakeFiles/Car.elf.dir/Task/Motor.c.obj
                0x0000000008005eb4                HuaGui_JiaoZhun
 .text.HuaGui_UP
                0x0000000008005ef0       0x20 CMakeFiles/Car.elf.dir/Task/Motor.c.obj
                0x0000000008005ef0                HuaGui_UP
 .text.HuaGui_DOWN
                0x0000000008005f10       0x20 CMakeFiles/Car.elf.dir/Task/Motor.c.obj
                0x0000000008005f10                HuaGui_DOWN
 .text.HuaGui_DOWN2
                0x0000000008005f30       0x20 CMakeFiles/Car.elf.dir/Task/Motor.c.obj
                0x0000000008005f30                HuaGui_DOWN2
 .text.HuaGui_Fang
                0x0000000008005f50       0x20 CMakeFiles/Car.elf.dir/Task/Motor.c.obj
                0x0000000008005f50                HuaGui_Fang
 .text.HuaGui_Qu
                0x0000000008005f70       0x20 CMakeFiles/Car.elf.dir/Task/Motor.c.obj
                0x0000000008005f70                HuaGui_Qu
 .text.HuaGui_ZhuanPan
                0x0000000008005f90       0x20 CMakeFiles/Car.elf.dir/Task/Motor.c.obj
                0x0000000008005f90                HuaGui_ZhuanPan
 .text.HAL_TIM_PeriodElapsedCallback
                0x0000000008005fb0      0x188 CMakeFiles/Car.elf.dir/Task/Move.c.obj
                0x0000000008005fb0                HAL_TIM_PeriodElapsedCallback
 .text.Get_Loads
                0x0000000008006138      0x298 CMakeFiles/Car.elf.dir/Task/Move.c.obj
                0x0000000008006138                Get_Loads
 .text.Put_Loads
                0x00000000080063d0      0x254 CMakeFiles/Car.elf.dir/Task/Move.c.obj
                0x00000000080063d0                Put_Loads
 .text.Servo_SetAngle
                0x0000000008006624       0xe8 CMakeFiles/Car.elf.dir/Task/Servo.c.obj
                0x0000000008006624                Servo_SetAngle
 .text.Servo_Init
                0x000000000800670c       0x48 CMakeFiles/Car.elf.dir/Task/Servo.c.obj
                0x000000000800670c                Servo_Init
 .text.Servo_CallBack
                0x0000000008006754       0xe8 CMakeFiles/Car.elf.dir/Task/Servo.c.obj
                0x0000000008006754                Servo_CallBack
 .text.JiaZhua_Turn
                0x000000000800683c       0x6c CMakeFiles/Car.elf.dir/Task/Servo.c.obj
                0x000000000800683c                JiaZhua_Turn
 .text.HuaGui_Turn
                0x00000000080068a8       0x78 CMakeFiles/Car.elf.dir/Task/Servo.c.obj
                0x00000000080068a8                HuaGui_Turn
 .text.ZaiWu_Turn
                0x0000000008006920       0xd0 CMakeFiles/Car.elf.dir/Task/Servo.c.obj
                0x0000000008006920                ZaiWu_Turn
 .text.__errno  0x00000000080069f0        0xc /usr/local/arm/10.3/bin/../lib/gcc/arm-none-eabi/10.3.1/../../../../arm-none-eabi/lib/thumb/v7e-m/nofp/libg.a(lib_a-errno.o)
                0x00000000080069f0                __errno
 .text.__libc_init_array
                0x00000000080069fc       0x48 /usr/local/arm/10.3/bin/../lib/gcc/arm-none-eabi/10.3.1/../../../../arm-none-eabi/lib/thumb/v7e-m/nofp/libg.a(lib_a-init.o)
                0x00000000080069fc                __libc_init_array
 .text.memset   0x0000000008006a44       0xa4 /usr/local/arm/10.3/bin/../lib/gcc/arm-none-eabi/10.3.1/../../../../arm-none-eabi/lib/thumb/v7e-m/nofp/libg.a(lib_a-memset.o)
                0x0000000008006a44                memset
 .text.printf   0x0000000008006ae8       0x28 /usr/local/arm/10.3/bin/../lib/gcc/arm-none-eabi/10.3.1/../../../../arm-none-eabi/lib/thumb/v7e-m/nofp/libg.a(lib_a-printf.o)
                0x0000000008006ae8                printf
 .text._puts_r  0x0000000008006b10       0x9c /usr/local/arm/10.3/bin/../lib/gcc/arm-none-eabi/10.3.1/../../../../arm-none-eabi/lib/thumb/v7e-m/nofp/libg.a(lib_a-puts.o)
                0x0000000008006b10                _puts_r
 .text.puts     0x0000000008006bac       0x10 /usr/local/arm/10.3/bin/../lib/gcc/arm-none-eabi/10.3.1/../../../../arm-none-eabi/lib/thumb/v7e-m/nofp/libg.a(lib_a-puts.o)
                0x0000000008006bac                puts
 .text.setvbuf  0x0000000008006bbc      0x1b0 /usr/local/arm/10.3/bin/../lib/gcc/arm-none-eabi/10.3.1/../../../../arm-none-eabi/lib/thumb/v7e-m/nofp/libg.a(lib_a-setvbuf.o)
                0x0000000008006bbc                setvbuf
 .text._vfprintf_r
                0x0000000008006d6c     0x1ad4 /usr/local/arm/10.3/bin/../lib/gcc/arm-none-eabi/10.3.1/../../../../arm-none-eabi/lib/thumb/v7e-m/nofp/libg.a(lib_a-vfprintf.o)
                0x0000000008006d6c                _vfprintf_r
 .text.__sbprintf
                0x0000000008008840       0x80 /usr/local/arm/10.3/bin/../lib/gcc/arm-none-eabi/10.3.1/../../../../arm-none-eabi/lib/thumb/v7e-m/nofp/libg.a(lib_a-vfprintf.o)
 .text.__swsetup_r
                0x00000000080088c0       0xd4 /usr/local/arm/10.3/bin/../lib/gcc/arm-none-eabi/10.3.1/../../../../arm-none-eabi/lib/thumb/v7e-m/nofp/libg.a(lib_a-wsetup.o)
                0x00000000080088c0                __swsetup_r
 .text.quorem   0x0000000008008994      0x124 /usr/local/arm/10.3/bin/../lib/gcc/arm-none-eabi/10.3.1/../../../../arm-none-eabi/lib/thumb/v7e-m/nofp/libg.a(lib_a-dtoa.o)
 .text._dtoa_r  0x0000000008008ab8      0xec4 /usr/local/arm/10.3/bin/../lib/gcc/arm-none-eabi/10.3.1/../../../../arm-none-eabi/lib/thumb/v7e-m/nofp/libg.a(lib_a-dtoa.o)
                0x0000000008008ab8                _dtoa_r
 .text.__sflush_r
                0x000000000800997c      0x120 /usr/local/arm/10.3/bin/../lib/gcc/arm-none-eabi/10.3.1/../../../../arm-none-eabi/lib/thumb/v7e-m/nofp/libg.a(lib_a-fflush.o)
                0x000000000800997c                __sflush_r
 .text._fflush_r
                0x0000000008009a9c       0x5c /usr/local/arm/10.3/bin/../lib/gcc/arm-none-eabi/10.3.1/../../../../arm-none-eabi/lib/thumb/v7e-m/nofp/libg.a(lib_a-fflush.o)
                0x0000000008009a9c                _fflush_r
 .text._cleanup_r
                0x0000000008009af8        0xc /usr/local/arm/10.3/bin/../lib/gcc/arm-none-eabi/10.3.1/../../../../arm-none-eabi/lib/thumb/v7e-m/nofp/libg.a(lib_a-findfp.o)
                0x0000000008009af8                _cleanup_r
 .text.__sinit  0x0000000008009b04      0x10c /usr/local/arm/10.3/bin/../lib/gcc/arm-none-eabi/10.3.1/../../../../arm-none-eabi/lib/thumb/v7e-m/nofp/libg.a(lib_a-findfp.o)
                0x0000000008009b04                __sinit
 .text.__sfp_lock_acquire
                0x0000000008009c10        0xc /usr/local/arm/10.3/bin/../lib/gcc/arm-none-eabi/10.3.1/../../../../arm-none-eabi/lib/thumb/v7e-m/nofp/libg.a(lib_a-findfp.o)
                0x0000000008009c10                __sfp_lock_acquire
 .text.__sfp_lock_release
                0x0000000008009c1c        0xc /usr/local/arm/10.3/bin/../lib/gcc/arm-none-eabi/10.3.1/../../../../arm-none-eabi/lib/thumb/v7e-m/nofp/libg.a(lib_a-findfp.o)
                0x0000000008009c1c                __sfp_lock_release
 .text._malloc_trim_r
                0x0000000008009c28       0xa0 /usr/local/arm/10.3/bin/../lib/gcc/arm-none-eabi/10.3.1/../../../../arm-none-eabi/lib/thumb/v7e-m/nofp/libg.a(lib_a-freer.o)
                0x0000000008009c28                _malloc_trim_r
 .text._free_r  0x0000000008009cc8      0x20c /usr/local/arm/10.3/bin/../lib/gcc/arm-none-eabi/10.3.1/../../../../arm-none-eabi/lib/thumb/v7e-m/nofp/libg.a(lib_a-freer.o)
                0x0000000008009cc8                _free_r
 .text.__sfvwrite_r
                0x0000000008009ed4      0x2e8 /usr/local/arm/10.3/bin/../lib/gcc/arm-none-eabi/10.3.1/../../../../arm-none-eabi/lib/thumb/v7e-m/nofp/libg.a(lib_a-fvwrite.o)
                0x0000000008009ed4                __sfvwrite_r
 .text._fwalk_reent
                0x000000000800a1bc       0x48 /usr/local/arm/10.3/bin/../lib/gcc/arm-none-eabi/10.3.1/../../../../arm-none-eabi/lib/thumb/v7e-m/nofp/libg.a(lib_a-fwalk.o)
                0x000000000800a1bc                _fwalk_reent
 .text._localeconv_r
                0x000000000800a204        0x8 /usr/local/arm/10.3/bin/../lib/gcc/arm-none-eabi/10.3.1/../../../../arm-none-eabi/lib/thumb/v7e-m/nofp/libg.a(lib_a-localeconv.o)
                0x000000000800a204                _localeconv_r
 .text.__retarget_lock_init_recursive
                0x000000000800a20c        0x4 /usr/local/arm/10.3/bin/../lib/gcc/arm-none-eabi/10.3.1/../../../../arm-none-eabi/lib/thumb/v7e-m/nofp/libg.a(lib_a-lock.o)
                0x000000000800a20c                __retarget_lock_init_recursive
 .text.__retarget_lock_close_recursive
                0x000000000800a210        0x4 /usr/local/arm/10.3/bin/../lib/gcc/arm-none-eabi/10.3.1/../../../../arm-none-eabi/lib/thumb/v7e-m/nofp/libg.a(lib_a-lock.o)
                0x000000000800a210                __retarget_lock_close_recursive
 .text.__retarget_lock_acquire_recursive
                0x000000000800a214        0x4 /usr/local/arm/10.3/bin/../lib/gcc/arm-none-eabi/10.3.1/../../../../arm-none-eabi/lib/thumb/v7e-m/nofp/libg.a(lib_a-lock.o)
                0x000000000800a214                __retarget_lock_acquire_recursive
 .text.__retarget_lock_release_recursive
                0x000000000800a218        0x4 /usr/local/arm/10.3/bin/../lib/gcc/arm-none-eabi/10.3.1/../../../../arm-none-eabi/lib/thumb/v7e-m/nofp/libg.a(lib_a-lock.o)
                0x000000000800a218                __retarget_lock_release_recursive
 .text.__smakebuf_r
                0x000000000800a21c       0xe0 /usr/local/arm/10.3/bin/../lib/gcc/arm-none-eabi/10.3.1/../../../../arm-none-eabi/lib/thumb/v7e-m/nofp/libg.a(lib_a-makebuf.o)
                0x000000000800a21c                __smakebuf_r
 .text.__swhatbuf_r
                0x000000000800a2fc       0x60 /usr/local/arm/10.3/bin/../lib/gcc/arm-none-eabi/10.3.1/../../../../arm-none-eabi/lib/thumb/v7e-m/nofp/libg.a(lib_a-makebuf.o)
                0x000000000800a2fc                __swhatbuf_r
 .text.malloc   0x000000000800a35c       0x10 /usr/local/arm/10.3/bin/../lib/gcc/arm-none-eabi/10.3.1/../../../../arm-none-eabi/lib/thumb/v7e-m/nofp/libg.a(lib_a-malloc.o)
                0x000000000800a35c                malloc
 .text._malloc_r
                0x000000000800a36c      0x560 /usr/local/arm/10.3/bin/../lib/gcc/arm-none-eabi/10.3.1/../../../../arm-none-eabi/lib/thumb/v7e-m/nofp/libg.a(lib_a-mallocr.o)
                0x000000000800a36c                _malloc_r
 .text.memmove  0x000000000800a8cc       0xf8 /usr/local/arm/10.3/bin/../lib/gcc/arm-none-eabi/10.3.1/../../../../arm-none-eabi/lib/thumb/v7e-m/nofp/libg.a(lib_a-memmove.o)
                0x000000000800a8cc                memmove
 .text.__malloc_lock
                0x000000000800a9c4        0xc /usr/local/arm/10.3/bin/../lib/gcc/arm-none-eabi/10.3.1/../../../../arm-none-eabi/lib/thumb/v7e-m/nofp/libg.a(lib_a-mlock.o)
                0x000000000800a9c4                __malloc_lock
 .text.__malloc_unlock
                0x000000000800a9d0        0xc /usr/local/arm/10.3/bin/../lib/gcc/arm-none-eabi/10.3.1/../../../../arm-none-eabi/lib/thumb/v7e-m/nofp/libg.a(lib_a-mlock.o)
                0x000000000800a9d0                __malloc_unlock
 .text._Balloc  0x000000000800a9dc       0x4c /usr/local/arm/10.3/bin/../lib/gcc/arm-none-eabi/10.3.1/../../../../arm-none-eabi/lib/thumb/v7e-m/nofp/libg.a(lib_a-mprec.o)
                0x000000000800a9dc                _Balloc
 .text._Bfree   0x000000000800aa28       0x14 /usr/local/arm/10.3/bin/../lib/gcc/arm-none-eabi/10.3.1/../../../../arm-none-eabi/lib/thumb/v7e-m/nofp/libg.a(lib_a-mprec.o)
                0x000000000800aa28                _Bfree
 .text.__multadd
                0x000000000800aa3c       0xa0 /usr/local/arm/10.3/bin/../lib/gcc/arm-none-eabi/10.3.1/../../../../arm-none-eabi/lib/thumb/v7e-m/nofp/libg.a(lib_a-mprec.o)
                0x000000000800aa3c                __multadd
 .text.__hi0bits
                0x000000000800aadc       0x40 /usr/local/arm/10.3/bin/../lib/gcc/arm-none-eabi/10.3.1/../../../../arm-none-eabi/lib/thumb/v7e-m/nofp/libg.a(lib_a-mprec.o)
                0x000000000800aadc                __hi0bits
 .text.__lo0bits
                0x000000000800ab1c       0x5c /usr/local/arm/10.3/bin/../lib/gcc/arm-none-eabi/10.3.1/../../../../arm-none-eabi/lib/thumb/v7e-m/nofp/libg.a(lib_a-mprec.o)
                0x000000000800ab1c                __lo0bits
 .text.__i2b    0x000000000800ab78       0x5c /usr/local/arm/10.3/bin/../lib/gcc/arm-none-eabi/10.3.1/../../../../arm-none-eabi/lib/thumb/v7e-m/nofp/libg.a(lib_a-mprec.o)
                0x000000000800ab78                __i2b
 .text.__multiply
                0x000000000800abd4      0x15c /usr/local/arm/10.3/bin/../lib/gcc/arm-none-eabi/10.3.1/../../../../arm-none-eabi/lib/thumb/v7e-m/nofp/libg.a(lib_a-mprec.o)
                0x000000000800abd4                __multiply
 .text.__pow5mult
                0x000000000800ad30       0xc0 /usr/local/arm/10.3/bin/../lib/gcc/arm-none-eabi/10.3.1/../../../../arm-none-eabi/lib/thumb/v7e-m/nofp/libg.a(lib_a-mprec.o)
                0x000000000800ad30                __pow5mult
 .text.__lshift
                0x000000000800adf0       0xf0 /usr/local/arm/10.3/bin/../lib/gcc/arm-none-eabi/10.3.1/../../../../arm-none-eabi/lib/thumb/v7e-m/nofp/libg.a(lib_a-mprec.o)
                0x000000000800adf0                __lshift
 .text.__mcmp   0x000000000800aee0       0x40 /usr/local/arm/10.3/bin/../lib/gcc/arm-none-eabi/10.3.1/../../../../arm-none-eabi/lib/thumb/v7e-m/nofp/libg.a(lib_a-mprec.o)
                0x000000000800aee0                __mcmp
 .text.__mdiff  0x000000000800af20      0x14c /usr/local/arm/10.3/bin/../lib/gcc/arm-none-eabi/10.3.1/../../../../arm-none-eabi/lib/thumb/v7e-m/nofp/libg.a(lib_a-mprec.o)
                0x000000000800af20                __mdiff
 .text.__d2b    0x000000000800b06c       0xc4 /usr/local/arm/10.3/bin/../lib/gcc/arm-none-eabi/10.3.1/../../../../arm-none-eabi/lib/thumb/v7e-m/nofp/libg.a(lib_a-mprec.o)
                0x000000000800b06c                __d2b
 .text._realloc_r
                0x000000000800b130      0x3d8 /usr/local/arm/10.3/bin/../lib/gcc/arm-none-eabi/10.3.1/../../../../arm-none-eabi/lib/thumb/v7e-m/nofp/libg.a(lib_a-reallocr.o)
                0x000000000800b130                _realloc_r
 .text.frexp    0x000000000800b508       0x70 /usr/local/arm/10.3/bin/../lib/gcc/arm-none-eabi/10.3.1/../../../../arm-none-eabi/lib/thumb/v7e-m/nofp/libg.a(lib_a-s_frexp.o)
                0x000000000800b508                frexp
 .text._sbrk_r  0x000000000800b578       0x24 /usr/local/arm/10.3/bin/../lib/gcc/arm-none-eabi/10.3.1/../../../../arm-none-eabi/lib/thumb/v7e-m/nofp/libg.a(lib_a-sbrkr.o)
                0x000000000800b578                _sbrk_r
 .text.__sread  0x000000000800b59c       0x24 /usr/local/arm/10.3/bin/../lib/gcc/arm-none-eabi/10.3.1/../../../../arm-none-eabi/lib/thumb/v7e-m/nofp/libg.a(lib_a-stdio.o)
                0x000000000800b59c                __sread
 .text.__swrite
                0x000000000800b5c0       0x40 /usr/local/arm/10.3/bin/../lib/gcc/arm-none-eabi/10.3.1/../../../../arm-none-eabi/lib/thumb/v7e-m/nofp/libg.a(lib_a-stdio.o)
                0x000000000800b5c0                __swrite
 .text.__sseek  0x000000000800b600       0x20 /usr/local/arm/10.3/bin/../lib/gcc/arm-none-eabi/10.3.1/../../../../arm-none-eabi/lib/thumb/v7e-m/nofp/libg.a(lib_a-stdio.o)
                0x000000000800b600                __sseek
 .text.__sclose
                0x000000000800b620        0x8 /usr/local/arm/10.3/bin/../lib/gcc/arm-none-eabi/10.3.1/../../../../arm-none-eabi/lib/thumb/v7e-m/nofp/libg.a(lib_a-stdio.o)
                0x000000000800b620                __sclose
 .text.strncpy  0x000000000800b628       0x64 /usr/local/arm/10.3/bin/../lib/gcc/arm-none-eabi/10.3.1/../../../../arm-none-eabi/lib/thumb/v7e-m/nofp/libg.a(lib_a-strncpy.o)
                0x000000000800b628                strncpy
 .text.__sprint_r.part.0
                0x000000000800b68c       0x78 /usr/local/arm/10.3/bin/../lib/gcc/arm-none-eabi/10.3.1/../../../../arm-none-eabi/lib/thumb/v7e-m/nofp/libg.a(lib_a-vfiprintf.o)
 .text.__sprint_r
                0x000000000800b704       0x14 /usr/local/arm/10.3/bin/../lib/gcc/arm-none-eabi/10.3.1/../../../../arm-none-eabi/lib/thumb/v7e-m/nofp/libg.a(lib_a-vfiprintf.o)
                0x000000000800b704                __sprint_r
 .text._vfiprintf_r
                0x000000000800b718      0xda0 /usr/local/arm/10.3/bin/../lib/gcc/arm-none-eabi/10.3.1/../../../../arm-none-eabi/lib/thumb/v7e-m/nofp/libg.a(lib_a-vfiprintf.o)
                0x000000000800b718                _vfiprintf_r
 .text.__sbprintf
                0x000000000800c4b8       0x80 /usr/local/arm/10.3/bin/../lib/gcc/arm-none-eabi/10.3.1/../../../../arm-none-eabi/lib/thumb/v7e-m/nofp/libg.a(lib_a-vfiprintf.o)
 .text._write_r
                0x000000000800c538       0x2c /usr/local/arm/10.3/bin/../lib/gcc/arm-none-eabi/10.3.1/../../../../arm-none-eabi/lib/thumb/v7e-m/nofp/libg.a(lib_a-writer.o)
                0x000000000800c538                _write_r
 .text.__assert_func
                0x000000000800c564       0x40 /usr/local/arm/10.3/bin/../lib/gcc/arm-none-eabi/10.3.1/../../../../arm-none-eabi/lib/thumb/v7e-m/nofp/libg.a(lib_a-assert.o)
                0x000000000800c564                __assert_func
 .text._calloc_r
                0x000000000800c5a4       0x78 /usr/local/arm/10.3/bin/../lib/gcc/arm-none-eabi/10.3.1/../../../../arm-none-eabi/lib/thumb/v7e-m/nofp/libg.a(lib_a-callocr.o)
                0x000000000800c5a4                _calloc_r
 .text._close_r
                0x000000000800c61c       0x24 /usr/local/arm/10.3/bin/../lib/gcc/arm-none-eabi/10.3.1/../../../../arm-none-eabi/lib/thumb/v7e-m/nofp/libg.a(lib_a-closer.o)
                0x000000000800c61c                _close_r
 .text._fclose_r
                0x000000000800c640       0xcc /usr/local/arm/10.3/bin/../lib/gcc/arm-none-eabi/10.3.1/../../../../arm-none-eabi/lib/thumb/v7e-m/nofp/libg.a(lib_a-fclose.o)
                0x000000000800c640                _fclose_r
 .text.fiprintf
                0x000000000800c70c       0x28 /usr/local/arm/10.3/bin/../lib/gcc/arm-none-eabi/10.3.1/../../../../arm-none-eabi/lib/thumb/v7e-m/nofp/libg.a(lib_a-fiprintf.o)
                0x000000000800c70c                fiprintf
 .text.__fputwc
                0x000000000800c734       0xa8 /usr/local/arm/10.3/bin/../lib/gcc/arm-none-eabi/10.3.1/../../../../arm-none-eabi/lib/thumb/v7e-m/nofp/libg.a(lib_a-fputwc.o)
                0x000000000800c734                __fputwc
 .text._fputwc_r
                0x000000000800c7dc       0x68 /usr/local/arm/10.3/bin/../lib/gcc/arm-none-eabi/10.3.1/../../../../arm-none-eabi/lib/thumb/v7e-m/nofp/libg.a(lib_a-fputwc.o)
                0x000000000800c7dc                _fputwc_r
 .text._fstat_r
                0x000000000800c844       0x2c /usr/local/arm/10.3/bin/../lib/gcc/arm-none-eabi/10.3.1/../../../../arm-none-eabi/lib/thumb/v7e-m/nofp/libg.a(lib_a-fstatr.o)
                0x000000000800c844                _fstat_r
 .text._isatty_r
                0x000000000800c870       0x24 /usr/local/arm/10.3/bin/../lib/gcc/arm-none-eabi/10.3.1/../../../../arm-none-eabi/lib/thumb/v7e-m/nofp/libg.a(lib_a-isattyr.o)
                0x000000000800c870                _isatty_r
 .text.__locale_mb_cur_max
                0x000000000800c894        0xc /usr/local/arm/10.3/bin/../lib/gcc/arm-none-eabi/10.3.1/../../../../arm-none-eabi/lib/thumb/v7e-m/nofp/libg.a(lib_a-locale.o)
                0x000000000800c894                __locale_mb_cur_max
 .text._lseek_r
                0x000000000800c8a0       0x2c /usr/local/arm/10.3/bin/../lib/gcc/arm-none-eabi/10.3.1/../../../../arm-none-eabi/lib/thumb/v7e-m/nofp/libg.a(lib_a-lseekr.o)
                0x000000000800c8a0                _lseek_r
 .text.__ascii_mbtowc
                0x000000000800c8cc       0x2c /usr/local/arm/10.3/bin/../lib/gcc/arm-none-eabi/10.3.1/../../../../arm-none-eabi/lib/thumb/v7e-m/nofp/libg.a(lib_a-mbtowc_r.o)
                0x000000000800c8cc                __ascii_mbtowc
 .text._read_r  0x000000000800c8f8       0x2c /usr/local/arm/10.3/bin/../lib/gcc/arm-none-eabi/10.3.1/../../../../arm-none-eabi/lib/thumb/v7e-m/nofp/libg.a(lib_a-readr.o)
                0x000000000800c8f8                _read_r
 .text.__swbuf_r
                0x000000000800c924       0xb0 /usr/local/arm/10.3/bin/../lib/gcc/arm-none-eabi/10.3.1/../../../../arm-none-eabi/lib/thumb/v7e-m/nofp/libg.a(lib_a-wbuf.o)
                0x000000000800c924                __swbuf_r
 .text._wcrtomb_r
                0x000000000800c9d4       0x3c /usr/local/arm/10.3/bin/../lib/gcc/arm-none-eabi/10.3.1/../../../../arm-none-eabi/lib/thumb/v7e-m/nofp/libg.a(lib_a-wcrtomb.o)
                0x000000000800c9d4                _wcrtomb_r
 .text.__ascii_wctomb
                0x000000000800ca10       0x1c /usr/local/arm/10.3/bin/../lib/gcc/arm-none-eabi/10.3.1/../../../../arm-none-eabi/lib/thumb/v7e-m/nofp/libg.a(lib_a-wctomb_r.o)
                0x000000000800ca10                __ascii_wctomb
 .text.abort    0x000000000800ca2c       0x10 /usr/local/arm/10.3/bin/../lib/gcc/arm-none-eabi/10.3.1/../../../../arm-none-eabi/lib/thumb/v7e-m/nofp/libg.a(lib_a-abort.o)
                0x000000000800ca2c                abort
 .text.raise    0x000000000800ca3c       0x5c /usr/local/arm/10.3/bin/../lib/gcc/arm-none-eabi/10.3.1/../../../../arm-none-eabi/lib/thumb/v7e-m/nofp/libg.a(lib_a-signal.o)
                0x000000000800ca3c                raise
 .text._kill_r  0x000000000800ca98       0x2c /usr/local/arm/10.3/bin/../lib/gcc/arm-none-eabi/10.3.1/../../../../arm-none-eabi/lib/thumb/v7e-m/nofp/libg.a(lib_a-signalr.o)
                0x000000000800ca98                _kill_r
 .text._getpid_r
                0x000000000800cac4        0x4 /usr/local/arm/10.3/bin/../lib/gcc/arm-none-eabi/10.3.1/../../../../arm-none-eabi/lib/thumb/v7e-m/nofp/libg.a(lib_a-signalr.o)
                0x000000000800cac4                _getpid_r
 .text.sqrt     0x000000000800cac8       0x50 /usr/local/arm/10.3/bin/../lib/gcc/arm-none-eabi/10.3.1/../../../../arm-none-eabi/lib/thumb/v7e-m/nofp/libm.a(lib_a-w_sqrt.o)
                0x000000000800cac8                sqrt
 .text.__ieee754_sqrt
                0x000000000800cb18      0x18c /usr/local/arm/10.3/bin/../lib/gcc/arm-none-eabi/10.3.1/../../../../arm-none-eabi/lib/thumb/v7e-m/nofp/libm.a(lib_a-e_sqrt.o)
                0x000000000800cb18                __ieee754_sqrt
 *(.glue_7)
 .glue_7        0x000000000800cca4        0x0 linker stubs
 *(.glue_7t)
 .glue_7t       0x000000000800cca4        0x0 linker stubs
 *(.eh_frame)
 *(.init)
 .init          0x000000000800cca4        0x4 /usr/local/arm/10.3/bin/../lib/gcc/arm-none-eabi/10.3.1/thumb/v7e-m/nofp/crti.o
                0x000000000800cca4                _init
 .init          0x000000000800cca8        0x8 /usr/local/arm/10.3/bin/../lib/gcc/arm-none-eabi/10.3.1/thumb/v7e-m/nofp/crtn.o
 *(.fini)
 .fini          0x000000000800ccb0        0x4 /usr/local/arm/10.3/bin/../lib/gcc/arm-none-eabi/10.3.1/thumb/v7e-m/nofp/crti.o
                0x000000000800ccb0                _fini
 .fini          0x000000000800ccb4        0x8 /usr/local/arm/10.3/bin/../lib/gcc/arm-none-eabi/10.3.1/thumb/v7e-m/nofp/crtn.o
                0x000000000800ccbc                . = ALIGN (0x4)
                0x000000000800ccbc                _etext = .

.vfp11_veneer   0x000000000800ccbc        0x0
 .vfp11_veneer  0x000000000800ccbc        0x0 linker stubs

.v4_bx          0x000000000800ccbc        0x0
 .v4_bx         0x000000000800ccbc        0x0 linker stubs

.iplt           0x000000000800ccbc        0x0
 .iplt          0x000000000800ccbc        0x0 CMakeFiles/Car.elf.dir/Bsp/Bsp.c.obj

.rodata         0x000000000800ccc0      0x558
                0x000000000800ccc0                . = ALIGN (0x4)
 *(.rodata)
 *(.rodata*)
 .rodata.HuaGui_Init_Proc.str1.4
                0x000000000800ccc0       0x22 CMakeFiles/Car.elf.dir/Bsp/Bsp.c.obj
 *fill*         0x000000000800cce2        0x2 
 .rodata.main.str1.4
                0x000000000800cce4       0x17 CMakeFiles/Car.elf.dir/Core/Src/main.c.obj
 *fill*         0x000000000800ccfb        0x1 
 .rodata.AHBPrescTable
                0x000000000800ccfc       0x10 CMakeFiles/Car.elf.dir/Core/Src/system_stm32f4xx.c.obj
                0x000000000800ccfc                AHBPrescTable
 .rodata.APBPrescTable
                0x000000000800cd0c        0x8 CMakeFiles/Car.elf.dir/Core/Src/system_stm32f4xx.c.obj
                0x000000000800cd0c                APBPrescTable
 .rodata.flagBitshiftOffset.0
                0x000000000800cd14        0x8 CMakeFiles/Car.elf.dir/Drivers/STM32F4xx_HAL_Driver/Src/stm32f4xx_hal_dma.c.obj
 .rodata.Control_Proc.str1.4
                0x000000000800cd1c       0xa0 CMakeFiles/Car.elf.dir/Task/Control.c.obj
 .rodata.Motor_Receive_Data.str1.4
                0x000000000800cdbc       0x42 CMakeFiles/Car.elf.dir/Task/Motor.c.obj
                                         0x46 (size before relaxing)
 *fill*         0x000000000800cdfe        0x2 
 .rodata.Car_Go_Target.str1.4
                0x000000000800ce00       0x1f CMakeFiles/Car.elf.dir/Task/Motor.c.obj
 .rodata._puts_r.str1.4
                0x000000000800ce1f       0x1f /usr/local/arm/10.3/bin/../lib/gcc/arm-none-eabi/10.3.1/../../../../arm-none-eabi/lib/thumb/v7e-m/nofp/libg.a(lib_a-puts.o)
                                          0x2 (size before relaxing)
 *fill*         0x000000000800ce1f        0x1 
 .rodata._vfprintf_r.str1.4
                0x000000000800ce20       0x42 /usr/local/arm/10.3/bin/../lib/gcc/arm-none-eabi/10.3.1/../../../../arm-none-eabi/lib/thumb/v7e-m/nofp/libg.a(lib_a-vfprintf.o)
 *fill*         0x000000000800ce62        0x2 
 .rodata.blanks.1
                0x000000000800ce64       0x10 /usr/local/arm/10.3/bin/../lib/gcc/arm-none-eabi/10.3.1/../../../../arm-none-eabi/lib/thumb/v7e-m/nofp/libg.a(lib_a-vfprintf.o)
 .rodata.zeroes.0
                0x000000000800ce74       0x10 /usr/local/arm/10.3/bin/../lib/gcc/arm-none-eabi/10.3.1/../../../../arm-none-eabi/lib/thumb/v7e-m/nofp/libg.a(lib_a-vfprintf.o)
 .rodata._dtoa_r.str1.4
                0x000000000800ce84       0xa2 /usr/local/arm/10.3/bin/../lib/gcc/arm-none-eabi/10.3.1/../../../../arm-none-eabi/lib/thumb/v7e-m/nofp/libg.a(lib_a-dtoa.o)
                                         0xa6 (size before relaxing)
 *fill*         0x000000000800cf26        0x2 
 .rodata.__multadd.str1.4
                0x000000000800cf28       0x7f /usr/local/arm/10.3/bin/../lib/gcc/arm-none-eabi/10.3.1/../../../../arm-none-eabi/lib/thumb/v7e-m/nofp/libg.a(lib_a-mprec.o)
                                         0x93 (size before relaxing)
 *fill*         0x000000000800cfa7        0x1 
 .rodata.__mprec_bigtens
                0x000000000800cfa8       0x28 /usr/local/arm/10.3/bin/../lib/gcc/arm-none-eabi/10.3.1/../../../../arm-none-eabi/lib/thumb/v7e-m/nofp/libg.a(lib_a-mprec.o)
                0x000000000800cfa8                __mprec_bigtens
 .rodata.__mprec_tens
                0x000000000800cfd0       0xc8 /usr/local/arm/10.3/bin/../lib/gcc/arm-none-eabi/10.3.1/../../../../arm-none-eabi/lib/thumb/v7e-m/nofp/libg.a(lib_a-mprec.o)
                0x000000000800cfd0                __mprec_tens
 .rodata.p05.0  0x000000000800d098        0xc /usr/local/arm/10.3/bin/../lib/gcc/arm-none-eabi/10.3.1/../../../../arm-none-eabi/lib/thumb/v7e-m/nofp/libg.a(lib_a-mprec.o)
 .rodata._vfiprintf_r.str1.4
                0x000000000800d0a4       0x2f /usr/local/arm/10.3/bin/../lib/gcc/arm-none-eabi/10.3.1/../../../../arm-none-eabi/lib/thumb/v7e-m/nofp/libg.a(lib_a-vfiprintf.o)
 .rodata.blanks.1
                0x000000000800d0a4       0x10 /usr/local/arm/10.3/bin/../lib/gcc/arm-none-eabi/10.3.1/../../../../arm-none-eabi/lib/thumb/v7e-m/nofp/libg.a(lib_a-vfiprintf.o)
 .rodata.zeroes.0
                0x000000000800d0b4       0x10 /usr/local/arm/10.3/bin/../lib/gcc/arm-none-eabi/10.3.1/../../../../arm-none-eabi/lib/thumb/v7e-m/nofp/libg.a(lib_a-vfiprintf.o)
 .rodata.__assert_func.str1.4
                0x000000000800d0c4       0x3f /usr/local/arm/10.3/bin/../lib/gcc/arm-none-eabi/10.3.1/../../../../arm-none-eabi/lib/thumb/v7e-m/nofp/libg.a(lib_a-assert.o)
                                         0x43 (size before relaxing)
 *fill*         0x000000000800d103        0x1 
 .rodata._setlocale_r.str1.4
                0x000000000800d104        0xa /usr/local/arm/10.3/bin/../lib/gcc/arm-none-eabi/10.3.1/../../../../arm-none-eabi/lib/thumb/v7e-m/nofp/libg.a(lib_a-locale.o)
                                          0xd (size before relaxing)
 *fill*         0x000000000800d10e        0x2 
 .rodata.str1.4
                0x000000000800d110        0x2 /usr/local/arm/10.3/bin/../lib/gcc/arm-none-eabi/10.3.1/../../../../arm-none-eabi/lib/thumb/v7e-m/nofp/libg.a(lib_a-locale.o)
 *fill*         0x000000000800d112        0x2 
 .rodata._ctype_
                0x000000000800d114      0x101 /usr/local/arm/10.3/bin/../lib/gcc/arm-none-eabi/10.3.1/../../../../arm-none-eabi/lib/thumb/v7e-m/nofp/libg.a(lib_a-ctype_.o)
                0x000000000800d114                _ctype_
                0x000000000800d218                . = ALIGN (0x4)
 *fill*         0x000000000800d215        0x3 
                0x000000000800d220                _sidata = LOADADDR (.data)

.ARM.exidx      0x000000000800d218        0x8
 .ARM.exidx     0x000000000800d218        0x8 /usr/local/arm/10.3/bin/../lib/gcc/arm-none-eabi/10.3.1/thumb/v7e-m/nofp/libgcc.a(_udivmoddi4.o)

.rel.dyn        0x000000000800d220        0x0
 .rel.iplt      0x000000000800d220        0x0 CMakeFiles/Car.elf.dir/Bsp/Bsp.c.obj

.data           0x0000000020000000      0x9d4 load address 0x000000000800d220
                0x0000000020000000                . = ALIGN (0x4)
                0x0000000020000000                _sdata = .
 *(.data)
 *(.data*)
 .data.SystemCoreClock
                0x0000000020000000        0x4 CMakeFiles/Car.elf.dir/Core/Src/system_stm32f4xx.c.obj
                0x0000000020000000                SystemCoreClock
 .data.uwTickFreq
                0x0000000020000004        0x1 CMakeFiles/Car.elf.dir/Drivers/STM32F4xx_HAL_Driver/Src/stm32f4xx_hal.c.obj
                0x0000000020000004                uwTickFreq
 *fill*         0x0000000020000005        0x3 
 .data.uwTickPrio
                0x0000000020000008        0x4 CMakeFiles/Car.elf.dir/Drivers/STM32F4xx_HAL_Driver/Src/stm32f4xx_hal.c.obj
                0x0000000020000008                uwTickPrio
 .data.Car_Acc  0x000000002000000c        0x2 CMakeFiles/Car.elf.dir/Task/Control.c.obj
                0x000000002000000c                Car_Acc
 .data.Car_Acc_Slow
                0x000000002000000e        0x2 CMakeFiles/Car.elf.dir/Task/Control.c.obj
                0x000000002000000e                Car_Acc_Slow
 .data.Car_Speed
                0x0000000020000010        0x2 CMakeFiles/Car.elf.dir/Task/Control.c.obj
                0x0000000020000010                Car_Speed
 .data.Car_Speed_Slow
                0x0000000020000012        0x2 CMakeFiles/Car.elf.dir/Task/Control.c.obj
                0x0000000020000012                Car_Speed_Slow
 .data.Car_Turn_Speed_Limit
                0x0000000020000014        0x2 CMakeFiles/Car.elf.dir/Task/Control.c.obj
                0x0000000020000014                Car_Turn_Speed_Limit
 .data.Motor_HuaGui_ACC
                0x0000000020000016        0x2 CMakeFiles/Car.elf.dir/Task/Control.c.obj
                0x0000000020000016                Motor_HuaGui_ACC
 .data.Motor_HuaGui_Speed
                0x0000000020000018        0x2 CMakeFiles/Car.elf.dir/Task/Control.c.obj
                0x0000000020000018                Motor_HuaGui_Speed
 .data.Running_Mode
                0x000000002000001a        0x1 CMakeFiles/Car.elf.dir/Task/Control.c.obj
                0x000000002000001a                Running_Mode
 .data.Last_Motor_Stop_Flag_Car
                0x000000002000001b        0x1 CMakeFiles/Car.elf.dir/Task/Motor.c.obj
                0x000000002000001b                Last_Motor_Stop_Flag_Car
 .data.Stop_Flag_HuaGui
                0x000000002000001c        0x1 CMakeFiles/Car.elf.dir/Task/Motor.c.obj
                0x000000002000001c                Stop_Flag_HuaGui
 *fill*         0x000000002000001d        0x3 
 .data.HuaGui_Angle
                0x0000000020000020        0x4 CMakeFiles/Car.elf.dir/Task/Servo.c.obj
                0x0000000020000020                HuaGui_Angle
 .data.JiaZhua_Angle
                0x0000000020000024        0x4 CMakeFiles/Car.elf.dir/Task/Servo.c.obj
                0x0000000020000024                JiaZhua_Angle
 .data.ZaiWu_Angle
                0x0000000020000028        0x4 CMakeFiles/Car.elf.dir/Task/Servo.c.obj
                0x0000000020000028                ZaiWu_Angle
 .data._impure_ptr
                0x000000002000002c        0x4 /usr/local/arm/10.3/bin/../lib/gcc/arm-none-eabi/10.3.1/../../../../arm-none-eabi/lib/thumb/v7e-m/nofp/libg.a(lib_a-impure.o)
                0x000000002000002c                _impure_ptr
 .data.impure_data
                0x0000000020000030      0x428 /usr/local/arm/10.3/bin/../lib/gcc/arm-none-eabi/10.3.1/../../../../arm-none-eabi/lib/thumb/v7e-m/nofp/libg.a(lib_a-impure.o)
 .data.__malloc_av_
                0x0000000020000458      0x408 /usr/local/arm/10.3/bin/../lib/gcc/arm-none-eabi/10.3.1/../../../../arm-none-eabi/lib/thumb/v7e-m/nofp/libg.a(lib_a-mallocr.o)
                0x0000000020000458                __malloc_av_
 .data.__malloc_sbrk_base
                0x0000000020000860        0x4 /usr/local/arm/10.3/bin/../lib/gcc/arm-none-eabi/10.3.1/../../../../arm-none-eabi/lib/thumb/v7e-m/nofp/libg.a(lib_a-mallocr.o)
                0x0000000020000860                __malloc_sbrk_base
 .data.__malloc_trim_threshold
                0x0000000020000864        0x4 /usr/local/arm/10.3/bin/../lib/gcc/arm-none-eabi/10.3.1/../../../../arm-none-eabi/lib/thumb/v7e-m/nofp/libg.a(lib_a-mallocr.o)
                0x0000000020000864                __malloc_trim_threshold
 .data.__global_locale
                0x0000000020000868      0x16c /usr/local/arm/10.3/bin/../lib/gcc/arm-none-eabi/10.3.1/../../../../arm-none-eabi/lib/thumb/v7e-m/nofp/libg.a(lib_a-locale.o)
                0x0000000020000868                __global_locale
 *(.RamFunc)
 *(.RamFunc*)
                0x00000000200009d4                . = ALIGN (0x4)
                0x00000000200009d4                _edata = .
                0x000000000800dbf4                _siccmram = LOADADDR (.ccmram)

.igot.plt       0x00000000200009d4        0x0 load address 0x000000000800dbf4
 .igot.plt      0x00000000200009d4        0x0 CMakeFiles/Car.elf.dir/Bsp/Bsp.c.obj

.ccmram         0x0000000010000000        0x0 load address 0x000000000800dbf4
                0x0000000010000000                . = ALIGN (0x4)
                0x0000000010000000                _sccmram = .
 *(.ccmram)
 *(.ccmram*)
                0x0000000010000000                . = ALIGN (0x4)
                0x0000000010000000                _eccmram = .
                0x0000000010000000                . = ALIGN (0x4)

.bss            0x00000000200009d8      0x764
                0x00000000200009d8                _sbss = .
                0x00000000200009d8                __bss_start__ = _sbss
 *(.bss)
 *(.bss*)
 .bss.HuaGui_Init_State
                0x00000000200009d8        0x1 CMakeFiles/Car.elf.dir/Bsp/Bsp.c.obj
                0x00000000200009d8                HuaGui_Init_State
 *fill*         0x00000000200009d9        0x3 
 .bss.JY901_data
                0x00000000200009dc       0x48 CMakeFiles/Car.elf.dir/Bsp/JY901.c.obj
                0x00000000200009dc                JY901_data
 .bss.Kalman_Set_Data_Flag
                0x0000000020000a24        0x1 CMakeFiles/Car.elf.dir/Bsp/JY901.c.obj
                0x0000000020000a24                Kalman_Set_Data_Flag
 .bss.Kalman_count
                0x0000000020000a25        0x1 CMakeFiles/Car.elf.dir/Bsp/JY901.c.obj
                0x0000000020000a25                Kalman_count
 *fill*         0x0000000020000a26        0x2 
 .bss.kalman    0x0000000020000a28       0xf0 CMakeFiles/Car.elf.dir/Bsp/JY901.c.obj
                0x0000000020000a28                kalman
 .bss.last_Kalman
                0x0000000020000b18        0xc CMakeFiles/Car.elf.dir/Bsp/JY901.c.obj
                0x0000000020000b18                last_Kalman
 .bss.stcAcc    0x0000000020000b24        0x8 CMakeFiles/Car.elf.dir/Bsp/JY901.c.obj
                0x0000000020000b24                stcAcc
 .bss.stcAngle  0x0000000020000b2c        0x8 CMakeFiles/Car.elf.dir/Bsp/JY901.c.obj
                0x0000000020000b2c                stcAngle
 .bss.stcGyro   0x0000000020000b34        0x8 CMakeFiles/Car.elf.dir/Bsp/JY901.c.obj
                0x0000000020000b34                stcGyro
 .bss.fac_us    0x0000000020000b3c        0x1 CMakeFiles/Car.elf.dir/Bsp/My_Delay.c.obj
 *fill*         0x0000000020000b3d        0x3 
 .bss.JY_Yaw    0x0000000020000b40        0x4 CMakeFiles/Car.elf.dir/Bsp/Uart_Bsp.c.obj
                0x0000000020000b40                JY_Yaw
 .bss.gHuart    0x0000000020000b44        0x4 CMakeFiles/Car.elf.dir/Bsp/retarget.c.obj
                0x0000000020000b44                gHuart
 .bss.hi2c1     0x0000000020000b48       0x54 CMakeFiles/Car.elf.dir/Core/Src/i2c.c.obj
                0x0000000020000b48                hi2c1
 .bss.__sbrk_heap_end
                0x0000000020000b9c        0x4 CMakeFiles/Car.elf.dir/Core/Src/sysmem.c.obj
 .bss.htim3     0x0000000020000ba0       0x48 CMakeFiles/Car.elf.dir/Core/Src/tim.c.obj
                0x0000000020000ba0                htim3
 .bss.htim6     0x0000000020000be8       0x48 CMakeFiles/Car.elf.dir/Core/Src/tim.c.obj
                0x0000000020000be8                htim6
 .bss.htim7     0x0000000020000c30       0x48 CMakeFiles/Car.elf.dir/Core/Src/tim.c.obj
                0x0000000020000c30                htim7
 .bss.hdma_usart3_rx
                0x0000000020000c78       0x60 CMakeFiles/Car.elf.dir/Core/Src/usart.c.obj
                0x0000000020000c78                hdma_usart3_rx
 .bss.huart1    0x0000000020000cd8       0x48 CMakeFiles/Car.elf.dir/Core/Src/usart.c.obj
                0x0000000020000cd8                huart1
 .bss.huart2    0x0000000020000d20       0x48 CMakeFiles/Car.elf.dir/Core/Src/usart.c.obj
                0x0000000020000d20                huart2
 .bss.huart3    0x0000000020000d68       0x48 CMakeFiles/Car.elf.dir/Core/Src/usart.c.obj
                0x0000000020000d68                huart3
 .bss.huart4    0x0000000020000db0       0x48 CMakeFiles/Car.elf.dir/Core/Src/usart.c.obj
                0x0000000020000db0                huart4
 .bss.huart5    0x0000000020000df8       0x48 CMakeFiles/Car.elf.dir/Core/Src/usart.c.obj
                0x0000000020000df8                huart5
 .bss.huart6    0x0000000020000e40       0x48 CMakeFiles/Car.elf.dir/Core/Src/usart.c.obj
                0x0000000020000e40                huart6
 .bss.uwTick    0x0000000020000e88        0x4 CMakeFiles/Car.elf.dir/Drivers/STM32F4xx_HAL_Driver/Src/stm32f4xx_hal.c.obj
                0x0000000020000e88                uwTick
 .bss.Last_Data1.8
                0x0000000020000e8c        0x1 CMakeFiles/Car.elf.dir/Task/Control.c.obj
 .bss.Running_Flag
                0x0000000020000e8d        0x1 CMakeFiles/Car.elf.dir/Task/Control.c.obj
                0x0000000020000e8d                Running_Flag
 *fill*         0x0000000020000e8e        0x2 
 .bss.Task_Data1
                0x0000000020000e90       0xc8 CMakeFiles/Car.elf.dir/Task/Control.c.obj
                0x0000000020000e90                Task_Data1
 .bss.Task_Data2
                0x0000000020000f58       0xc8 CMakeFiles/Car.elf.dir/Task/Control.c.obj
                0x0000000020000f58                Task_Data2
 .bss.Task_Flag
                0x0000000020001020       0x64 CMakeFiles/Car.elf.dir/Task/Control.c.obj
                0x0000000020001020                Task_Flag
 .bss.Task_Num_0
                0x0000000020001084        0x1 CMakeFiles/Car.elf.dir/Task/Control.c.obj
                0x0000000020001084                Task_Num_0
 *fill*         0x0000000020001085        0x1 
 .bss.Task_Num_1
                0x0000000020001086        0x2 CMakeFiles/Car.elf.dir/Task/Control.c.obj
                0x0000000020001086                Task_Num_1
 .bss.Task_Num_2
                0x0000000020001088        0x2 CMakeFiles/Car.elf.dir/Task/Control.c.obj
                0x0000000020001088                Task_Num_2
 .bss.temp.0    0x000000002000108a        0x1 CMakeFiles/Car.elf.dir/Task/Control.c.obj
 .bss.temp.1    0x000000002000108b        0x1 CMakeFiles/Car.elf.dir/Task/Control.c.obj
 .bss.temp.10   0x000000002000108c        0x1 CMakeFiles/Car.elf.dir/Task/Control.c.obj
 .bss.temp.11   0x000000002000108d        0x1 CMakeFiles/Car.elf.dir/Task/Control.c.obj
 .bss.temp.4    0x000000002000108e        0x1 CMakeFiles/Car.elf.dir/Task/Control.c.obj
 .bss.temp.7    0x000000002000108f        0x1 CMakeFiles/Car.elf.dir/Task/Control.c.obj
 .bss.temp.9    0x0000000020001090        0x1 CMakeFiles/Car.elf.dir/Task/Control.c.obj
 .bss.temp1.3   0x0000000020001091        0x1 CMakeFiles/Car.elf.dir/Task/Control.c.obj
 .bss.temp1.6   0x0000000020001092        0x1 CMakeFiles/Car.elf.dir/Task/Control.c.obj
 .bss.temp2.2   0x0000000020001093        0x1 CMakeFiles/Car.elf.dir/Task/Control.c.obj
 .bss.temp2.5   0x0000000020001094        0x1 CMakeFiles/Car.elf.dir/Task/Control.c.obj
 .bss.HuaGui_Motor_State
                0x0000000020001095        0x1 CMakeFiles/Car.elf.dir/Task/Motor.c.obj
                0x0000000020001095                HuaGui_Motor_State
 .bss.Motor_HuaGui_Current_amount
                0x0000000020001096        0x2 CMakeFiles/Car.elf.dir/Task/Motor.c.obj
                0x0000000020001096                Motor_HuaGui_Current_amount
 .bss.Motor_RxBuff
                0x0000000020001098        0x1 CMakeFiles/Car.elf.dir/Task/Motor.c.obj
                0x0000000020001098                Motor_RxBuff
 .bss.Motor_Stop_Flag_Car
                0x0000000020001099        0x1 CMakeFiles/Car.elf.dir/Task/Motor.c.obj
                0x0000000020001099                Motor_Stop_Flag_Car
 *fill*         0x000000002000109a        0x2 
 .bss.RxBuffer1
                0x000000002000109c       0x14 CMakeFiles/Car.elf.dir/Task/Motor.c.obj
                0x000000002000109c                RxBuffer1
 .bss.RxCounter1.6
                0x00000000200010b0        0x1 CMakeFiles/Car.elf.dir/Task/Motor.c.obj
 .bss.RxState.7
                0x00000000200010b1        0x1 CMakeFiles/Car.elf.dir/Task/Motor.c.obj
 *fill*         0x00000000200010b2        0x2 
 .bss.Send_Data
                0x00000000200010b4       0x14 CMakeFiles/Car.elf.dir/Task/Motor.c.obj
                0x00000000200010b4                Send_Data
 .bss.Temp_State.1
                0x00000000200010c8        0x1 CMakeFiles/Car.elf.dir/Task/Motor.c.obj
 .bss.Temp_State.3
                0x00000000200010c9        0x1 CMakeFiles/Car.elf.dir/Task/Motor.c.obj
 *fill*         0x00000000200010ca        0x2 
 .bss.Temp_Yaw.0
                0x00000000200010cc        0x4 CMakeFiles/Car.elf.dir/Task/Motor.c.obj
 .bss.Car_Counter
                0x00000000200010d0        0x2 CMakeFiles/Car.elf.dir/Task/Move.c.obj
                0x00000000200010d0                Car_Counter
 .bss.Car_Counter_Enable
                0x00000000200010d2        0x1 CMakeFiles/Car.elf.dir/Task/Move.c.obj
                0x00000000200010d2                Car_Counter_Enable
 *fill*         0x00000000200010d3        0x1 
 .bss.Car_Counter_Times
                0x00000000200010d4        0x2 CMakeFiles/Car.elf.dir/Task/Move.c.obj
                0x00000000200010d4                Car_Counter_Times
 .bss.Car_Task_Time
                0x00000000200010d6        0x2 CMakeFiles/Car.elf.dir/Task/Move.c.obj
                0x00000000200010d6                Car_Task_Time
 .bss.Counter   0x00000000200010d8        0x2 CMakeFiles/Car.elf.dir/Task/Move.c.obj
                0x00000000200010d8                Counter
 .bss.Counter_Enable
                0x00000000200010da        0x1 CMakeFiles/Car.elf.dir/Task/Move.c.obj
                0x00000000200010da                Counter_Enable
 *fill*         0x00000000200010db        0x1 
 .bss.Counter_Times
                0x00000000200010dc        0x2 CMakeFiles/Car.elf.dir/Task/Move.c.obj
                0x00000000200010dc                Counter_Times
 .bss.Get_Loads_State.1
                0x00000000200010de        0x1 CMakeFiles/Car.elf.dir/Task/Move.c.obj
 *fill*         0x00000000200010df        0x1 
 .bss.Kalman_time
                0x00000000200010e0        0x2 CMakeFiles/Car.elf.dir/Task/Move.c.obj
                0x00000000200010e0                Kalman_time
 .bss.Motor_Stop_Flag_Car_Kalman
                0x00000000200010e2        0x1 CMakeFiles/Car.elf.dir/Task/Move.c.obj
                0x00000000200010e2                Motor_Stop_Flag_Car_Kalman
 .bss.Put_Loads_State.0
                0x00000000200010e3        0x1 CMakeFiles/Car.elf.dir/Task/Move.c.obj
 *fill*         0x00000000200010e4        0x4 
 .bss.Yaw_Compensate
                0x00000000200010e8        0x8 CMakeFiles/Car.elf.dir/Task/Move.c.obj
                0x00000000200010e8                Yaw_Compensate
 .bss.u10ms     0x00000000200010f0        0x2 CMakeFiles/Car.elf.dir/Task/Move.c.obj
                0x00000000200010f0                u10ms
 .bss.HuaGui_Servo_Flag
                0x00000000200010f2        0x1 CMakeFiles/Car.elf.dir/Task/Servo.c.obj
                0x00000000200010f2                HuaGui_Servo_Flag
 .bss.JiaZhua_Servo_Flag
                0x00000000200010f3        0x1 CMakeFiles/Car.elf.dir/Task/Servo.c.obj
                0x00000000200010f3                JiaZhua_Servo_Flag
 .bss.ZaiWu_Servo_Flag
                0x00000000200010f4        0x1 CMakeFiles/Car.elf.dir/Task/Servo.c.obj
                0x00000000200010f4                ZaiWu_Servo_Flag
 *fill*         0x00000000200010f5        0x3 
 .bss.__lock___malloc_recursive_mutex
                0x00000000200010f8        0x1 /usr/local/arm/10.3/bin/../lib/gcc/arm-none-eabi/10.3.1/../../../../arm-none-eabi/lib/thumb/v7e-m/nofp/libg.a(lib_a-lock.o)
                0x00000000200010f8                __lock___malloc_recursive_mutex
 *fill*         0x00000000200010f9        0x3 
 .bss.__lock___sfp_recursive_mutex
                0x00000000200010fc        0x1 /usr/local/arm/10.3/bin/../lib/gcc/arm-none-eabi/10.3.1/../../../../arm-none-eabi/lib/thumb/v7e-m/nofp/libg.a(lib_a-lock.o)
                0x00000000200010fc                __lock___sfp_recursive_mutex
 *fill*         0x00000000200010fd        0x3 
 .bss.__lock___sinit_recursive_mutex
                0x0000000020001100        0x1 /usr/local/arm/10.3/bin/../lib/gcc/arm-none-eabi/10.3.1/../../../../arm-none-eabi/lib/thumb/v7e-m/nofp/libg.a(lib_a-lock.o)
                0x0000000020001100                __lock___sinit_recursive_mutex
 *fill*         0x0000000020001101        0x3 
 .bss.__malloc_current_mallinfo
                0x0000000020001104       0x28 /usr/local/arm/10.3/bin/../lib/gcc/arm-none-eabi/10.3.1/../../../../arm-none-eabi/lib/thumb/v7e-m/nofp/libg.a(lib_a-mallocr.o)
                0x0000000020001104                __malloc_current_mallinfo
 .bss.__malloc_max_sbrked_mem
                0x000000002000112c        0x4 /usr/local/arm/10.3/bin/../lib/gcc/arm-none-eabi/10.3.1/../../../../arm-none-eabi/lib/thumb/v7e-m/nofp/libg.a(lib_a-mallocr.o)
                0x000000002000112c                __malloc_max_sbrked_mem
 .bss.__malloc_max_total_mem
                0x0000000020001130        0x4 /usr/local/arm/10.3/bin/../lib/gcc/arm-none-eabi/10.3.1/../../../../arm-none-eabi/lib/thumb/v7e-m/nofp/libg.a(lib_a-mallocr.o)
                0x0000000020001130                __malloc_max_total_mem
 .bss.__malloc_top_pad