Archive member included to satisfy reference by file (symbol)

d:/patch/gcc-arm-none-eabi-10.3-2021.10/bin/../lib/gcc/arm-none-eabi/10.3.1/thumb/v7e-m/nofp\libgcc.a(_arm_muldf3.o)
                              CMakeFiles/Car.elf.dir/Task/Motor.c.obj (__aeabi_dmul)
d:/patch/gcc-arm-none-eabi-10.3-2021.10/bin/../lib/gcc/arm-none-eabi/10.3.1/thumb/v7e-m/nofp\libgcc.a(_arm_mulsf3.o)
                              CMakeFiles/Car.elf.dir/Bsp/Uart_Bsp.c.obj (__aeabi_fmul)
d:/patch/gcc-arm-none-eabi-10.3-2021.10/bin/../lib/gcc/arm-none-eabi/10.3.1/thumb/v7e-m/nofp\libgcc.a(_arm_addsubdf3.o)
                              CMakeFiles/Car.elf.dir/Bsp/Uart_Bsp.c.obj (__aeabi_dadd)
d:/patch/gcc-arm-none-eabi-10.3-2021.10/bin/../lib/gcc/arm-none-eabi/10.3.1/thumb/v7e-m/nofp\libgcc.a(_arm_muldivdf3.o)
                              CMakeFiles/Car.elf.dir/Task/Motor.c.obj (__aeabi_ddiv)
d:/patch/gcc-arm-none-eabi-10.3-2021.10/bin/../lib/gcc/arm-none-eabi/10.3.1/thumb/v7e-m/nofp\libgcc.a(_arm_fixdfsi.o)
                              CMakeFiles/Car.elf.dir/Task/Motor.c.obj (__aeabi_d2iz)
d:/patch/gcc-arm-none-eabi-10.3-2021.10/bin/../lib/gcc/arm-none-eabi/10.3.1/thumb/v7e-m/nofp\libgcc.a(_arm_truncdfsf2.o)
                              CMakeFiles/Car.elf.dir/Bsp/Uart_Bsp.c.obj (__aeabi_d2f)
d:/patch/gcc-arm-none-eabi-10.3-2021.10/bin/../lib/gcc/arm-none-eabi/10.3.1/thumb/v7e-m/nofp\libgcc.a(_arm_addsubsf3.o)
                              CMakeFiles/Car.elf.dir/Bsp/Uart_Bsp.c.obj (__aeabi_fsub)
d:/patch/gcc-arm-none-eabi-10.3-2021.10/bin/../lib/gcc/arm-none-eabi/10.3.1/thumb/v7e-m/nofp\libgcc.a(_arm_muldivsf3.o)
                              CMakeFiles/Car.elf.dir/Bsp/Uart_Bsp.c.obj (__aeabi_fdiv)
d:/patch/gcc-arm-none-eabi-10.3-2021.10/bin/../lib/gcc/arm-none-eabi/10.3.1/thumb/v7e-m/nofp\libgcc.a(_arm_cmpsf2.o)
                              CMakeFiles/Car.elf.dir/Bsp/Uart_Bsp.c.obj (__aeabi_fcmplt)
d:/patch/gcc-arm-none-eabi-10.3-2021.10/bin/../lib/gcc/arm-none-eabi/10.3.1/thumb/v7e-m/nofp\libgcc.a(_arm_fixsfsi.o)
                              CMakeFiles/Car.elf.dir/Task/Motor.c.obj (__aeabi_f2iz)
d:/patch/gcc-arm-none-eabi-10.3-2021.10/bin/../lib/gcc/arm-none-eabi/10.3.1/thumb/v7e-m/nofp\libgcc.a(_arm_fixunssfsi.o)
                              CMakeFiles/Car.elf.dir/Task/Servo.c.obj (__aeabi_f2uiz)
d:/patch/gcc-arm-none-eabi-10.3-2021.10/bin/../lib/gcc/arm-none-eabi/10.3.1/thumb/v7e-m/nofp\libgcc.a(_aeabi_uldivmod.o)
                              CMakeFiles/Car.elf.dir/Drivers/STM32F4xx_HAL_Driver/Src/stm32f4xx_hal_rcc.c.obj (__aeabi_uldivmod)
d:/patch/gcc-arm-none-eabi-10.3-2021.10/bin/../lib/gcc/arm-none-eabi/10.3.1/thumb/v7e-m/nofp\libgcc.a(_udivmoddi4.o)
                              d:/patch/gcc-arm-none-eabi-10.3-2021.10/bin/../lib/gcc/arm-none-eabi/10.3.1/thumb/v7e-m/nofp\libgcc.a(_aeabi_uldivmod.o) (__udivmoddi4)
d:/patch/gcc-arm-none-eabi-10.3-2021.10/bin/../lib/gcc/arm-none-eabi/10.3.1/thumb/v7e-m/nofp\libgcc.a(_dvmd_tls.o)
                              d:/patch/gcc-arm-none-eabi-10.3-2021.10/bin/../lib/gcc/arm-none-eabi/10.3.1/thumb/v7e-m/nofp\libgcc.a(_aeabi_uldivmod.o) (__aeabi_ldiv0)
d:/patch/gcc-arm-none-eabi-10.3-2021.10/bin/../lib/gcc/arm-none-eabi/10.3.1/../../../../arm-none-eabi/lib/thumb/v7e-m/nofp\libg.a(lib_a-errno.o)
                              CMakeFiles/Car.elf.dir/Bsp/retarget.c.obj (__errno)
d:/patch/gcc-arm-none-eabi-10.3-2021.10/bin/../lib/gcc/arm-none-eabi/10.3.1/../../../../arm-none-eabi/lib/thumb/v7e-m/nofp\libg.a(lib_a-exit.o)
                              d:/patch/gcc-arm-none-eabi-10.3-2021.10/bin/../lib/gcc/arm-none-eabi/10.3.1/../../../../arm-none-eabi/lib/thumb/v7e-m/nofp/crt0.o (exit)
d:/patch/gcc-arm-none-eabi-10.3-2021.10/bin/../lib/gcc/arm-none-eabi/10.3.1/../../../../arm-none-eabi/lib/thumb/v7e-m/nofp\libg.a(lib_a-impure.o)
                              d:/patch/gcc-arm-none-eabi-10.3-2021.10/bin/../lib/gcc/arm-none-eabi/10.3.1/../../../../arm-none-eabi/lib/thumb/v7e-m/nofp\libg.a(lib_a-exit.o) (_global_impure_ptr)
d:/patch/gcc-arm-none-eabi-10.3-2021.10/bin/../lib/gcc/arm-none-eabi/10.3.1/../../../../arm-none-eabi/lib/thumb/v7e-m/nofp\libg.a(lib_a-init.o)
                              d:/patch/gcc-arm-none-eabi-10.3-2021.10/bin/../lib/gcc/arm-none-eabi/10.3.1/../../../../arm-none-eabi/lib/thumb/v7e-m/nofp/crt0.o (__libc_init_array)
d:/patch/gcc-arm-none-eabi-10.3-2021.10/bin/../lib/gcc/arm-none-eabi/10.3.1/../../../../arm-none-eabi/lib/thumb/v7e-m/nofp\libg.a(lib_a-memset.o)
                              d:/patch/gcc-arm-none-eabi-10.3-2021.10/bin/../lib/gcc/arm-none-eabi/10.3.1/../../../../arm-none-eabi/lib/thumb/v7e-m/nofp/crt0.o (memset)
d:/patch/gcc-arm-none-eabi-10.3-2021.10/bin/../lib/gcc/arm-none-eabi/10.3.1/../../../../arm-none-eabi/lib/thumb/v7e-m/nofp\libg.a(lib_a-printf.o)
                              CMakeFiles/Car.elf.dir/Bsp/Uart_Bsp.c.obj (printf)
[...]
Memory Configuration

Name             Origin             Length             Attributes
CCMRAM           0x10000000         0x00010000         xrw
RAM              0x20000000         0x00020000         xrw
FLASH            0x08000000         0x00080000         xr
*default*        0x00000000         0xffffffff

Linker script and memory map

LOAD d:/patch/gcc-arm-none-eabi-10.3-2021.10/bin/../lib/gcc/arm-none-eabi/10.3.1/thumb/v7e-m/nofp/crti.o
LOAD d:/patch/gcc-arm-none-eabi-10.3-2021.10/bin/../lib/gcc/arm-none-eabi/10.3.1/thumb/v7e-m/nofp/crtbegin.o
LOAD d:/patch/gcc-arm-none-eabi-10.3-2021.10/bin/../lib/gcc/arm-none-eabi/10.3.1/../../../../arm-none-eabi/lib/thumb/v7e-m/nofp/crt0.o
LOAD CMakeFiles/Car.elf.dir/Bsp/Bsp.c.obj
LOAD CMakeFiles/Car.elf.dir/Bsp/My_Delay.c.obj
LOAD CMakeFiles/Car.elf.dir/Bsp/Uart_Bsp.c.obj
LOAD CMakeFiles/Car.elf.dir/Bsp/retarget.c.obj
LOAD CMakeFiles/Car.elf.dir/Core/Src/dma.c.obj
LOAD CMakeFiles/Car.elf.dir/Core/Src/gpio.c.obj
LOAD CMakeFiles/Car.elf.dir/Core/Src/main.c.obj
LOAD CMakeFiles/Car.elf.dir/Core/Src/stm32f4xx_hal_msp.c.obj
LOAD CMakeFiles/Car.elf.dir/Core/Src/stm32f4xx_it.c.obj
LOAD CMakeFiles/Car.elf.dir/Core/Src/syscalls.c.obj
LOAD CMakeFiles/Car.elf.dir/Core/Src/sysmem.c.obj
LOAD CMakeFiles/Car.elf.dir/Core/Src/system_stm32f4xx.c.obj
LOAD CMakeFiles/Car.elf.dir/Core/Src/tim.c.obj
LOAD CMakeFiles/Car.elf.dir/Core/Src/usart.c.obj
LOAD CMakeFiles/Car.elf.dir/Core/Startup/startup_stm32f407zetx.s.obj
LOAD CMakeFiles/Car.elf.dir/Drivers/STM32F4xx_HAL_Driver/Src/stm32f4xx_hal.c.obj
LOAD CMakeFiles/Car.elf.dir/Drivers/STM32F4xx_HAL_Driver/Src/stm32f4xx_hal_cortex.c.obj
LOAD CMakeFiles/Car.elf.dir/Drivers/STM32F4xx_HAL_Driver/Src/stm32f4xx_hal_dma.c.obj
LOAD CMakeFiles/Car.elf.dir/Drivers/STM32F4xx_HAL_Driver/Src/stm32f4xx_hal_dma_ex.c.obj
LOAD CMakeFiles/Car.elf.dir/Drivers/STM32F4xx_HAL_Driver/Src/stm32f4xx_hal_exti.c.obj
LOAD CMakeFiles/Car.elf.dir/Drivers/STM32F4xx_HAL_Driver/Src/stm32f4xx_hal_flash.c.obj
LOAD CMakeFiles/Car.elf.dir/Drivers/STM32F4xx_HAL_Driver/Src/stm32f4xx_hal_flash_ex.c.obj
LOAD CMakeFiles/Car.elf.dir/Drivers/STM32F4xx_HAL_Driver/Src/stm32f4xx_hal_flash_ramfunc.c.obj
LOAD CMakeFiles/Car.elf.dir/Drivers/STM32F4xx_HAL_Driver/Src/stm32f4xx_hal_gpio.c.obj
LOAD CMakeFiles/Car.elf.dir/Drivers/STM32F4xx_HAL_Driver/Src/stm32f4xx_hal_pwr.c.obj
LOAD CMakeFiles/Car.elf.dir/Drivers/STM32F4xx_HAL_Driver/Src/stm32f4xx_hal_pwr_ex.c.obj
LOAD CMakeFiles/Car.elf.dir/Drivers/STM32F4xx_HAL_Driver/Src/stm32f4xx_hal_rcc.c.obj
LOAD CMakeFiles/Car.elf.dir/Drivers/STM32F4xx_HAL_Driver/Src/stm32f4xx_hal_rcc_ex.c.obj
LOAD CMakeFiles/Car.elf.dir/Drivers/STM32F4xx_HAL_Driver/Src/stm32f4xx_hal_tim.c.obj
LOAD CMakeFiles/Car.elf.dir/Drivers/STM32F4xx_HAL_Driver/Src/stm32f4xx_hal_tim_ex.c.obj
LOAD CMakeFiles/Car.elf.dir/Drivers/STM32F4xx_HAL_Driver/Src/stm32f4xx_hal_uart.c.obj
LOAD CMakeFiles/Car.elf.dir/Task/Control.c.obj
LOAD CMakeFiles/Car.elf.dir/Task/Control_Logic.c.obj
LOAD CMakeFiles/Car.elf.dir/Task/Motor.c.obj
LOAD CMakeFiles/Car.elf.dir/Task/Move.c.obj
LOAD CMakeFiles/Car.elf.dir/Task/Servo.c.obj
START GROUP
LOAD d:/patch/gcc-arm-none-eabi-10.3-2021.10/bin/../lib/gcc/arm-none-eabi/10.3.1/thumb/v7e-m/nofp\libgcc.a
LOAD d:/patch/gcc-arm-none-eabi-10.3-2021.10/bin/../lib/gcc/arm-none-eabi/10.3.1/../../../../arm-none-eabi/lib/thumb/v7e-m/nofp\libg.a
LOAD d:/patch/gcc-arm-none-eabi-10.3-2021.10/bin/../lib/gcc/arm-none-eabi/10.3.1/../../../../arm-none-eabi/lib/thumb/v7e-m/nofp\libc.a
END GROUP
LOAD d:/patch/gcc-arm-none-eabi-10.3-2021.10/bin/../lib/gcc/arm-none-eabi/10.3.1/thumb/v7e-m/nofp/crtend.o
LOAD d:/patch/gcc-arm-none-eabi-10.3-2021.10/bin/../lib/gcc/arm-none-eabi/10.3.1/thumb/v7e-m/nofp/crtn.o
                0x20020000                _estack = (ORIGIN (RAM) + LENGTH (RAM))
                0x00000200                _Min_Heap_Size = 0x200
                0x00000400                _Min_Stack_Size = 0x400

.isr_vector     0x08000000      0x188
                0x08000000                . = ALIGN (0x4)
 *(.isr_vector)
 .isr_vector    0x08000000      0x188 CMakeFiles/Car.elf.dir/Core/Startup/startup_stm32f407zetx.s.obj
                0x08000000                g_pfnVectors
                0x08000188                . = ALIGN (0x4)

.text           0x080001c0     0xc3c4
                0x080001c0                . = ALIGN (0x4)
 *(.text)
 .text          0x080001c0      0x378 d:/patch/gcc-arm-none-eabi-10.3-2021.10/bin/../lib/gcc/arm-none-eabi/10.3.1/thumb/v7e-m/nofp\libgcc.a(_arm_addsubdf3.o)
                0x080001c0                __aeabi_drsub
                0x080001c8                __aeabi_dsub
                0x080001c8                __subdf3
                0x080001cc                __aeabi_dadd
                0x080001cc                __adddf3
                0x08000444                __floatunsidf
                0x08000444                __aeabi_ui2d
                0x08000464                __floatsidf
                0x08000464                __aeabi_i2d
                0x08000488                __aeabi_f2d
                0x08000488                __extendsfdf2
                0x080004cc                __floatundidf
                0x080004cc                __aeabi_ul2d
                0x080004dc                __floatdidf
                0x080004dc                __aeabi_l2d
 .text          0x08000538      0x424 d:/patch/gcc-arm-none-eabi-10.3-2021.10/bin/../lib/gcc/arm-none-eabi/10.3.1/thumb/v7e-m/nofp\libgcc.a(_arm_muldivdf3.o)
                0x08000538                __aeabi_dmul
                0x08000538                __muldf3
                0x0800078c                __divdf3
                0x0800078c                __aeabi_ddiv
 .text          0x0800095c       0x50 d:/patch/gcc-arm-none-eabi-10.3-2021.10/bin/../lib/gcc/arm-none-eabi/10.3.1/thumb/v7e-m/nofp\libgcc.a(_arm_fixdfsi.o)
                0x0800095c                __aeabi_d2iz
                0x0800095c                __fixdfsi
 .text          0x080009ac       0xa0 d:/patch/gcc-arm-none-eabi-10.3-2021.10/bin/../lib/gcc/arm-none-eabi/10.3.1/thumb/v7e-m/nofp\libgcc.a(_arm_truncdfsf2.o)
                0x080009ac                __truncdfsf2
                0x080009ac                __aeabi_d2f
 .text          0x08000a4c      0x21c d:/patch/gcc-arm-none-eabi-10.3-2021.10/bin/../lib/gcc/arm-none-eabi/10.3.1/thumb/v7e-m/nofp\libgcc.a(_arm_addsubsf3.o)
                0x08000a4c                __aeabi_frsub
                0x08000a54                __subsf3
                0x08000a54                __aeabi_fsub
                0x08000a58                __aeabi_fadd
                0x08000a58                __addsf3
                0x08000bb8                __aeabi_ui2f
                0x08000bb8                __floatunsisf
                0x08000bc0                __aeabi_i2f
                0x08000bc0                __floatsisf
                0x08000bdc                __aeabi_ul2f
                0x08000bdc                __floatundisf
                0x08000bec                __aeabi_l2f
                0x08000bec                __floatdisf
 .text          0x08000c68      0x2a0 d:/patch/gcc-arm-none-eabi-10.3-2021.10/bin/../lib/gcc/arm-none-eabi/10.3.1/thumb/v7e-m/nofp\libgcc.a(_arm_muldivsf3.o)
                0x08000c68                __mulsf3
                0x08000c68                __aeabi_fmul
                0x08000dd0                __aeabi_fdiv
                0x08000dd0                __divsf3
 .text          0x08000f08       0xec d:/patch/gcc-arm-none-eabi-10.3-2021.10/bin/../lib/gcc/arm-none-eabi/10.3.1/thumb/v7e-m/nofp\libgcc.a(_arm_cmpsf2.o)
                0x08000f08                __gesf2
                0x08000f08                __gtsf2
                0x08000f10                __lesf2
                0x08000f10                __ltsf2
                0x08000f18                __nesf2
                0x08000f18                __eqsf2
                0x08000f18                __cmpsf2
                0x08000f78                __aeabi_cfrcmple
                0x08000f80                __aeabi_cfcmpeq
                0x08000f80                __aeabi_cfcmple
                0x08000f90                __aeabi_fcmpeq
                0x08000fa4                __aeabi_fcmplt
                0x08000fb8                __aeabi_fcmple
                0x08000fcc                __aeabi_fcmpge
                0x08000fe0                __aeabi_fcmpgt
 .text          0x08000ff4       0x4c d:/patch/gcc-arm-none-eabi-10.3-2021.10/bin/../lib/gcc/arm-none-eabi/10.3.1/thumb/v7e-m/nofp\libgcc.a(_arm_fixsfsi.o)
                0x08000ff4                __aeabi_f2iz
                0x08000ff4                __fixsfsi
 .text          0x08001040       0x40 d:/patch/gcc-arm-none-eabi-10.3-2021.10/bin/../lib/gcc/arm-none-eabi/10.3.1/thumb/v7e-m/nofp\libgcc.a(_arm_fixunssfsi.o)
                0x08001040                __fixunssfsi
                0x08001040                __aeabi_f2uiz
 .text          0x08001080       0x30 d:/patch/gcc-arm-none-eabi-10.3-2021.10/bin/../lib/gcc/arm-none-eabi/10.3.1/thumb/v7e-m/nofp\libgcc.a(_aeabi_uldivmod.o)
                0x08001080                __aeabi_uldivmod
 .text          0x080010b0      0x2d0 d:/patch/gcc-arm-none-eabi-10.3-2021.10/bin/../lib/gcc/arm-none-eabi/10.3.1/thumb/v7e-m/nofp\libgcc.a(_udivmoddi4.o)
                0x080010b0                __udivmoddi4
 .text          0x08001380        0x4 d:/patch/gcc-arm-none-eabi-10.3-2021.10/bin/../lib/gcc/arm-none-eabi/10.3.1/thumb/v7e-m/nofp\libgcc.a(_dvmd_tls.o)
                0x08001380                __aeabi_idiv0
                0x08001380                __aeabi_ldiv0
 *fill*         0x08001384       0x3c 
 .text          0x080013c0       0xdc d:/patch/gcc-arm-none-eabi-10.3-2021.10/bin/../lib/gcc/arm-none-eabi/10.3.1/../../../../arm-none-eabi/lib/thumb/v7e-m/nofp\libg.a(lib_a-strlen.o)
                0x080013c0                strlen
 *fill*         0x0800149c        0x4 
 .text          0x080014a0       0xa0 d:/patch/gcc-arm-none-eabi-10.3-2021.10/bin/../lib/gcc/arm-none-eabi/10.3.1/../../../../arm-none-eabi/lib/thumb/v7e-m/nofp\libg.a(lib_a-memchr.o)
                0x080014a0                memchr
 .text          0x08001540      0x134 d:/patch/gcc-arm-none-eabi-10.3-2021.10/bin/../lib/gcc/arm-none-eabi/10.3.1/../../../../arm-none-eabi/lib/thumb/v7e-m/nofp\libg.a(lib_a-memcpy.o)
                0x08001540                memcpy
 .text          0x08001674      0x110 d:/patch/gcc-arm-none-eabi-10.3-2021.10/bin/../lib/gcc/arm-none-eabi/10.3.1/thumb/v7e-m/nofp\libgcc.a(_arm_cmpdf2.o)
                0x08001674                __gtdf2
                0x08001674                __gedf2
                0x0800167c                __ltdf2
                0x0800167c                __ledf2
                0x08001684                __nedf2
                0x08001684                __eqdf2
                0x08001684                __cmpdf2
                0x08001700                __aeabi_cdrcmple
                0x08001710                __aeabi_cdcmpeq
                0x08001710                __aeabi_cdcmple
                0x08001720                __aeabi_dcmpeq
                0x08001734                __aeabi_dcmplt
                0x08001748                __aeabi_dcmple
                0x0800175c                __aeabi_dcmpge
                0x08001770                __aeabi_dcmpgt
 .text          0x08001784       0x2c d:/patch/gcc-arm-none-eabi-10.3-2021.10/bin/../lib/gcc/arm-none-eabi/10.3.1/thumb/v7e-m/nofp\libgcc.a(_arm_unorddf2.o)
                0x08001784                __unorddf2
                0x08001784                __aeabi_dcmpun
 *(.text*)
 .text.Bsp_Init
                0x080017b0       0x24 CMakeFiles/Car.elf.dir/Bsp/Bsp.c.obj
                0x080017b0                Bsp_Init
 .text.Delay_Init
                0x080017d4       0x18 CMakeFiles/Car.elf.dir/Bsp/My_Delay.c.obj
                0x080017d4                Delay_Init
 .text.Delay_us
                0x080017ec       0x40 CMakeFiles/Car.elf.dir/Bsp/My_Delay.c.obj
                0x080017ec                Delay_us
 .text.Delay_ms
                0x0800182c       0x3c CMakeFiles/Car.elf.dir/Bsp/My_Delay.c.obj
                0x0800182c                Delay_ms
 .text.JY901S_USART_Init
                0x08001868       0x1e CMakeFiles/Car.elf.dir/Bsp/Uart_Bsp.c.obj
                0x08001868                JY901S_USART_Init
 *fill*         0x08001886        0x2 
 .text.JY901S_Init
                0x08001888       0x28 CMakeFiles/Car.elf.dir/Bsp/Uart_Bsp.c.obj
                0x08001888                JY901S_Init
 .text.JY901_Process
                0x080018b0      0x12c CMakeFiles/Car.elf.dir/Bsp/Uart_Bsp.c.obj
                0x080018b0                JY901_Process
 .text.IMU_Proc
                0x080019dc      0x114 CMakeFiles/Car.elf.dir/Bsp/Uart_Bsp.c.obj
                0x080019dc                IMU_Proc
 .text.RetargetInit
                0x08001af0       0x20 CMakeFiles/Car.elf.dir/Bsp/retarget.c.obj
                0x08001af0                RetargetInit
 .text._isatty  0x08001b10       0x16 CMakeFiles/Car.elf.dir/Bsp/retarget.c.obj
                0x08001b10                _isatty
 *fill*         0x08001b26        0x2 
 .text._write   0x08001b28       0x34 CMakeFiles/Car.elf.dir/Bsp/retarget.c.obj
                0x08001b28                _write
 .text._close   0x08001b5c       0x18 CMakeFiles/Car.elf.dir/Bsp/retarget.c.obj
                0x08001b5c                _close
 .text._lseek   0x08001b74       0x10 CMakeFiles/Car.elf.dir/Bsp/retarget.c.obj
                0x08001b74                _lseek
 .text._read    0x08001b84       0x30 CMakeFiles/Car.elf.dir/Bsp/retarget.c.obj
                0x08001b84                _read
 .text._fstat   0x08001bb4       0x1a CMakeFiles/Car.elf.dir/Bsp/retarget.c.obj
                0x08001bb4                _fstat
 *fill*         0x08001bce        0x2 
 .text.MX_DMA_Init
                0x08001bd0       0x34 CMakeFiles/Car.elf.dir/Core/Src/dma.c.obj
                0x08001bd0                MX_DMA_Init
 .text.MX_GPIO_Init
                0x08001c04       0xbc CMakeFiles/Car.elf.dir/Core/Src/gpio.c.obj
                0x08001c04                MX_GPIO_Init
 .text.Error_Handler
                0x08001cc0        0x4 CMakeFiles/Car.elf.dir/Core/Src/main.c.obj
                0x08001cc0                Error_Handler
 .text.SystemClock_Config
                0x08001cc4       0xac CMakeFiles/Car.elf.dir/Core/Src/main.c.obj
                0x08001cc4                SystemClock_Config
 .text.main     0x08001d70       0x58 CMakeFiles/Car.elf.dir/Core/Src/main.c.obj
                0x08001d70                main
 .text.HAL_MspInit
                0x08001dc8       0x38 CMakeFiles/Car.elf.dir/Core/Src/stm32f4xx_hal_msp.c.obj
                0x08001dc8                HAL_MspInit
 .text.NMI_Handler
                0x08001e00        0x2 CMakeFiles/Car.elf.dir/Core/Src/stm32f4xx_it.c.obj
                0x08001e00                NMI_Handler
 .text.HardFault_Handler
                0x08001e02        0x2 CMakeFiles/Car.elf.dir/Core/Src/stm32f4xx_it.c.obj
                0x08001e02                HardFault_Handler
 .text.MemManage_Handler
                0x08001e04        0x2 CMakeFiles/Car.elf.dir/Core/Src/stm32f4xx_it.c.obj
                0x08001e04                MemManage_Handler
 .text.BusFault_Handler
                0x08001e06        0x2 CMakeFiles/Car.elf.dir/Core/Src/stm32f4xx_it.c.obj
                0x08001e06                BusFault_Handler
 .text.UsageFault_Handler
                0x08001e08        0x2 CMakeFiles/Car.elf.dir/Core/Src/stm32f4xx_it.c.obj
                0x08001e08                UsageFault_Handler
 .text.SVC_Handler
                0x08001e0a        0x2 CMakeFiles/Car.elf.dir/Core/Src/stm32f4xx_it.c.obj
                0x08001e0a                SVC_Handler
 .text.DebugMon_Handler
                0x08001e0c        0x2 CMakeFiles/Car.elf.dir/Core/Src/stm32f4xx_it.c.obj
                0x08001e0c                DebugMon_Handler
 .text.PendSV_Handler
                0x08001e0e        0x2 CMakeFiles/Car.elf.dir/Core/Src/stm32f4xx_it.c.obj
                0x08001e0e                PendSV_Handler
 .text.SysTick_Handler
                0x08001e10        0x8 CMakeFiles/Car.elf.dir/Core/Src/stm32f4xx_it.c.obj
                0x08001e10                SysTick_Handler
 .text.DMA1_Stream1_IRQHandler
                0x08001e18       0x10 CMakeFiles/Car.elf.dir/Core/Src/stm32f4xx_it.c.obj
                0x08001e18                DMA1_Stream1_IRQHandler
 .text.USART1_IRQHandler
                0x08001e28       0x10 CMakeFiles/Car.elf.dir/Core/Src/stm32f4xx_it.c.obj
                0x08001e28                USART1_IRQHandler
 .text.USART3_IRQHandler
                0x08001e38       0x70 CMakeFiles/Car.elf.dir/Core/Src/stm32f4xx_it.c.obj
                0x08001e38                USART3_IRQHandler
 .text.TIM6_DAC_IRQHandler
                0x08001ea8       0x10 CMakeFiles/Car.elf.dir/Core/Src/stm32f4xx_it.c.obj
                0x08001ea8                TIM6_DAC_IRQHandler
 .text.HAL_UART_RxCpltCallback
                0x08001eb8       0x2c CMakeFiles/Car.elf.dir/Core/Src/stm32f4xx_it.c.obj
                0x08001eb8                HAL_UART_RxCpltCallback
 .text._getpid  0x08001ee4        0x4 CMakeFiles/Car.elf.dir/Core/Src/syscalls.c.obj
                0x08001ee4                _getpid
 .text._kill    0x08001ee8       0x10 CMakeFiles/Car.elf.dir/Core/Src/syscalls.c.obj
                0x08001ee8                _kill
 .text._exit    0x08001ef8        0xc CMakeFiles/Car.elf.dir/Core/Src/syscalls.c.obj
                0x08001ef8                _exit
 .text._sbrk    0x08001f04       0x48 CMakeFiles/Car.elf.dir/Core/Src/sysmem.c.obj
                0x08001f04                _sbrk
 .text.SystemInit
                0x08001f4c        0x2 CMakeFiles/Car.elf.dir/Core/Src/system_stm32f4xx.c.obj
                0x08001f4c                SystemInit
 *fill*         0x08001f4e        0x2 
 .text.MX_TIM6_Init
                0x08001f50       0x50 CMakeFiles/Car.elf.dir/Core/Src/tim.c.obj
                0x08001f50                MX_TIM6_Init
 .text.MX_TIM7_Init
                0x08001fa0       0x50 CMakeFiles/Car.elf.dir/Core/Src/tim.c.obj
                0x08001fa0                MX_TIM7_Init
 .text.HAL_TIM_Base_MspInit
                0x08001ff0       0x8c CMakeFiles/Car.elf.dir/Core/Src/tim.c.obj
                0x08001ff0                HAL_TIM_Base_MspInit
 .text.HAL_TIM_MspPostInit
                0x0800207c       0x80 CMakeFiles/Car.elf.dir/Core/Src/tim.c.obj
                0x0800207c                HAL_TIM_MspPostInit
 .text.MX_TIM3_Init
                0x080020fc       0xec CMakeFiles/Car.elf.dir/Core/Src/tim.c.obj
                0x080020fc                MX_TIM3_Init
 .text.MX_UART5_Init
                0x080021e8       0x34 CMakeFiles/Car.elf.dir/Core/Src/usart.c.obj
                0x080021e8                MX_UART5_Init
 .text.MX_USART1_UART_Init
                0x0800221c       0x34 CMakeFiles/Car.elf.dir/Core/Src/usart.c.obj
                0x0800221c                MX_USART1_UART_Init
 .text.MX_USART3_UART_Init
                0x08002250       0x34 CMakeFiles/Car.elf.dir/Core/Src/usart.c.obj
                0x08002250                MX_USART3_UART_Init
 .text.HAL_UART_MspInit
                0x08002284      0x1a4 CMakeFiles/Car.elf.dir/Core/Src/usart.c.obj
                0x08002284                HAL_UART_MspInit
 .text.Reset_Handler
                0x08002428       0x50 CMakeFiles/Car.elf.dir/Core/Startup/startup_stm32f407zetx.s.obj
                0x08002428                Reset_Handler
 .text.Default_Handler
                0x08002478        0x2 CMakeFiles/Car.elf.dir/Core/Startup/startup_stm32f407zetx.s.obj
                0x08002478                RTC_Alarm_IRQHandler
                0x08002478                HASH_RNG_IRQHandler
                0x08002478                EXTI2_IRQHandler
                0x08002478                TIM8_CC_IRQHandler
                0x08002478                TIM1_CC_IRQHandler
                0x08002478                DMA2_Stream5_IRQHandler
                0x08002478                DMA1_Stream5_IRQHandler
                0x08002478                PVD_IRQHandler
                0x08002478                SDIO_IRQHandler
                0x08002478                TAMP_STAMP_IRQHandler
                0x08002478                CAN2_RX1_IRQHandler
                0x08002478                EXTI3_IRQHandler
                0x08002478                TIM8_TRG_COM_TIM14_IRQHandler
                0x08002478                TIM1_UP_TIM10_IRQHandler
                0x08002478                TIM8_UP_TIM13_IRQHandler
                0x08002478                I2C3_ER_IRQHandler
                0x08002478                EXTI0_IRQHandler
                0x08002478                I2C2_EV_IRQHandler
                0x08002478                DMA1_Stream2_IRQHandler
                0x08002478                CAN1_RX0_IRQHandler
                0x08002478                FPU_IRQHandler
                0x08002478                OTG_HS_WKUP_IRQHandler
                0x08002478                CAN2_SCE_IRQHandler
                0x08002478                DMA2_Stream2_IRQHandler
                0x08002478                SPI1_IRQHandler
                0x08002478                TIM1_BRK_TIM9_IRQHandler
                0x08002478                DCMI_IRQHandler
                0x08002478                CAN2_RX0_IRQHandler
                0x08002478                DMA2_Stream3_IRQHandler
                0x08002478                USART6_IRQHandler
                0x08002478                CAN1_RX1_IRQHandler
                0x08002478                UART5_IRQHandler
                0x08002478                DMA2_Stream0_IRQHandler
                0x08002478                TIM4_IRQHandler
                0x08002478                I2C1_EV_IRQHandler
                0x08002478                DMA1_Stream6_IRQHandler
                0x08002478                UART4_IRQHandler
                0x08002478                TIM3_IRQHandler
                0x08002478                RCC_IRQHandler
                0x08002478                TIM8_BRK_TIM12_IRQHandler
                0x08002478                Default_Handler
                0x08002478                EXTI15_10_IRQHandler
                0x08002478                ADC_IRQHandler
                0x08002478                DMA1_Stream7_IRQHandler
                0x08002478                TIM7_IRQHandler
                0x08002478                CAN2_TX_IRQHandler
                0x08002478                TIM5_IRQHandler
                0x08002478                DMA2_Stream7_IRQHandler
                0x08002478                I2C3_EV_IRQHandler
                0x08002478                EXTI9_5_IRQHandler
                0x08002478                RTC_WKUP_IRQHandler
                0x08002478                ETH_WKUP_IRQHandler
                0x08002478                SPI2_IRQHandler
                0x08002478                OTG_HS_EP1_IN_IRQHandler
                0x08002478                DMA1_Stream0_IRQHandler
                0x08002478                CAN1_TX_IRQHandler
                0x08002478                EXTI4_IRQHandler
                0x08002478                FSMC_IRQHandler
                0x08002478                ETH_IRQHandler
                0x08002478                OTG_HS_EP1_OUT_IRQHandler
                0x08002478                WWDG_IRQHandler
                0x08002478                TIM2_IRQHandler
                0x08002478                OTG_FS_WKUP_IRQHandler
                0x08002478                TIM1_TRG_COM_TIM11_IRQHandler
                0x08002478                OTG_HS_IRQHandler
                0x08002478                EXTI1_IRQHandler
                0x08002478                USART2_IRQHandler
                0x08002478                I2C2_ER_IRQHandler
                0x08002478                DMA2_Stream1_IRQHandler
                0x08002478                CAN1_SCE_IRQHandler
                0x08002478                FLASH_IRQHandler
                0x08002478                DMA2_Stream4_IRQHandler
                0x08002478                OTG_FS_IRQHandler
                0x08002478                SPI3_IRQHandler
                0x08002478                DMA1_Stream4_IRQHandler
                0x08002478                I2C1_ER_IRQHandler
                0x08002478                DMA2_Stream6_IRQHandler
                0x08002478                DMA1_Stream3_IRQHandler
 *fill*         0x0800247a        0x2 
 .text.HAL_InitTick
                0x0800247c       0x4c CMakeFiles/Car.elf.dir/Drivers/STM32F4xx_HAL_Driver/Src/stm32f4xx_hal.c.obj
                0x0800247c                HAL_InitTick
 .text.HAL_Init
                0x080024c8       0x34 CMakeFiles/Car.elf.dir/Drivers/STM32F4xx_HAL_Driver/Src/stm32f4xx_hal.c.obj
                0x080024c8                HAL_Init
 .text.HAL_IncTick
                0x080024fc       0x18 CMakeFiles/Car.elf.dir/Drivers/STM32F4xx_HAL_Driver/Src/stm32f4xx_hal.c.obj
                0x080024fc                HAL_IncTick
 .text.HAL_GetTick
                0x08002514        0xc CMakeFiles/Car.elf.dir/Drivers/STM32F4xx_HAL_Driver/Src/stm32f4xx_hal.c.obj
                0x08002514                HAL_GetTick
 .text.HAL_NVIC_SetPriorityGrouping
                0x08002520       0x24 CMakeFiles/Car.elf.dir/Drivers/STM32F4xx_HAL_Driver/Src/stm32f4xx_hal_cortex.c.obj
                0x08002520                HAL_NVIC_SetPriorityGrouping
 .text.HAL_NVIC_SetPriority
                0x08002544       0x70 CMakeFiles/Car.elf.dir/Drivers/STM32F4xx_HAL_Driver/Src/stm32f4xx_hal_cortex.c.obj
                0x08002544                HAL_NVIC_SetPriority
 .text.HAL_NVIC_EnableIRQ
                0x080025b4       0x1c CMakeFiles/Car.elf.dir/Drivers/STM32F4xx_HAL_Driver/Src/stm32f4xx_hal_cortex.c.obj
                0x080025b4                HAL_NVIC_EnableIRQ
 .text.HAL_SYSTICK_Config
                0x080025d0       0x28 CMakeFiles/Car.elf.dir/Drivers/STM32F4xx_HAL_Driver/Src/stm32f4xx_hal_cortex.c.obj
                0x080025d0                HAL_SYSTICK_Config
 .text.HAL_SYSTICK_CLKSourceConfig
                0x080025f8       0x20 CMakeFiles/Car.elf.dir/Drivers/STM32F4xx_HAL_Driver/Src/stm32f4xx_hal_cortex.c.obj
                0x080025f8                HAL_SYSTICK_CLKSourceConfig
 .text.DMA_SetConfig
                0x08002618       0x2c CMakeFiles/Car.elf.dir/Drivers/STM32F4xx_HAL_Driver/Src/stm32f4xx_hal_dma.c.obj
 .text.DMA_CalcBaseAndBitshift
                0x08002644       0x40 CMakeFiles/Car.elf.dir/Drivers/STM32F4xx_HAL_Driver/Src/stm32f4xx_hal_dma.c.obj
 .text.DMA_CheckFifoParam
                0x08002684       0x8e CMakeFiles/Car.elf.dir/Drivers/STM32F4xx_HAL_Driver/Src/stm32f4xx_hal_dma.c.obj
 *fill*         0x08002712        0x2 
 .text.HAL_DMA_Init
                0x08002714       0xcc CMakeFiles/Car.elf.dir/Drivers/STM32F4xx_HAL_Driver/Src/stm32f4xx_hal_dma.c.obj
                0x08002714                HAL_DMA_Init
 .text.HAL_DMA_Start_IT
                0x080027e0       0x6a CMakeFiles/Car.elf.dir/Drivers/STM32F4xx_HAL_Driver/Src/stm32f4xx_hal_dma.c.obj
                0x080027e0                HAL_DMA_Start_IT
 .text.HAL_DMA_Abort
                0x0800284a       0x94 CMakeFiles/Car.elf.dir/Drivers/STM32F4xx_HAL_Driver/Src/stm32f4xx_hal_dma.c.obj
                0x0800284a                HAL_DMA_Abort
 .text.HAL_DMA_Abort_IT
                0x080028de       0x26 CMakeFiles/Car.elf.dir/Drivers/STM32F4xx_HAL_Driver/Src/stm32f4xx_hal_dma.c.obj
                0x080028de                HAL_DMA_Abort_IT
 .text.HAL_DMA_IRQHandler
                0x08002904      0x1dc CMakeFiles/Car.elf.dir/Drivers/STM32F4xx_HAL_Driver/Src/stm32f4xx_hal_dma.c.obj
                0x08002904                HAL_DMA_IRQHandler
 .text.HAL_GPIO_Init
                0x08002ae0      0x1e4 CMakeFiles/Car.elf.dir/Drivers/STM32F4xx_HAL_Driver/Src/stm32f4xx_hal_gpio.c.obj
                0x08002ae0                HAL_GPIO_Init
 .text.HAL_GPIO_WritePin
                0x08002cc4        0xc CMakeFiles/Car.elf.dir/Drivers/STM32F4xx_HAL_Driver/Src/stm32f4xx_hal_gpio.c.obj
                0x08002cc4                HAL_GPIO_WritePin
 .text.HAL_GPIO_TogglePin
                0x08002cd0       0x12 CMakeFiles/Car.elf.dir/Drivers/STM32F4xx_HAL_Driver/Src/stm32f4xx_hal_gpio.c.obj
                0x08002cd0                HAL_GPIO_TogglePin
 *fill*         0x08002ce2        0x2 
 .text.HAL_RCC_OscConfig
                0x08002ce4      0x3f8 CMakeFiles/Car.elf.dir/Drivers/STM32F4xx_HAL_Driver/Src/stm32f4xx_hal_rcc.c.obj
                0x08002ce4                HAL_RCC_OscConfig
 .text.HAL_RCC_GetSysClockFreq
                0x080030dc       0xd4 CMakeFiles/Car.elf.dir/Drivers/STM32F4xx_HAL_Driver/Src/stm32f4xx_hal_rcc.c.obj
                0x080030dc                HAL_RCC_GetSysClockFreq
 .text.HAL_RCC_ClockConfig
                0x080031b0      0x160 CMakeFiles/Car.elf.dir/Drivers/STM32F4xx_HAL_Driver/Src/stm32f4xx_hal_rcc.c.obj
                0x080031b0                HAL_RCC_ClockConfig
 .text.HAL_RCC_GetHCLKFreq
                0x08003310        0xc CMakeFiles/Car.elf.dir/Drivers/STM32F4xx_HAL_Driver/Src/stm32f4xx_hal_rcc.c.obj
                0x08003310                HAL_RCC_GetHCLKFreq
 .text.HAL_RCC_GetPCLK1Freq
                0x0800331c       0x20 CMakeFiles/Car.elf.dir/Drivers/STM32F4xx_HAL_Driver/Src/stm32f4xx_hal_rcc.c.obj
                0x0800331c                HAL_RCC_GetPCLK1Freq
 .text.HAL_RCC_GetPCLK2Freq
                0x0800333c       0x20 CMakeFiles/Car.elf.dir/Drivers/STM32F4xx_HAL_Driver/Src/stm32f4xx_hal_rcc.c.obj
                0x0800333c                HAL_RCC_GetPCLK2Freq
 .text.TIM_OC1_SetConfig
                0x0800335c       0x68 CMakeFiles/Car.elf.dir/Drivers/STM32F4xx_HAL_Driver/Src/stm32f4xx_hal_tim.c.obj
 .text.TIM_OC3_SetConfig
                0x080033c4       0x70 CMakeFiles/Car.elf.dir/Drivers/STM32F4xx_HAL_Driver/Src/stm32f4xx_hal_tim.c.obj
 .text.TIM_OC4_SetConfig
                0x08003434       0x50 CMakeFiles/Car.elf.dir/Drivers/STM32F4xx_HAL_Driver/Src/stm32f4xx_hal_tim.c.obj
 .text.TIM_TI1_ConfigInputStage
                0x08003484       0x24 CMakeFiles/Car.elf.dir/Drivers/STM32F4xx_HAL_Driver/Src/stm32f4xx_hal_tim.c.obj
 .text.TIM_TI2_ConfigInputStage
                0x080034a8       0x26 CMakeFiles/Car.elf.dir/Drivers/STM32F4xx_HAL_Driver/Src/stm32f4xx_hal_tim.c.obj
 .text.TIM_ITRx_SetConfig
                0x080034ce       0x10 CMakeFiles/Car.elf.dir/Drivers/STM32F4xx_HAL_Driver/Src/stm32f4xx_hal_tim.c.obj
 *fill*         0x080034de        0x2 
 .text.HAL_TIM_Base_Start_IT
                0x080034e0       0x88 CMakeFiles/Car.elf.dir/Drivers/STM32F4xx_HAL_Driver/Src/stm32f4xx_hal_tim.c.obj
                0x080034e0                HAL_TIM_Base_Start_IT
 .text.HAL_TIM_PWM_MspInit
                0x08003568        0x2 CMakeFiles/Car.elf.dir/Drivers/STM32F4xx_HAL_Driver/Src/stm32f4xx_hal_tim.c.obj
                0x08003568                HAL_TIM_PWM_MspInit
 .text.HAL_TIM_OC_DelayElapsedCallback
                0x0800356a        0x2 CMakeFiles/Car.elf.dir/Drivers/STM32F4xx_HAL_Driver/Src/stm32f4xx_hal_tim.c.obj
                0x0800356a                HAL_TIM_OC_DelayElapsedCallback
 .text.HAL_TIM_IC_CaptureCallback
                0x0800356c        0x2 CMakeFiles/Car.elf.dir/Drivers/STM32F4xx_HAL_Driver/Src/stm32f4xx_hal_tim.c.obj
                0x0800356c                HAL_TIM_IC_CaptureCallback
 .text.HAL_TIM_PWM_PulseFinishedCallback
                0x0800356e        0x2 CMakeFiles/Car.elf.dir/Drivers/STM32F4xx_HAL_Driver/Src/stm32f4xx_hal_tim.c.obj
                0x0800356e                HAL_TIM_PWM_PulseFinishedCallback
 .text.HAL_TIM_TriggerCallback
                0x08003570        0x2 CMakeFiles/Car.elf.dir/Drivers/STM32F4xx_HAL_Driver/Src/stm32f4xx_hal_tim.c.obj
                0x08003570                HAL_TIM_TriggerCallback
 .text.HAL_TIM_IRQHandler
                0x08003572      0x15e CMakeFiles/Car.elf.dir/Drivers/STM32F4xx_HAL_Driver/Src/stm32f4xx_hal_tim.c.obj
                0x08003572                HAL_TIM_IRQHandler
 .text.TIM_Base_SetConfig
                0x080036d0       0xd8 CMakeFiles/Car.elf.dir/Drivers/STM32F4xx_HAL_Driver/Src/stm32f4xx_hal_tim.c.obj
                0x080036d0                TIM_Base_SetConfig
 .text.HAL_TIM_Base_Init
                0x080037a8       0x58 CMakeFiles/Car.elf.dir/Drivers/STM32F4xx_HAL_Driver/Src/stm32f4xx_hal_tim.c.obj
                0x080037a8                HAL_TIM_Base_Init
 .text.HAL_TIM_PWM_Init
                0x08003800       0x58 CMakeFiles/Car.elf.dir/Drivers/STM32F4xx_HAL_Driver/Src/stm32f4xx_hal_tim.c.obj
                0x08003800                HAL_TIM_PWM_Init
 .text.TIM_OC2_SetConfig
                0x08003858       0x70 CMakeFiles/Car.elf.dir/Drivers/STM32F4xx_HAL_Driver/Src/stm32f4xx_hal_tim.c.obj
                0x08003858                TIM_OC2_SetConfig
 .text.HAL_TIM_PWM_ConfigChannel
                0x080038c8       0xdc CMakeFiles/Car.elf.dir/Drivers/STM32F4xx_HAL_Driver/Src/stm32f4xx_hal_tim.c.obj
                0x080038c8                HAL_TIM_PWM_ConfigChannel
 .text.TIM_ETR_SetConfig
                0x080039a4       0x18 CMakeFiles/Car.elf.dir/Drivers/STM32F4xx_HAL_Driver/Src/stm32f4xx_hal_tim.c.obj
                0x080039a4                TIM_ETR_SetConfig
 .text.HAL_TIM_ConfigClockSource
                0x080039bc       0xfe CMakeFiles/Car.elf.dir/Drivers/STM32F4xx_HAL_Driver/Src/stm32f4xx_hal_tim.c.obj
                0x080039bc                HAL_TIM_ConfigClockSource
 *fill*         0x08003aba        0x2 
 .text.HAL_TIMEx_MasterConfigSynchronization
                0x08003abc       0x8c CMakeFiles/Car.elf.dir/Drivers/STM32F4xx_HAL_Driver/Src/stm32f4xx_hal_tim_ex.c.obj
                0x08003abc                HAL_TIMEx_MasterConfigSynchronization
 .text.HAL_TIMEx_CommutCallback
                0x08003b48        0x2 CMakeFiles/Car.elf.dir/Drivers/STM32F4xx_HAL_Driver/Src/stm32f4xx_hal_tim_ex.c.obj
                0x08003b48                HAL_TIMEx_CommutCallback
 .text.HAL_TIMEx_BreakCallback
                0x08003b4a        0x2 CMakeFiles/Car.elf.dir/Drivers/STM32F4xx_HAL_Driver/Src/stm32f4xx_hal_tim_ex.c.obj
                0x08003b4a                HAL_TIMEx_BreakCallback
 .text.UART_EndTxTransfer
                0x08003b4c       0x20 CMakeFiles/Car.elf.dir/Drivers/STM32F4xx_HAL_Driver/Src/stm32f4xx_hal_uart.c.obj
 .text.UART_EndRxTransfer
                0x08003b6c       0x5c CMakeFiles/Car.elf.dir/Drivers/STM32F4xx_HAL_Driver/Src/stm32f4xx_hal_uart.c.obj
 .text.UART_Transmit_IT
                0x08003bc8       0x60 CMakeFiles/Car.elf.dir/Drivers/STM32F4xx_HAL_Driver/Src/stm32f4xx_hal_uart.c.obj
 .text.UART_SetConfig
                0x08003c28      0x110 CMakeFiles/Car.elf.dir/Drivers/STM32F4xx_HAL_Driver/Src/stm32f4xx_hal_uart.c.obj
 .text.UART_WaitOnFlagUntilTimeout
                0x08003d38       0x8a CMakeFiles/Car.elf.dir/Drivers/STM32F4xx_HAL_Driver/Src/stm32f4xx_hal_uart.c.obj
 .text.HAL_UART_Init
                0x08003dc2       0x60 CMakeFiles/Car.elf.dir/Drivers/STM32F4xx_HAL_Driver/Src/stm32f4xx_hal_uart.c.obj
                0x08003dc2                HAL_UART_Init
 .text.HAL_UART_Transmit
                0x08003e22       0xcc CMakeFiles/Car.elf.dir/Drivers/STM32F4xx_HAL_Driver/Src/stm32f4xx_hal_uart.c.obj
                0x08003e22                HAL_UART_Transmit
 .text.HAL_UART_Receive
                0x08003eee       0xd2 CMakeFiles/Car.elf.dir/Drivers/STM32F4xx_HAL_Driver/Src/stm32f4xx_hal_uart.c.obj
                0x08003eee                HAL_UART_Receive
 .text.HAL_UART_DMAStop
                0x08003fc0       0x84 CMakeFiles/Car.elf.dir/Drivers/STM32F4xx_HAL_Driver/Src/stm32f4xx_hal_uart.c.obj
                0x08003fc0                HAL_UART_DMAStop
 .text.HAL_UART_TxCpltCallback
                0x08004044        0x2 CMakeFiles/Car.elf.dir/Drivers/STM32F4xx_HAL_Driver/Src/stm32f4xx_hal_uart.c.obj
                0x08004044                HAL_UART_TxCpltCallback
 .text.UART_EndTransmit_IT
                0x08004046       0x1a CMakeFiles/Car.elf.dir/Drivers/STM32F4xx_HAL_Driver/Src/stm32f4xx_hal_uart.c.obj
 .text.HAL_UART_RxHalfCpltCallback
                0x08004060        0x2 CMakeFiles/Car.elf.dir/Drivers/STM32F4xx_HAL_Driver/Src/stm32f4xx_hal_uart.c.obj
                0x08004060                HAL_UART_RxHalfCpltCallback
 .text.HAL_UART_ErrorCallback
                0x08004062        0x2 CMakeFiles/Car.elf.dir/Drivers/STM32F4xx_HAL_Driver/Src/stm32f4xx_hal_uart.c.obj
                0x08004062                HAL_UART_ErrorCallback
 .text.UART_DMAError
                0x08004064       0x58 CMakeFiles/Car.elf.dir/Drivers/STM32F4xx_HAL_Driver/Src/stm32f4xx_hal_uart.c.obj
 .text.UART_DMAAbortOnError
                0x080040bc       0x10 CMakeFiles/Car.elf.dir/Drivers/STM32F4xx_HAL_Driver/Src/stm32f4xx_hal_uart.c.obj
 .text.HAL_UARTEx_RxEventCallback
                0x080040cc        0x2 CMakeFiles/Car.elf.dir/Drivers/STM32F4xx_HAL_Driver/Src/stm32f4xx_hal_uart.c.obj
                0x080040cc                HAL_UARTEx_RxEventCallback
 .text.UART_Receive_IT
                0x080040ce       0xe6 CMakeFiles/Car.elf.dir/Drivers/STM32F4xx_HAL_Driver/Src/stm32f4xx_hal_uart.c.obj
 .text.HAL_UART_IRQHandler
                0x080041b4      0x288 CMakeFiles/Car.elf.dir/Drivers/STM32F4xx_HAL_Driver/Src/stm32f4xx_hal_uart.c.obj
                0x080041b4                HAL_UART_IRQHandler
 .text.UART_DMARxHalfCplt
                0x0800443c       0x1e CMakeFiles/Car.elf.dir/Drivers/STM32F4xx_HAL_Driver/Src/stm32f4xx_hal_uart.c.obj
 .text.UART_DMAReceiveCplt
                0x0800445a       0x9a CMakeFiles/Car.elf.dir/Drivers/STM32F4xx_HAL_Driver/Src/stm32f4xx_hal_uart.c.obj
 .text.UART_Start_Receive_IT
                0x080044f4       0x36 CMakeFiles/Car.elf.dir/Drivers/STM32F4xx_HAL_Driver/Src/stm32f4xx_hal_uart.c.obj
                0x080044f4                UART_Start_Receive_IT
 .text.HAL_UART_Receive_IT
                0x0800452a       0x26 CMakeFiles/Car.elf.dir/Drivers/STM32F4xx_HAL_Driver/Src/stm32f4xx_hal_uart.c.obj
                0x0800452a                HAL_UART_Receive_IT
 .text.UART_Start_Receive_DMA
                0x08004550       0xa4 CMakeFiles/Car.elf.dir/Drivers/STM32F4xx_HAL_Driver/Src/stm32f4xx_hal_uart.c.obj
                0x08004550                UART_Start_Receive_DMA
 .text.HAL_UART_Receive_DMA
                0x080045f4       0x26 CMakeFiles/Car.elf.dir/Drivers/STM32F4xx_HAL_Driver/Src/stm32f4xx_hal_uart.c.obj
                0x080045f4                HAL_UART_Receive_DMA
 *fill*         0x0800461a        0x2 
 .text.Control_Proc
                0x0800461c      0x5d8 CMakeFiles/Car.elf.dir/Task/Control.c.obj
                0x0800461c                Control_Proc
 .text.Tack_mode_Proc_Che
                0x08004bf4      0x27c CMakeFiles/Car.elf.dir/Task/Control_Logic.c.obj
                0x08004bf4                Tack_mode_Proc_Che
 .text.My_ABS   0x08004e70        0xa CMakeFiles/Car.elf.dir/Task/Motor.c.obj
                0x08004e70                My_ABS
 *fill*         0x08004e7a        0x2 
 .text.Motor_Receive_Data
                0x08004e7c      0x1d8 CMakeFiles/Car.elf.dir/Task/Motor.c.obj
                0x08004e7c                Motor_Receive_Data
 .text.Motor_Enable
                0x08005054       0x38 CMakeFiles/Car.elf.dir/Task/Motor.c.obj
                0x08005054                Motor_Enable
 .text.Motor_Reset
                0x0800508c       0x58 CMakeFiles/Car.elf.dir/Task/Motor.c.obj
                0x0800508c                Motor_Reset
 .text.Motor_Enable_All
                0x080050e4       0x22 CMakeFiles/Car.elf.dir/Task/Motor.c.obj
                0x080050e4                Motor_Enable_All
 *fill*         0x08005106        0x2 
 .text.Motor_Init
                0x08005108       0x30 CMakeFiles/Car.elf.dir/Task/Motor.c.obj
                0x08005108                Motor_Init
 .text.Motor_State_Scan
                0x08005138       0x2c CMakeFiles/Car.elf.dir/Task/Motor.c.obj
                0x08005138                Motor_State_Scan
 .text.Motor_Run
                0x08005164       0x30 CMakeFiles/Car.elf.dir/Task/Motor.c.obj
                0x08005164                Motor_Run
 .text.Motor_SetSpeed
                0x08005194       0x68 CMakeFiles/Car.elf.dir/Task/Motor.c.obj
                0x08005194                Motor_SetSpeed
 .text.Motor_SetPosition
                0x080051fc       0x98 CMakeFiles/Car.elf.dir/Task/Motor.c.obj
                0x080051fc                Motor_SetPosition
 .text.Motor_SetPosition_A
                0x08005294       0xc4 CMakeFiles/Car.elf.dir/Task/Motor.c.obj
                0x08005294                Motor_SetPosition_A
 .text.Car_Go_Target
                0x08005358      0x150 CMakeFiles/Car.elf.dir/Task/Motor.c.obj
                0x08005358                Car_Go_Target
 .text.Car_Turn
                0x080054a8      0x160 CMakeFiles/Car.elf.dir/Task/Motor.c.obj
                0x080054a8                Car_Turn
 .text.Car_Calibration
                0x08005608      0x27c CMakeFiles/Car.elf.dir/Task/Motor.c.obj
                0x08005608                Car_Calibration
 .text.HuaGui_UP
                0x08005884       0x20 CMakeFiles/Car.elf.dir/Task/Motor.c.obj
                0x08005884                HuaGui_UP
 .text.HuaGui_DOWN
                0x080058a4       0x20 CMakeFiles/Car.elf.dir/Task/Motor.c.obj
                0x080058a4                HuaGui_DOWN
 .text.HuaGui_DOWN2
                0x080058c4       0x20 CMakeFiles/Car.elf.dir/Task/Motor.c.obj
                0x080058c4                HuaGui_DOWN2
 .text.HuaGui_Fang
                0x080058e4       0x20 CMakeFiles/Car.elf.dir/Task/Motor.c.obj
                0x080058e4                HuaGui_Fang
 .text.HuaGui_Qu
                0x08005904       0x20 CMakeFiles/Car.elf.dir/Task/Motor.c.obj
                0x08005904                HuaGui_Qu
 .text.HuaGui_ZhuanPan
                0x08005924       0x20 CMakeFiles/Car.elf.dir/Task/Motor.c.obj
                0x08005924                HuaGui_ZhuanPan
 *fill*         0x08005944        0x4 
 .text.HAL_TIM_PeriodElapsedCallback
                0x08005948      0x100 CMakeFiles/Car.elf.dir/Task/Move.c.obj
                0x08005948                HAL_TIM_PeriodElapsedCallback
 .text.Get_Loads
                0x08005a48      0x298 CMakeFiles/Car.elf.dir/Task/Move.c.obj
                0x08005a48                Get_Loads
 .text.Put_Loads
                0x08005ce0      0x254 CMakeFiles/Car.elf.dir/Task/Move.c.obj
                0x08005ce0                Put_Loads
 .text.Servo_SetAngle
                0x08005f34       0xe8 CMakeFiles/Car.elf.dir/Task/Servo.c.obj
                0x08005f34                Servo_SetAngle
 .text.Servo_CallBack
                0x0800601c       0xe8 CMakeFiles/Car.elf.dir/Task/Servo.c.obj
                0x0800601c                Servo_CallBack
 .text.JiaZhua_Turn
                0x08006104       0x6c CMakeFiles/Car.elf.dir/Task/Servo.c.obj
                0x08006104                JiaZhua_Turn
 .text.HuaGui_Turn
                0x08006170       0x78 CMakeFiles/Car.elf.dir/Task/Servo.c.obj
                0x08006170                HuaGui_Turn
 .text.ZaiWu_Turn
                0x080061e8       0xd0 CMakeFiles/Car.elf.dir/Task/Servo.c.obj
                0x080061e8                ZaiWu_Turn
 .text.__errno  0x080062b8        0xc d:/patch/gcc-arm-none-eabi-10.3-2021.10/bin/../lib/gcc/arm-none-eabi/10.3.1/../../../../arm-none-eabi/lib/thumb/v7e-m/nofp\libg.a(lib_a-errno.o)
                0x080062b8                __errno
 .text.__libc_init_array
                0x080062c4       0x48 d:/patch/gcc-arm-none-eabi-10.3-2021.10/bin/../lib/gcc/arm-none-eabi/10.3.1/../../../../arm-none-eabi/lib/thumb/v7e-m/nofp\libg.a(lib_a-init.o)
                0x080062c4                __libc_init_array
 .text.memset   0x0800630c       0xa4 d:/patch/gcc-arm-none-eabi-10.3-2021.10/bin/../lib/gcc/arm-none-eabi/10.3.1/../../../../arm-none-eabi/lib/thumb/v7e-m/nofp\libg.a(lib_a-memset.o)
                0x0800630c                memset
 .text.printf   0x080063b0       0x28 d:/patch/gcc-arm-none-eabi-10.3-2021.10/bin/../lib/gcc/arm-none-eabi/10.3.1/../../../../arm-none-eabi/lib/thumb/v7e-m/nofp\libg.a(lib_a-printf.o)
                0x080063b0                printf
 .text._puts_r  0x080063d8       0x9c d:/patch/gcc-arm-none-eabi-10.3-2021.10/bin/../lib/gcc/arm-none-eabi/10.3.1/../../../../arm-none-eabi/lib/thumb/v7e-m/nofp\libg.a(lib_a-puts.o)
                0x080063d8                _puts_r
 .text.puts     0x08006474       0x10 d:/patch/gcc-arm-none-eabi-10.3-2021.10/bin/../lib/gcc/arm-none-eabi/10.3.1/../../../../arm-none-eabi/lib/thumb/v7e-m/nofp\libg.a(lib_a-puts.o)
                0x08006474                puts
 .text.setvbuf  0x08006484      0x1b0 d:/patch/gcc-arm-none-eabi-10.3-2021.10/bin/../lib/gcc/arm-none-eabi/10.3.1/../../../../arm-none-eabi/lib/thumb/v7e-m/nofp\libg.a(lib_a-setvbuf.o)
                0x08006484                setvbuf
 .text._vfprintf_r
                0x08006634     0x1ad4 d:/patch/gcc-arm-none-eabi-10.3-2021.10/bin/../lib/gcc/arm-none-eabi/10.3.1/../../../../arm-none-eabi/lib/thumb/v7e-m/nofp\libg.a(lib_a-vfprintf.o)
                0x08006634                _vfprintf_r
 .text.__sbprintf
                0x08008108       0x80 d:/patch/gcc-arm-none-eabi-10.3-2021.10/bin/../lib/gcc/arm-none-eabi/10.3.1/../../../../arm-none-eabi/lib/thumb/v7e-m/nofp\libg.a(lib_a-vfprintf.o)
 .text.__swsetup_r
                0x08008188       0xd4 d:/patch/gcc-arm-none-eabi-10.3-2021.10/bin/../lib/gcc/arm-none-eabi/10.3.1/../../../../arm-none-eabi/lib/thumb/v7e-m/nofp\libg.a(lib_a-wsetup.o)
                0x08008188                __swsetup_r
 .text.quorem   0x0800825c      0x124 d:/patch/gcc-arm-none-eabi-10.3-2021.10/bin/../lib/gcc/arm-none-eabi/10.3.1/../../../../arm-none-eabi/lib/thumb/v7e-m/nofp\libg.a(lib_a-dtoa.o)
 .text._dtoa_r  0x08008380      0xec4 d:/patch/gcc-arm-none-eabi-10.3-2021.10/bin/../lib/gcc/arm-none-eabi/10.3.1/../../../../arm-none-eabi/lib/thumb/v7e-m/nofp\libg.a(lib_a-dtoa.o)
                0x08008380                _dtoa_r
 .text.__sflush_r
                0x08009244      0x120 d:/patch/gcc-arm-none-eabi-10.3-2021.10/bin/../lib/gcc/arm-none-eabi/10.3.1/../../../../arm-none-eabi/lib/thumb/v7e-m/nofp\libg.a(lib_a-fflush.o)
                0x08009244                __sflush_r
 .text._fflush_r
                0x08009364       0x5c d:/patch/gcc-arm-none-eabi-10.3-2021.10/bin/../lib/gcc/arm-none-eabi/10.3.1/../../../../arm-none-eabi/lib/thumb/v7e-m/nofp\libg.a(lib_a-fflush.o)
                0x08009364                _fflush_r
 .text._cleanup_r
                0x080093c0        0xc d:/patch/gcc-arm-none-eabi-10.3-2021.10/bin/../lib/gcc/arm-none-eabi/10.3.1/../../../../arm-none-eabi/lib/thumb/v7e-m/nofp\libg.a(lib_a-findfp.o)
                0x080093c0                _cleanup_r
 .text.__sinit  0x080093cc      0x10c d:/patch/gcc-arm-none-eabi-10.3-2021.10/bin/../lib/gcc/arm-none-eabi/10.3.1/../../../../arm-none-eabi/lib/thumb/v7e-m/nofp\libg.a(lib_a-findfp.o)
                0x080093cc                __sinit
 .text.__sfp_lock_acquire
                0x080094d8        0xc d:/patch/gcc-arm-none-eabi-10.3-2021.10/bin/../lib/gcc/arm-none-eabi/10.3.1/../../../../arm-none-eabi/lib/thumb/v7e-m/nofp\libg.a(lib_a-findfp.o)
                0x080094d8                __sfp_lock_acquire
 .text.__sfp_lock_release
                0x080094e4        0xc d:/patch/gcc-arm-none-eabi-10.3-2021.10/bin/../lib/gcc/arm-none-eabi/10.3.1/../../../../arm-none-eabi/lib/thumb/v7e-m/nofp\libg.a(lib_a-findfp.o)
                0x080094e4                __sfp_lock_release
 .text._malloc_trim_r
                0x080094f0       0xa0 d:/patch/gcc-arm-none-eabi-10.3-2021.10/bin/../lib/gcc/arm-none-eabi/10.3.1/../../../../arm-none-eabi/lib/thumb/v7e-m/nofp\libg.a(lib_a-freer.o)
                0x080094f0                _malloc_trim_r
 .text._free_r  0x08009590      0x20c d:/patch/gcc-arm-none-eabi-10.3-2021.10/bin/../lib/gcc/arm-none-eabi/10.3.1/../../../../arm-none-eabi/lib/thumb/v7e-m/nofp\libg.a(lib_a-freer.o)
                0x08009590                _free_r
 .text.__sfvwrite_r
                0x0800979c      0x2e8 d:/patch/gcc-arm-none-eabi-10.3-2021.10/bin/../lib/gcc/arm-none-eabi/10.3.1/../../../../arm-none-eabi/lib/thumb/v7e-m/nofp\libg.a(lib_a-fvwrite.o)
                0x0800979c                __sfvwrite_r
 .text._fwalk_reent
                0x08009a84       0x48 d:/patch/gcc-arm-none-eabi-10.3-2021.10/bin/../lib/gcc/arm-none-eabi/10.3.1/../../../../arm-none-eabi/lib/thumb/v7e-m/nofp\libg.a(lib_a-fwalk.o)
                0x08009a84                _fwalk_reent
 .text._localeconv_r
                0x08009acc        0x8 d:/patch/gcc-arm-none-eabi-10.3-2021.10/bin/../lib/gcc/arm-none-eabi/10.3.1/../../../../arm-none-eabi/lib/thumb/v7e-m/nofp\libg.a(lib_a-localeconv.o)
                0x08009acc                _localeconv_r
 .text.__retarget_lock_init_recursive
                0x08009ad4        0x4 d:/patch/gcc-arm-none-eabi-10.3-2021.10/bin/../lib/gcc/arm-none-eabi/10.3.1/../../../../arm-none-eabi/lib/thumb/v7e-m/nofp\libg.a(lib_a-lock.o)
                0x08009ad4                __retarget_lock_init_recursive
 .text.__retarget_lock_close_recursive
                0x08009ad8        0x4 d:/patch/gcc-arm-none-eabi-10.3-2021.10/bin/../lib/gcc/arm-none-eabi/10.3.1/../../../../arm-none-eabi/lib/thumb/v7e-m/nofp\libg.a(lib_a-lock.o)
                0x08009ad8                __retarget_lock_close_recursive
 .text.__retarget_lock_acquire_recursive
                0x08009adc        0x4 d:/patch/gcc-arm-none-eabi-10.3-2021.10/bin/../lib/gcc/arm-none-eabi/10.3.1/../../../../arm-none-eabi/lib/thumb/v7e-m/nofp\libg.a(lib_a-lock.o)
                0x08009adc                __retarget_lock_acquire_recursive
 .text.__retarget_lock_release_recursive
                0x08009ae0        0x4 d:/patch/gcc-arm-none-eabi-10.3-2021.10/bin/../lib/gcc/arm-none-eabi/10.3.1/../../../../arm-none-eabi/lib/thumb/v7e-m/nofp\libg.a(lib_a-lock.o)
                0x08009ae0                __retarget_lock_release_recursive
 .text.__smakebuf_r
                0x08009ae4       0xe0 d:/patch/gcc-arm-none-eabi-10.3-2021.10/bin/../lib/gcc/arm-none-eabi/10.3.1/../../../../arm-none-eabi/lib/thumb/v7e-m/nofp\libg.a(lib_a-makebuf.o)
                0x08009ae4                __smakebuf_r
 .text.__swhatbuf_r
                0x08009bc4       0x60 d:/patch/gcc-arm-none-eabi-10.3-2021.10/bin/../lib/gcc/arm-none-eabi/10.3.1/../../../../arm-none-eabi/lib/thumb/v7e-m/nofp\libg.a(lib_a-makebuf.o)
                0x08009bc4                __swhatbuf_r
 .text.malloc   0x08009c24       0x10 d:/patch/gcc-arm-none-eabi-10.3-2021.10/bin/../lib/gcc/arm-none-eabi/10.3.1/../../../../arm-none-eabi/lib/thumb/v7e-m/nofp\libg.a(lib_a-malloc.o)
                0x08009c24                malloc
 .text._malloc_r
                0x08009c34      0x560 d:/patch/gcc-arm-none-eabi-10.3-2021.10/bin/../lib/gcc/arm-none-eabi/10.3.1/../../../../arm-none-eabi/lib/thumb/v7e-m/nofp\libg.a(lib_a-mallocr.o)
                0x08009c34                _malloc_r
 .text.memmove  0x0800a194       0xf8 d:/patch/gcc-arm-none-eabi-10.3-2021.10/bin/../lib/gcc/arm-none-eabi/10.3.1/../../../../arm-none-eabi/lib/thumb/v7e-m/nofp\libg.a(lib_a-memmove.o)
                0x0800a194                memmove
 .text.__malloc_lock
                0x0800a28c        0xc d:/patch/gcc-arm-none-eabi-10.3-2021.10/bin/../lib/gcc/arm-none-eabi/10.3.1/../../../../arm-none-eabi/lib/thumb/v7e-m/nofp\libg.a(lib_a-mlock.o)
                0x0800a28c                __malloc_lock
 .text.__malloc_unlock
                0x0800a298        0xc d:/patch/gcc-arm-none-eabi-10.3-2021.10/bin/../lib/gcc/arm-none-eabi/10.3.1/../../../../arm-none-eabi/lib/thumb/v7e-m/nofp\libg.a(lib_a-mlock.o)
                0x0800a298                __malloc_unlock
 .text._Balloc  0x0800a2a4       0x4c d:/patch/gcc-arm-none-eabi-10.3-2021.10/bin/../lib/gcc/arm-none-eabi/10.3.1/../../../../arm-none-eabi/lib/thumb/v7e-m/nofp\libg.a(lib_a-mprec.o)
                0x0800a2a4                _Balloc
 .text._Bfree   0x0800a2f0       0x14 d:/patch/gcc-arm-none-eabi-10.3-2021.10/bin/../lib/gcc/arm-none-eabi/10.3.1/../../../../arm-none-eabi/lib/thumb/v7e-m/nofp\libg.a(lib_a-mprec.o)
                0x0800a2f0                _Bfree
 .text.__multadd
                0x0800a304       0xa0 d:/patch/gcc-arm-none-eabi-10.3-2021.10/bin/../lib/gcc/arm-none-eabi/10.3.1/../../../../arm-none-eabi/lib/thumb/v7e-m/nofp\libg.a(lib_a-mprec.o)
                0x0800a304                __multadd
 .text.__hi0bits
                0x0800a3a4       0x40 d:/patch/gcc-arm-none-eabi-10.3-2021.10/bin/../lib/gcc/arm-none-eabi/10.3.1/../../../../arm-none-eabi/lib/thumb/v7e-m/nofp\libg.a(lib_a-mprec.o)
                0x0800a3a4                __hi0bits
 .text.__lo0bits
                0x0800a3e4       0x5c d:/patch/gcc-arm-none-eabi-10.3-2021.10/bin/../lib/gcc/arm-none-eabi/10.3.1/../../../../arm-none-eabi/lib/thumb/v7e-m/nofp\libg.a(lib_a-mprec.o)
                0x0800a3e4                __lo0bits
 .text.__i2b    0x0800a440       0x5c d:/patch/gcc-arm-none-eabi-10.3-2021.10/bin/../lib/gcc/arm-none-eabi/10.3.1/../../../../arm-none-eabi/lib/thumb/v7e-m/nofp\libg.a(lib_a-mprec.o)
                0x0800a440                __i2b
 .text.__multiply
                0x0800a49c      0x15c d:/patch/gcc-arm-none-eabi-10.3-2021.10/bin/../lib/gcc/arm-none-eabi/10.3.1/../../../../arm-none-eabi/lib/thumb/v7e-m/nofp\libg.a(lib_a-mprec.o)
                0x0800a49c                __multiply
 .text.__pow5mult
                0x0800a5f8       0xc0 d:/patch/gcc-arm-none-eabi-10.3-2021.10/bin/../lib/gcc/arm-none-eabi/10.3.1/../../../../arm-none-eabi/lib/thumb/v7e-m/nofp\libg.a(lib_a-mprec.o)
                0x0800a5f8                __pow5mult
 .text.__lshift
                0x0800a6b8       0xf0 d:/patch/gcc-arm-none-eabi-10.3-2021.10/bin/../lib/gcc/arm-none-eabi/10.3.1/../../../../arm-none-eabi/lib/thumb/v7e-m/nofp\libg.a(lib_a-mprec.o)
                0x0800a6b8                __lshift
 .text.__mcmp   0x0800a7a8       0x40 d:/patch/gcc-arm-none-eabi-10.3-2021.10/bin/../lib/gcc/arm-none-eabi/10.3.1/../../../../arm-none-eabi/lib/thumb/v7e-m/nofp\libg.a(lib_a-mprec.o)
                0x0800a7a8                __mcmp
 .text.__mdiff  0x0800a7e8      0x14c d:/patch/gcc-arm-none-eabi-10.3-2021.10/bin/../lib/gcc/arm-none-eabi/10.3.1/../../../../arm-none-eabi/lib/thumb/v7e-m/nofp\libg.a(lib_a-mprec.o)
                0x0800a7e8                __mdiff
 .text.__d2b    0x0800a934       0xc4 d:/patch/gcc-arm-none-eabi-10.3-2021.10/bin/../lib/gcc/arm-none-eabi/10.3.1/../../../../arm-none-eabi/lib/thumb/v7e-m/nofp\libg.a(lib_a-mprec.o)
                0x0800a934                __d2b
 .text._realloc_r
                0x0800a9f8      0x3d8 d:/patch/gcc-arm-none-eabi-10.3-2021.10/bin/../lib/gcc/arm-none-eabi/10.3.1/../../../../arm-none-eabi/lib/thumb/v7e-m/nofp\libg.a(lib_a-reallocr.o)
                0x0800a9f8                _realloc_r
 .text.frexp    0x0800add0       0x70 d:/patch/gcc-arm-none-eabi-10.3-2021.10/bin/../lib/gcc/arm-none-eabi/10.3.1/../../../../arm-none-eabi/lib/thumb/v7e-m/nofp\libg.a(lib_a-s_frexp.o)
                0x0800add0                frexp
 .text._sbrk_r  0x0800ae40       0x24 d:/patch/gcc-arm-none-eabi-10.3-2021.10/bin/../lib/gcc/arm-none-eabi/10.3.1/../../../../arm-none-eabi/lib/thumb/v7e-m/nofp\libg.a(lib_a-sbrkr.o)
                0x0800ae40                _sbrk_r
 .text.__sread  0x0800ae64       0x24 d:/patch/gcc-arm-none-eabi-10.3-2021.10/bin/../lib/gcc/arm-none-eabi/10.3.1/../../../../arm-none-eabi/lib/thumb/v7e-m/nofp\libg.a(lib_a-stdio.o)
                0x0800ae64                __sread
 .text.__swrite
                0x0800ae88       0x40 d:/patch/gcc-arm-none-eabi-10.3-2021.10/bin/../lib/gcc/arm-none-eabi/10.3.1/../../../../arm-none-eabi/lib/thumb/v7e-m/nofp\libg.a(lib_a-stdio.o)
                0x0800ae88                __swrite
 .text.__sseek  0x0800aec8       0x20 d:/patch/gcc-arm-none-eabi-10.3-2021.10/bin/../lib/gcc/arm-none-eabi/10.3.1/../../../../arm-none-eabi/lib/thumb/v7e-m/nofp\libg.a(lib_a-stdio.o)
                0x0800aec8                __sseek
 .text.__sclose
                0x0800aee8        0x8 d:/patch/gcc-arm-none-eabi-10.3-2021.10/bin/../lib/gcc/arm-none-eabi/10.3.1/../../../../arm-none-eabi/lib/thumb/v7e-m/nofp\libg.a(lib_a-stdio.o)
                0x0800aee8                __sclose
 .text.strncpy  0x0800aef0       0x64 d:/patch/gcc-arm-none-eabi-10.3-2021.10/bin/../lib/gcc/arm-none-eabi/10.3.1/../../../../arm-none-eabi/lib/thumb/v7e-m/nofp\libg.a(lib_a-strncpy.o)
                0x0800aef0                strncpy
 .text.__sprint_r.part.0
                0x0800af54       0x78 d:/patch/gcc-arm-none-eabi-10.3-2021.10/bin/../lib/gcc/arm-none-eabi/10.3.1/../../../../arm-none-eabi/lib/thumb/v7e-m/nofp\libg.a(lib_a-vfiprintf.o)
 .text.__sprint_r
                0x0800afcc       0x14 d:/patch/gcc-arm-none-eabi-10.3-2021.10/bin/../lib/gcc/arm-none-eabi/10.3.1/../../../../arm-none-eabi/lib/thumb/v7e-m/nofp\libg.a(lib_a-vfiprintf.o)
                0x0800afcc                __sprint_r
 .text._vfiprintf_r
                0x0800afe0      0xda0 d:/patch/gcc-arm-none-eabi-10.3-2021.10/bin/../lib/gcc/arm-none-eabi/10.3.1/../../../../arm-none-eabi/lib/thumb/v7e-m/nofp\libg.a(lib_a-vfiprintf.o)
                0x0800afe0                _vfiprintf_r
 .text.__sbprintf
                0x0800bd80       0x80 d:/patch/gcc-arm-none-eabi-10.3-2021.10/bin/../lib/gcc/arm-none-eabi/10.3.1/../../../../arm-none-eabi/lib/thumb/v7e-m/nofp\libg.a(lib_a-vfiprintf.o)
 .text._write_r
                0x0800be00       0x2c d:/patch/gcc-arm-none-eabi-10.3-2021.10/bin/../lib/gcc/arm-none-eabi/10.3.1/../../../../arm-none-eabi/lib/thumb/v7e-m/nofp\libg.a(lib_a-writer.o)
                0x0800be00                _write_r
 .text.__assert_func
                0x0800be2c       0x40 d:/patch/gcc-arm-none-eabi-10.3-2021.10/bin/../lib/gcc/arm-none-eabi/10.3.1/../../../../arm-none-eabi/lib/thumb/v7e-m/nofp\libg.a(lib_a-assert.o)
                0x0800be2c                __assert_func
 .text._calloc_r
                0x0800be6c       0x78 d:/patch/gcc-arm-none-eabi-10.3-2021.10/bin/../lib/gcc/arm-none-eabi/10.3.1/../../../../arm-none-eabi/lib/thumb/v7e-m/nofp\libg.a(lib_a-callocr.o)
                0x0800be6c                _calloc_r
 .text._close_r
                0x0800bee4       0x24 d:/patch/gcc-arm-none-eabi-10.3-2021.10/bin/../lib/gcc/arm-none-eabi/10.3.1/../../../../arm-none-eabi/lib/thumb/v7e-m/nofp\libg.a(lib_a-closer.o)
                0x0800bee4                _close_r
 .text._fclose_r
                0x0800bf08       0xcc d:/patch/gcc-arm-none-eabi-10.3-2021.10/bin/../lib/gcc/arm-none-eabi/10.3.1/../../../../arm-none-eabi/lib/thumb/v7e-m/nofp\libg.a(lib_a-fclose.o)
                0x0800bf08                _fclose_r
 .text.fiprintf
                0x0800bfd4       0x28 d:/patch/gcc-arm-none-eabi-10.3-2021.10/bin/../lib/gcc/arm-none-eabi/10.3.1/../../../../arm-none-eabi/lib/thumb/v7e-m/nofp\libg.a(lib_a-fiprintf.o)
                0x0800bfd4                fiprintf
 .text.__fputwc
                0x0800bffc       0xa8 d:/patch/gcc-arm-none-eabi-10.3-2021.10/bin/../lib/gcc/arm-none-eabi/10.3.1/../../../../arm-none-eabi/lib/thumb/v7e-m/nofp\libg.a(lib_a-fputwc.o)
                0x0800bffc                __fputwc
 .text._fputwc_r
                0x0800c0a4       0x68 d:/patch/gcc-arm-none-eabi-10.3-2021.10/bin/../lib/gcc/arm-none-eabi/10.3.1/../../../../arm-none-eabi/lib/thumb/v7e-m/nofp\libg.a(lib_a-fputwc.o)
                0x0800c0a4                _fputwc_r
 .text._fstat_r
                0x0800c10c       0x2c d:/patch/gcc-arm-none-eabi-10.3-2021.10/bin/../lib/gcc/arm-none-eabi/10.3.1/../../../../arm-none-eabi/lib/thumb/v7e-m/nofp\libg.a(lib_a-fstatr.o)
                0x0800c10c                _fstat_r
 .text._isatty_r
                0x0800c138       0x24 d:/patch/gcc-arm-none-eabi-10.3-2021.10/bin/../lib/gcc/arm-none-eabi/10.3.1/../../../../arm-none-eabi/lib/thumb/v7e-m/nofp\libg.a(lib_a-isattyr.o)
                0x0800c138                _isatty_r
 .text.__locale_mb_cur_max
                0x0800c15c        0xc d:/patch/gcc-arm-none-eabi-10.3-2021.10/bin/../lib/gcc/arm-none-eabi/10.3.1/../../../../arm-none-eabi/lib/thumb/v7e-m/nofp\libg.a(lib_a-locale.o)
                0x0800c15c                __locale_mb_cur_max
 .text._lseek_r
                0x0800c168       0x2c d:/patch/gcc-arm-none-eabi-10.3-2021.10/bin/../lib/gcc/arm-none-eabi/10.3.1/../../../../arm-none-eabi/lib/thumb/v7e-m/nofp\libg.a(lib_a-lseekr.o)
                0x0800c168                _lseek_r
 .text.__ascii_mbtowc
                0x0800c194       0x2c d:/patch/gcc-arm-none-eabi-10.3-2021.10/bin/../lib/gcc/arm-none-eabi/10.3.1/../../../../arm-none-eabi/lib/thumb/v7e-m/nofp\libg.a(lib_a-mbtowc_r.o)
                0x0800c194                __ascii_mbtowc
 .text._read_r  0x0800c1c0       0x2c d:/patch/gcc-arm-none-eabi-10.3-2021.10/bin/../lib/gcc/arm-none-eabi/10.3.1/../../../../arm-none-eabi/lib/thumb/v7e-m/nofp\libg.a(lib_a-readr.o)
                0x0800c1c0                _read_r
 .text.__swbuf_r
                0x0800c1ec       0xb0 d:/patch/gcc-arm-none-eabi-10.3-2021.10/bin/../lib/gcc/arm-none-eabi/10.3.1/../../../../arm-none-eabi/lib/thumb/v7e-m/nofp\libg.a(lib_a-wbuf.o)
                0x0800c1ec                __swbuf_r
 .text._wcrtomb_r
                0x0800c29c       0x3c d:/patch/gcc-arm-none-eabi-10.3-2021.10/bin/../lib/gcc/arm-none-eabi/10.3.1/../../../../arm-none-eabi/lib/thumb/v7e-m/nofp\libg.a(lib_a-wcrtomb.o)
                0x0800c29c                _wcrtomb_r
 .text.__ascii_wctomb
                0x0800c2d8       0x1c d:/patch/gcc-arm-none-eabi-10.3-2021.10/bin/../lib/gcc/arm-none-eabi/10.3.1/../../../../arm-none-eabi/lib/thumb/v7e-m/nofp\libg.a(lib_a-wctomb_r.o)
                0x0800c2d8                __ascii_wctomb
 .text.abort    0x0800c2f4       0x10 d:/patch/gcc-arm-none-eabi-10.3-2021.10/bin/../lib/gcc/arm-none-eabi/10.3.1/../../../../arm-none-eabi/lib/thumb/v7e-m/nofp\libg.a(lib_a-abort.o)
                0x0800c2f4                abort
 .text.raise    0x0800c304       0x5c d:/patch/gcc-arm-none-eabi-10.3-2021.10/bin/../lib/gcc/arm-none-eabi/10.3.1/../../../../arm-none-eabi/lib/thumb/v7e-m/nofp\libg.a(lib_a-signal.o)
                0x0800c304                raise
 .text._kill_r  0x0800c360       0x2c d:/patch/gcc-arm-none-eabi-10.3-2021.10/bin/../lib/gcc/arm-none-eabi/10.3.1/../../../../arm-none-eabi/lib/thumb/v7e-m/nofp\libg.a(lib_a-signalr.o)
                0x0800c360                _kill_r
 .text._getpid_r
                0x0800c38c        0x4 d:/patch/gcc-arm-none-eabi-10.3-2021.10/bin/../lib/gcc/arm-none-eabi/10.3.1/../../../../arm-none-eabi/lib/thumb/v7e-m/nofp\libg.a(lib_a-signalr.o)
                0x0800c38c                _getpid_r
 .text.sqrt     0x0800c390       0x50 d:/patch/gcc-arm-none-eabi-10.3-2021.10/bin/../lib/gcc/arm-none-eabi/10.3.1/../../../../arm-none-eabi/lib/thumb/v7e-m/nofp\libm.a(lib_a-w_sqrt.o)
                0x0800c390                sqrt
 .text.__ieee754_sqrt
                0x0800c3e0      0x18c d:/patch/gcc-arm-none-eabi-10.3-2021.10/bin/../lib/gcc/arm-none-eabi/10.3.1/../../../../arm-none-eabi/lib/thumb/v7e-m/nofp\libm.a(lib_a-e_sqrt.o)
                0x0800c3e0                __ieee754_sqrt
 *(.glue_7)
 .glue_7        0x0800c56c        0x0 linker stubs
 *(.glue_7t)
 .glue_7t       0x0800c56c        0x0 linker stubs
 *(.eh_frame)
 *(.init)
 .init          0x0800c56c        0x4 d:/patch/gcc-arm-none-eabi-10.3-2021.10/bin/../lib/gcc/arm-none-eabi/10.3.1/thumb/v7e-m/nofp/crti.o
                0x0800c56c                _init
 .init          0x0800c570        0x8 d:/patch/gcc-arm-none-eabi-10.3-2021.10/bin/../lib/gcc/arm-none-eabi/10.3.1/thumb/v7e-m/nofp/crtn.o
 *(.fini)
 .fini          0x0800c578        0x4 d:/patch/gcc-arm-none-eabi-10.3-2021.10/bin/../lib/gcc/arm-none-eabi/10.3.1/thumb/v7e-m/nofp/crti.o
                0x0800c578                _fini
 .fini          0x0800c57c        0x8 d:/patch/gcc-arm-none-eabi-10.3-2021.10/bin/../lib/gcc/arm-none-eabi/10.3.1/thumb/v7e-m/nofp/crtn.o
                0x0800c584                . = ALIGN (0x4)
                0x0800c584                _etext = .

.vfp11_veneer   0x0800c584        0x0
 .vfp11_veneer  0x0800c584        0x0 linker stubs

.v4_bx          0x0800c584        0x0
 .v4_bx         0x0800c584        0x0 linker stubs

.iplt           0x0800c584        0x0
 .iplt          0x0800c584        0x0 CMakeFiles/Car.elf.dir/Bsp/Bsp.c.obj

.rodata         0x0800c588      0x540
                0x0800c588                . = ALIGN (0x4)
 *(.rodata)
 *(.rodata*)
 .rodata.IMU_Proc.str1.4
                0x0800c588       0x41 CMakeFiles/Car.elf.dir/Bsp/Uart_Bsp.c.obj
 *fill*         0x0800c5c9        0x3 
 .rodata.main.str1.4
                0x0800c5cc        0xb CMakeFiles/Car.elf.dir/Core/Src/main.c.obj
 *fill*         0x0800c5d7        0x1 
 .rodata.AHBPrescTable
                0x0800c5d8       0x10 CMakeFiles/Car.elf.dir/Core/Src/system_stm32f4xx.c.obj
                0x0800c5d8                AHBPrescTable
 .rodata.APBPrescTable
                0x0800c5e8        0x8 CMakeFiles/Car.elf.dir/Core/Src/system_stm32f4xx.c.obj
                0x0800c5e8                APBPrescTable
 .rodata.flagBitshiftOffset.0
                0x0800c5f0        0x8 CMakeFiles/Car.elf.dir/Drivers/STM32F4xx_HAL_Driver/Src/stm32f4xx_hal_dma.c.obj
 .rodata.Control_Proc.str1.4
                0x0800c5f8       0x60 CMakeFiles/Car.elf.dir/Task/Control.c.obj
 .rodata.Tack_mode_Proc_Che.str1.4
                0x0800c658       0x29 CMakeFiles/Car.elf.dir/Task/Control_Logic.c.obj
 *fill*         0x0800c681        0x3 
 .rodata.Motor_Receive_Data.str1.4
                0x0800c684       0x41 CMakeFiles/Car.elf.dir/Task/Motor.c.obj
 *fill*         0x0800c6c5        0x3 
 .rodata._puts_r.str1.4
                0x0800c6c8        0x2 d:/patch/gcc-arm-none-eabi-10.3-2021.10/bin/../lib/gcc/arm-none-eabi/10.3.1/../../../../arm-none-eabi/lib/thumb/v7e-m/nofp\libg.a(lib_a-puts.o)
 *fill*         0x0800c6ca        0x2 
 .rodata._vfprintf_r.str1.4
                0x0800c6cc       0x42 d:/patch/gcc-arm-none-eabi-10.3-2021.10/bin/../lib/gcc/arm-none-eabi/10.3.1/../../../../arm-none-eabi/lib/thumb/v7e-m/nofp\libg.a(lib_a-vfprintf.o)
 *fill*         0x0800c70e        0x2 
 .rodata.blanks.1
                0x0800c710       0x10 d:/patch/gcc-arm-none-eabi-10.3-2021.10/bin/../lib/gcc/arm-none-eabi/10.3.1/../../../../arm-none-eabi/lib/thumb/v7e-m/nofp\libg.a(lib_a-vfprintf.o)
 .rodata.zeroes.0
                0x0800c720       0x10 d:/patch/gcc-arm-none-eabi-10.3-2021.10/bin/../lib/gcc/arm-none-eabi/10.3.1/../../../../arm-none-eabi/lib/thumb/v7e-m/nofp\libg.a(lib_a-vfprintf.o)
 .rodata._dtoa_r.str1.4
                0x0800c730       0xa2 d:/patch/gcc-arm-none-eabi-10.3-2021.10/bin/../lib/gcc/arm-none-eabi/10.3.1/../../../../arm-none-eabi/lib/thumb/v7e-m/nofp\libg.a(lib_a-dtoa.o)
                                 0xa6 (size before relaxing)
 *fill*         0x0800c7d2        0x2 
 .rodata.__multadd.str1.4
                0x0800c7d4       0x7f d:/patch/gcc-arm-none-eabi-10.3-2021.10/bin/../lib/gcc/arm-none-eabi/10.3.1/../../../../arm-none-eabi/lib/thumb/v7e-m/nofp\libg.a(lib_a-mprec.o)
                                 0x93 (size before relaxing)
 *fill*         0x0800c853        0x5 
 .rodata.__mprec_bigtens
                0x0800c858       0x28 d:/patch/gcc-arm-none-eabi-10.3-2021.10/bin/../lib/gcc/arm-none-eabi/10.3.1/../../../../arm-none-eabi/lib/thumb/v7e-m/nofp\libg.a(lib_a-mprec.o)
                0x0800c858                __mprec_bigtens
 .rodata.__mprec_tens
                0x0800c880       0xc8 d:/patch/gcc-arm-none-eabi-10.3-2021.10/bin/../lib/gcc/arm-none-eabi/10.3.1/../../../../arm-none-eabi/lib/thumb/v7e-m/nofp\libg.a(lib_a-mprec.o)
                0x0800c880                __mprec_tens
 .rodata.p05.0  0x0800c948        0xc d:/patch/gcc-arm-none-eabi-10.3-2021.10/bin/../lib/gcc/arm-none-eabi/10.3.1/../../../../arm-none-eabi/lib/thumb/v7e-m/nofp\libg.a(lib_a-mprec.o)
 .rodata._vfiprintf_r.str1.4
                0x0800c954       0x2f d:/patch/gcc-arm-none-eabi-10.3-2021.10/bin/../lib/gcc/arm-none-eabi/10.3.1/../../../../arm-none-eabi/lib/thumb/v7e-m/nofp\libg.a(lib_a-vfiprintf.o)
 .rodata.blanks.1
                0x0800c954       0x10 d:/patch/gcc-arm-none-eabi-10.3-2021.10/bin/../lib/gcc/arm-none-eabi/10.3.1/../../../../arm-none-eabi/lib/thumb/v7e-m/nofp\libg.a(lib_a-vfiprintf.o)
 .rodata.zeroes.0
                0x0800c964       0x10 d:/patch/gcc-arm-none-eabi-10.3-2021.10/bin/../lib/gcc/arm-none-eabi/10.3.1/../../../../arm-none-eabi/lib/thumb/v7e-m/nofp\libg.a(lib_a-vfiprintf.o)
 .rodata.__assert_func.str1.4
                0x0800c974       0x3f d:/patch/gcc-arm-none-eabi-10.3-2021.10/bin/../lib/gcc/arm-none-eabi/10.3.1/../../../../arm-none-eabi/lib/thumb/v7e-m/nofp\libg.a(lib_a-assert.o)
                                 0x43 (size before relaxing)
 *fill*         0x0800c9b3        0x1 
 .rodata._setlocale_r.str1.4
                0x0800c9b4        0xa d:/patch/gcc-arm-none-eabi-10.3-2021.10/bin/../lib/gcc/arm-none-eabi/10.3.1/../../../../arm-none-eabi/lib/thumb/v7e-m/nofp\libg.a(lib_a-locale.o)
                                  0xd (size before relaxing)
 *fill*         0x0800c9be        0x2 
 .rodata.str1.4
                0x0800c9c0        0x2 d:/patch/gcc-arm-none-eabi-10.3-2021.10/bin/../lib/gcc/arm-none-eabi/10.3.1/../../../../arm-none-eabi/lib/thumb/v7e-m/nofp\libg.a(lib_a-locale.o)
 *fill*         0x0800c9c2        0x2 
 .rodata._ctype_
                0x0800c9c4      0x101 d:/patch/gcc-arm-none-eabi-10.3-2021.10/bin/../lib/gcc/arm-none-eabi/10.3.1/../../../../arm-none-eabi/lib/thumb/v7e-m/nofp\libg.a(lib_a-ctype_.o)
                0x0800c9c4                _ctype_
                0x0800cac8                . = ALIGN (0x4)
 *fill*         0x0800cac5        0x3 
                0x0800cad0                _sidata = LOADADDR (.data)

.ARM.exidx      0x0800cac8        0x8
 .ARM.exidx     0x0800cac8        0x8 d:/patch/gcc-arm-none-eabi-10.3-2021.10/bin/../lib/gcc/arm-none-eabi/10.3.1/thumb/v7e-m/nofp\libgcc.a(_udivmoddi4.o)

.rel.dyn        0x0800cad0        0x0
 .rel.iplt      0x0800cad0        0x0 CMakeFiles/Car.elf.dir/Bsp/Bsp.c.obj

.data           0x20000000      0x9d4 load address 0x0800cad0
                0x20000000                . = ALIGN (0x4)
                0x20000000                _sdata = .
 *(.data)
 *(.data*)
 .data.JY_Start_Flag
                0x20000000        0x1 CMakeFiles/Car.elf.dir/Bsp/Uart_Bsp.c.obj
                0x20000000                JY_Start_Flag
 *fill*         0x20000001        0x3 
 .data.SystemCoreClock
                0x20000004        0x4 CMakeFiles/Car.elf.dir/Core/Src/system_stm32f4xx.c.obj
                0x20000004                SystemCoreClock
 .data.uwTickFreq
                0x20000008        0x1 CMakeFiles/Car.elf.dir/Drivers/STM32F4xx_HAL_Driver/Src/stm32f4xx_hal.c.obj
                0x20000008                uwTickFreq
 *fill*         0x20000009        0x3 
 .data.uwTickPrio
                0x2000000c        0x4 CMakeFiles/Car.elf.dir/Drivers/STM32F4xx_HAL_Driver/Src/stm32f4xx_hal.c.obj
                0x2000000c                uwTickPrio
 .data.Car_Acc  0x20000010        0x2 CMakeFiles/Car.elf.dir/Task/Control.c.obj
                0x20000010                Car_Acc
 .data.Car_Acc_Slow
                0x20000012        0x2 CMakeFiles/Car.elf.dir/Task/Control.c.obj
                0x20000012                Car_Acc_Slow
 .data.Car_Speed
                0x20000014        0x2 CMakeFiles/Car.elf.dir/Task/Control.c.obj
                0x20000014                Car_Speed
 .data.Car_Speed_Slow
                0x20000016        0x2 CMakeFiles/Car.elf.dir/Task/Control.c.obj
                0x20000016                Car_Speed_Slow
 .data.Car_Turn_Speed_Limit
                0x20000018        0x2 CMakeFiles/Car.elf.dir/Task/Control.c.obj
                0x20000018                Car_Turn_Speed_Limit
 .data.Motor_HuaGui_ACC
                0x2000001a        0x2 CMakeFiles/Car.elf.dir/Task/Control.c.obj
                0x2000001a                Motor_HuaGui_ACC
 .data.Motor_HuaGui_Speed
                0x2000001c        0x2 CMakeFiles/Car.elf.dir/Task/Control.c.obj
                0x2000001c                Motor_HuaGui_Speed
 .data.Car_Turn_Start_Flag
                0x2000001e        0x1 CMakeFiles/Car.elf.dir/Task/Motor.c.obj
                0x2000001e                Car_Turn_Start_Flag
 .data.Stop_Flag_HuaGui
                0x2000001f        0x1 CMakeFiles/Car.elf.dir/Task/Motor.c.obj
                0x2000001f                Stop_Flag_HuaGui
 .data.HuaGui_Angle
                0x20000020        0x4 CMakeFiles/Car.elf.dir/Task/Servo.c.obj
                0x20000020                HuaGui_Angle
 .data.JiaZhua_Angle
                0x20000024        0x4 CMakeFiles/Car.elf.dir/Task/Servo.c.obj
                0x20000024                JiaZhua_Angle
 .data.ZaiWu_Angle
                0x20000028        0x4 CMakeFiles/Car.elf.dir/Task/Servo.c.obj
                0x20000028                ZaiWu_Angle
 .data._impure_ptr
                0x2000002c        0x4 d:/patch/gcc-arm-none-eabi-10.3-2021.10/bin/../lib/gcc/arm-none-eabi/10.3.1/../../../../arm-none-eabi/lib/thumb/v7e-m/nofp\libg.a(lib_a-impure.o)
                0x2000002c                _impure_ptr
 .data.impure_data
                0x20000030      0x428 d:/patch/gcc-arm-none-eabi-10.3-2021.10/bin/../lib/gcc/arm-none-eabi/10.3.1/../../../../arm-none-eabi/lib/thumb/v7e-m/nofp\libg.a(lib_a-impure.o)
 .data.__malloc_av_
                0x20000458      0x408 d:/patch/gcc-arm-none-eabi-10.3-2021.10/bin/../lib/gcc/arm-none-eabi/10.3.1/../../../../arm-none-eabi/lib/thumb/v7e-m/nofp\libg.a(lib_a-mallocr.o)
                0x20000458                __malloc_av_
 .data.__malloc_sbrk_base
                0x20000860        0x4 d:/patch/gcc-arm-none-eabi-10.3-2021.10/bin/../lib/gcc/arm-none-eabi/10.3.1/../../../../arm-none-eabi/lib/thumb/v7e-m/nofp\libg.a(lib_a-mallocr.o)
                0x20000860                __malloc_sbrk_base
 .data.__malloc_trim_threshold
                0x20000864        0x4 d:/patch/gcc-arm-none-eabi-10.3-2021.10/bin/../lib/gcc/arm-none-eabi/10.3.1/../../../../arm-none-eabi/lib/thumb/v7e-m/nofp\libg.a(lib_a-mallocr.o)
                0x20000864                __malloc_trim_threshold
 .data.__global_locale
                0x20000868      0x16c d:/patch/gcc-arm-none-eabi-10.3-2021.10/bin/../lib/gcc/arm-none-eabi/10.3.1/../../../../arm-none-eabi/lib/thumb/v7e-m/nofp\libg.a(lib_a-locale.o)
                0x20000868                __global_locale
 *(.RamFunc)
 *(.RamFunc*)
                0x200009d4                . = ALIGN (0x4)
                0x200009d4                _edata = .
                0x0800d4a4                _siccmram = LOADADDR (.ccmram)

.igot.plt       0x200009d4        0x0 load address 0x0800d4a4
 .igot.plt      0x200009d4        0x0 CMakeFiles/Car.elf.dir/Bsp/Bsp.c.obj

.ccmram         0x10000000        0x0 load address 0x0800d4a4
                0x10000000                . = ALIGN (0x4)
                0x10000000                _sccmram = .
 *(.ccmram)
 *(.ccmram*)
                0x10000000                . = ALIGN (0x4)
                0x10000000                _eccmram = .
                0x10000000                . = ALIGN (0x4)

.bss            0x200009d8      0x55c
                0x200009d8                _sbss = .
                0x200009d8                __bss_start__ = _sbss
 *(.bss)
 *(.bss*)
 .bss.fac_us    0x200009d8        0x1 CMakeFiles/Car.elf.dir/Bsp/My_Delay.c.obj
 *fill*         0x200009d9        0x3 
 .bss.JY901_data
                0x200009dc       0x48 CMakeFiles/Car.elf.dir/Bsp/Uart_Bsp.c.obj
                0x200009dc                JY901_data
 .bss.JY_Start_Buf.0
                0x20000a24       0x14 CMakeFiles/Car.elf.dir/Bsp/Uart_Bsp.c.obj
 .bss.JY_Start_num.1
                0x20000a38        0x1 CMakeFiles/Car.elf.dir/Bsp/Uart_Bsp.c.obj
 *fill*         0x20000a39        0x3 
 .bss.Last_Yaw  0x20000a3c        0x4 CMakeFiles/Car.elf.dir/Bsp/Uart_Bsp.c.obj
                0x20000a3c                Last_Yaw
 .bss.Yaw       0x20000a40        0x4 CMakeFiles/Car.elf.dir/Bsp/Uart_Bsp.c.obj
                0x20000a40                Yaw
 .bss.stcAcc    0x20000a44        0x8 CMakeFiles/Car.elf.dir/Bsp/Uart_Bsp.c.obj
                0x20000a44                stcAcc
 .bss.stcAngle  0x20000a4c        0x8 CMakeFiles/Car.elf.dir/Bsp/Uart_Bsp.c.obj
                0x20000a4c                stcAngle
 .bss.stcGyro   0x20000a54        0x8 CMakeFiles/Car.elf.dir/Bsp/Uart_Bsp.c.obj
                0x20000a54                stcGyro
 .bss.gHuart    0x20000a5c        0x4 CMakeFiles/Car.elf.dir/Bsp/retarget.c.obj
                0x20000a5c                gHuart
 .bss.__sbrk_heap_end
                0x20000a60        0x4 CMakeFiles/Car.elf.dir/Core/Src/sysmem.c.obj
 .bss.htim3     0x20000a64       0x48 CMakeFiles/Car.elf.dir/Core/Src/tim.c.obj
                0x20000a64                htim3
 .bss.htim6     0x20000aac       0x48 CMakeFiles/Car.elf.dir/Core/Src/tim.c.obj
                0x20000aac                htim6
 .bss.htim7     0x20000af4       0x48 CMakeFiles/Car.elf.dir/Core/Src/tim.c.obj
                0x20000af4                htim7
 .bss.hdma_usart3_rx
                0x20000b3c       0x60 CMakeFiles/Car.elf.dir/Core/Src/usart.c.obj
                0x20000b3c                hdma_usart3_rx
 .bss.huart1    0x20000b9c       0x48 CMakeFiles/Car.elf.dir/Core/Src/usart.c.obj
                0x20000b9c                huart1
 .bss.huart3    0x20000be4       0x48 CMakeFiles/Car.elf.dir/Core/Src/usart.c.obj
                0x20000be4                huart3
 .bss.huart5    0x20000c2c       0x48 CMakeFiles/Car.elf.dir/Core/Src/usart.c.obj
                0x20000c2c                huart5
 .bss.uwTick    0x20000c74        0x4 CMakeFiles/Car.elf.dir/Drivers/STM32F4xx_HAL_Driver/Src/stm32f4xx_hal.c.obj
                0x20000c74                uwTick
 .bss.Last_Data1.8
                0x20000c78        0x1 CMakeFiles/Car.elf.dir/Task/Control.c.obj
 .bss.Running_Flag
                0x20000c79        0x1 CMakeFiles/Car.elf.dir/Task/Control.c.obj
                0x20000c79                Running_Flag
 .bss.Running_Mode
                0x20000c7a        0x1 CMakeFiles/Car.elf.dir/Task/Control.c.obj
                0x20000c7a                Running_Mode
 *fill*         0x20000c7b        0x1 
 .bss.Task_Data1
                0x20000c7c       0xc8 CMakeFiles/Car.elf.dir/Task/Control.c.obj
                0x20000c7c                Task_Data1
 .bss.Task_Data2
                0x20000d44       0xc8 CMakeFiles/Car.elf.dir/Task/Control.c.obj
                0x20000d44                Task_Data2
 .bss.Task_Flag
                0x20000e0c       0x64 CMakeFiles/Car.elf.dir/Task/Control.c.obj
                0x20000e0c                Task_Flag
 .bss.Task_Num_0
                0x20000e70        0x1 CMakeFiles/Car.elf.dir/Task/Control.c.obj
                0x20000e70                Task_Num_0
 *fill*         0x20000e71        0x1 
 .bss.Task_Num_1
                0x20000e72        0x2 CMakeFiles/Car.elf.dir/Task/Control.c.obj
                0x20000e72                Task_Num_1
 .bss.Task_Num_2
                0x20000e74        0x2 CMakeFiles/Car.elf.dir/Task/Control.c.obj
                0x20000e74                Task_Num_2
 .bss.temp.0    0x20000e76        0x1 CMakeFiles/Car.elf.dir/Task/Control.c.obj
 .bss.temp.1    0x20000e77        0x1 CMakeFiles/Car.elf.dir/Task/Control.c.obj
 .bss.temp.10   0x20000e78        0x1 CMakeFiles/Car.elf.dir/Task/Control.c.obj
 .bss.temp.11   0x20000e79        0x1 CMakeFiles/Car.elf.dir/Task/Control.c.obj
 .bss.temp.4    0x20000e7a        0x1 CMakeFiles/Car.elf.dir/Task/Control.c.obj
 .bss.temp.7    0x20000e7b        0x1 CMakeFiles/Car.elf.dir/Task/Control.c.obj
 .bss.temp.9    0x20000e7c        0x1 CMakeFiles/Car.elf.dir/Task/Control.c.obj
 .bss.temp1.3   0x20000e7d        0x1 CMakeFiles/Car.elf.dir/Task/Control.c.obj
 .bss.temp1.6   0x20000e7e        0x1 CMakeFiles/Car.elf.dir/Task/Control.c.obj
 .bss.temp2.2   0x20000e7f        0x1 CMakeFiles/Car.elf.dir/Task/Control.c.obj
 .bss.temp2.5   0x20000e80        0x1 CMakeFiles/Car.elf.dir/Task/Control.c.obj
 .bss.Car_Task_Data_0
                0x20000e81        0x1 CMakeFiles/Car.elf.dir/Task/Control_Logic.c.obj
                0x20000e81                Car_Task_Data_0
 .bss.Car_Task_Data_1
                0x20000e82        0x2 CMakeFiles/Car.elf.dir/Task/Control_Logic.c.obj
                0x20000e82                Car_Task_Data_1
 .bss.Car_Task_Data_2
                0x20000e84        0x2 CMakeFiles/Car.elf.dir/Task/Control_Logic.c.obj
                0x20000e84                Car_Task_Data_2
 .bss.temp.0    0x20000e86        0x1 CMakeFiles/Car.elf.dir/Task/Control_Logic.c.obj
 *fill*         0x20000e87        0x1 
 .bss.Car_Turn_angle
                0x20000e88        0x4 CMakeFiles/Car.elf.dir/Task/Motor.c.obj
                0x20000e88                Car_Turn_angle
 .bss.HuaGui_Motor_State
                0x20000e8c        0x1 CMakeFiles/Car.elf.dir/Task/Motor.c.obj
                0x20000e8c                HuaGui_Motor_State
 *fill*         0x20000e8d        0x3 
 .bss.Last_Yaw.6
                0x20000e90        0x4 CMakeFiles/Car.elf.dir/Task/Motor.c.obj
 .bss.Motor_HuaGui_Current_amount
                0x20000e94        0x2 CMakeFiles/Car.elf.dir/Task/Motor.c.obj
                0x20000e94                Motor_HuaGui_Current_amount
 .bss.Motor_RxBuff
                0x20000e96        0x1 CMakeFiles/Car.elf.dir/Task/Motor.c.obj
                0x20000e96                Motor_RxBuff
 .bss.Motor_Stop_Flag_Car
                0x20000e97        0x1 CMakeFiles/Car.elf.dir/Task/Motor.c.obj
                0x20000e97                Motor_Stop_Flag_Car
 .bss.RxBuffer1
                0x20000e98       0x14 CMakeFiles/Car.elf.dir/Task/Motor.c.obj
                0x20000e98                RxBuffer1
 .bss.RxCounter1.9
                0x20000eac        0x1 CMakeFiles/Car.elf.dir/Task/Motor.c.obj
 .bss.RxState.10
                0x20000ead        0x1 CMakeFiles/Car.elf.dir/Task/Motor.c.obj
 *fill*         0x20000eae        0x2 
 .bss.Send_Data
                0x20000eb0       0x14 CMakeFiles/Car.elf.dir/Task/Motor.c.obj
                0x20000eb0                Send_Data
 .bss.Stop_Counter.2
                0x20000ec4        0x1 CMakeFiles/Car.elf.dir/Task/Motor.c.obj
 .bss.Temp_State.1
                0x20000ec5        0x1 CMakeFiles/Car.elf.dir/Task/Motor.c.obj
 .bss.Temp_State.5
                0x20000ec6        0x1 CMakeFiles/Car.elf.dir/Task/Motor.c.obj
 *fill*         0x20000ec7        0x1 
 .bss.Temp_Yaw.0
                0x20000ec8        0x4 CMakeFiles/Car.elf.dir/Task/Motor.c.obj
 .bss.Temp_Yaw.4
                0x20000ecc        0x4 CMakeFiles/Car.elf.dir/Task/Motor.c.obj
 .bss.Car_Counter
                0x20000ed0        0x2 CMakeFiles/Car.elf.dir/Task/Move.c.obj
                0x20000ed0                Car_Counter
 .bss.Car_Counter_Enable
                0x20000ed2        0x1 CMakeFiles/Car.elf.dir/Task/Move.c.obj
                0x20000ed2                Car_Counter_Enable
 *fill*         0x20000ed3        0x1 
 .bss.Car_Counter_Times
                0x20000ed4        0x2 CMakeFiles/Car.elf.dir/Task/Move.c.obj
                0x20000ed4                Car_Counter_Times
 .bss.Car_Task_Time
                0x20000ed6        0x2 CMakeFiles/Car.elf.dir/Task/Move.c.obj
                0x20000ed6                Car_Task_Time
 .bss.Counter   0x20000ed8        0x2 CMakeFiles/Car.elf.dir/Task/Move.c.obj
                0x20000ed8                Counter
 .bss.Counter_Enable
                0x20000eda        0x1 CMakeFiles/Car.elf.dir/Task/Move.c.obj
                0x20000eda                Counter_Enable
 *fill*         0x20000edb        0x1 
 .bss.Counter_Times
                0x20000edc        0x2 CMakeFiles/Car.elf.dir/Task/Move.c.obj
                0x20000edc                Counter_Times
 .bss.Get_Loads_State.1
                0x20000ede        0x1 CMakeFiles/Car.elf.dir/Task/Move.c.obj
 .bss.Put_Loads_State.0
                0x20000edf        0x1 CMakeFiles/Car.elf.dir/Task/Move.c.obj
 .bss.Yaw_Compensate
                0x20000ee0        0x8 CMakeFiles/Car.elf.dir/Task/Move.c.obj
                0x20000ee0                Yaw_Compensate
 .bss.u10ms     0x20000ee8        0x2 CMakeFiles/Car.elf.dir/Task/Move.c.obj
                0x20000ee8                u10ms
 .bss.HuaGui_Servo_Flag
                0x20000eea        0x1 CMakeFiles/Car.elf.dir/Task/Servo.c.obj
                0x20000eea                HuaGui_Servo_Flag
 .bss.JiaZhua_Servo_Flag
                0x20000eeb        0x1 CMakeFiles/Car.elf.dir/Task/Servo.c.obj
                0x20000eeb                JiaZhua_Servo_Flag
 .bss.ZaiWu_Servo_Flag
                0x20000eec        0x1 CMakeFiles/Car.elf.dir/Task/Servo.c.obj
                0x20000eec                ZaiWu_Servo_Flag
 *fill*         0x20000eed        0x3 
 .bss.__lock___malloc_recursive_mutex
                0x20000ef0        0x1 d:/patch/gcc-arm-none-eabi-10.3-2021.10/bin/../lib/gcc/arm-none-eabi/10.3.1/../../../../arm-none-eabi/lib/thumb/v7e-m/nofp\libg.a(lib_a-lock.o)
                0x20000ef0                __lock___malloc_recursive_mutex
 *fill*         0x20000ef1        0x3 
 .bss.__lock___sfp_recursive_mutex
                0x20000ef4        0x1 d:/patch/gcc-arm-none-eabi-10.3-2021.10/bin/../lib/gcc/arm-none-eabi/10.3.1/../../../../arm-none-eabi/lib/thumb/v7e-m/nofp\libg.a(lib_a-lock.o)
                0x20000ef4                __lock___sfp_recursive_mutex
 *fill*         0x20000ef5        0x3 
 .bss.__lock___sinit_recursive_mutex
                0x20000ef8        0x1 d:/patch/gcc-arm-none-eabi-10.3-2021.10/bin/../lib/gcc/arm-none-eabi/10.3.1/../../../../arm-none-eabi/lib/thumb/v7e-m/nofp\libg.a(lib_a-lock.o)
                0x20000ef8                __lock___sinit_recursive_mutex
 *fill*         0x20000ef9        0x3 
 .bss.__malloc_current_mallinfo
                0x20000efc       0x28 d:/patch/gcc-arm-none-eabi-10.3-2021.10/bin/../lib/gcc/arm-none-eabi/10.3.1/../../../../arm-none-eabi/lib/thumb/v7e-m/nofp\libg.a(lib_a-mallocr.o)
                0x20000efc                __malloc_current_mallinfo
 .bss.__malloc_max_sbrked_mem
                0x20000f24        0x4 d:/patch/gcc-arm-none-eabi-10.3-2021.10/bin/../lib/gcc/arm-none-eabi/10.3.1/../../../../arm-none-eabi/lib/thumb/v7e-m/nofp\libg.a(lib_a-mallocr.o)
                0x20000f24                __malloc_max_sbrked_mem
 .bss.__malloc_max_total_mem
                0x20000f28        0x4 d:/patch/gcc-arm-none-eabi-10.3-2021.10/bin/../lib/gcc/arm-none-eabi/10.3.1/../../../../arm-none-eabi/lib/thumb/v7e-m/nofp\libg.a(lib_a-mallocr.o)
                0x20000f28                __malloc_max_total_mem
 .bss.__malloc_top_pad
                0x20000f2c        0x4 d:/patch/gcc-arm-none-eabi-10.3-2021.10/bin/../lib/gcc/arm-none-eabi/10.3.1/../../../../arm-none-eabi/lib/thumb/v7e-m/nofp\libg.a(lib_a-mallocr.o)
                0x20000f2c                __malloc_top_pad
 .bss.errno     0x20000f30        0x4 d:/patch/gcc-arm-none-eabi-10.3-2021.10/bin/../lib/gcc/arm-none-eabi/10.3.1/../../../../arm-none-eabi/lib/thumb/v7e-m/nofp\libg.a(lib_a-reent.o)
                0x20000f30                errno
 *(COMMON)
                0x20000f34                . = ALIGN (0x4)
                0x20000f34                _ebss = .
                0x20000f34                __bss_end__ = _ebss

._user_heap_stack
                0x20000f34      0x604
                0x20000f38                . = ALIGN (0x8)
 *fill*         0x20000f34        0x4 
                [!provide]                PROVIDE (end = .)
                0x20000f38                PROVIDE (_end = .)
                0x20001138                . = (. + _Min_Heap_Size)
 *fill*         0x20000f38      0x200 
                0x20001538                . = (. + _Min_Stack_Size)
 *fill*         0x20001138      0x400 
                0x20001538                . = ALIGN (0x8)

/DISCARD/
 libc.a(*)
 libm.a(*)
 libgcc.a(*)

.ARM.attributes
                0x00000000       0x2a
 *(.ARM.attributes)
 .ARM.attributes
                0x00000000       0x1e d:/patch/gcc-arm-none-eabi-10.3-2021.10/bin/../lib/gcc/arm-none-eabi/10.3.1/thumb/v7e-m/nofp/crti.o
 .ARM.attributes
                0x0000001e       0x2e CMakeFiles/Car.elf.dir/Bsp/Bsp.c.obj
 .ARM.attributes
                0x0000004c       0x2e CMakeFiles/Car.elf.dir/Bsp/My_Delay.c.obj
 .ARM.attributes
                0x0000007a       0x2e CMakeFiles/Car.elf.dir/Bsp/Uart_Bsp.c.obj
 .ARM.attributes
                0x000000a8       0x2e CMakeFiles/Car.elf.dir/Bsp/retarget.c.obj
 .ARM.attributes
                0x000000d6       0x2e CMakeFiles/Car.elf.dir/Core/Src/dma.c.obj
 .ARM.attributes
                0x00000104       0x2e CMakeFiles/Car.elf.dir/Core/Src/gpio.c.obj
 .ARM.attributes
                0x00000132       0x2e CMakeFiles/Car.elf.dir/Core/Src/main.c.obj
 .ARM.attributes
                0x00000160       0x2e CMakeFiles/Car.elf.dir/Core/Src/stm32f4xx_hal_msp.c.obj
 .ARM.attributes
                0x0000018e       0x2e CMakeFiles/Car.elf.dir/Core/Src/stm32f4xx_it.c.obj
 .ARM.attributes
                0x000001bc       0x2e CMakeFiles/Car.elf.dir/Core/Src/syscalls.c.obj
 .ARM.attributes
                0x000001ea       0x2e CMakeFiles/Car.elf.dir/Core/Src/sysmem.c.obj
 .ARM.attributes
                0x00000218       0x2e CMakeFiles/Car.elf.dir/Core/Src/system_stm32f4xx.c.obj
 .ARM.attributes
                0x00000246       0x2e CMakeFiles/Car.elf.dir/Core/Src/tim.c.obj
 .ARM.attributes
                0x00000274       0x2e CMakeFiles/Car.elf.dir/Core/Src/usart.c.obj
 .ARM.attributes
                0x000002a2       0x21 CMakeFiles/Car.elf.dir/Core/Startup/startup_stm32f407zetx.s.obj
 .ARM.attributes
                0x000002c3       0x2e CMakeFiles/Car.elf.dir/Drivers/STM32F4xx_HAL_Driver/Src/stm32f4xx_hal.c.obj
 .ARM.attributes
                0x000002f1       0x2e CMakeFiles/Car.elf.dir/Drivers/STM32F4xx_HAL_Driver/Src/stm32f4xx_hal_cortex.c.obj
 .ARM.attributes
                0x0000031f       0x2e CMakeFiles/Car.elf.dir/Drivers/STM32F4xx_HAL_Driver/Src/stm32f4xx_hal_dma.c.obj
 .ARM.attributes
                0x0000034d       0x2e CMakeFiles/Car.elf.dir/Drivers/STM32F4xx_HAL_Driver/Src/stm32f4xx_hal_gpio.c.obj
 .ARM.attributes
                0x0000037b       0x2e CMakeFiles/Car.elf.dir/Drivers/STM32F4xx_HAL_Driver/Src/stm32f4xx_hal_rcc.c.obj
 .ARM.attributes
                0x000003a9       0x2e CMakeFiles/Car.elf.dir/Drivers/STM32F4xx_HAL_Driver/Src/stm32f4xx_hal_tim.c.obj
 .ARM.attributes
                0x000003d7       0x2e CMakeFiles/Car.elf.dir/Drivers/STM32F4xx_HAL_Driver/Src/stm32f4xx_hal_tim_ex.c.obj
 .ARM.attributes
                0x00000405       0x2e CMakeFiles/Car.elf.dir/Drivers/STM32F4xx_HAL_Driver/Src/stm32f4xx_hal_uart.c.obj
 .ARM.attributes
                0x00000433       0x2e CMakeFiles/Car.elf.dir/Task/Control.c.obj
 .ARM.attributes
                0x00000461       0x2e CMakeFiles/Car.elf.dir/Task/Control_Logic.c.obj
 .ARM.attributes
                0x0000048f       0x2e CMakeFiles/Car.elf.dir/Task/Motor.c.obj
 .ARM.attributes
                0x000004bd       0x2e CMakeFiles/Car.elf.dir/Task/Move.c.obj
 .ARM.attributes
                0x000004eb       0x2e CMakeFiles/Car.elf.dir/Task/Servo.c.obj
 .ARM.attributes
                0x00000519       0x1e d:/patch/gcc-arm-none-eabi-10.3-2021.10/bin/../lib/gcc/arm-none-eabi/10.3.1/thumb/v7e-m/nofp\libgcc.a(_arm_addsubdf3.o)
 .ARM.attributes
                0x00000537       0x1e d:/patch/gcc-arm-none-eabi-10.3-2021.10/bin/../lib/gcc/arm-none-eabi/10.3.1/thumb/v7e-m/nofp\libgcc.a(_arm_muldivdf3.o)
 .ARM.attributes
                0x00000555       0x1e d:/patch/gcc-arm-none-eabi-10.3-2021.10/bin/../lib/gcc/arm-none-eabi/10.3.1/thumb/v7e-m/nofp\libgcc.a(_arm_fixdfsi.o)
 .ARM.attributes
                0x00000573       0x1e d:/patch/gcc-arm-none-eabi-10.3-2021.10/bin/../lib/gcc/arm-none-eabi/10.3.1/thumb/v7e-m/nofp\libgcc.a(_arm_truncdfsf2.o)
 .ARM.attributes
                0x00000591       0x1e d:/patch/gcc-arm-none-eabi-10.3-2021.10/bin/../lib/gcc/arm-none-eabi/10.3.1/thumb/v7e-m/nofp\libgcc.a(_arm_addsubsf3.o)
 .ARM.attributes
                0x000005af       0x1e d:/patch/gcc-arm-none-eabi-10.3-2021.10/bin/../lib/gcc/arm-none-eabi/10.3.1/thumb/v7e-m/nofp\libgcc.a(_arm_muldivsf3.o)
 .ARM.attributes
                0x000005cd       0x1e d:/patch/gcc-arm-none-eabi-10.3-2021.10/bin/../lib/gcc/arm-none-eabi/10.3.1/thumb/v7e-m/nofp\libgcc.a(_arm_cmpsf2.o)
 .ARM.attributes
                0x000005eb       0x1e d:/patch/gcc-arm-none-eabi-10.3-2021.10/bin/../lib/gcc/arm-none-eabi/10.3.1/thumb/v7e-m/nofp\libgcc.a(_arm_fixsfsi.o)
 .ARM.attributes
                0x00000609       0x1e d:/patch/gcc-arm-none-eabi-10.3-2021.10/bin/../lib/gcc/arm-none-eabi/10.3.1/thumb/v7e-m/nofp\libgcc.a(_arm_fixunssfsi.o)
 .ARM.attributes