Archive member included to satisfy reference by file (symbol)

/usr/local/arm/10.3/bin/../lib/gcc/arm-none-eabi/10.3.1/thumb/v7e-m/nofp/libgcc.a(_arm_muldf3.o)
                              CMakeFiles/Car.elf.dir/Task/Motor.c.obj (__aeabi_dmul)
/usr/local/arm/10.3/bin/../lib/gcc/arm-none-eabi/10.3.1/thumb/v7e-m/nofp/libgcc.a(_arm_mulsf3.o)
                              CMakeFiles/Car.elf.dir/Bsp/JY901.c.obj (__aeabi_fmul)
/usr/local/arm/10.3/bin/../lib/gcc/arm-none-eabi/10.3.1/thumb/v7e-m/nofp/libgcc.a(_arm_addsubdf3.o)
                              CMakeFiles/Car.elf.dir/Task/Move.c.obj (__aeabi_dadd)
/usr/local/arm/10.3/bin/../lib/gcc/arm-none-eabi/10.3.1/thumb/v7e-m/nofp/libgcc.a(_arm_muldivdf3.o)
                              CMakeFiles/Car.elf.dir/Task/Motor.c.obj (__aeabi_ddiv)
/usr/local/arm/10.3/bin/../lib/gcc/arm-none-eabi/10.3.1/thumb/v7e-m/nofp/libgcc.a(_arm_cmpdf2.o)
                              CMakeFiles/Car.elf.dir/Bsp/JY901.c.obj (__aeabi_dcmple)
/usr/local/arm/10.3/bin/../lib/gcc/arm-none-eabi/10.3.1/thumb/v7e-m/nofp/libgcc.a(_arm_fixdfsi.o)
                              CMakeFiles/Car.elf.dir/Task/Motor.c.obj (__aeabi_d2iz)
/usr/local/arm/10.3/bin/../lib/gcc/arm-none-eabi/10.3.1/thumb/v7e-m/nofp/libgcc.a(_arm_addsubsf3.o)
                              CMakeFiles/Car.elf.dir/Bsp/JY901.c.obj (__aeabi_fsub)
/usr/local/arm/10.3/bin/../lib/gcc/arm-none-eabi/10.3.1/thumb/v7e-m/nofp/libgcc.a(_arm_muldivsf3.o)
                              CMakeFiles/Car.elf.dir/Bsp/JY901.c.obj (__aeabi_fdiv)
/usr/local/arm/10.3/bin/../lib/gcc/arm-none-eabi/10.3.1/thumb/v7e-m/nofp/libgcc.a(_arm_cmpsf2.o)
                              CMakeFiles/Car.elf.dir/Bsp/JY901.c.obj (__aeabi_fcmplt)
/usr/local/arm/10.3/bin/../lib/gcc/arm-none-eabi/10.3.1/thumb/v7e-m/nofp/libgcc.a(_arm_fixsfsi.o)
                              CMakeFiles/Car.elf.dir/Task/Motor.c.obj (__aeabi_f2iz)
/usr/local/arm/10.3/bin/../lib/gcc/arm-none-eabi/10.3.1/thumb/v7e-m/nofp/libgcc.a(_arm_fixunssfsi.o)
                              CMakeFiles/Car.elf.dir/Task/Motor.c.obj (__aeabi_f2uiz)
/usr/local/arm/10.3/bin/../lib/gcc/arm-none-eabi/10.3.1/thumb/v7e-m/nofp/libgcc.a(_aeabi_uldivmod.o)
                              CMakeFiles/Car.elf.dir/Drivers/STM32F4xx_HAL_Driver/Src/stm32f4xx_hal_rcc.c.obj (__aeabi_uldivmod)
/usr/local/arm/10.3/bin/../lib/gcc/arm-none-eabi/10.3.1/thumb/v7e-m/nofp/libgcc.a(_udivmoddi4.o)
                              /usr/local/arm/10.3/bin/../lib/gcc/arm-none-eabi/10.3.1/thumb/v7e-m/nofp/libgcc.a(_aeabi_uldivmod.o) (__udivmoddi4)
/usr/local/arm/10.3/bin/../lib/gcc/arm-none-eabi/10.3.1/thumb/v7e-m/nofp/libgcc.a(_dvmd_tls.o)
                              /usr/local/arm/10.3/bin/../lib/gcc/arm-none-eabi/10.3.1/thumb/v7e-m/nofp/libgcc.a(_aeabi_uldivmod.o) (__aeabi_ldiv0)
/usr/local/arm/10.3/bin/../lib/gcc/arm-none-eabi/10.3.1/../../../../arm-none-eabi/lib/thumb/v7e-m/nofp/libg.a(lib_a-errno.o)
                              CMakeFiles/Car.elf.dir/Bsp/retarget.c.obj (__errno)
/usr/local/arm/10.3/bin/../lib/gcc/arm-none-eabi/10.3.1/../../../../arm-none-eabi/lib/thumb/v7e-m/nofp/libg.a(lib_a-exit.o)
                              /usr/local/arm/10.3/bin/../lib/gcc/arm-none-eabi/10.3.1/../../../../arm-none-eabi/lib/thumb/v7e-m/nofp/crt0.o (exit)
/usr/local/arm/10.3/bin/../lib/gcc/arm-none-eabi/10.3.1/../../../../arm-none-eabi/lib/thumb/v7e-m/nofp/libg.a(lib_a-impure.o)
                              /usr/local/arm/10.3/bin/../lib/gcc/arm-none-eabi/10.3.1/../../../../arm-none-eabi/lib/thumb/v7e-m/nofp/libg.a(lib_a-exit.o) (_global_impure_ptr)
/usr/local/arm/10.3/bin/../lib/gcc/arm-none-eabi/10.3.1/../../../../arm-none-eabi/lib/thumb/v7e-m/nofp/libg.a(lib_a-init.o)
                              /usr/local/arm/10.3/bin/../lib/gcc/arm-none-eabi/10.3.1/../../../../arm-none-eabi/lib/thumb/v7e-m/nofp/crt0.o (__libc_init_array)
/usr/local/arm/10.3/bin/../lib/gcc/arm-none-eabi/10.3.1/../../../../arm-none-eabi/lib/thumb/v7e-m/nofp/libg.a(lib_a-memset.o)
                              /usr/local/arm/10.3/bin/../lib/gcc/arm-none-eabi/10.3.1/../../../../arm-none-eabi/lib/thumb/v7e-m/nofp/crt0.o (memset)
/usr/local/arm/10.3/bin/../lib/gcc/arm-none-eabi/10.3.1/../../../../arm-none-eabi/lib/thumb/v7e-m/nofp/libg.a(lib_a-printf.o)
                              CMakeFiles/Car.elf.dir/Bsp/Bsp.c.obj (printf)
/usr/local/arm/10.3/bin/../lib/gcc/arm-none-eabi/10.3.1/../../../../arm-none-eabi/lib/thumb/v7e-m/nofp/libg.a(lib_a-puts.o)
                              CMakeFiles/Car.elf.dir/Bsp/Bsp.c.obj (puts)
/usr/local/arm/10.3/bin/../lib/gcc/arm-none-eabi/10.3.1/../../../../arm-none-eabi/lib/thumb/v7e-m/nofp/libg.a(lib_a-setvbuf.o)
                              CMakeFiles/Car.elf.dir/Bsp/retarget.c.obj (setvbuf)
/usr/local/arm/10.3/bin/../lib/gcc/arm-none-eabi/10.3.1/../../../../arm-none-eabi/lib/thumb/v7e-m/nofp/libg.a(lib_a-strlen.o)
[...]
Memory Configuration

Name             Origin             Length             Attributes
CCMRAM           0x0000000010000000 0x0000000000010000 xrw
RAM              0x0000000020000000 0x0000000000020000 xrw
FLASH            0x0000000008000000 0x0000000000080000 xr
*default*        0x0000000000000000 0xffffffffffffffff

Linker script and memory map

LOAD /usr/local/arm/10.3/bin/../lib/gcc/arm-none-eabi/10.3.1/thumb/v7e-m/nofp/crti.o
LOAD /usr/local/arm/10.3/bin/../lib/gcc/arm-none-eabi/10.3.1/thumb/v7e-m/nofp/crtbegin.o
LOAD /usr/local/arm/10.3/bin/../lib/gcc/arm-none-eabi/10.3.1/../../../../arm-none-eabi/lib/thumb/v7e-m/nofp/crt0.o
LOAD CMakeFiles/Car.elf.dir/Bsp/Bsp.c.obj
LOAD CMakeFiles/Car.elf.dir/Bsp/JY901.c.obj
LOAD CMakeFiles/Car.elf.dir/Bsp/My_Delay.c.obj
LOAD CMakeFiles/Car.elf.dir/Bsp/Uart_Bsp.c.obj
LOAD CMakeFiles/Car.elf.dir/Bsp/retarget.c.obj
LOAD CMakeFiles/Car.elf.dir/Core/Src/dma.c.obj
LOAD CMakeFiles/Car.elf.dir/Core/Src/gpio.c.obj
LOAD CMakeFiles/Car.elf.dir/Core/Src/i2c.c.obj
LOAD CMakeFiles/Car.elf.dir/Core/Src/main.c.obj
LOAD CMakeFiles/Car.elf.dir/Core/Src/stm32f4xx_hal_msp.c.obj
LOAD CMakeFiles/Car.elf.dir/Core/Src/stm32f4xx_it.c.obj
LOAD CMakeFiles/Car.elf.dir/Core/Src/syscalls.c.obj
LOAD CMakeFiles/Car.elf.dir/Core/Src/sysmem.c.obj
LOAD CMakeFiles/Car.elf.dir/Core/Src/system_stm32f4xx.c.obj
LOAD CMakeFiles/Car.elf.dir/Core/Src/tim.c.obj
LOAD CMakeFiles/Car.elf.dir/Core/Src/usart.c.obj
LOAD CMakeFiles/Car.elf.dir/Core/Startup/startup_stm32f407zetx.s.obj
LOAD CMakeFiles/Car.elf.dir/Drivers/STM32F4xx_HAL_Driver/Src/stm32f4xx_hal.c.obj
LOAD CMakeFiles/Car.elf.dir/Drivers/STM32F4xx_HAL_Driver/Src/stm32f4xx_hal_cortex.c.obj
LOAD CMakeFiles/Car.elf.dir/Drivers/STM32F4xx_HAL_Driver/Src/stm32f4xx_hal_dma.c.obj
LOAD CMakeFiles/Car.elf.dir/Drivers/STM32F4xx_HAL_Driver/Src/stm32f4xx_hal_dma_ex.c.obj
LOAD CMakeFiles/Car.elf.dir/Drivers/STM32F4xx_HAL_Driver/Src/stm32f4xx_hal_exti.c.obj
LOAD CMakeFiles/Car.elf.dir/Drivers/STM32F4xx_HAL_Driver/Src/stm32f4xx_hal_flash.c.obj
LOAD CMakeFiles/Car.elf.dir/Drivers/STM32F4xx_HAL_Driver/Src/stm32f4xx_hal_flash_ex.c.obj
LOAD CMakeFiles/Car.elf.dir/Drivers/STM32F4xx_HAL_Driver/Src/stm32f4xx_hal_flash_ramfunc.c.obj
LOAD CMakeFiles/Car.elf.dir/Drivers/STM32F4xx_HAL_Driver/Src/stm32f4xx_hal_gpio.c.obj
LOAD CMakeFiles/Car.elf.dir/Drivers/STM32F4xx_HAL_Driver/Src/stm32f4xx_hal_i2c.c.obj
LOAD CMakeFiles/Car.elf.dir/Drivers/STM32F4xx_HAL_Driver/Src/stm32f4xx_hal_i2c_ex.c.obj
LOAD CMakeFiles/Car.elf.dir/Drivers/STM32F4xx_HAL_Driver/Src/stm32f4xx_hal_pwr.c.obj
LOAD CMakeFiles/Car.elf.dir/Drivers/STM32F4xx_HAL_Driver/Src/stm32f4xx_hal_pwr_ex.c.obj
LOAD CMakeFiles/Car.elf.dir/Drivers/STM32F4xx_HAL_Driver/Src/stm32f4xx_hal_rcc.c.obj
LOAD CMakeFiles/Car.elf.dir/Drivers/STM32F4xx_HAL_Driver/Src/stm32f4xx_hal_rcc_ex.c.obj
LOAD CMakeFiles/Car.elf.dir/Drivers/STM32F4xx_HAL_Driver/Src/stm32f4xx_hal_tim.c.obj
LOAD CMakeFiles/Car.elf.dir/Drivers/STM32F4xx_HAL_Driver/Src/stm32f4xx_hal_tim_ex.c.obj
LOAD CMakeFiles/Car.elf.dir/Drivers/STM32F4xx_HAL_Driver/Src/stm32f4xx_hal_uart.c.obj
LOAD CMakeFiles/Car.elf.dir/Task/Control.c.obj
LOAD CMakeFiles/Car.elf.dir/Task/Motor.c.obj
LOAD CMakeFiles/Car.elf.dir/Task/Move.c.obj
LOAD CMakeFiles/Car.elf.dir/Task/Servo.c.obj
LOAD CMakeFiles/Car.elf.dir/Task/Task.c.obj
START GROUP
LOAD /usr/local/arm/10.3/bin/../lib/gcc/arm-none-eabi/10.3.1/thumb/v7e-m/nofp/libgcc.a
LOAD /usr/local/arm/10.3/bin/../lib/gcc/arm-none-eabi/10.3.1/../../../../arm-none-eabi/lib/thumb/v7e-m/nofp/libg.a
LOAD /usr/local/arm/10.3/bin/../lib/gcc/arm-none-eabi/10.3.1/../../../../arm-none-eabi/lib/thumb/v7e-m/nofp/libc.a
END GROUP
LOAD /usr/local/arm/10.3/bin/../lib/gcc/arm-none-eabi/10.3.1/thumb/v7e-m/nofp/crtend.o
LOAD /usr/local/arm/10.3/bin/../lib/gcc/arm-none-eabi/10.3.1/thumb/v7e-m/nofp/crtn.o
                0x0000000020020000                _estack = (ORIGIN (RAM) + LENGTH (RAM))
                0x0000000000000200                _Min_Heap_Size = 0x200
                0x0000000000000400                _Min_Stack_Size = 0x400

.isr_vector     0x0000000008000000      0x188
                0x0000000008000000                . = ALIGN (0x4)
 *(.isr_vector)
 .isr_vector    0x0000000008000000      0x188 CMakeFiles/Car.elf.dir/Core/Startup/startup_stm32f407zetx.s.obj
                0x0000000008000000                g_pfnVectors
                0x0000000008000188                . = ALIGN (0x4)

.text           0x00000000080001c0     0xcd34
                0x00000000080001c0                . = ALIGN (0x4)
 *(.text)
 .text          0x00000000080001c0      0x378 /usr/local/arm/10.3/bin/../lib/gcc/arm-none-eabi/10.3.1/thumb/v7e-m/nofp/libgcc.a(_arm_addsubdf3.o)
                0x00000000080001c0                __aeabi_drsub
                0x00000000080001c8                __aeabi_dsub
                0x00000000080001c8                __subdf3
                0x00000000080001cc                __adddf3
                0x00000000080001cc                __aeabi_dadd
                0x0000000008000444                __aeabi_ui2d
                0x0000000008000444                __floatunsidf
                0x0000000008000464                __floatsidf
                0x0000000008000464                __aeabi_i2d
                0x0000000008000488                __extendsfdf2
                0x0000000008000488                __aeabi_f2d
                0x00000000080004cc                __aeabi_ul2d
                0x00000000080004cc                __floatundidf
                0x00000000080004dc                __floatdidf
                0x00000000080004dc                __aeabi_l2d
 .text          0x0000000008000538      0x424 /usr/local/arm/10.3/bin/../lib/gcc/arm-none-eabi/10.3.1/thumb/v7e-m/nofp/libgcc.a(_arm_muldivdf3.o)
                0x0000000008000538                __aeabi_dmul
                0x0000000008000538                __muldf3
                0x000000000800078c                __aeabi_ddiv
                0x000000000800078c                __divdf3
 .text          0x000000000800095c      0x110 /usr/local/arm/10.3/bin/../lib/gcc/arm-none-eabi/10.3.1/thumb/v7e-m/nofp/libgcc.a(_arm_cmpdf2.o)
                0x000000000800095c                __gtdf2
                0x000000000800095c                __gedf2
                0x0000000008000964                __ltdf2
                0x0000000008000964                __ledf2
                0x000000000800096c                __cmpdf2
                0x000000000800096c                __eqdf2
                0x000000000800096c                __nedf2
                0x00000000080009e8                __aeabi_cdrcmple
                0x00000000080009f8                __aeabi_cdcmple
                0x00000000080009f8                __aeabi_cdcmpeq
                0x0000000008000a08                __aeabi_dcmpeq
                0x0000000008000a1c                __aeabi_dcmplt
                0x0000000008000a30                __aeabi_dcmple
                0x0000000008000a44                __aeabi_dcmpge
                0x0000000008000a58                __aeabi_dcmpgt
 .text          0x0000000008000a6c       0x50 /usr/local/arm/10.3/bin/../lib/gcc/arm-none-eabi/10.3.1/thumb/v7e-m/nofp/libgcc.a(_arm_fixdfsi.o)
                0x0000000008000a6c                __fixdfsi
                0x0000000008000a6c                __aeabi_d2iz
 .text          0x0000000008000abc      0x21c /usr/local/arm/10.3/bin/../lib/gcc/arm-none-eabi/10.3.1/thumb/v7e-m/nofp/libgcc.a(_arm_addsubsf3.o)
                0x0000000008000abc                __aeabi_frsub
                0x0000000008000ac4                __subsf3
                0x0000000008000ac4                __aeabi_fsub
                0x0000000008000ac8                __aeabi_fadd
                0x0000000008000ac8                __addsf3
                0x0000000008000c28                __aeabi_ui2f
                0x0000000008000c28                __floatunsisf
                0x0000000008000c30                __aeabi_i2f
                0x0000000008000c30                __floatsisf
                0x0000000008000c4c                __floatundisf
                0x0000000008000c4c                __aeabi_ul2f
                0x0000000008000c5c                __floatdisf
                0x0000000008000c5c                __aeabi_l2f
 .text          0x0000000008000cd8      0x2a0 /usr/local/arm/10.3/bin/../lib/gcc/arm-none-eabi/10.3.1/thumb/v7e-m/nofp/libgcc.a(_arm_muldivsf3.o)
                0x0000000008000cd8                __mulsf3
                0x0000000008000cd8                __aeabi_fmul
                0x0000000008000e40                __divsf3
                0x0000000008000e40                __aeabi_fdiv
 .text          0x0000000008000f78       0xec /usr/local/arm/10.3/bin/../lib/gcc/arm-none-eabi/10.3.1/thumb/v7e-m/nofp/libgcc.a(_arm_cmpsf2.o)
                0x0000000008000f78                __gtsf2
                0x0000000008000f78                __gesf2
                0x0000000008000f80                __lesf2
                0x0000000008000f80                __ltsf2
                0x0000000008000f88                __nesf2
                0x0000000008000f88                __eqsf2
                0x0000000008000f88                __cmpsf2
                0x0000000008000fe8                __aeabi_cfrcmple
                0x0000000008000ff0                __aeabi_cfcmple
                0x0000000008000ff0                __aeabi_cfcmpeq
                0x0000000008001000                __aeabi_fcmpeq
                0x0000000008001014                __aeabi_fcmplt
                0x0000000008001028                __aeabi_fcmple
                0x000000000800103c                __aeabi_fcmpge
                0x0000000008001050                __aeabi_fcmpgt
 .text          0x0000000008001064       0x4c /usr/local/arm/10.3/bin/../lib/gcc/arm-none-eabi/10.3.1/thumb/v7e-m/nofp/libgcc.a(_arm_fixsfsi.o)
                0x0000000008001064                __fixsfsi
                0x0000000008001064                __aeabi_f2iz
 .text          0x00000000080010b0       0x40 /usr/local/arm/10.3/bin/../lib/gcc/arm-none-eabi/10.3.1/thumb/v7e-m/nofp/libgcc.a(_arm_fixunssfsi.o)
                0x00000000080010b0                __aeabi_f2uiz
                0x00000000080010b0                __fixunssfsi
 .text          0x00000000080010f0       0x30 /usr/local/arm/10.3/bin/../lib/gcc/arm-none-eabi/10.3.1/thumb/v7e-m/nofp/libgcc.a(_aeabi_uldivmod.o)
                0x00000000080010f0                __aeabi_uldivmod
 .text          0x0000000008001120      0x2d0 /usr/local/arm/10.3/bin/../lib/gcc/arm-none-eabi/10.3.1/thumb/v7e-m/nofp/libgcc.a(_udivmoddi4.o)
                0x0000000008001120                __udivmoddi4
 .text          0x00000000080013f0        0x4 /usr/local/arm/10.3/bin/../lib/gcc/arm-none-eabi/10.3.1/thumb/v7e-m/nofp/libgcc.a(_dvmd_tls.o)
                0x00000000080013f0                __aeabi_ldiv0
                0x00000000080013f0                __aeabi_idiv0
 *fill*         0x00000000080013f4        0xc 
 .text          0x0000000008001400       0xdc /usr/local/arm/10.3/bin/../lib/gcc/arm-none-eabi/10.3.1/../../../../arm-none-eabi/lib/thumb/v7e-m/nofp/libg.a(lib_a-strlen.o)
                0x0000000008001400                strlen
 *fill*         0x00000000080014dc        0x4 
 .text          0x00000000080014e0       0xa0 /usr/local/arm/10.3/bin/../lib/gcc/arm-none-eabi/10.3.1/../../../../arm-none-eabi/lib/thumb/v7e-m/nofp/libg.a(lib_a-memchr.o)
                0x00000000080014e0                memchr
 .text          0x0000000008001580      0x134 /usr/local/arm/10.3/bin/../lib/gcc/arm-none-eabi/10.3.1/../../../../arm-none-eabi/lib/thumb/v7e-m/nofp/libg.a(lib_a-memcpy.o)
                0x0000000008001580                memcpy
 .text          0x00000000080016b4       0x2c /usr/local/arm/10.3/bin/../lib/gcc/arm-none-eabi/10.3.1/thumb/v7e-m/nofp/libgcc.a(_arm_unorddf2.o)
                0x00000000080016b4                __aeabi_dcmpun
                0x00000000080016b4                __unorddf2
 *(.text*)
 .text.Bsp_Init
                0x00000000080016e0       0x24 CMakeFiles/Car.elf.dir/Bsp/Bsp.c.obj
                0x00000000080016e0                Bsp_Init
 .text.HuaGui_Init_Proc
                0x0000000008001704       0x9c CMakeFiles/Car.elf.dir/Bsp/Bsp.c.obj
                0x0000000008001704                HuaGui_Init_Proc
 .text.User_USART_Init
                0x00000000080017a0       0x1e CMakeFiles/Car.elf.dir/Bsp/JY901.c.obj
                0x00000000080017a0                User_USART_Init
 *fill*         0x00000000080017be        0x2 
 .text.JY901_Process
                0x00000000080017c0      0x130 CMakeFiles/Car.elf.dir/Bsp/JY901.c.obj
                0x00000000080017c0                JY901_Process
 .text.my_abs_float
                0x00000000080018f0       0x16 CMakeFiles/Car.elf.dir/Bsp/JY901.c.obj
                0x00000000080018f0                my_abs_float
 *fill*         0x0000000008001906        0x2 
 .text.process_kalman_filter
                0x0000000008001908      0x138 CMakeFiles/Car.elf.dir/Bsp/JY901.c.obj
                0x0000000008001908                process_kalman_filter
 .text.JY901S_send_command
                0x0000000008001a40       0x34 CMakeFiles/Car.elf.dir/Bsp/JY901.c.obj
                0x0000000008001a40                JY901S_send_command
 .text.Reset_JY901S_Command
                0x0000000008001a74       0x5c CMakeFiles/Car.elf.dir/Bsp/JY901.c.obj
                0x0000000008001a74                Reset_JY901S_Command
 .text.Delay_Init
                0x0000000008001ad0       0x18 CMakeFiles/Car.elf.dir/Bsp/My_Delay.c.obj
                0x0000000008001ad0                Delay_Init
 .text.Delay_us
                0x0000000008001ae8       0x40 CMakeFiles/Car.elf.dir/Bsp/My_Delay.c.obj
                0x0000000008001ae8                Delay_us
 .text.Delay_ms
                0x0000000008001b28       0x3c CMakeFiles/Car.elf.dir/Bsp/My_Delay.c.obj
                0x0000000008001b28                Delay_ms
 .text.JY901S_Init
                0x0000000008001b64       0x2c CMakeFiles/Car.elf.dir/Bsp/Uart_Bsp.c.obj
                0x0000000008001b64                JY901S_Init
 .text.Usart_Init
                0x0000000008001b90        0x8 CMakeFiles/Car.elf.dir/Bsp/Uart_Bsp.c.obj
                0x0000000008001b90                Usart_Init
 .text.RetargetInit
                0x0000000008001b98       0x20 CMakeFiles/Car.elf.dir/Bsp/retarget.c.obj
                0x0000000008001b98                RetargetInit
 .text._isatty  0x0000000008001bb8       0x16 CMakeFiles/Car.elf.dir/Bsp/retarget.c.obj
                0x0000000008001bb8                _isatty
 *fill*         0x0000000008001bce        0x2 
 .text._write   0x0000000008001bd0       0x34 CMakeFiles/Car.elf.dir/Bsp/retarget.c.obj
                0x0000000008001bd0                _write
 .text._close   0x0000000008001c04       0x18 CMakeFiles/Car.elf.dir/Bsp/retarget.c.obj
                0x0000000008001c04                _close
 .text._lseek   0x0000000008001c1c       0x10 CMakeFiles/Car.elf.dir/Bsp/retarget.c.obj
                0x0000000008001c1c                _lseek
 .text._read    0x0000000008001c2c       0x30 CMakeFiles/Car.elf.dir/Bsp/retarget.c.obj
                0x0000000008001c2c                _read
 .text._fstat   0x0000000008001c5c       0x1a CMakeFiles/Car.elf.dir/Bsp/retarget.c.obj
                0x0000000008001c5c                _fstat
 *fill*         0x0000000008001c76        0x2 
 .text.MX_DMA_Init
                0x0000000008001c78       0x34 CMakeFiles/Car.elf.dir/Core/Src/dma.c.obj
                0x0000000008001c78                MX_DMA_Init
 .text.MX_GPIO_Init
                0x0000000008001cac      0x12c CMakeFiles/Car.elf.dir/Core/Src/gpio.c.obj
                0x0000000008001cac                MX_GPIO_Init
 .text.MX_I2C1_Init
                0x0000000008001dd8       0x3c CMakeFiles/Car.elf.dir/Core/Src/i2c.c.obj
                0x0000000008001dd8                MX_I2C1_Init
 .text.HAL_I2C_MspInit
                0x0000000008001e14       0x70 CMakeFiles/Car.elf.dir/Core/Src/i2c.c.obj
                0x0000000008001e14                HAL_I2C_MspInit
 .text.Error_Handler
                0x0000000008001e84        0x4 CMakeFiles/Car.elf.dir/Core/Src/main.c.obj
                0x0000000008001e84                Error_Handler
 .text.SystemClock_Config
                0x0000000008001e88       0xac CMakeFiles/Car.elf.dir/Core/Src/main.c.obj
                0x0000000008001e88                SystemClock_Config
 .text.main     0x0000000008001f34      0x118 CMakeFiles/Car.elf.dir/Core/Src/main.c.obj
                0x0000000008001f34                main
 .text.HAL_MspInit
                0x000000000800204c       0x38 CMakeFiles/Car.elf.dir/Core/Src/stm32f4xx_hal_msp.c.obj
                0x000000000800204c                HAL_MspInit
 .text.NMI_Handler
                0x0000000008002084        0x2 CMakeFiles/Car.elf.dir/Core/Src/stm32f4xx_it.c.obj
                0x0000000008002084                NMI_Handler
 .text.HardFault_Handler
                0x0000000008002086        0x2 CMakeFiles/Car.elf.dir/Core/Src/stm32f4xx_it.c.obj
                0x0000000008002086                HardFault_Handler
 .text.MemManage_Handler
                0x0000000008002088        0x2 CMakeFiles/Car.elf.dir/Core/Src/stm32f4xx_it.c.obj
                0x0000000008002088                MemManage_Handler
 .text.BusFault_Handler
                0x000000000800208a        0x2 CMakeFiles/Car.elf.dir/Core/Src/stm32f4xx_it.c.obj
                0x000000000800208a                BusFault_Handler
 .text.UsageFault_Handler
                0x000000000800208c        0x2 CMakeFiles/Car.elf.dir/Core/Src/stm32f4xx_it.c.obj
                0x000000000800208c                UsageFault_Handler
 .text.SVC_Handler
                0x000000000800208e        0x2 CMakeFiles/Car.elf.dir/Core/Src/stm32f4xx_it.c.obj
                0x000000000800208e                SVC_Handler
 .text.DebugMon_Handler
                0x0000000008002090        0x2 CMakeFiles/Car.elf.dir/Core/Src/stm32f4xx_it.c.obj
                0x0000000008002090                DebugMon_Handler
 .text.PendSV_Handler
                0x0000000008002092        0x2 CMakeFiles/Car.elf.dir/Core/Src/stm32f4xx_it.c.obj
                0x0000000008002092                PendSV_Handler
 .text.SysTick_Handler
                0x0000000008002094        0x8 CMakeFiles/Car.elf.dir/Core/Src/stm32f4xx_it.c.obj
                0x0000000008002094                SysTick_Handler
 .text.DMA1_Stream1_IRQHandler
                0x000000000800209c       0x10 CMakeFiles/Car.elf.dir/Core/Src/stm32f4xx_it.c.obj
                0x000000000800209c                DMA1_Stream1_IRQHandler
 .text.USART1_IRQHandler
                0x00000000080020ac       0x10 CMakeFiles/Car.elf.dir/Core/Src/stm32f4xx_it.c.obj
                0x00000000080020ac                USART1_IRQHandler
 .text.USART3_IRQHandler
                0x00000000080020bc       0x6c CMakeFiles/Car.elf.dir/Core/Src/stm32f4xx_it.c.obj
                0x00000000080020bc                USART3_IRQHandler
 .text.TIM6_DAC_IRQHandler
                0x0000000008002128       0x10 CMakeFiles/Car.elf.dir/Core/Src/stm32f4xx_it.c.obj
                0x0000000008002128                TIM6_DAC_IRQHandler
 .text.HAL_UART_RxCpltCallback
                0x0000000008002138       0x2c CMakeFiles/Car.elf.dir/Core/Src/stm32f4xx_it.c.obj
                0x0000000008002138                HAL_UART_RxCpltCallback
 .text._getpid  0x0000000008002164        0x4 CMakeFiles/Car.elf.dir/Core/Src/syscalls.c.obj
                0x0000000008002164                _getpid
 .text._kill    0x0000000008002168       0x10 CMakeFiles/Car.elf.dir/Core/Src/syscalls.c.obj
                0x0000000008002168                _kill
 .text._exit    0x0000000008002178        0xc CMakeFiles/Car.elf.dir/Core/Src/syscalls.c.obj
                0x0000000008002178                _exit
 .text._sbrk    0x0000000008002184       0x48 CMakeFiles/Car.elf.dir/Core/Src/sysmem.c.obj
                0x0000000008002184                _sbrk
 .text.SystemInit
                0x00000000080021cc        0x2 CMakeFiles/Car.elf.dir/Core/Src/system_stm32f4xx.c.obj
                0x00000000080021cc                SystemInit
 *fill*         0x00000000080021ce        0x2 
 .text.MX_TIM6_Init
                0x00000000080021d0       0x50 CMakeFiles/Car.elf.dir/Core/Src/tim.c.obj
                0x00000000080021d0                MX_TIM6_Init
 .text.MX_TIM7_Init
                0x0000000008002220       0x50 CMakeFiles/Car.elf.dir/Core/Src/tim.c.obj
                0x0000000008002220                MX_TIM7_Init
 .text.HAL_TIM_Base_MspInit
                0x0000000008002270       0x8c CMakeFiles/Car.elf.dir/Core/Src/tim.c.obj
                0x0000000008002270                HAL_TIM_Base_MspInit
 .text.HAL_TIM_MspPostInit
                0x00000000080022fc       0x80 CMakeFiles/Car.elf.dir/Core/Src/tim.c.obj
                0x00000000080022fc                HAL_TIM_MspPostInit
 .text.MX_TIM3_Init
                0x000000000800237c       0xec CMakeFiles/Car.elf.dir/Core/Src/tim.c.obj
                0x000000000800237c                MX_TIM3_Init
 .text.MX_UART4_Init
                0x0000000008002468       0x34 CMakeFiles/Car.elf.dir/Core/Src/usart.c.obj
                0x0000000008002468                MX_UART4_Init
 .text.MX_UART5_Init
                0x000000000800249c       0x34 CMakeFiles/Car.elf.dir/Core/Src/usart.c.obj
                0x000000000800249c                MX_UART5_Init
 .text.MX_USART1_UART_Init
                0x00000000080024d0       0x34 CMakeFiles/Car.elf.dir/Core/Src/usart.c.obj
                0x00000000080024d0                MX_USART1_UART_Init
 .text.MX_USART2_UART_Init
                0x0000000008002504       0x34 CMakeFiles/Car.elf.dir/Core/Src/usart.c.obj
                0x0000000008002504                MX_USART2_UART_Init
 .text.MX_USART3_UART_Init
                0x0000000008002538       0x34 CMakeFiles/Car.elf.dir/Core/Src/usart.c.obj
                0x0000000008002538                MX_USART3_UART_Init
 .text.MX_USART6_UART_Init
                0x000000000800256c       0x34 CMakeFiles/Car.elf.dir/Core/Src/usart.c.obj
                0x000000000800256c                MX_USART6_UART_Init
 .text.HAL_UART_MspInit
                0x00000000080025a0      0x298 CMakeFiles/Car.elf.dir/Core/Src/usart.c.obj
                0x00000000080025a0                HAL_UART_MspInit
 .text.Reset_Handler
                0x0000000008002838       0x50 CMakeFiles/Car.elf.dir/Core/Startup/startup_stm32f407zetx.s.obj
                0x0000000008002838                Reset_Handler
 .text.Default_Handler
                0x0000000008002888        0x2 CMakeFiles/Car.elf.dir/Core/Startup/startup_stm32f407zetx.s.obj
                0x0000000008002888                RTC_Alarm_IRQHandler
                0x0000000008002888                HASH_RNG_IRQHandler
                0x0000000008002888                EXTI2_IRQHandler
                0x0000000008002888                TIM8_CC_IRQHandler
                0x0000000008002888                TIM1_CC_IRQHandler
                0x0000000008002888                DMA2_Stream5_IRQHandler
                0x0000000008002888                DMA1_Stream5_IRQHandler
                0x0000000008002888                PVD_IRQHandler
                0x0000000008002888                SDIO_IRQHandler
                0x0000000008002888                TAMP_STAMP_IRQHandler
                0x0000000008002888                CAN2_RX1_IRQHandler
                0x0000000008002888                EXTI3_IRQHandler
                0x0000000008002888                TIM8_TRG_COM_TIM14_IRQHandler
                0x0000000008002888                TIM1_UP_TIM10_IRQHandler
                0x0000000008002888                TIM8_UP_TIM13_IRQHandler
                0x0000000008002888                I2C3_ER_IRQHandler
                0x0000000008002888                EXTI0_IRQHandler
                0x0000000008002888                I2C2_EV_IRQHandler
                0x0000000008002888                DMA1_Stream2_IRQHandler
                0x0000000008002888                CAN1_RX0_IRQHandler
                0x0000000008002888                FPU_IRQHandler
                0x0000000008002888                OTG_HS_WKUP_IRQHandler
                0x0000000008002888                CAN2_SCE_IRQHandler
                0x0000000008002888                DMA2_Stream2_IRQHandler
                0x0000000008002888                SPI1_IRQHandler
                0x0000000008002888                TIM1_BRK_TIM9_IRQHandler
                0x0000000008002888                DCMI_IRQHandler
                0x0000000008002888                CAN2_RX0_IRQHandler
                0x0000000008002888                DMA2_Stream3_IRQHandler
                0x0000000008002888                USART6_IRQHandler
                0x0000000008002888                CAN1_RX1_IRQHandler
                0x0000000008002888                UART5_IRQHandler
                0x0000000008002888                DMA2_Stream0_IRQHandler
                0x0000000008002888                TIM4_IRQHandler
                0x0000000008002888                I2C1_EV_IRQHandler
                0x0000000008002888                DMA1_Stream6_IRQHandler
                0x0000000008002888                UART4_IRQHandler
                0x0000000008002888                TIM3_IRQHandler
                0x0000000008002888                RCC_IRQHandler
                0x0000000008002888                TIM8_BRK_TIM12_IRQHandler
                0x0000000008002888                Default_Handler
                0x0000000008002888                EXTI15_10_IRQHandler
                0x0000000008002888                ADC_IRQHandler
                0x0000000008002888                DMA1_Stream7_IRQHandler
                0x0000000008002888                TIM7_IRQHandler
                0x0000000008002888                CAN2_TX_IRQHandler
                0x0000000008002888                TIM5_IRQHandler
                0x0000000008002888                DMA2_Stream7_IRQHandler
                0x0000000008002888                I2C3_EV_IRQHandler
                0x0000000008002888                EXTI9_5_IRQHandler
                0x0000000008002888                RTC_WKUP_IRQHandler
                0x0000000008002888                ETH_WKUP_IRQHandler
                0x0000000008002888                SPI2_IRQHandler
                0x0000000008002888                OTG_HS_EP1_IN_IRQHandler
                0x0000000008002888                DMA1_Stream0_IRQHandler
                0x0000000008002888                CAN1_TX_IRQHandler
                0x0000000008002888                EXTI4_IRQHandler
                0x0000000008002888                FSMC_IRQHandler
                0x0000000008002888                ETH_IRQHandler
                0x0000000008002888                OTG_HS_EP1_OUT_IRQHandler
                0x0000000008002888                WWDG_IRQHandler
                0x0000000008002888                TIM2_IRQHandler
                0x0000000008002888                OTG_FS_WKUP_IRQHandler
                0x0000000008002888                TIM1_TRG_COM_TIM11_IRQHandler
                0x0000000008002888                OTG_HS_IRQHandler
                0x0000000008002888                EXTI1_IRQHandler
                0x0000000008002888                USART2_IRQHandler
                0x0000000008002888                I2C2_ER_IRQHandler
                0x0000000008002888                DMA2_Stream1_IRQHandler
                0x0000000008002888                CAN1_SCE_IRQHandler
                0x0000000008002888                FLASH_IRQHandler
                0x0000000008002888                DMA2_Stream4_IRQHandler
                0x0000000008002888                OTG_FS_IRQHandler
                0x0000000008002888                SPI3_IRQHandler
                0x0000000008002888                DMA1_Stream4_IRQHandler
                0x0000000008002888                I2C1_ER_IRQHandler
                0x0000000008002888                DMA2_Stream6_IRQHandler
                0x0000000008002888                DMA1_Stream3_IRQHandler
 *fill*         0x000000000800288a        0x2 
 .text.HAL_InitTick
                0x000000000800288c       0x4c CMakeFiles/Car.elf.dir/Drivers/STM32F4xx_HAL_Driver/Src/stm32f4xx_hal.c.obj
                0x000000000800288c                HAL_InitTick
 .text.HAL_Init
                0x00000000080028d8       0x34 CMakeFiles/Car.elf.dir/Drivers/STM32F4xx_HAL_Driver/Src/stm32f4xx_hal.c.obj
                0x00000000080028d8                HAL_Init
 .text.HAL_IncTick
                0x000000000800290c       0x18 CMakeFiles/Car.elf.dir/Drivers/STM32F4xx_HAL_Driver/Src/stm32f4xx_hal.c.obj
                0x000000000800290c                HAL_IncTick
 .text.HAL_GetTick
                0x0000000008002924        0xc CMakeFiles/Car.elf.dir/Drivers/STM32F4xx_HAL_Driver/Src/stm32f4xx_hal.c.obj
                0x0000000008002924                HAL_GetTick
 .text.HAL_NVIC_SetPriorityGrouping
                0x0000000008002930       0x24 CMakeFiles/Car.elf.dir/Drivers/STM32F4xx_HAL_Driver/Src/stm32f4xx_hal_cortex.c.obj
                0x0000000008002930                HAL_NVIC_SetPriorityGrouping
 .text.HAL_NVIC_SetPriority
                0x0000000008002954       0x70 CMakeFiles/Car.elf.dir/Drivers/STM32F4xx_HAL_Driver/Src/stm32f4xx_hal_cortex.c.obj
                0x0000000008002954                HAL_NVIC_SetPriority
 .text.HAL_NVIC_EnableIRQ
                0x00000000080029c4       0x1c CMakeFiles/Car.elf.dir/Drivers/STM32F4xx_HAL_Driver/Src/stm32f4xx_hal_cortex.c.obj
                0x00000000080029c4                HAL_NVIC_EnableIRQ
 .text.HAL_SYSTICK_Config
                0x00000000080029e0       0x28 CMakeFiles/Car.elf.dir/Drivers/STM32F4xx_HAL_Driver/Src/stm32f4xx_hal_cortex.c.obj
                0x00000000080029e0                HAL_SYSTICK_Config
 .text.HAL_SYSTICK_CLKSourceConfig
                0x0000000008002a08       0x20 CMakeFiles/Car.elf.dir/Drivers/STM32F4xx_HAL_Driver/Src/stm32f4xx_hal_cortex.c.obj
                0x0000000008002a08                HAL_SYSTICK_CLKSourceConfig
 .text.DMA_SetConfig
                0x0000000008002a28       0x2c CMakeFiles/Car.elf.dir/Drivers/STM32F4xx_HAL_Driver/Src/stm32f4xx_hal_dma.c.obj
 .text.DMA_CalcBaseAndBitshift
                0x0000000008002a54       0x40 CMakeFiles/Car.elf.dir/Drivers/STM32F4xx_HAL_Driver/Src/stm32f4xx_hal_dma.c.obj
 .text.DMA_CheckFifoParam
                0x0000000008002a94       0x8e CMakeFiles/Car.elf.dir/Drivers/STM32F4xx_HAL_Driver/Src/stm32f4xx_hal_dma.c.obj
 *fill*         0x0000000008002b22        0x2 
 .text.HAL_DMA_Init
                0x0000000008002b24       0xcc CMakeFiles/Car.elf.dir/Drivers/STM32F4xx_HAL_Driver/Src/stm32f4xx_hal_dma.c.obj
                0x0000000008002b24                HAL_DMA_Init
 .text.HAL_DMA_Start_IT
                0x0000000008002bf0       0x6a CMakeFiles/Car.elf.dir/Drivers/STM32F4xx_HAL_Driver/Src/stm32f4xx_hal_dma.c.obj
                0x0000000008002bf0                HAL_DMA_Start_IT
 .text.HAL_DMA_Abort
                0x0000000008002c5a       0x94 CMakeFiles/Car.elf.dir/Drivers/STM32F4xx_HAL_Driver/Src/stm32f4xx_hal_dma.c.obj
                0x0000000008002c5a                HAL_DMA_Abort
 .text.HAL_DMA_Abort_IT
                0x0000000008002cee       0x26 CMakeFiles/Car.elf.dir/Drivers/STM32F4xx_HAL_Driver/Src/stm32f4xx_hal_dma.c.obj
                0x0000000008002cee                HAL_DMA_Abort_IT
 .text.HAL_DMA_IRQHandler
                0x0000000008002d14      0x1dc CMakeFiles/Car.elf.dir/Drivers/STM32F4xx_HAL_Driver/Src/stm32f4xx_hal_dma.c.obj
                0x0000000008002d14                HAL_DMA_IRQHandler
 .text.HAL_GPIO_Init
                0x0000000008002ef0      0x1e4 CMakeFiles/Car.elf.dir/Drivers/STM32F4xx_HAL_Driver/Src/stm32f4xx_hal_gpio.c.obj
                0x0000000008002ef0                HAL_GPIO_Init
 .text.HAL_GPIO_WritePin
                0x00000000080030d4        0xc CMakeFiles/Car.elf.dir/Drivers/STM32F4xx_HAL_Driver/Src/stm32f4xx_hal_gpio.c.obj
                0x00000000080030d4                HAL_GPIO_WritePin
 .text.HAL_GPIO_TogglePin
                0x00000000080030e0       0x12 CMakeFiles/Car.elf.dir/Drivers/STM32F4xx_HAL_Driver/Src/stm32f4xx_hal_gpio.c.obj
                0x00000000080030e0                HAL_GPIO_TogglePin
 *fill*         0x00000000080030f2        0x2 
 .text.HAL_I2C_Init
                0x00000000080030f4      0x1bc CMakeFiles/Car.elf.dir/Drivers/STM32F4xx_HAL_Driver/Src/stm32f4xx_hal_i2c.c.obj
                0x00000000080030f4                HAL_I2C_Init
 .text.HAL_RCC_OscConfig
                0x00000000080032b0      0x3f8 CMakeFiles/Car.elf.dir/Drivers/STM32F4xx_HAL_Driver/Src/stm32f4xx_hal_rcc.c.obj
                0x00000000080032b0                HAL_RCC_OscConfig
 .text.HAL_RCC_GetSysClockFreq
                0x00000000080036a8       0xd4 CMakeFiles/Car.elf.dir/Drivers/STM32F4xx_HAL_Driver/Src/stm32f4xx_hal_rcc.c.obj
                0x00000000080036a8                HAL_RCC_GetSysClockFreq
 .text.HAL_RCC_ClockConfig
                0x000000000800377c      0x160 CMakeFiles/Car.elf.dir/Drivers/STM32F4xx_HAL_Driver/Src/stm32f4xx_hal_rcc.c.obj
                0x000000000800377c                HAL_RCC_ClockConfig
 .text.HAL_RCC_GetHCLKFreq
                0x00000000080038dc        0xc CMakeFiles/Car.elf.dir/Drivers/STM32F4xx_HAL_Driver/Src/stm32f4xx_hal_rcc.c.obj
                0x00000000080038dc                HAL_RCC_GetHCLKFreq
 .text.HAL_RCC_GetPCLK1Freq
                0x00000000080038e8       0x20 CMakeFiles/Car.elf.dir/Drivers/STM32F4xx_HAL_Driver/Src/stm32f4xx_hal_rcc.c.obj
                0x00000000080038e8                HAL_RCC_GetPCLK1Freq
 .text.HAL_RCC_GetPCLK2Freq
                0x0000000008003908       0x20 CMakeFiles/Car.elf.dir/Drivers/STM32F4xx_HAL_Driver/Src/stm32f4xx_hal_rcc.c.obj
                0x0000000008003908                HAL_RCC_GetPCLK2Freq
 .text.TIM_OC1_SetConfig
                0x0000000008003928       0x68 CMakeFiles/Car.elf.dir/Drivers/STM32F4xx_HAL_Driver/Src/stm32f4xx_hal_tim.c.obj
 .text.TIM_OC3_SetConfig
                0x0000000008003990       0x70 CMakeFiles/Car.elf.dir/Drivers/STM32F4xx_HAL_Driver/Src/stm32f4xx_hal_tim.c.obj
 .text.TIM_OC4_SetConfig
                0x0000000008003a00       0x50 CMakeFiles/Car.elf.dir/Drivers/STM32F4xx_HAL_Driver/Src/stm32f4xx_hal_tim.c.obj
 .text.TIM_TI1_ConfigInputStage
                0x0000000008003a50       0x24 CMakeFiles/Car.elf.dir/Drivers/STM32F4xx_HAL_Driver/Src/stm32f4xx_hal_tim.c.obj
 .text.TIM_TI2_ConfigInputStage
                0x0000000008003a74       0x26 CMakeFiles/Car.elf.dir/Drivers/STM32F4xx_HAL_Driver/Src/stm32f4xx_hal_tim.c.obj
 .text.TIM_ITRx_SetConfig
                0x0000000008003a9a       0x10 CMakeFiles/Car.elf.dir/Drivers/STM32F4xx_HAL_Driver/Src/stm32f4xx_hal_tim.c.obj
 *fill*         0x0000000008003aaa        0x2 
 .text.HAL_TIM_Base_Start_IT
                0x0000000008003aac       0x88 CMakeFiles/Car.elf.dir/Drivers/STM32F4xx_HAL_Driver/Src/stm32f4xx_hal_tim.c.obj
                0x0000000008003aac                HAL_TIM_Base_Start_IT
 .text.HAL_TIM_PWM_MspInit
                0x0000000008003b34        0x2 CMakeFiles/Car.elf.dir/Drivers/STM32F4xx_HAL_Driver/Src/stm32f4xx_hal_tim.c.obj
                0x0000000008003b34                HAL_TIM_PWM_MspInit
 .text.HAL_TIM_OC_DelayElapsedCallback
                0x0000000008003b36        0x2 CMakeFiles/Car.elf.dir/Drivers/STM32F4xx_HAL_Driver/Src/stm32f4xx_hal_tim.c.obj
                0x0000000008003b36                HAL_TIM_OC_DelayElapsedCallback
 .text.HAL_TIM_IC_CaptureCallback
                0x0000000008003b38        0x2 CMakeFiles/Car.elf.dir/Drivers/STM32F4xx_HAL_Driver/Src/stm32f4xx_hal_tim.c.obj
                0x0000000008003b38                HAL_TIM_IC_CaptureCallback
 .text.HAL_TIM_PWM_PulseFinishedCallback
                0x0000000008003b3a        0x2 CMakeFiles/Car.elf.dir/Drivers/STM32F4xx_HAL_Driver/Src/stm32f4xx_hal_tim.c.obj
                0x0000000008003b3a                HAL_TIM_PWM_PulseFinishedCallback
 .text.HAL_TIM_TriggerCallback
                0x0000000008003b3c        0x2 CMakeFiles/Car.elf.dir/Drivers/STM32F4xx_HAL_Driver/Src/stm32f4xx_hal_tim.c.obj
                0x0000000008003b3c                HAL_TIM_TriggerCallback
 .text.HAL_TIM_IRQHandler
                0x0000000008003b3e      0x15e CMakeFiles/Car.elf.dir/Drivers/STM32F4xx_HAL_Driver/Src/stm32f4xx_hal_tim.c.obj
                0x0000000008003b3e                HAL_TIM_IRQHandler
 .text.TIM_Base_SetConfig
                0x0000000008003c9c       0xd8 CMakeFiles/Car.elf.dir/Drivers/STM32F4xx_HAL_Driver/Src/stm32f4xx_hal_tim.c.obj
                0x0000000008003c9c                TIM_Base_SetConfig
 .text.HAL_TIM_Base_Init
                0x0000000008003d74       0x58 CMakeFiles/Car.elf.dir/Drivers/STM32F4xx_HAL_Driver/Src/stm32f4xx_hal_tim.c.obj
                0x0000000008003d74                HAL_TIM_Base_Init
 .text.HAL_TIM_PWM_Init
                0x0000000008003dcc       0x58 CMakeFiles/Car.elf.dir/Drivers/STM32F4xx_HAL_Driver/Src/stm32f4xx_hal_tim.c.obj
                0x0000000008003dcc                HAL_TIM_PWM_Init
 .text.TIM_OC2_SetConfig
                0x0000000008003e24       0x70 CMakeFiles/Car.elf.dir/Drivers/STM32F4xx_HAL_Driver/Src/stm32f4xx_hal_tim.c.obj
                0x0000000008003e24                TIM_OC2_SetConfig
 .text.HAL_TIM_PWM_ConfigChannel
                0x0000000008003e94       0xdc CMakeFiles/Car.elf.dir/Drivers/STM32F4xx_HAL_Driver/Src/stm32f4xx_hal_tim.c.obj
                0x0000000008003e94                HAL_TIM_PWM_ConfigChannel
 .text.TIM_ETR_SetConfig
                0x0000000008003f70       0x18 CMakeFiles/Car.elf.dir/Drivers/STM32F4xx_HAL_Driver/Src/stm32f4xx_hal_tim.c.obj
                0x0000000008003f70                TIM_ETR_SetConfig
 .text.HAL_TIM_ConfigClockSource
                0x0000000008003f88       0xfe CMakeFiles/Car.elf.dir/Drivers/STM32F4xx_HAL_Driver/Src/stm32f4xx_hal_tim.c.obj
                0x0000000008003f88                HAL_TIM_ConfigClockSource
 .text.TIM_CCxChannelCmd
                0x0000000008004086       0x1e CMakeFiles/Car.elf.dir/Drivers/STM32F4xx_HAL_Driver/Src/stm32f4xx_hal_tim.c.obj
                0x0000000008004086                TIM_CCxChannelCmd
 .text.HAL_TIM_PWM_Start
                0x00000000080040a4      0x104 CMakeFiles/Car.elf.dir/Drivers/STM32F4xx_HAL_Driver/Src/stm32f4xx_hal_tim.c.obj
                0x00000000080040a4                HAL_TIM_PWM_Start
 .text.HAL_TIMEx_MasterConfigSynchronization
                0x00000000080041a8       0x8c CMakeFiles/Car.elf.dir/Drivers/STM32F4xx_HAL_Driver/Src/stm32f4xx_hal_tim_ex.c.obj
                0x00000000080041a8                HAL_TIMEx_MasterConfigSynchronization
 .text.HAL_TIMEx_CommutCallback
                0x0000000008004234        0x2 CMakeFiles/Car.elf.dir/Drivers/STM32F4xx_HAL_Driver/Src/stm32f4xx_hal_tim_ex.c.obj
                0x0000000008004234                HAL_TIMEx_CommutCallback
 .text.HAL_TIMEx_BreakCallback
                0x0000000008004236        0x2 CMakeFiles/Car.elf.dir/Drivers/STM32F4xx_HAL_Driver/Src/stm32f4xx_hal_tim_ex.c.obj
                0x0000000008004236                HAL_TIMEx_BreakCallback
 .text.UART_EndTxTransfer
                0x0000000008004238       0x20 CMakeFiles/Car.elf.dir/Drivers/STM32F4xx_HAL_Driver/Src/stm32f4xx_hal_uart.c.obj
 .text.UART_EndRxTransfer
                0x0000000008004258       0x5c CMakeFiles/Car.elf.dir/Drivers/STM32F4xx_HAL_Driver/Src/stm32f4xx_hal_uart.c.obj
 .text.UART_Transmit_IT
                0x00000000080042b4       0x60 CMakeFiles/Car.elf.dir/Drivers/STM32F4xx_HAL_Driver/Src/stm32f4xx_hal_uart.c.obj
 .text.UART_SetConfig
                0x0000000008004314      0x110 CMakeFiles/Car.elf.dir/Drivers/STM32F4xx_HAL_Driver/Src/stm32f4xx_hal_uart.c.obj
 .text.UART_WaitOnFlagUntilTimeout
                0x0000000008004424       0x8a CMakeFiles/Car.elf.dir/Drivers/STM32F4xx_HAL_Driver/Src/stm32f4xx_hal_uart.c.obj
 .text.HAL_UART_Init
                0x00000000080044ae       0x60 CMakeFiles/Car.elf.dir/Drivers/STM32F4xx_HAL_Driver/Src/stm32f4xx_hal_uart.c.obj
                0x00000000080044ae                HAL_UART_Init
 .text.HAL_UART_Transmit
                0x000000000800450e       0xcc CMakeFiles/Car.elf.dir/Drivers/STM32F4xx_HAL_Driver/Src/stm32f4xx_hal_uart.c.obj
                0x000000000800450e                HAL_UART_Transmit
 .text.HAL_UART_Receive
                0x00000000080045da       0xd2 CMakeFiles/Car.elf.dir/Drivers/STM32F4xx_HAL_Driver/Src/stm32f4xx_hal_uart.c.obj
                0x00000000080045da                HAL_UART_Receive
 .text.HAL_UART_DMAStop
                0x00000000080046ac       0x84 CMakeFiles/Car.elf.dir/Drivers/STM32F4xx_HAL_Driver/Src/stm32f4xx_hal_uart.c.obj
                0x00000000080046ac                HAL_UART_DMAStop
 .text.HAL_UART_TxCpltCallback
                0x0000000008004730        0x2 CMakeFiles/Car.elf.dir/Drivers/STM32F4xx_HAL_Driver/Src/stm32f4xx_hal_uart.c.obj
                0x0000000008004730                HAL_UART_TxCpltCallback
 .text.UART_EndTransmit_IT
                0x0000000008004732       0x1a CMakeFiles/Car.elf.dir/Drivers/STM32F4xx_HAL_Driver/Src/stm32f4xx_hal_uart.c.obj
 .text.HAL_UART_RxHalfCpltCallback
                0x000000000800474c        0x2 CMakeFiles/Car.elf.dir/Drivers/STM32F4xx_HAL_Driver/Src/stm32f4xx_hal_uart.c.obj
                0x000000000800474c                HAL_UART_RxHalfCpltCallback
 .text.HAL_UART_ErrorCallback
                0x000000000800474e        0x2 CMakeFiles/Car.elf.dir/Drivers/STM32F4xx_HAL_Driver/Src/stm32f4xx_hal_uart.c.obj
                0x000000000800474e                HAL_UART_ErrorCallback
 .text.UART_DMAError
                0x0000000008004750       0x58 CMakeFiles/Car.elf.dir/Drivers/STM32F4xx_HAL_Driver/Src/stm32f4xx_hal_uart.c.obj
 .text.UART_DMAAbortOnError
                0x00000000080047a8       0x10 CMakeFiles/Car.elf.dir/Drivers/STM32F4xx_HAL_Driver/Src/stm32f4xx_hal_uart.c.obj
 .text.HAL_UARTEx_RxEventCallback
                0x00000000080047b8        0x2 CMakeFiles/Car.elf.dir/Drivers/STM32F4xx_HAL_Driver/Src/stm32f4xx_hal_uart.c.obj
                0x00000000080047b8                HAL_UARTEx_RxEventCallback
 .text.UART_Receive_IT
                0x00000000080047ba       0xe6 CMakeFiles/Car.elf.dir/Drivers/STM32F4xx_HAL_Driver/Src/stm32f4xx_hal_uart.c.obj
 .text.HAL_UART_IRQHandler
                0x00000000080048a0      0x288 CMakeFiles/Car.elf.dir/Drivers/STM32F4xx_HAL_Driver/Src/stm32f4xx_hal_uart.c.obj
                0x00000000080048a0                HAL_UART_IRQHandler
 .text.UART_DMARxHalfCplt
                0x0000000008004b28       0x1e CMakeFiles/Car.elf.dir/Drivers/STM32F4xx_HAL_Driver/Src/stm32f4xx_hal_uart.c.obj
 .text.UART_DMAReceiveCplt
                0x0000000008004b46       0x9a CMakeFiles/Car.elf.dir/Drivers/STM32F4xx_HAL_Driver/Src/stm32f4xx_hal_uart.c.obj
 .text.UART_Start_Receive_IT
                0x0000000008004be0       0x36 CMakeFiles/Car.elf.dir/Drivers/STM32F4xx_HAL_Driver/Src/stm32f4xx_hal_uart.c.obj
                0x0000000008004be0                UART_Start_Receive_IT
 .text.HAL_UART_Receive_IT
                0x0000000008004c16       0x26 CMakeFiles/Car.elf.dir/Drivers/STM32F4xx_HAL_Driver/Src/stm32f4xx_hal_uart.c.obj
                0x0000000008004c16                HAL_UART_Receive_IT
 .text.UART_Start_Receive_DMA
                0x0000000008004c3c       0xa4 CMakeFiles/Car.elf.dir/Drivers/STM32F4xx_HAL_Driver/Src/stm32f4xx_hal_uart.c.obj
                0x0000000008004c3c                UART_Start_Receive_DMA
 .text.HAL_UART_Receive_DMA
                0x0000000008004ce0       0x26 CMakeFiles/Car.elf.dir/Drivers/STM32F4xx_HAL_Driver/Src/stm32f4xx_hal_uart.c.obj
                0x0000000008004ce0                HAL_UART_Receive_DMA
 *fill*         0x0000000008004d06        0x2 
 .text.Control_Proc
                0x0000000008004d08      0x6f8 CMakeFiles/Car.elf.dir/Task/Control.c.obj
                0x0000000008004d08                Control_Proc
 .text.My_ABS   0x0000000008005400        0xa CMakeFiles/Car.elf.dir/Task/Motor.c.obj
                0x0000000008005400                My_ABS
 *fill*         0x000000000800540a        0x2 
 .text.Motor_Receive_Data
                0x000000000800540c      0x25c CMakeFiles/Car.elf.dir/Task/Motor.c.obj
                0x000000000800540c                Motor_Receive_Data
 .text.Motor_Enable
                0x0000000008005668       0x38 CMakeFiles/Car.elf.dir/Task/Motor.c.obj
                0x0000000008005668                Motor_Enable
 .text.Motor_Reset
                0x00000000080056a0       0x58 CMakeFiles/Car.elf.dir/Task/Motor.c.obj
                0x00000000080056a0                Motor_Reset
 .text.Motor_Enable_All
                0x00000000080056f8       0x22 CMakeFiles/Car.elf.dir/Task/Motor.c.obj
                0x00000000080056f8                Motor_Enable_All
 *fill*         0x000000000800571a        0x2 
 .text.Motor_Init
                0x000000000800571c       0x30 CMakeFiles/Car.elf.dir/Task/Motor.c.obj
                0x000000000800571c                Motor_Init
 .text.Motor_State_Scan
                0x000000000800574c       0x2c CMakeFiles/Car.elf.dir/Task/Motor.c.obj
                0x000000000800574c                Motor_State_Scan
 .text.Motor_Read_Current
                0x0000000008005778       0x2c CMakeFiles/Car.elf.dir/Task/Motor.c.obj
                0x0000000008005778                Motor_Read_Current
 .text.Motor_Run
                0x00000000080057a4       0x30 CMakeFiles/Car.elf.dir/Task/Motor.c.obj
                0x00000000080057a4                Motor_Run
 .text.Motor_SetPosition
                0x00000000080057d4       0x98 CMakeFiles/Car.elf.dir/Task/Motor.c.obj
                0x00000000080057d4                Motor_SetPosition
 .text.Motor_SetPosition_Dir
                0x000000000800586c       0xb4 CMakeFiles/Car.elf.dir/Task/Motor.c.obj
                0x000000000800586c                Motor_SetPosition_Dir
 .text.Motor_SetPosition_A
                0x0000000008005920       0xc4 CMakeFiles/Car.elf.dir/Task/Motor.c.obj
                0x0000000008005920                Motor_SetPosition_A
 *fill*         0x00000000080059e4        0x4 
 .text.Car_Go_Target
                0x00000000080059e8      0x288 CMakeFiles/Car.elf.dir/Task/Motor.c.obj
                0x00000000080059e8                Car_Go_Target
 .text.Car_Turn
                0x0000000008005c70      0x128 CMakeFiles/Car.elf.dir/Task/Motor.c.obj
                0x0000000008005c70                Car_Turn
 .text.Car_Calibration
                0x0000000008005d98      0x27c CMakeFiles/Car.elf.dir/Task/Motor.c.obj
                0x0000000008005d98                Car_Calibration
 .text.HuaGui_UP
                0x0000000008006014       0x20 CMakeFiles/Car.elf.dir/Task/Motor.c.obj
                0x0000000008006014                HuaGui_UP
 .text.HuaGui_DOWN
                0x0000000008006034       0x20 CMakeFiles/Car.elf.dir/Task/Motor.c.obj
                0x0000000008006034                HuaGui_DOWN
 .text.HuaGui_DOWN2
                0x0000000008006054       0x20 CMakeFiles/Car.elf.dir/Task/Motor.c.obj
                0x0000000008006054                HuaGui_DOWN2
 .text.HuaGui_Fang
                0x0000000008006074       0x20 CMakeFiles/Car.elf.dir/Task/Motor.c.obj
                0x0000000008006074                HuaGui_Fang
 .text.HuaGui_Qu
                0x0000000008006094       0x20 CMakeFiles/Car.elf.dir/Task/Motor.c.obj
                0x0000000008006094                HuaGui_Qu
 .text.HuaGui_ZhuanPan
                0x00000000080060b4       0x20 CMakeFiles/Car.elf.dir/Task/Motor.c.obj
                0x00000000080060b4                HuaGui_ZhuanPan
 *fill*         0x00000000080060d4        0x4 
 .text.HAL_TIM_PeriodElapsedCallback
                0x00000000080060d8      0x1b0 CMakeFiles/Car.elf.dir/Task/Move.c.obj
                0x00000000080060d8                HAL_TIM_PeriodElapsedCallback
 .text.Get_Loads
                0x0000000008006288      0x30c CMakeFiles/Car.elf.dir/Task/Move.c.obj
                0x0000000008006288                Get_Loads
 .text.Put_Loads
                0x0000000008006594      0x2c8 CMakeFiles/Car.elf.dir/Task/Move.c.obj
                0x0000000008006594                Put_Loads
 .text.Servo_SetAngle
                0x000000000800685c       0xe8 CMakeFiles/Car.elf.dir/Task/Servo.c.obj
                0x000000000800685c                Servo_SetAngle
 .text.Servo_Init
                0x0000000008006944       0x48 CMakeFiles/Car.elf.dir/Task/Servo.c.obj
                0x0000000008006944                Servo_Init
 .text.Servo_CallBack
                0x000000000800698c       0xe8 CMakeFiles/Car.elf.dir/Task/Servo.c.obj
                0x000000000800698c                Servo_CallBack
 .text.JiaZhua_Turn
                0x0000000008006a74       0x6c CMakeFiles/Car.elf.dir/Task/Servo.c.obj
                0x0000000008006a74                JiaZhua_Turn
 .text.HuaGui_Turn
                0x0000000008006ae0       0x78 CMakeFiles/Car.elf.dir/Task/Servo.c.obj
                0x0000000008006ae0                HuaGui_Turn
 .text.ZaiWu_Turn
                0x0000000008006b58       0xd0 CMakeFiles/Car.elf.dir/Task/Servo.c.obj
                0x0000000008006b58                ZaiWu_Turn
 .text.__errno  0x0000000008006c28        0xc /usr/local/arm/10.3/bin/../lib/gcc/arm-none-eabi/10.3.1/../../../../arm-none-eabi/lib/thumb/v7e-m/nofp/libg.a(lib_a-errno.o)
                0x0000000008006c28                __errno
 .text.__libc_init_array
                0x0000000008006c34       0x48 /usr/local/arm/10.3/bin/../lib/gcc/arm-none-eabi/10.3.1/../../../../arm-none-eabi/lib/thumb/v7e-m/nofp/libg.a(lib_a-init.o)
                0x0000000008006c34                __libc_init_array
 .text.memset   0x0000000008006c7c       0xa4 /usr/local/arm/10.3/bin/../lib/gcc/arm-none-eabi/10.3.1/../../../../arm-none-eabi/lib/thumb/v7e-m/nofp/libg.a(lib_a-memset.o)
                0x0000000008006c7c                memset
 .text.printf   0x0000000008006d20       0x28 /usr/local/arm/10.3/bin/../lib/gcc/arm-none-eabi/10.3.1/../../../../arm-none-eabi/lib/thumb/v7e-m/nofp/libg.a(lib_a-printf.o)
                0x0000000008006d20                printf
 .text._puts_r  0x0000000008006d48       0x9c /usr/local/arm/10.3/bin/../lib/gcc/arm-none-eabi/10.3.1/../../../../arm-none-eabi/lib/thumb/v7e-m/nofp/libg.a(lib_a-puts.o)
                0x0000000008006d48                _puts_r
 .text.puts     0x0000000008006de4       0x10 /usr/local/arm/10.3/bin/../lib/gcc/arm-none-eabi/10.3.1/../../../../arm-none-eabi/lib/thumb/v7e-m/nofp/libg.a(lib_a-puts.o)
                0x0000000008006de4                puts
 .text.setvbuf  0x0000000008006df4      0x1b0 /usr/local/arm/10.3/bin/../lib/gcc/arm-none-eabi/10.3.1/../../../../arm-none-eabi/lib/thumb/v7e-m/nofp/libg.a(lib_a-setvbuf.o)
                0x0000000008006df4                setvbuf
 .text._vfprintf_r
                0x0000000008006fa4     0x1ad4 /usr/local/arm/10.3/bin/../lib/gcc/arm-none-eabi/10.3.1/../../../../arm-none-eabi/lib/thumb/v7e-m/nofp/libg.a(lib_a-vfprintf.o)
                0x0000000008006fa4                _vfprintf_r
 .text.__sbprintf
                0x0000000008008a78       0x80 /usr/local/arm/10.3/bin/../lib/gcc/arm-none-eabi/10.3.1/../../../../arm-none-eabi/lib/thumb/v7e-m/nofp/libg.a(lib_a-vfprintf.o)
 .text.__swsetup_r
                0x0000000008008af8       0xd4 /usr/local/arm/10.3/bin/../lib/gcc/arm-none-eabi/10.3.1/../../../../arm-none-eabi/lib/thumb/v7e-m/nofp/libg.a(lib_a-wsetup.o)
                0x0000000008008af8                __swsetup_r
 .text.quorem   0x0000000008008bcc      0x124 /usr/local/arm/10.3/bin/../lib/gcc/arm-none-eabi/10.3.1/../../../../arm-none-eabi/lib/thumb/v7e-m/nofp/libg.a(lib_a-dtoa.o)
 .text._dtoa_r  0x0000000008008cf0      0xec4 /usr/local/arm/10.3/bin/../lib/gcc/arm-none-eabi/10.3.1/../../../../arm-none-eabi/lib/thumb/v7e-m/nofp/libg.a(lib_a-dtoa.o)
                0x0000000008008cf0                _dtoa_r
 .text.__sflush_r
                0x0000000008009bb4      0x120 /usr/local/arm/10.3/bin/../lib/gcc/arm-none-eabi/10.3.1/../../../../arm-none-eabi/lib/thumb/v7e-m/nofp/libg.a(lib_a-fflush.o)
                0x0000000008009bb4                __sflush_r
 .text._fflush_r
                0x0000000008009cd4       0x5c /usr/local/arm/10.3/bin/../lib/gcc/arm-none-eabi/10.3.1/../../../../arm-none-eabi/lib/thumb/v7e-m/nofp/libg.a(lib_a-fflush.o)
                0x0000000008009cd4                _fflush_r
 .text._cleanup_r
                0x0000000008009d30        0xc /usr/local/arm/10.3/bin/../lib/gcc/arm-none-eabi/10.3.1/../../../../arm-none-eabi/lib/thumb/v7e-m/nofp/libg.a(lib_a-findfp.o)
                0x0000000008009d30                _cleanup_r
 .text.__sinit  0x0000000008009d3c      0x10c /usr/local/arm/10.3/bin/../lib/gcc/arm-none-eabi/10.3.1/../../../../arm-none-eabi/lib/thumb/v7e-m/nofp/libg.a(lib_a-findfp.o)
                0x0000000008009d3c                __sinit
 .text.__sfp_lock_acquire
                0x0000000008009e48        0xc /usr/local/arm/10.3/bin/../lib/gcc/arm-none-eabi/10.3.1/../../../../arm-none-eabi/lib/thumb/v7e-m/nofp/libg.a(lib_a-findfp.o)
                0x0000000008009e48                __sfp_lock_acquire
 .text.__sfp_lock_release
                0x0000000008009e54        0xc /usr/local/arm/10.3/bin/../lib/gcc/arm-none-eabi/10.3.1/../../../../arm-none-eabi/lib/thumb/v7e-m/nofp/libg.a(lib_a-findfp.o)
                0x0000000008009e54                __sfp_lock_release
 .text._malloc_trim_r
                0x0000000008009e60       0xa0 /usr/local/arm/10.3/bin/../lib/gcc/arm-none-eabi/10.3.1/../../../../arm-none-eabi/lib/thumb/v7e-m/nofp/libg.a(lib_a-freer.o)
                0x0000000008009e60                _malloc_trim_r
 .text._free_r  0x0000000008009f00      0x20c /usr/local/arm/10.3/bin/../lib/gcc/arm-none-eabi/10.3.1/../../../../arm-none-eabi/lib/thumb/v7e-m/nofp/libg.a(lib_a-freer.o)
                0x0000000008009f00                _free_r
 .text.__sfvwrite_r
                0x000000000800a10c      0x2e8 /usr/local/arm/10.3/bin/../lib/gcc/arm-none-eabi/10.3.1/../../../../arm-none-eabi/lib/thumb/v7e-m/nofp/libg.a(lib_a-fvwrite.o)
                0x000000000800a10c                __sfvwrite_r
 .text._fwalk_reent
                0x000000000800a3f4       0x48 /usr/local/arm/10.3/bin/../lib/gcc/arm-none-eabi/10.3.1/../../../../arm-none-eabi/lib/thumb/v7e-m/nofp/libg.a(lib_a-fwalk.o)
                0x000000000800a3f4                _fwalk_reent
 .text._localeconv_r
                0x000000000800a43c        0x8 /usr/local/arm/10.3/bin/../lib/gcc/arm-none-eabi/10.3.1/../../../../arm-none-eabi/lib/thumb/v7e-m/nofp/libg.a(lib_a-localeconv.o)
                0x000000000800a43c                _localeconv_r
 .text.__retarget_lock_init_recursive
                0x000000000800a444        0x4 /usr/local/arm/10.3/bin/../lib/gcc/arm-none-eabi/10.3.1/../../../../arm-none-eabi/lib/thumb/v7e-m/nofp/libg.a(lib_a-lock.o)
                0x000000000800a444                __retarget_lock_init_recursive
 .text.__retarget_lock_close_recursive
                0x000000000800a448        0x4 /usr/local/arm/10.3/bin/../lib/gcc/arm-none-eabi/10.3.1/../../../../arm-none-eabi/lib/thumb/v7e-m/nofp/libg.a(lib_a-lock.o)
                0x000000000800a448                __retarget_lock_close_recursive
 .text.__retarget_lock_acquire_recursive
                0x000000000800a44c        0x4 /usr/local/arm/10.3/bin/../lib/gcc/arm-none-eabi/10.3.1/../../../../arm-none-eabi/lib/thumb/v7e-m/nofp/libg.a(lib_a-lock.o)
                0x000000000800a44c                __retarget_lock_acquire_recursive
 .text.__retarget_lock_release_recursive
                0x000000000800a450        0x4 /usr/local/arm/10.3/bin/../lib/gcc/arm-none-eabi/10.3.1/../../../../arm-none-eabi/lib/thumb/v7e-m/nofp/libg.a(lib_a-lock.o)
                0x000000000800a450                __retarget_lock_release_recursive
 .text.__smakebuf_r
                0x000000000800a454       0xe0 /usr/local/arm/10.3/bin/../lib/gcc/arm-none-eabi/10.3.1/../../../../arm-none-eabi/lib/thumb/v7e-m/nofp/libg.a(lib_a-makebuf.o)
                0x000000000800a454                __smakebuf_r
 .text.__swhatbuf_r
                0x000000000800a534       0x60 /usr/local/arm/10.3/bin/../lib/gcc/arm-none-eabi/10.3.1/../../../../arm-none-eabi/lib/thumb/v7e-m/nofp/libg.a(lib_a-makebuf.o)
                0x000000000800a534                __swhatbuf_r
 .text.malloc   0x000000000800a594       0x10 /usr/local/arm/10.3/bin/../lib/gcc/arm-none-eabi/10.3.1/../../../../arm-none-eabi/lib/thumb/v7e-m/nofp/libg.a(lib_a-malloc.o)
                0x000000000800a594                malloc
 .text._malloc_r
                0x000000000800a5a4      0x560 /usr/local/arm/10.3/bin/../lib/gcc/arm-none-eabi/10.3.1/../../../../arm-none-eabi/lib/thumb/v7e-m/nofp/libg.a(lib_a-mallocr.o)
                0x000000000800a5a4                _malloc_r
 .text.memmove  0x000000000800ab04       0xf8 /usr/local/arm/10.3/bin/../lib/gcc/arm-none-eabi/10.3.1/../../../../arm-none-eabi/lib/thumb/v7e-m/nofp/libg.a(lib_a-memmove.o)
                0x000000000800ab04                memmove
 .text.__malloc_lock
                0x000000000800abfc        0xc /usr/local/arm/10.3/bin/../lib/gcc/arm-none-eabi/10.3.1/../../../../arm-none-eabi/lib/thumb/v7e-m/nofp/libg.a(lib_a-mlock.o)
                0x000000000800abfc                __malloc_lock
 .text.__malloc_unlock
                0x000000000800ac08        0xc /usr/local/arm/10.3/bin/../lib/gcc/arm-none-eabi/10.3.1/../../../../arm-none-eabi/lib/thumb/v7e-m/nofp/libg.a(lib_a-mlock.o)
                0x000000000800ac08                __malloc_unlock
 .text._Balloc  0x000000000800ac14       0x4c /usr/local/arm/10.3/bin/../lib/gcc/arm-none-eabi/10.3.1/../../../../arm-none-eabi/lib/thumb/v7e-m/nofp/libg.a(lib_a-mprec.o)
                0x000000000800ac14                _Balloc
 .text._Bfree   0x000000000800ac60       0x14 /usr/local/arm/10.3/bin/../lib/gcc/arm-none-eabi/10.3.1/../../../../arm-none-eabi/lib/thumb/v7e-m/nofp/libg.a(lib_a-mprec.o)
                0x000000000800ac60                _Bfree
 .text.__multadd
                0x000000000800ac74       0xa0 /usr/local/arm/10.3/bin/../lib/gcc/arm-none-eabi/10.3.1/../../../../arm-none-eabi/lib/thumb/v7e-m/nofp/libg.a(lib_a-mprec.o)
                0x000000000800ac74                __multadd
 .text.__hi0bits
                0x000000000800ad14       0x40 /usr/local/arm/10.3/bin/../lib/gcc/arm-none-eabi/10.3.1/../../../../arm-none-eabi/lib/thumb/v7e-m/nofp/libg.a(lib_a-mprec.o)
                0x000000000800ad14                __hi0bits
 .text.__lo0bits
                0x000000000800ad54       0x5c /usr/local/arm/10.3/bin/../lib/gcc/arm-none-eabi/10.3.1/../../../../arm-none-eabi/lib/thumb/v7e-m/nofp/libg.a(lib_a-mprec.o)
                0x000000000800ad54                __lo0bits
 .text.__i2b    0x000000000800adb0       0x5c /usr/local/arm/10.3/bin/../lib/gcc/arm-none-eabi/10.3.1/../../../../arm-none-eabi/lib/thumb/v7e-m/nofp/libg.a(lib_a-mprec.o)
                0x000000000800adb0                __i2b
 .text.__multiply
                0x000000000800ae0c      0x15c /usr/local/arm/10.3/bin/../lib/gcc/arm-none-eabi/10.3.1/../../../../arm-none-eabi/lib/thumb/v7e-m/nofp/libg.a(lib_a-mprec.o)
                0x000000000800ae0c                __multiply
 .text.__pow5mult
                0x000000000800af68       0xc0 /usr/local/arm/10.3/bin/../lib/gcc/arm-none-eabi/10.3.1/../../../../arm-none-eabi/lib/thumb/v7e-m/nofp/libg.a(lib_a-mprec.o)
                0x000000000800af68                __pow5mult
 .text.__lshift
                0x000000000800b028       0xf0 /usr/local/arm/10.3/bin/../lib/gcc/arm-none-eabi/10.3.1/../../../../arm-none-eabi/lib/thumb/v7e-m/nofp/libg.a(lib_a-mprec.o)
                0x000000000800b028                __lshift
 .text.__mcmp   0x000000000800b118       0x40 /usr/local/arm/10.3/bin/../lib/gcc/arm-none-eabi/10.3.1/../../../../arm-none-eabi/lib/thumb/v7e-m/nofp/libg.a(lib_a-mprec.o)
                0x000000000800b118                __mcmp
 .text.__mdiff  0x000000000800b158      0x14c /usr/local/arm/10.3/bin/../lib/gcc/arm-none-eabi/10.3.1/../../../../arm-none-eabi/lib/thumb/v7e-m/nofp/libg.a(lib_a-mprec.o)
                0x000000000800b158                __mdiff
 .text.__d2b    0x000000000800b2a4       0xc4 /usr/local/arm/10.3/bin/../lib/gcc/arm-none-eabi/10.3.1/../../../../arm-none-eabi/lib/thumb/v7e-m/nofp/libg.a(lib_a-mprec.o)
                0x000000000800b2a4                __d2b
 .text._realloc_r
                0x000000000800b368      0x3d8 /usr/local/arm/10.3/bin/../lib/gcc/arm-none-eabi/10.3.1/../../../../arm-none-eabi/lib/thumb/v7e-m/nofp/libg.a(lib_a-reallocr.o)
                0x000000000800b368                _realloc_r
 .text.frexp    0x000000000800b740       0x70 /usr/local/arm/10.3/bin/../lib/gcc/arm-none-eabi/10.3.1/../../../../arm-none-eabi/lib/thumb/v7e-m/nofp/libg.a(lib_a-s_frexp.o)
                0x000000000800b740                frexp
 .text._sbrk_r  0x000000000800b7b0       0x24 /usr/local/arm/10.3/bin/../lib/gcc/arm-none-eabi/10.3.1/../../../../arm-none-eabi/lib/thumb/v7e-m/nofp/libg.a(lib_a-sbrkr.o)
                0x000000000800b7b0                _sbrk_r
 .text.__sread  0x000000000800b7d4       0x24 /usr/local/arm/10.3/bin/../lib/gcc/arm-none-eabi/10.3.1/../../../../arm-none-eabi/lib/thumb/v7e-m/nofp/libg.a(lib_a-stdio.o)
                0x000000000800b7d4                __sread
 .text.__swrite
                0x000000000800b7f8       0x40 /usr/local/arm/10.3/bin/../lib/gcc/arm-none-eabi/10.3.1/../../../../arm-none-eabi/lib/thumb/v7e-m/nofp/libg.a(lib_a-stdio.o)
                0x000000000800b7f8                __swrite
 .text.__sseek  0x000000000800b838       0x20 /usr/local/arm/10.3/bin/../lib/gcc/arm-none-eabi/10.3.1/../../../../arm-none-eabi/lib/thumb/v7e-m/nofp/libg.a(lib_a-stdio.o)
                0x000000000800b838                __sseek
 .text.__sclose
                0x000000000800b858        0x8 /usr/local/arm/10.3/bin/../lib/gcc/arm-none-eabi/10.3.1/../../../../arm-none-eabi/lib/thumb/v7e-m/nofp/libg.a(lib_a-stdio.o)
                0x000000000800b858                __sclose
 .text.strncpy  0x000000000800b860       0x64 /usr/local/arm/10.3/bin/../lib/gcc/arm-none-eabi/10.3.1/../../../../arm-none-eabi/lib/thumb/v7e-m/nofp/libg.a(lib_a-strncpy.o)
                0x000000000800b860                strncpy
 .text.__sprint_r.part.0
                0x000000000800b8c4       0x78 /usr/local/arm/10.3/bin/../lib/gcc/arm-none-eabi/10.3.1/../../../../arm-none-eabi/lib/thumb/v7e-m/nofp/libg.a(lib_a-vfiprintf.o)
 .text.__sprint_r
                0x000000000800b93c       0x14 /usr/local/arm/10.3/bin/../lib/gcc/arm-none-eabi/10.3.1/../../../../arm-none-eabi/lib/thumb/v7e-m/nofp/libg.a(lib_a-vfiprintf.o)
                0x000000000800b93c                __sprint_r
 .text._vfiprintf_r
                0x000000000800b950      0xda0 /usr/local/arm/10.3/bin/../lib/gcc/arm-none-eabi/10.3.1/../../../../arm-none-eabi/lib/thumb/v7e-m/nofp/libg.a(lib_a-vfiprintf.o)
                0x000000000800b950                _vfiprintf_r
 .text.__sbprintf
                0x000000000800c6f0       0x80 /usr/local/arm/10.3/bin/../lib/gcc/arm-none-eabi/10.3.1/../../../../arm-none-eabi/lib/thumb/v7e-m/nofp/libg.a(lib_a-vfiprintf.o)
 .text._write_r
                0x000000000800c770       0x2c /usr/local/arm/10.3/bin/../lib/gcc/arm-none-eabi/10.3.1/../../../../arm-none-eabi/lib/thumb/v7e-m/nofp/libg.a(lib_a-writer.o)
                0x000000000800c770                _write_r
 .text.__assert_func
                0x000000000800c79c       0x40 /usr/local/arm/10.3/bin/../lib/gcc/arm-none-eabi/10.3.1/../../../../arm-none-eabi/lib/thumb/v7e-m/nofp/libg.a(lib_a-assert.o)
                0x000000000800c79c                __assert_func
 .text._calloc_r
                0x000000000800c7dc       0x78 /usr/local/arm/10.3/bin/../lib/gcc/arm-none-eabi/10.3.1/../../../../arm-none-eabi/lib/thumb/v7e-m/nofp/libg.a(lib_a-callocr.o)
                0x000000000800c7dc                _calloc_r
 .text._close_r
                0x000000000800c854       0x24 /usr/local/arm/10.3/bin/../lib/gcc/arm-none-eabi/10.3.1/../../../../arm-none-eabi/lib/thumb/v7e-m/nofp/libg.a(lib_a-closer.o)
                0x000000000800c854                _close_r
 .text._fclose_r
                0x000000000800c878       0xcc /usr/local/arm/10.3/bin/../lib/gcc/arm-none-eabi/10.3.1/../../../../arm-none-eabi/lib/thumb/v7e-m/nofp/libg.a(lib_a-fclose.o)
                0x000000000800c878                _fclose_r
 .text.fiprintf
                0x000000000800c944       0x28 /usr/local/arm/10.3/bin/../lib/gcc/arm-none-eabi/10.3.1/../../../../arm-none-eabi/lib/thumb/v7e-m/nofp/libg.a(lib_a-fiprintf.o)
                0x000000000800c944                fiprintf
 .text.__fputwc
                0x000000000800c96c       0xa8 /usr/local/arm/10.3/bin/../lib/gcc/arm-none-eabi/10.3.1/../../../../arm-none-eabi/lib/thumb/v7e-m/nofp/libg.a(lib_a-fputwc.o)
                0x000000000800c96c                __fputwc
 .text._fputwc_r
                0x000000000800ca14       0x68 /usr/local/arm/10.3/bin/../lib/gcc/arm-none-eabi/10.3.1/../../../../arm-none-eabi/lib/thumb/v7e-m/nofp/libg.a(lib_a-fputwc.o)
                0x000000000800ca14                _fputwc_r
 .text._fstat_r
                0x000000000800ca7c       0x2c /usr/local/arm/10.3/bin/../lib/gcc/arm-none-eabi/10.3.1/../../../../arm-none-eabi/lib/thumb/v7e-m/nofp/libg.a(lib_a-fstatr.o)
                0x000000000800ca7c                _fstat_r
 .text._isatty_r
                0x000000000800caa8       0x24 /usr/local/arm/10.3/bin/../lib/gcc/arm-none-eabi/10.3.1/../../../../arm-none-eabi/lib/thumb/v7e-m/nofp/libg.a(lib_a-isattyr.o)
                0x000000000800caa8                _isatty_r
 .text.__locale_mb_cur_max
                0x000000000800cacc        0xc /usr/local/arm/10.3/bin/../lib/gcc/arm-none-eabi/10.3.1/../../../../arm-none-eabi/lib/thumb/v7e-m/nofp/libg.a(lib_a-locale.o)
                0x000000000800cacc                __locale_mb_cur_max
 .text._lseek_r
                0x000000000800cad8       0x2c /usr/local/arm/10.3/bin/../lib/gcc/arm-none-eabi/10.3.1/../../../../arm-none-eabi/lib/thumb/v7e-m/nofp/libg.a(lib_a-lseekr.o)
                0x000000000800cad8                _lseek_r
 .text.__ascii_mbtowc
                0x000000000800cb04       0x2c /usr/local/arm/10.3/bin/../lib/gcc/arm-none-eabi/10.3.1/../../../../arm-none-eabi/lib/thumb/v7e-m/nofp/libg.a(lib_a-mbtowc_r.o)
                0x000000000800cb04                __ascii_mbtowc
 .text._read_r  0x000000000800cb30       0x2c /usr/local/arm/10.3/bin/../lib/gcc/arm-none-eabi/10.3.1/../../../../arm-none-eabi/lib/thumb/v7e-m/nofp/libg.a(lib_a-readr.o)
                0x000000000800cb30                _read_r
 .text.__swbuf_r
                0x000000000800cb5c       0xb0 /usr/local/arm/10.3/bin/../lib/gcc/arm-none-eabi/10.3.1/../../../../arm-none-eabi/lib/thumb/v7e-m/nofp/libg.a(lib_a-wbuf.o)
                0x000000000800cb5c                __swbuf_r
 .text._wcrtomb_r
                0x000000000800cc0c       0x3c /usr/local/arm/10.3/bin/../lib/gcc/arm-none-eabi/10.3.1/../../../../arm-none-eabi/lib/thumb/v7e-m/nofp/libg.a(lib_a-wcrtomb.o)
                0x000000000800cc0c                _wcrtomb_r
 .text.__ascii_wctomb
                0x000000000800cc48       0x1c /usr/local/arm/10.3/bin/../lib/gcc/arm-none-eabi/10.3.1/../../../../arm-none-eabi/lib/thumb/v7e-m/nofp/libg.a(lib_a-wctomb_r.o)
                0x000000000800cc48                __ascii_wctomb
 .text.abort    0x000000000800cc64       0x10 /usr/local/arm/10.3/bin/../lib/gcc/arm-none-eabi/10.3.1/../../../../arm-none-eabi/lib/thumb/v7e-m/nofp/libg.a(lib_a-abort.o)
                0x000000000800cc64                abort
 .text.raise    0x000000000800cc74       0x5c /usr/local/arm/10.3/bin/../lib/gcc/arm-none-eabi/10.3.1/../../../../arm-none-eabi/lib/thumb/v7e-m/nofp/libg.a(lib_a-signal.o)
                0x000000000800cc74                raise
 .text._kill_r  0x000000000800ccd0       0x2c /usr/local/arm/10.3/bin/../lib/gcc/arm-none-eabi/10.3.1/../../../../arm-none-eabi/lib/thumb/v7e-m/nofp/libg.a(lib_a-signalr.o)
                0x000000000800ccd0                _kill_r
 .text._getpid_r
                0x000000000800ccfc        0x4 /usr/local/arm/10.3/bin/../lib/gcc/arm-none-eabi/10.3.1/../../../../arm-none-eabi/lib/thumb/v7e-m/nofp/libg.a(lib_a-signalr.o)
                0x000000000800ccfc                _getpid_r
 .text.sqrt     0x000000000800cd00       0x50 /usr/local/arm/10.3/bin/../lib/gcc/arm-none-eabi/10.3.1/../../../../arm-none-eabi/lib/thumb/v7e-m/nofp/libm.a(lib_a-w_sqrt.o)
                0x000000000800cd00                sqrt
 .text.__ieee754_sqrt
                0x000000000800cd50      0x18c /usr/local/arm/10.3/bin/../lib/gcc/arm-none-eabi/10.3.1/../../../../arm-none-eabi/lib/thumb/v7e-m/nofp/libm.a(lib_a-e_sqrt.o)
                0x000000000800cd50                __ieee754_sqrt
 *(.glue_7)
 .glue_7        0x000000000800cedc        0x0 linker stubs
 *(.glue_7t)
 .glue_7t       0x000000000800cedc        0x0 linker stubs
 *(.eh_frame)
 *(.init)
 .init          0x000000000800cedc        0x4 /usr/local/arm/10.3/bin/../lib/gcc/arm-none-eabi/10.3.1/thumb/v7e-m/nofp/crti.o
                0x000000000800cedc                _init
 .init          0x000000000800cee0        0x8 /usr/local/arm/10.3/bin/../lib/gcc/arm-none-eabi/10.3.1/thumb/v7e-m/nofp/crtn.o
 *(.fini)
 .fini          0x000000000800cee8        0x4 /usr/local/arm/10.3/bin/../lib/gcc/arm-none-eabi/10.3.1/thumb/v7e-m/nofp/crti.o
                0x000000000800cee8                _fini
 .fini          0x000000000800ceec        0x8 /usr/local/arm/10.3/bin/../lib/gcc/arm-none-eabi/10.3.1/thumb/v7e-m/nofp/crtn.o
                0x000000000800cef4                . = ALIGN (0x4)
                0x000000000800cef4                _etext = .

.vfp11_veneer   0x000000000800cef4        0x0
 .vfp11_veneer  0x000000000800cef4        0x0 linker stubs

.v4_bx          0x000000000800cef4        0x0
 .v4_bx         0x000000000800cef4        0x0 linker stubs

.iplt           0x000000000800cef4        0x0
 .iplt          0x000000000800cef4        0x0 CMakeFiles/Car.elf.dir/Bsp/Bsp.c.obj

.rodata         0x000000000800cef8      0x5e8
                0x000000000800cef8                . = ALIGN (0x4)
 *(.rodata)
 *(.rodata*)
 .rodata.HuaGui_Init_Proc.str1.4
                0x000000000800cef8       0x16 CMakeFiles/Car.elf.dir/Bsp/Bsp.c.obj
 *fill*         0x000000000800cf0e        0x2 
 .rodata.process_kalman_filter.str1.4
                0x000000000800cf10       0x28 CMakeFiles/Car.elf.dir/Bsp/JY901.c.obj
 .rodata.main.str1.4
                0x000000000800cf38       0x30 CMakeFiles/Car.elf.dir/Core/Src/main.c.obj
 .rodata.AHBPrescTable
                0x000000000800cf68       0x10 CMakeFiles/Car.elf.dir/Core/Src/system_stm32f4xx.c.obj
                0x000000000800cf68                AHBPrescTable
 .rodata.APBPrescTable
                0x000000000800cf78        0x8 CMakeFiles/Car.elf.dir/Core/Src/system_stm32f4xx.c.obj
                0x000000000800cf78                APBPrescTable
 .rodata.flagBitshiftOffset.0
                0x000000000800cf80        0x8 CMakeFiles/Car.elf.dir/Drivers/STM32F4xx_HAL_Driver/Src/stm32f4xx_hal_dma.c.obj
 .rodata.Control_Proc.str1.4
                0x000000000800cf88       0xa0 CMakeFiles/Car.elf.dir/Task/Control.c.obj
 .rodata.Motor_Receive_Data.str1.4
                0x000000000800d028       0x9b CMakeFiles/Car.elf.dir/Task/Motor.c.obj
                                         0x9f (size before relaxing)
 *fill*         0x000000000800d0c3        0x1 
 .rodata.Car_Go_Target.str1.4
                0x000000000800d0c4       0x1f CMakeFiles/Car.elf.dir/Task/Motor.c.obj
 .rodata._puts_r.str1.4
                0x000000000800d0e3       0x1f /usr/local/arm/10.3/bin/../lib/gcc/arm-none-eabi/10.3.1/../../../../arm-none-eabi/lib/thumb/v7e-m/nofp/libg.a(lib_a-puts.o)
                                          0x2 (size before relaxing)
 *fill*         0x000000000800d0e3        0x1 
 .rodata._vfprintf_r.str1.4
                0x000000000800d0e4       0x42 /usr/local/arm/10.3/bin/../lib/gcc/arm-none-eabi/10.3.1/../../../../arm-none-eabi/lib/thumb/v7e-m/nofp/libg.a(lib_a-vfprintf.o)
 *fill*         0x000000000800d126        0x2 
 .rodata.blanks.1
                0x000000000800d128       0x10 /usr/local/arm/10.3/bin/../lib/gcc/arm-none-eabi/10.3.1/../../../../arm-none-eabi/lib/thumb/v7e-m/nofp/libg.a(lib_a-vfprintf.o)
 .rodata.zeroes.0
                0x000000000800d138       0x10 /usr/local/arm/10.3/bin/../lib/gcc/arm-none-eabi/10.3.1/../../../../arm-none-eabi/lib/thumb/v7e-m/nofp/libg.a(lib_a-vfprintf.o)
 .rodata._dtoa_r.str1.4
                0x000000000800d148       0xa2 /usr/local/arm/10.3/bin/../lib/gcc/arm-none-eabi/10.3.1/../../../../arm-none-eabi/lib/thumb/v7e-m/nofp/libg.a(lib_a-dtoa.o)
                                         0xa6 (size before relaxing)
 *fill*         0x000000000800d1ea        0x2 
 .rodata.__multadd.str1.4
                0x000000000800d1ec       0x7f /usr/local/arm/10.3/bin/../lib/gcc/arm-none-eabi/10.3.1/../../../../arm-none-eabi/lib/thumb/v7e-m/nofp/libg.a(lib_a-mprec.o)
                                         0x93 (size before relaxing)
 *fill*         0x000000000800d26b        0x5 
 .rodata.__mprec_bigtens
                0x000000000800d270       0x28 /usr/local/arm/10.3/bin/../lib/gcc/arm-none-eabi/10.3.1/../../../../arm-none-eabi/lib/thumb/v7e-m/nofp/libg.a(lib_a-mprec.o)
                0x000000000800d270                __mprec_bigtens
 .rodata.__mprec_tens
                0x000000000800d298       0xc8 /usr/local/arm/10.3/bin/../lib/gcc/arm-none-eabi/10.3.1/../../../../arm-none-eabi/lib/thumb/v7e-m/nofp/libg.a(lib_a-mprec.o)
                0x000000000800d298                __mprec_tens
 .rodata.p05.0  0x000000000800d360        0xc /usr/local/arm/10.3/bin/../lib/gcc/arm-none-eabi/10.3.1/../../../../arm-none-eabi/lib/thumb/v7e-m/nofp/libg.a(lib_a-mprec.o)
 .rodata._vfiprintf_r.str1.4
                0x000000000800d36c       0x2f /usr/local/arm/10.3/bin/../lib/gcc/arm-none-eabi/10.3.1/../../../../arm-none-eabi/lib/thumb/v7e-m/nofp/libg.a(lib_a-vfiprintf.o)
 .rodata.blanks.1
                0x000000000800d36c       0x10 /usr/local/arm/10.3/bin/../lib/gcc/arm-none-eabi/10.3.1/../../../../arm-none-eabi/lib/thumb/v7e-m/nofp/libg.a(lib_a-vfiprintf.o)
 .rodata.zeroes.0
                0x000000000800d37c       0x10 /usr/local/arm/10.3/bin/../lib/gcc/arm-none-eabi/10.3.1/../../../../arm-none-eabi/lib/thumb/v7e-m/nofp/libg.a(lib_a-vfiprintf.o)
 .rodata.__assert_func.str1.4
                0x000000000800d38c       0x3f /usr/local/arm/10.3/bin/../lib/gcc/arm-none-eabi/10.3.1/../../../../arm-none-eabi/lib/thumb/v7e-m/nofp/libg.a(lib_a-assert.o)
                                         0x43 (size before relaxing)
 *fill*         0x000000000800d3cb        0x1 
 .rodata._setlocale_r.str1.4
                0x000000000800d3cc        0xa /usr/local/arm/10.3/bin/../lib/gcc/arm-none-eabi/10.3.1/../../../../arm-none-eabi/lib/thumb/v7e-m/nofp/libg.a(lib_a-locale.o)
                                          0xd (size before relaxing)
 *fill*         0x000000000800d3d6        0x2 
 .rodata.str1.4
                0x000000000800d3d8        0x2 /usr/local/arm/10.3/bin/../lib/gcc/arm-none-eabi/10.3.1/../../../../arm-none-eabi/lib/thumb/v7e-m/nofp/libg.a(lib_a-locale.o)
 *fill*         0x000000000800d3da        0x2 
 .rodata._ctype_
                0x000000000800d3dc      0x101 /usr/local/arm/10.3/bin/../lib/gcc/arm-none-eabi/10.3.1/../../../../arm-none-eabi/lib/thumb/v7e-m/nofp/libg.a(lib_a-ctype_.o)
                0x000000000800d3dc                _ctype_
                0x000000000800d4e0                . = ALIGN (0x4)
 *fill*         0x000000000800d4dd        0x3 
                0x000000000800d4e8                _sidata = LOADADDR (.data)

.ARM.exidx      0x000000000800d4e0        0x8
 .ARM.exidx     0x000000000800d4e0        0x8 /usr/local/arm/10.3/bin/../lib/gcc/arm-none-eabi/10.3.1/thumb/v7e-m/nofp/libgcc.a(_udivmoddi4.o)

.rel.dyn        0x000000000800d4e8        0x0
 .rel.iplt      0x000000000800d4e8        0x0 CMakeFiles/Car.elf.dir/Bsp/Bsp.c.obj

.data           0x0000000020000000      0x9d4 load address 0x000000000800d4e8
                0x0000000020000000                . = ALIGN (0x4)
                0x0000000020000000                _sdata = .
 *(.data)
 *(.data*)
 .data.SystemCoreClock
                0x0000000020000000        0x4 CMakeFiles/Car.elf.dir/Core/Src/system_stm32f4xx.c.obj
                0x0000000020000000                SystemCoreClock
 .data.uwTickFreq
                0x0000000020000004        0x1 CMakeFiles/Car.elf.dir/Drivers/STM32F4xx_HAL_Driver/Src/stm32f4xx_hal.c.obj
                0x0000000020000004                uwTickFreq
 *fill*         0x0000000020000005        0x3 
 .data.uwTickPrio
                0x0000000020000008        0x4 CMakeFiles/Car.elf.dir/Drivers/STM32F4xx_HAL_Driver/Src/stm32f4xx_hal.c.obj
                0x0000000020000008                uwTickPrio
 .data.Car_Acc  0x000000002000000c        0x2 CMakeFiles/Car.elf.dir/Task/Control.c.obj
                0x000000002000000c                Car_Acc
 .data.Car_Acc_Slow
                0x000000002000000e        0x2 CMakeFiles/Car.elf.dir/Task/Control.c.obj
                0x000000002000000e                Car_Acc_Slow
 .data.Car_Speed
                0x0000000020000010        0x2 CMakeFiles/Car.elf.dir/Task/Control.c.obj
                0x0000000020000010                Car_Speed
 .data.Car_Speed_Slow
                0x0000000020000012        0x2 CMakeFiles/Car.elf.dir/Task/Control.c.obj
                0x0000000020000012                Car_Speed_Slow
 .data.Car_Turn_Speed_Limit
                0x0000000020000014        0x2 CMakeFiles/Car.elf.dir/Task/Control.c.obj
                0x0000000020000014                Car_Turn_Speed_Limit
 .data.Motor_HuaGui_ACC
                0x0000000020000016        0x2 CMakeFiles/Car.elf.dir/Task/Control.c.obj
                0x0000000020000016                Motor_HuaGui_ACC
 .data.Motor_HuaGui_Speed
                0x0000000020000018        0x2 CMakeFiles/Car.elf.dir/Task/Control.c.obj
                0x0000000020000018                Motor_HuaGui_Speed
 .data.Running_Mode
                0x000000002000001a        0x1 CMakeFiles/Car.elf.dir/Task/Control.c.obj
                0x000000002000001a                Running_Mode
 .data.Last_Motor_Stop_Flag_Car
                0x000000002000001b        0x1 CMakeFiles/Car.elf.dir/Task/Motor.c.obj
                0x000000002000001b                Last_Motor_Stop_Flag_Car
 .data.Stop_Flag_HuaGui
                0x000000002000001c        0x1 CMakeFiles/Car.elf.dir/Task/Motor.c.obj
                0x000000002000001c                Stop_Flag_HuaGui
 *fill*         0x000000002000001d        0x3 
 .data.HuaGui_Angle
                0x0000000020000020        0x4 CMakeFiles/Car.elf.dir/Task/Servo.c.obj
                0x0000000020000020                HuaGui_Angle
 .data.JiaZhua_Angle
                0x0000000020000024        0x4 CMakeFiles/Car.elf.dir/Task/Servo.c.obj
                0x0000000020000024                JiaZhua_Angle
 .data.ZaiWu_Angle
                0x0000000020000028        0x4 CMakeFiles/Car.elf.dir/Task/Servo.c.obj
                0x0000000020000028                ZaiWu_Angle
 .data._impure_ptr
                0x000000002000002c        0x4 /usr/local/arm/10.3/bin/../lib/gcc/arm-none-eabi/10.3.1/../../../../arm-none-eabi/lib/thumb/v7e-m/nofp/libg.a(lib_a-impure.o)
                0x000000002000002c                _impure_ptr
 .data.impure_data
                0x0000000020000030      0x428 /usr/local/arm/10.3/bin/../lib/gcc/arm-none-eabi/10.3.1/../../../../arm-none-eabi/lib/thumb/v7e-m/nofp/libg.a(lib_a-impure.o)
 .data.__malloc_av_
                0x0000000020000458      0x408 /usr/local/arm/10.3/bin/../lib/gcc/arm-none-eabi/10.3.1/../../../../arm-none-eabi/lib/thumb/v7e-m/nofp/libg.a(lib_a-mallocr.o)
                0x0000000020000458                __malloc_av_
 .data.__malloc_sbrk_base
                0x0000000020000860        0x4 /usr/local/arm/10.3/bin/../lib/gcc/arm-none-eabi/10.3.1/../../../../arm-none-eabi/lib/thumb/v7e-m/nofp/libg.a(lib_a-mallocr.o)
                0x0000000020000860                __malloc_sbrk_base
 .data.__malloc_trim_threshold
                0x0000000020000864        0x4 /usr/local/arm/10.3/bin/../lib/gcc/arm-none-eabi/10.3.1/../../../../arm-none-eabi/lib/thumb/v7e-m/nofp/libg.a(lib_a-mallocr.o)
                0x0000000020000864                __malloc_trim_threshold
 .data.__global_locale
                0x0000000020000868      0x16c /usr/local/arm/10.3/bin/../lib/gcc/arm-none-eabi/10.3.1/../../../../arm-none-eabi/lib/thumb/v7e-m/nofp/libg.a(lib_a-locale.o)
                0x0000000020000868                __global_locale
 *(.RamFunc)
 *(.RamFunc*)
                0x00000000200009d4                . = ALIGN (0x4)
                0x00000000200009d4                _edata = .
                0x000000000800debc                _siccmram = LOADADDR (.ccmram)

.igot.plt       0x00000000200009d4        0x0 load address 0x000000000800debc
 .igot.plt      0x00000000200009d4        0x0 CMakeFiles/Car.elf.dir/Bsp/Bsp.c.obj

.ccmram         0x0000000010000000        0x0 load address 0x000000000800debc
                0x0000000010000000                . = ALIGN (0x4)
                0x0000000010000000                _sccmram = .
 *(.ccmram)
 *(.ccmram*)
                0x0000000010000000                . = ALIGN (0x4)
                0x0000000010000000                _eccmram = .
                0x0000000010000000                . = ALIGN (0x4)

.bss            0x00000000200009d8      0x7ac
                0x00000000200009d8                _sbss = .
                0x00000000200009d8                __bss_start__ = _sbss
 *(.bss)
 *(.bss*)
 .bss.HuaGui_Init_State
                0x00000000200009d8        0x1 CMakeFiles/Car.elf.dir/Bsp/Bsp.c.obj
                0x00000000200009d8                HuaGui_Init_State
 *fill*         0x00000000200009d9        0x3 
 .bss.JY901_data
                0x00000000200009dc       0x48 CMakeFiles/Car.elf.dir/Bsp/JY901.c.obj
                0x00000000200009dc                JY901_data
 .bss.Kalman_Set_Data_Flag
                0x0000000020000a24        0x1 CMakeFiles/Car.elf.dir/Bsp/JY901.c.obj
                0x0000000020000a24                Kalman_Set_Data_Flag
 .bss.Kalman_count
                0x0000000020000a25        0x1 CMakeFiles/Car.elf.dir/Bsp/JY901.c.obj
                0x0000000020000a25                Kalman_count
 *fill*         0x0000000020000a26        0x2 
 .bss.kalman    0x0000000020000a28       0xf0 CMakeFiles/Car.elf.dir/Bsp/JY901.c.obj
                0x0000000020000a28                kalman
 .bss.last_Kalman
                0x0000000020000b18        0xc CMakeFiles/Car.elf.dir/Bsp/JY901.c.obj
                0x0000000020000b18                last_Kalman
 .bss.stcAcc    0x0000000020000b24        0x8 CMakeFiles/Car.elf.dir/Bsp/JY901.c.obj
                0x0000000020000b24                stcAcc
 .bss.stcAngle  0x0000000020000b2c        0x8 CMakeFiles/Car.elf.dir/Bsp/JY901.c.obj
                0x0000000020000b2c                stcAngle
 .bss.stcGyro   0x0000000020000b34        0x8 CMakeFiles/Car.elf.dir/Bsp/JY901.c.obj
                0x0000000020000b34                stcGyro
 .bss.fac_us    0x0000000020000b3c        0x1 CMakeFiles/Car.elf.dir/Bsp/My_Delay.c.obj
 *fill*         0x0000000020000b3d        0x3 
 .bss.JY_Yaw    0x0000000020000b40        0x4 CMakeFiles/Car.elf.dir/Bsp/Uart_Bsp.c.obj
                0x0000000020000b40                JY_Yaw
 .bss.gHuart    0x0000000020000b44        0x4 CMakeFiles/Car.elf.dir/Bsp/retarget.c.obj
                0x0000000020000b44                gHuart
 .bss.hi2c1     0x0000000020000b48       0x54 CMakeFiles/Car.elf.dir/Core/Src/i2c.c.obj
                0x0000000020000b48                hi2c1
 .bss.num.0     0x0000000020000b9c        0x1 CMakeFiles/Car.elf.dir/Core/Src/main.c.obj
 *fill*         0x0000000020000b9d        0x3 
 .bss.__sbrk_heap_end
                0x0000000020000ba0        0x4 CMakeFiles/Car.elf.dir/Core/Src/sysmem.c.obj
 .bss.htim3     0x0000000020000ba4       0x48 CMakeFiles/Car.elf.dir/Core/Src/tim.c.obj
                0x0000000020000ba4                htim3
 .bss.htim6     0x0000000020000bec       0x48 CMakeFiles/Car.elf.dir/Core/Src/tim.c.obj
                0x0000000020000bec                htim6
 .bss.htim7     0x0000000020000c34       0x48 CMakeFiles/Car.elf.dir/Core/Src/tim.c.obj
                0x0000000020000c34                htim7
 .bss.hdma_usart3_rx
                0x0000000020000c7c       0x60 CMakeFiles/Car.elf.dir/Core/Src/usart.c.obj
                0x0000000020000c7c                hdma_usart3_rx
 .bss.huart1    0x0000000020000cdc       0x48 CMakeFiles/Car.elf.dir/Core/Src/usart.c.obj
                0x0000000020000cdc                huart1
 .bss.huart2    0x0000000020000d24       0x48 CMakeFiles/Car.elf.dir/Core/Src/usart.c.obj
                0x0000000020000d24                huart2
 .bss.huart3    0x0000000020000d6c       0x48 CMakeFiles/Car.elf.dir/Core/Src/usart.c.obj
                0x0000000020000d6c                huart3
 .bss.huart4    0x0000000020000db4       0x48 CMakeFiles/Car.elf.dir/Core/Src/usart.c.obj
                0x0000000020000db4                huart4
 .bss.huart5    0x0000000020000dfc       0x48 CMakeFiles/Car.elf.dir/Core/Src/usart.c.obj
                0x0000000020000dfc                huart5
 .bss.huart6    0x0000000020000e44       0x48 CMakeFiles/Car.elf.dir/Core/Src/usart.c.obj
                0x0000000020000e44                huart6
 .bss.uwTick    0x0000000020000e8c        0x4 CMakeFiles/Car.elf.dir/Drivers/STM32F4xx_HAL_Driver/Src/stm32f4xx_hal.c.obj
                0x0000000020000e8c                uwTick
 .bss.Last_Data1.8
                0x0000000020000e90        0x1 CMakeFiles/Car.elf.dir/Task/Control.c.obj
 .bss.Running_Flag
                0x0000000020000e91        0x1 CMakeFiles/Car.elf.dir/Task/Control.c.obj
                0x0000000020000e91                Running_Flag
 *fill*         0x0000000020000e92        0x2 
 .bss.Task_Data1
                0x0000000020000e94       0xc8 CMakeFiles/Car.elf.dir/Task/Control.c.obj
                0x0000000020000e94                Task_Data1
 .bss.Task_Data2
                0x0000000020000f5c       0xc8 CMakeFiles/Car.elf.dir/Task/Control.c.obj
                0x0000000020000f5c                Task_Data2
 .bss.Task_Flag
                0x0000000020001024       0x64 CMakeFiles/Car.elf.dir/Task/Control.c.obj
                0x0000000020001024                Task_Flag
 .bss.Task_Num_0
                0x0000000020001088        0x1 CMakeFiles/Car.elf.dir/Task/Control.c.obj
                0x0000000020001088                Task_Num_0
 *fill*         0x0000000020001089        0x1 
 .bss.Task_Num_1
                0x000000002000108a        0x2 CMakeFiles/Car.elf.dir/Task/Control.c.obj
                0x000000002000108a                Task_Num_1
 .bss.Task_Num_2
                0x000000002000108c        0x2 CMakeFiles/Car.elf.dir/Task/Control.c.obj
                0x000000002000108c                Task_Num_2
 .bss.temp.0    0x000000002000108e        0x1 CMakeFiles/Car.elf.dir/Task/Control.c.obj
 .bss.temp.1    0x000000002000108f        0x1 CMakeFiles/Car.elf.dir/Task/Control.c.obj
 .bss.temp.10   0x0000000020001090        0x1 CMakeFiles/Car.elf.dir/Task/Control.c.obj
 .bss.temp.11   0x0000000020001091        0x1 CMakeFiles/Car.elf.dir/Task/Control.c.obj
 .bss.temp.4    0x0000000020001092        0x1 CMakeFiles/Car.elf.dir/Task/Control.c.obj
 .bss.temp.7    0x0000000020001093        0x1 CMakeFiles/Car.elf.dir/Task/Control.c.obj
 .bss.temp.9    0x0000000020001094        0x1 CMakeFiles/Car.elf.dir/Task/Control.c.obj
 .bss.temp1.3   0x0000000020001095        0x1 CMakeFiles/Car.elf.dir/Task/Control.c.obj
 .bss.temp1.6   0x0000000020001096        0x1 CMakeFiles/Car.elf.dir/Task/Control.c.obj
 .bss.temp2.2   0x0000000020001097        0x1 CMakeFiles/Car.elf.dir/Task/Control.c.obj
 .bss.temp2.5   0x0000000020001098        0x1 CMakeFiles/Car.elf.dir/Task/Control.c.obj
 *fill*         0x0000000020001099        0x1 
 .bss.HuaGui_Last_Speed
                0x000000002000109a        0x2 CMakeFiles/Car.elf.dir/Task/Motor.c.obj
                0x000000002000109a                HuaGui_Last_Speed
 .bss.HuaGui_Motor_State
                0x000000002000109c        0x1 CMakeFiles/Car.elf.dir/Task/Motor.c.obj
                0x000000002000109c                HuaGui_Motor_State
 *fill*         0x000000002000109d        0x1 
 .bss.HuaGui_Speed
                0x000000002000109e        0x2 CMakeFiles/Car.elf.dir/Task/Motor.c.obj
                0x000000002000109e                HuaGui_Speed
 .bss.Motor_HuaGui_Current_amount
                0x00000000200010a0        0x2 CMakeFiles/Car.elf.dir/Task/Motor.c.obj
                0x00000000200010a0                Motor_HuaGui_Current_amount
 .bss.Motor_RxBuff
                0x00000000200010a2        0x1 CMakeFiles/Car.elf.dir/Task/Motor.c.obj
                0x00000000200010a2                Motor_RxBuff
 .bss.Motor_Stop_Flag_Car
                0x00000000200010a3        0x1 CMakeFiles/Car.elf.dir/Task/Motor.c.obj
                0x00000000200010a3                Motor_Stop_Flag_Car
 .bss.RxBuffer1
                0x00000000200010a4       0x50 CMakeFiles/Car.elf.dir/Task/Motor.c.obj
                0x00000000200010a4                RxBuffer1
 .bss.RxCounter1.6
                0x00000000200010f4        0x1 CMakeFiles/Car.elf.dir/Task/Motor.c.obj
 .bss.RxState.7
                0x00000000200010f5        0x1 CMakeFiles/Car.elf.dir/Task/Motor.c.obj
 *fill*         0x00000000200010f6        0x2 
 .bss.Send_Data
                0x00000000200010f8       0x14 CMakeFiles/Car.elf.dir/Task/Motor.c.obj
                0x00000000200010f8                Send_Data
 .bss.Temp_State.1
                0x000000002000110c        0x1 CMakeFiles/Car.elf.dir/Task/Motor.c.obj
 .bss.Temp_State.3
                0x000000002000110d        0x1 CMakeFiles/Car.elf.dir/Task/Motor.c.obj
 *fill*         0x000000002000110e        0x2 
 .bss.Temp_Yaw.0
                0x0000000020001110        0x4 CMakeFiles/Car.elf.dir/Task/Motor.c.obj
 .bss.Car_Counter
                0x0000000020001114        0x2 CMakeFiles/Car.elf.dir/Task/Move.c.obj
                0x0000000020001114                Car_Counter
 .bss.Car_Counter_Enable
                0x0000000020001116        0x1 CMakeFiles/Car.elf.dir/Task/Move.c.obj
                0x0000000020001116                Car_Counter_Enable
 *fill*         0x0000000020001117        0x1 
 .bss.Car_Counter_Times
                0x0000000020001118        0x2 CMakeFiles/Car.elf.dir/Task/Move.c.obj
                0x0000000020001118                Car_Counter_Times
 .bss.Car_Task_Time
                0x000000002000111a        0x2 CMakeFiles/Car.elf.dir/Task/Move.c.obj
                0x000000002000111a                Car_Task_Time
 .bss.Counter   0x000000002000111c        0x2 CMakeFiles/Car.elf.dir/Task/Move.c.obj
                0x000000002000111c                Counter
 .bss.Counter_Enable
                0x000000002000111e        0x1 CMakeFiles/Car.elf.dir/Task/Move.c.obj
                0x000000002000111e                Counter_Enable
 *fill*         0x000000002000111f        0x1 
 .bss.Counter_Times
                0x0000000020001120        0x2 CMakeFiles/Car.elf.dir/Task/Move.c.obj
                0x0000000020001120                Counter_Times
 .bss.Get_Loads_State.1
                0x0000000020001122        0x1 CMakeFiles/Car.elf.dir/Task/Move.c.obj
 *fill*         0x0000000020001123        0x1 
 .bss.HuaGui_Counter
                0x0000000020001124        0x2 CMakeFiles/Car.elf.dir/Task/Move.c.obj
                0x0000000020001124                HuaGui_Counter
 .bss.HuaGui_Counter_Enable
                0x0000000020001126        0x1 CMakeFiles/Car.elf.dir/Task/Move.c.obj
                0x0000000020001126                HuaGui_Counter_Enable
 *fill*         0x0000000020001127        0x1 
 .bss.Kalman_time
                0x0000000020001128        0x2 CMakeFiles/Car.elf.dir/Task/Move.c.obj
                0x0000000020001128                Kalman_time
 .bss.Motor_Stop_Flag_Car_Kalman
                0x000000002000112a        0x1 CMakeFiles/Car.elf.dir/Task/Move.c.obj
                0x000000002000112a                Motor_Stop_Flag_Car_Kalman
 .bss.Put_Loads_State.0
                0x000000002000112b        0x1 CMakeFiles/Car.elf.dir/Task/Move.c.obj
 *fill*         0x000000002000112c        0x4 
 .bss.Yaw_Compensate
                0x0000000020001130        0x8 CMakeFiles/Car.elf.dir/Task/Move.c.obj
                0x0000000020001130                Yaw_Compensate
 .bss.u10ms     0x0000000020001138        0x2 CMakeFiles/Car.elf.dir/Task/Move.c.obj
                0x0000000020001138                u10ms
 .bss.HuaGui_Servo_Flag
                0x000000002000113a        0x1 CMakeFiles/Car.elf.dir/Task/Servo.c.obj
                0x000000002000113a                HuaGui_Servo_Flag
 .bss.JiaZhua_Servo_Flag
                0x000000002000113b        0x1 CMakeFiles/Car.elf.dir/Task/Servo.c.obj
                0x000000002000113b                JiaZhua_Servo_Flag
 .bss.ZaiWu_Servo_Flag
                0x000000002000113c        0x1 CMakeFiles/Car.elf.dir/Task/Servo.c.obj
                0x000000002000113c                ZaiWu_Servo_Flag
 *fill*         0x000000002000113d        0x3 
 .bss.__lock___malloc_recursive_mutex
                0x0000000020001140        0x1 /usr/local/arm/10.3/bin/../lib/gcc/arm-none-eabi/10.3.1/../../../../arm-none-eabi/lib/thumb/v7e-m/nofp/libg.a(lib_a-lock.o)
                0x0000000020001140                __lock___malloc_recursive_mutex
 *fill*         0x0000000020001141        0x3 
 .bss.__lock___sfp_recursive_mutex
                0x0000000020001144        0x1 /usr/local/arm/10.3/bin/../lib/gcc/arm-none-eabi/10.3.1/../../../../arm-none-eabi/lib/thumb/v7e-m/nofp/libg.a(lib_a-lock.o)
                0x0000000020001144                __lock___sfp_recursive_mutex
 *fill*         0x0000000020001145        0x3 
 .bss.__lock___sinit_recursive_mutex
                0x0000000020001148        0x1 /usr/local/arm/10.3/bin/../lib/gcc/arm-none-eabi/10.3.1/../../../../arm-none-eabi/lib/thumb/v7e-m/nofp/libg.a(lib_a-lock.o)