Archive member included to satisfy reference by file (symbol)

/usr/local/arm/10.3/bin/../lib/gcc/arm-none-eabi/10.3.1/thumb/v7e-m/nofp/libgcc.a(_arm_muldf3.o)
                              CMakeFiles/Car.elf.dir/Task/Motor.c.obj (__aeabi_dmul)
/usr/local/arm/10.3/bin/../lib/gcc/arm-none-eabi/10.3.1/thumb/v7e-m/nofp/libgcc.a(_arm_mulsf3.o)
                              CMakeFiles/Car.elf.dir/Bsp/JY901.c.obj (__aeabi_fmul)
/usr/local/arm/10.3/bin/../lib/gcc/arm-none-eabi/10.3.1/thumb/v7e-m/nofp/libgcc.a(_arm_addsubdf3.o)
                              CMakeFiles/Car.elf.dir/Task/Move.c.obj (__aeabi_dadd)
/usr/local/arm/10.3/bin/../lib/gcc/arm-none-eabi/10.3.1/thumb/v7e-m/nofp/libgcc.a(_arm_muldivdf3.o)
                              CMakeFiles/Car.elf.dir/Task/Motor.c.obj (__aeabi_ddiv)
/usr/local/arm/10.3/bin/../lib/gcc/arm-none-eabi/10.3.1/thumb/v7e-m/nofp/libgcc.a(_arm_cmpdf2.o)
                              CMakeFiles/Car.elf.dir/Bsp/JY901.c.obj (__aeabi_dcmple)
/usr/local/arm/10.3/bin/../lib/gcc/arm-none-eabi/10.3.1/thumb/v7e-m/nofp/libgcc.a(_arm_fixdfsi.o)
                              CMakeFiles/Car.elf.dir/Task/Motor.c.obj (__aeabi_d2iz)
/usr/local/arm/10.3/bin/../lib/gcc/arm-none-eabi/10.3.1/thumb/v7e-m/nofp/libgcc.a(_arm_addsubsf3.o)
                              CMakeFiles/Car.elf.dir/Bsp/JY901.c.obj (__aeabi_fsub)
/usr/local/arm/10.3/bin/../lib/gcc/arm-none-eabi/10.3.1/thumb/v7e-m/nofp/libgcc.a(_arm_muldivsf3.o)
                              CMakeFiles/Car.elf.dir/Bsp/JY901.c.obj (__aeabi_fdiv)
/usr/local/arm/10.3/bin/../lib/gcc/arm-none-eabi/10.3.1/thumb/v7e-m/nofp/libgcc.a(_arm_cmpsf2.o)
                              CMakeFiles/Car.elf.dir/Bsp/JY901.c.obj (__aeabi_fcmplt)
/usr/local/arm/10.3/bin/../lib/gcc/arm-none-eabi/10.3.1/thumb/v7e-m/nofp/libgcc.a(_arm_fixsfsi.o)
                              CMakeFiles/Car.elf.dir/Task/Motor.c.obj (__aeabi_f2iz)
/usr/local/arm/10.3/bin/../lib/gcc/arm-none-eabi/10.3.1/thumb/v7e-m/nofp/libgcc.a(_arm_fixunssfsi.o)
                              CMakeFiles/Car.elf.dir/Task/Motor.c.obj (__aeabi_f2uiz)
/usr/local/arm/10.3/bin/../lib/gcc/arm-none-eabi/10.3.1/thumb/v7e-m/nofp/libgcc.a(_aeabi_uldivmod.o)
                              CMakeFiles/Car.elf.dir/Drivers/STM32F4xx_HAL_Driver/Src/stm32f4xx_hal_rcc.c.obj (__aeabi_uldivmod)
/usr/local/arm/10.3/bin/../lib/gcc/arm-none-eabi/10.3.1/thumb/v7e-m/nofp/libgcc.a(_udivmoddi4.o)
                              /usr/local/arm/10.3/bin/../lib/gcc/arm-none-eabi/10.3.1/thumb/v7e-m/nofp/libgcc.a(_aeabi_uldivmod.o) (__udivmoddi4)
/usr/local/arm/10.3/bin/../lib/gcc/arm-none-eabi/10.3.1/thumb/v7e-m/nofp/libgcc.a(_dvmd_tls.o)
                              /usr/local/arm/10.3/bin/../lib/gcc/arm-none-eabi/10.3.1/thumb/v7e-m/nofp/libgcc.a(_aeabi_uldivmod.o) (__aeabi_ldiv0)
/usr/local/arm/10.3/bin/../lib/gcc/arm-none-eabi/10.3.1/../../../../arm-none-eabi/lib/thumb/v7e-m/nofp/libg.a(lib_a-errno.o)
                              CMakeFiles/Car.elf.dir/Bsp/retarget.c.obj (__errno)
/usr/local/arm/10.3/bin/../lib/gcc/arm-none-eabi/10.3.1/../../../../arm-none-eabi/lib/thumb/v7e-m/nofp/libg.a(lib_a-exit.o)
                              /usr/local/arm/10.3/bin/../lib/gcc/arm-none-eabi/10.3.1/../../../../arm-none-eabi/lib/thumb/v7e-m/nofp/crt0.o (exit)
/usr/local/arm/10.3/bin/../lib/gcc/arm-none-eabi/10.3.1/../../../../arm-none-eabi/lib/thumb/v7e-m/nofp/libg.a(lib_a-impure.o)
                              /usr/local/arm/10.3/bin/../lib/gcc/arm-none-eabi/10.3.1/../../../../arm-none-eabi/lib/thumb/v7e-m/nofp/libg.a(lib_a-exit.o) (_global_impure_ptr)
/usr/local/arm/10.3/bin/../lib/gcc/arm-none-eabi/10.3.1/../../../../arm-none-eabi/lib/thumb/v7e-m/nofp/libg.a(lib_a-init.o)
                              /usr/local/arm/10.3/bin/../lib/gcc/arm-none-eabi/10.3.1/../../../../arm-none-eabi/lib/thumb/v7e-m/nofp/crt0.o (__libc_init_array)
/usr/local/arm/10.3/bin/../lib/gcc/arm-none-eabi/10.3.1/../../../../arm-none-eabi/lib/thumb/v7e-m/nofp/libg.a(lib_a-memset.o)
                              /usr/local/arm/10.3/bin/../lib/gcc/arm-none-eabi/10.3.1/../../../../arm-none-eabi/lib/thumb/v7e-m/nofp/crt0.o (memset)
/usr/local/arm/10.3/bin/../lib/gcc/arm-none-eabi/10.3.1/../../../../arm-none-eabi/lib/thumb/v7e-m/nofp/libg.a(lib_a-printf.o)
                              CMakeFiles/Car.elf.dir/Bsp/Bsp.c.obj (printf)
/usr/local/arm/10.3/bin/../lib/gcc/arm-none-eabi/10.3.1/../../../../arm-none-eabi/lib/thumb/v7e-m/nofp/libg.a(lib_a-puts.o)
                              CMakeFiles/Car.elf.dir/Bsp/Bsp.c.obj (puts)
/usr/local/arm/10.3/bin/../lib/gcc/arm-none-eabi/10.3.1/../../../../arm-none-eabi/lib/thumb/v7e-m/nofp/libg.a(lib_a-setvbuf.o)
                              CMakeFiles/Car.elf.dir/Bsp/retarget.c.obj (setvbuf)
/usr/local/arm/10.3/bin/../lib/gcc/arm-none-eabi/10.3.1/../../../../arm-none-eabi/lib/thumb/v7e-m/nofp/libg.a(lib_a-strlen.o)
                              CMakeFiles/Car.elf.dir/Core/Src/stm32f4xx_it.c.obj (strlen)
[...]
Memory Configuration

Name             Origin             Length             Attributes
CCMRAM           0x0000000010000000 0x0000000000010000 xrw
RAM              0x0000000020000000 0x0000000000020000 xrw
FLASH            0x0000000008000000 0x0000000000080000 xr
*default*        0x0000000000000000 0xffffffffffffffff

Linker script and memory map

LOAD /usr/local/arm/10.3/bin/../lib/gcc/arm-none-eabi/10.3.1/thumb/v7e-m/nofp/crti.o
LOAD /usr/local/arm/10.3/bin/../lib/gcc/arm-none-eabi/10.3.1/thumb/v7e-m/nofp/crtbegin.o
LOAD /usr/local/arm/10.3/bin/../lib/gcc/arm-none-eabi/10.3.1/../../../../arm-none-eabi/lib/thumb/v7e-m/nofp/crt0.o
LOAD CMakeFiles/Car.elf.dir/Bsp/Bsp.c.obj
LOAD CMakeFiles/Car.elf.dir/Bsp/JY901.c.obj
LOAD CMakeFiles/Car.elf.dir/Bsp/My_Delay.c.obj
LOAD CMakeFiles/Car.elf.dir/Bsp/PI.c.obj
LOAD CMakeFiles/Car.elf.dir/Bsp/Uart_Bsp.c.obj
LOAD CMakeFiles/Car.elf.dir/Bsp/retarget.c.obj
LOAD CMakeFiles/Car.elf.dir/Core/Src/dma.c.obj
LOAD CMakeFiles/Car.elf.dir/Core/Src/gpio.c.obj
LOAD CMakeFiles/Car.elf.dir/Core/Src/i2c.c.obj
LOAD CMakeFiles/Car.elf.dir/Core/Src/main.c.obj
LOAD CMakeFiles/Car.elf.dir/Core/Src/stm32f4xx_hal_msp.c.obj
LOAD CMakeFiles/Car.elf.dir/Core/Src/stm32f4xx_it.c.obj
LOAD CMakeFiles/Car.elf.dir/Core/Src/syscalls.c.obj
LOAD CMakeFiles/Car.elf.dir/Core/Src/sysmem.c.obj
LOAD CMakeFiles/Car.elf.dir/Core/Src/system_stm32f4xx.c.obj
LOAD CMakeFiles/Car.elf.dir/Core/Src/tim.c.obj
LOAD CMakeFiles/Car.elf.dir/Core/Src/usart.c.obj
LOAD CMakeFiles/Car.elf.dir/Core/Startup/startup_stm32f407zetx.s.obj
LOAD CMakeFiles/Car.elf.dir/Drivers/STM32F4xx_HAL_Driver/Src/stm32f4xx_hal.c.obj
LOAD CMakeFiles/Car.elf.dir/Drivers/STM32F4xx_HAL_Driver/Src/stm32f4xx_hal_cortex.c.obj
LOAD CMakeFiles/Car.elf.dir/Drivers/STM32F4xx_HAL_Driver/Src/stm32f4xx_hal_dma.c.obj
LOAD CMakeFiles/Car.elf.dir/Drivers/STM32F4xx_HAL_Driver/Src/stm32f4xx_hal_dma_ex.c.obj
LOAD CMakeFiles/Car.elf.dir/Drivers/STM32F4xx_HAL_Driver/Src/stm32f4xx_hal_exti.c.obj
LOAD CMakeFiles/Car.elf.dir/Drivers/STM32F4xx_HAL_Driver/Src/stm32f4xx_hal_flash.c.obj
LOAD CMakeFiles/Car.elf.dir/Drivers/STM32F4xx_HAL_Driver/Src/stm32f4xx_hal_flash_ex.c.obj
LOAD CMakeFiles/Car.elf.dir/Drivers/STM32F4xx_HAL_Driver/Src/stm32f4xx_hal_flash_ramfunc.c.obj
LOAD CMakeFiles/Car.elf.dir/Drivers/STM32F4xx_HAL_Driver/Src/stm32f4xx_hal_gpio.c.obj
LOAD CMakeFiles/Car.elf.dir/Drivers/STM32F4xx_HAL_Driver/Src/stm32f4xx_hal_i2c.c.obj
LOAD CMakeFiles/Car.elf.dir/Drivers/STM32F4xx_HAL_Driver/Src/stm32f4xx_hal_i2c_ex.c.obj
LOAD CMakeFiles/Car.elf.dir/Drivers/STM32F4xx_HAL_Driver/Src/stm32f4xx_hal_pwr.c.obj
LOAD CMakeFiles/Car.elf.dir/Drivers/STM32F4xx_HAL_Driver/Src/stm32f4xx_hal_pwr_ex.c.obj
LOAD CMakeFiles/Car.elf.dir/Drivers/STM32F4xx_HAL_Driver/Src/stm32f4xx_hal_rcc.c.obj
LOAD CMakeFiles/Car.elf.dir/Drivers/STM32F4xx_HAL_Driver/Src/stm32f4xx_hal_rcc_ex.c.obj
LOAD CMakeFiles/Car.elf.dir/Drivers/STM32F4xx_HAL_Driver/Src/stm32f4xx_hal_tim.c.obj
LOAD CMakeFiles/Car.elf.dir/Drivers/STM32F4xx_HAL_Driver/Src/stm32f4xx_hal_tim_ex.c.obj
LOAD CMakeFiles/Car.elf.dir/Drivers/STM32F4xx_HAL_Driver/Src/stm32f4xx_hal_uart.c.obj
LOAD CMakeFiles/Car.elf.dir/Task/Control.c.obj
LOAD CMakeFiles/Car.elf.dir/Task/Motor.c.obj
LOAD CMakeFiles/Car.elf.dir/Task/Move.c.obj
LOAD CMakeFiles/Car.elf.dir/Task/Servo.c.obj
LOAD CMakeFiles/Car.elf.dir/Task/Task.c.obj
START GROUP
LOAD /usr/local/arm/10.3/bin/../lib/gcc/arm-none-eabi/10.3.1/thumb/v7e-m/nofp/libgcc.a
LOAD /usr/local/arm/10.3/bin/../lib/gcc/arm-none-eabi/10.3.1/../../../../arm-none-eabi/lib/thumb/v7e-m/nofp/libg.a
LOAD /usr/local/arm/10.3/bin/../lib/gcc/arm-none-eabi/10.3.1/../../../../arm-none-eabi/lib/thumb/v7e-m/nofp/libc.a
END GROUP
LOAD /usr/local/arm/10.3/bin/../lib/gcc/arm-none-eabi/10.3.1/thumb/v7e-m/nofp/crtend.o
LOAD /usr/local/arm/10.3/bin/../lib/gcc/arm-none-eabi/10.3.1/thumb/v7e-m/nofp/crtn.o
                0x0000000020020000                _estack = (ORIGIN (RAM) + LENGTH (RAM))
                0x0000000000000200                _Min_Heap_Size = 0x200
                0x0000000000000400                _Min_Stack_Size = 0x400

.isr_vector     0x0000000008000000      0x188
                0x0000000008000000                . = ALIGN (0x4)
 *(.isr_vector)
 .isr_vector    0x0000000008000000      0x188 CMakeFiles/Car.elf.dir/Core/Startup/startup_stm32f407zetx.s.obj
                0x0000000008000000                g_pfnVectors
                0x0000000008000188                . = ALIGN (0x4)

.text           0x00000000080001c0     0xcc04
                0x00000000080001c0                . = ALIGN (0x4)
 *(.text)
 .text          0x00000000080001c0      0x378 /usr/local/arm/10.3/bin/../lib/gcc/arm-none-eabi/10.3.1/thumb/v7e-m/nofp/libgcc.a(_arm_addsubdf3.o)
                0x00000000080001c0                __aeabi_drsub
                0x00000000080001c8                __aeabi_dsub
                0x00000000080001c8                __subdf3
                0x00000000080001cc                __adddf3
                0x00000000080001cc                __aeabi_dadd
                0x0000000008000444                __aeabi_ui2d
                0x0000000008000444                __floatunsidf
                0x0000000008000464                __floatsidf
                0x0000000008000464                __aeabi_i2d
                0x0000000008000488                __extendsfdf2
                0x0000000008000488                __aeabi_f2d
                0x00000000080004cc                __aeabi_ul2d
                0x00000000080004cc                __floatundidf
                0x00000000080004dc                __floatdidf
                0x00000000080004dc                __aeabi_l2d
 .text          0x0000000008000538      0x424 /usr/local/arm/10.3/bin/../lib/gcc/arm-none-eabi/10.3.1/thumb/v7e-m/nofp/libgcc.a(_arm_muldivdf3.o)
                0x0000000008000538                __aeabi_dmul
                0x0000000008000538                __muldf3
                0x000000000800078c                __aeabi_ddiv
                0x000000000800078c                __divdf3
 .text          0x000000000800095c      0x110 /usr/local/arm/10.3/bin/../lib/gcc/arm-none-eabi/10.3.1/thumb/v7e-m/nofp/libgcc.a(_arm_cmpdf2.o)
                0x000000000800095c                __gtdf2
                0x000000000800095c                __gedf2
                0x0000000008000964                __ltdf2
                0x0000000008000964                __ledf2
                0x000000000800096c                __cmpdf2
                0x000000000800096c                __eqdf2
                0x000000000800096c                __nedf2
                0x00000000080009e8                __aeabi_cdrcmple
                0x00000000080009f8                __aeabi_cdcmple
                0x00000000080009f8                __aeabi_cdcmpeq
                0x0000000008000a08                __aeabi_dcmpeq
                0x0000000008000a1c                __aeabi_dcmplt
                0x0000000008000a30                __aeabi_dcmple
                0x0000000008000a44                __aeabi_dcmpge
                0x0000000008000a58                __aeabi_dcmpgt
 .text          0x0000000008000a6c       0x50 /usr/local/arm/10.3/bin/../lib/gcc/arm-none-eabi/10.3.1/thumb/v7e-m/nofp/libgcc.a(_arm_fixdfsi.o)
                0x0000000008000a6c                __fixdfsi
                0x0000000008000a6c                __aeabi_d2iz
 .text          0x0000000008000abc      0x21c /usr/local/arm/10.3/bin/../lib/gcc/arm-none-eabi/10.3.1/thumb/v7e-m/nofp/libgcc.a(_arm_addsubsf3.o)
                0x0000000008000abc                __aeabi_frsub
                0x0000000008000ac4                __subsf3
                0x0000000008000ac4                __aeabi_fsub
                0x0000000008000ac8                __aeabi_fadd
                0x0000000008000ac8                __addsf3
                0x0000000008000c28                __aeabi_ui2f
                0x0000000008000c28                __floatunsisf
                0x0000000008000c30                __aeabi_i2f
                0x0000000008000c30                __floatsisf
                0x0000000008000c4c                __floatundisf
                0x0000000008000c4c                __aeabi_ul2f
                0x0000000008000c5c                __floatdisf
                0x0000000008000c5c                __aeabi_l2f
 .text          0x0000000008000cd8      0x2a0 /usr/local/arm/10.3/bin/../lib/gcc/arm-none-eabi/10.3.1/thumb/v7e-m/nofp/libgcc.a(_arm_muldivsf3.o)
                0x0000000008000cd8                __mulsf3
                0x0000000008000cd8                __aeabi_fmul
                0x0000000008000e40                __divsf3
                0x0000000008000e40                __aeabi_fdiv
 .text          0x0000000008000f78       0xec /usr/local/arm/10.3/bin/../lib/gcc/arm-none-eabi/10.3.1/thumb/v7e-m/nofp/libgcc.a(_arm_cmpsf2.o)
                0x0000000008000f78                __gtsf2
                0x0000000008000f78                __gesf2
                0x0000000008000f80                __lesf2
                0x0000000008000f80                __ltsf2
                0x0000000008000f88                __nesf2
                0x0000000008000f88                __eqsf2
                0x0000000008000f88                __cmpsf2
                0x0000000008000fe8                __aeabi_cfrcmple
                0x0000000008000ff0                __aeabi_cfcmple
                0x0000000008000ff0                __aeabi_cfcmpeq
                0x0000000008001000                __aeabi_fcmpeq
                0x0000000008001014                __aeabi_fcmplt
                0x0000000008001028                __aeabi_fcmple
                0x000000000800103c                __aeabi_fcmpge
                0x0000000008001050                __aeabi_fcmpgt
 .text          0x0000000008001064       0x4c /usr/local/arm/10.3/bin/../lib/gcc/arm-none-eabi/10.3.1/thumb/v7e-m/nofp/libgcc.a(_arm_fixsfsi.o)
                0x0000000008001064                __fixsfsi
                0x0000000008001064                __aeabi_f2iz
 .text          0x00000000080010b0       0x40 /usr/local/arm/10.3/bin/../lib/gcc/arm-none-eabi/10.3.1/thumb/v7e-m/nofp/libgcc.a(_arm_fixunssfsi.o)
                0x00000000080010b0                __aeabi_f2uiz
                0x00000000080010b0                __fixunssfsi
 .text          0x00000000080010f0       0x30 /usr/local/arm/10.3/bin/../lib/gcc/arm-none-eabi/10.3.1/thumb/v7e-m/nofp/libgcc.a(_aeabi_uldivmod.o)
                0x00000000080010f0                __aeabi_uldivmod
 .text          0x0000000008001120      0x2d0 /usr/local/arm/10.3/bin/../lib/gcc/arm-none-eabi/10.3.1/thumb/v7e-m/nofp/libgcc.a(_udivmoddi4.o)
                0x0000000008001120                __udivmoddi4
 .text          0x00000000080013f0        0x4 /usr/local/arm/10.3/bin/../lib/gcc/arm-none-eabi/10.3.1/thumb/v7e-m/nofp/libgcc.a(_dvmd_tls.o)
                0x00000000080013f0                __aeabi_ldiv0
                0x00000000080013f0                __aeabi_idiv0
 *fill*         0x00000000080013f4        0xc 
 .text          0x0000000008001400       0xdc /usr/local/arm/10.3/bin/../lib/gcc/arm-none-eabi/10.3.1/../../../../arm-none-eabi/lib/thumb/v7e-m/nofp/libg.a(lib_a-strlen.o)
                0x0000000008001400                strlen
 *fill*         0x00000000080014dc        0x4 
 .text          0x00000000080014e0       0xa0 /usr/local/arm/10.3/bin/../lib/gcc/arm-none-eabi/10.3.1/../../../../arm-none-eabi/lib/thumb/v7e-m/nofp/libg.a(lib_a-memchr.o)
                0x00000000080014e0                memchr
 .text          0x0000000008001580      0x134 /usr/local/arm/10.3/bin/../lib/gcc/arm-none-eabi/10.3.1/../../../../arm-none-eabi/lib/thumb/v7e-m/nofp/libg.a(lib_a-memcpy.o)
                0x0000000008001580                memcpy
 .text          0x00000000080016b4       0x2c /usr/local/arm/10.3/bin/../lib/gcc/arm-none-eabi/10.3.1/thumb/v7e-m/nofp/libgcc.a(_arm_unorddf2.o)
                0x00000000080016b4                __aeabi_dcmpun
                0x00000000080016b4                __unorddf2
 *(.text*)
 .text.Bsp_Init
                0x00000000080016e0       0x24 CMakeFiles/Car.elf.dir/Bsp/Bsp.c.obj
                0x00000000080016e0                Bsp_Init
 .text.User_USART_Init
                0x0000000008001704       0x1e CMakeFiles/Car.elf.dir/Bsp/JY901.c.obj
                0x0000000008001704                User_USART_Init
 *fill*         0x0000000008001722        0x2 
 .text.JY901_Process
                0x0000000008001724      0x130 CMakeFiles/Car.elf.dir/Bsp/JY901.c.obj
                0x0000000008001724                JY901_Process
 .text.my_abs_float
                0x0000000008001854       0x16 CMakeFiles/Car.elf.dir/Bsp/JY901.c.obj
                0x0000000008001854                my_abs_float
 *fill*         0x000000000800186a        0x6 
 .text.process_kalman_filter
                0x0000000008001870      0x138 CMakeFiles/Car.elf.dir/Bsp/JY901.c.obj
                0x0000000008001870                process_kalman_filter
 .text.JY901S_send_command
                0x00000000080019a8       0x34 CMakeFiles/Car.elf.dir/Bsp/JY901.c.obj
                0x00000000080019a8                JY901S_send_command
 .text.Reset_JY901S_Command
                0x00000000080019dc       0x5c CMakeFiles/Car.elf.dir/Bsp/JY901.c.obj
                0x00000000080019dc                Reset_JY901S_Command
 .text.Delay_Init
                0x0000000008001a38       0x18 CMakeFiles/Car.elf.dir/Bsp/My_Delay.c.obj
                0x0000000008001a38                Delay_Init
 .text.Delay_us
                0x0000000008001a50       0x40 CMakeFiles/Car.elf.dir/Bsp/My_Delay.c.obj
                0x0000000008001a50                Delay_us
 .text.Delay_ms
                0x0000000008001a90       0x3c CMakeFiles/Car.elf.dir/Bsp/My_Delay.c.obj
                0x0000000008001a90                Delay_ms
 .text.PI_Init  0x0000000008001acc       0x20 CMakeFiles/Car.elf.dir/Bsp/PI.c.obj
                0x0000000008001acc                PI_Init
 .text.PI_Receive_Data
                0x0000000008001aec       0x9c CMakeFiles/Car.elf.dir/Bsp/PI.c.obj
                0x0000000008001aec                PI_Receive_Data
 .text.JY901S_Init
                0x0000000008001b88       0x2c CMakeFiles/Car.elf.dir/Bsp/Uart_Bsp.c.obj
                0x0000000008001b88                JY901S_Init
 .text.Usart_Init
                0x0000000008001bb4        0xc CMakeFiles/Car.elf.dir/Bsp/Uart_Bsp.c.obj
                0x0000000008001bb4                Usart_Init
 .text.RetargetInit
                0x0000000008001bc0       0x20 CMakeFiles/Car.elf.dir/Bsp/retarget.c.obj
                0x0000000008001bc0                RetargetInit
 .text._isatty  0x0000000008001be0       0x16 CMakeFiles/Car.elf.dir/Bsp/retarget.c.obj
                0x0000000008001be0                _isatty
 *fill*         0x0000000008001bf6        0x2 
 .text._write   0x0000000008001bf8       0x34 CMakeFiles/Car.elf.dir/Bsp/retarget.c.obj
                0x0000000008001bf8                _write
 .text._close   0x0000000008001c2c       0x18 CMakeFiles/Car.elf.dir/Bsp/retarget.c.obj
                0x0000000008001c2c                _close
 .text._lseek   0x0000000008001c44       0x10 CMakeFiles/Car.elf.dir/Bsp/retarget.c.obj
                0x0000000008001c44                _lseek
 .text._read    0x0000000008001c54       0x30 CMakeFiles/Car.elf.dir/Bsp/retarget.c.obj
                0x0000000008001c54                _read
 .text._fstat   0x0000000008001c84       0x1a CMakeFiles/Car.elf.dir/Bsp/retarget.c.obj
                0x0000000008001c84                _fstat
 *fill*         0x0000000008001c9e        0x2 
 .text.MX_DMA_Init
                0x0000000008001ca0       0x34 CMakeFiles/Car.elf.dir/Core/Src/dma.c.obj
                0x0000000008001ca0                MX_DMA_Init
 .text.MX_GPIO_Init
                0x0000000008001cd4      0x12c CMakeFiles/Car.elf.dir/Core/Src/gpio.c.obj
                0x0000000008001cd4                MX_GPIO_Init
 .text.MX_I2C1_Init
                0x0000000008001e00       0x3c CMakeFiles/Car.elf.dir/Core/Src/i2c.c.obj
                0x0000000008001e00                MX_I2C1_Init
 .text.HAL_I2C_MspInit
                0x0000000008001e3c       0x70 CMakeFiles/Car.elf.dir/Core/Src/i2c.c.obj
                0x0000000008001e3c                HAL_I2C_MspInit
 .text.Error_Handler
                0x0000000008001eac        0x4 CMakeFiles/Car.elf.dir/Core/Src/main.c.obj
                0x0000000008001eac                Error_Handler
 .text.SystemClock_Config
                0x0000000008001eb0       0xac CMakeFiles/Car.elf.dir/Core/Src/main.c.obj
                0x0000000008001eb0                SystemClock_Config
 .text.main     0x0000000008001f5c       0x78 CMakeFiles/Car.elf.dir/Core/Src/main.c.obj
                0x0000000008001f5c                main
 .text.HAL_MspInit
                0x0000000008001fd4       0x38 CMakeFiles/Car.elf.dir/Core/Src/stm32f4xx_hal_msp.c.obj
                0x0000000008001fd4                HAL_MspInit
 .text.NMI_Handler
                0x000000000800200c        0x2 CMakeFiles/Car.elf.dir/Core/Src/stm32f4xx_it.c.obj
                0x000000000800200c                NMI_Handler
 .text.HardFault_Handler
                0x000000000800200e        0x2 CMakeFiles/Car.elf.dir/Core/Src/stm32f4xx_it.c.obj
                0x000000000800200e                HardFault_Handler
 .text.MemManage_Handler
                0x0000000008002010        0x2 CMakeFiles/Car.elf.dir/Core/Src/stm32f4xx_it.c.obj
                0x0000000008002010                MemManage_Handler
 .text.BusFault_Handler
                0x0000000008002012        0x2 CMakeFiles/Car.elf.dir/Core/Src/stm32f4xx_it.c.obj
                0x0000000008002012                BusFault_Handler
 .text.UsageFault_Handler
                0x0000000008002014        0x2 CMakeFiles/Car.elf.dir/Core/Src/stm32f4xx_it.c.obj
                0x0000000008002014                UsageFault_Handler
 .text.SVC_Handler
                0x0000000008002016        0x2 CMakeFiles/Car.elf.dir/Core/Src/stm32f4xx_it.c.obj
                0x0000000008002016                SVC_Handler
 .text.DebugMon_Handler
                0x0000000008002018        0x2 CMakeFiles/Car.elf.dir/Core/Src/stm32f4xx_it.c.obj
                0x0000000008002018                DebugMon_Handler
 .text.PendSV_Handler
                0x000000000800201a        0x2 CMakeFiles/Car.elf.dir/Core/Src/stm32f4xx_it.c.obj
                0x000000000800201a                PendSV_Handler
 .text.SysTick_Handler
                0x000000000800201c        0x8 CMakeFiles/Car.elf.dir/Core/Src/stm32f4xx_it.c.obj
                0x000000000800201c                SysTick_Handler
 .text.DMA1_Stream1_IRQHandler
                0x0000000008002024       0x10 CMakeFiles/Car.elf.dir/Core/Src/stm32f4xx_it.c.obj
                0x0000000008002024                DMA1_Stream1_IRQHandler
 .text.USART1_IRQHandler
                0x0000000008002034       0x10 CMakeFiles/Car.elf.dir/Core/Src/stm32f4xx_it.c.obj
                0x0000000008002034                USART1_IRQHandler
 .text.USART2_IRQHandler
                0x0000000008002044       0x10 CMakeFiles/Car.elf.dir/Core/Src/stm32f4xx_it.c.obj
                0x0000000008002044                USART2_IRQHandler
 .text.USART3_IRQHandler
                0x0000000008002054       0x6c CMakeFiles/Car.elf.dir/Core/Src/stm32f4xx_it.c.obj
                0x0000000008002054                USART3_IRQHandler
 .text.UART4_IRQHandler
                0x00000000080020c0       0x10 CMakeFiles/Car.elf.dir/Core/Src/stm32f4xx_it.c.obj
                0x00000000080020c0                UART4_IRQHandler
 .text.TIM6_DAC_IRQHandler
                0x00000000080020d0       0x10 CMakeFiles/Car.elf.dir/Core/Src/stm32f4xx_it.c.obj
                0x00000000080020d0                TIM6_DAC_IRQHandler
 .text.USART6_IRQHandler
                0x00000000080020e0       0x10 CMakeFiles/Car.elf.dir/Core/Src/stm32f4xx_it.c.obj
                0x00000000080020e0                USART6_IRQHandler
 .text.HAL_UART_RxCpltCallback
                0x00000000080020f0       0xac CMakeFiles/Car.elf.dir/Core/Src/stm32f4xx_it.c.obj
                0x00000000080020f0                HAL_UART_RxCpltCallback
 .text._getpid  0x000000000800219c        0x4 CMakeFiles/Car.elf.dir/Core/Src/syscalls.c.obj
                0x000000000800219c                _getpid
 .text._kill    0x00000000080021a0       0x10 CMakeFiles/Car.elf.dir/Core/Src/syscalls.c.obj
                0x00000000080021a0                _kill
 .text._exit    0x00000000080021b0        0xc CMakeFiles/Car.elf.dir/Core/Src/syscalls.c.obj
                0x00000000080021b0                _exit
 .text._sbrk    0x00000000080021bc       0x48 CMakeFiles/Car.elf.dir/Core/Src/sysmem.c.obj
                0x00000000080021bc                _sbrk
 .text.SystemInit
                0x0000000008002204        0x2 CMakeFiles/Car.elf.dir/Core/Src/system_stm32f4xx.c.obj
                0x0000000008002204                SystemInit
 *fill*         0x0000000008002206        0x2 
 .text.MX_TIM6_Init
                0x0000000008002208       0x50 CMakeFiles/Car.elf.dir/Core/Src/tim.c.obj
                0x0000000008002208                MX_TIM6_Init
 .text.MX_TIM7_Init
                0x0000000008002258       0x50 CMakeFiles/Car.elf.dir/Core/Src/tim.c.obj
                0x0000000008002258                MX_TIM7_Init
 .text.HAL_TIM_Base_MspInit
                0x00000000080022a8       0x8c CMakeFiles/Car.elf.dir/Core/Src/tim.c.obj
                0x00000000080022a8                HAL_TIM_Base_MspInit
 .text.HAL_TIM_MspPostInit
                0x0000000008002334       0x80 CMakeFiles/Car.elf.dir/Core/Src/tim.c.obj
                0x0000000008002334                HAL_TIM_MspPostInit
 .text.MX_TIM3_Init
                0x00000000080023b4       0xec CMakeFiles/Car.elf.dir/Core/Src/tim.c.obj
                0x00000000080023b4                MX_TIM3_Init
 .text.MX_UART4_Init
                0x00000000080024a0       0x34 CMakeFiles/Car.elf.dir/Core/Src/usart.c.obj
                0x00000000080024a0                MX_UART4_Init
 .text.MX_UART5_Init
                0x00000000080024d4       0x34 CMakeFiles/Car.elf.dir/Core/Src/usart.c.obj
                0x00000000080024d4                MX_UART5_Init
 .text.MX_USART1_UART_Init
                0x0000000008002508       0x34 CMakeFiles/Car.elf.dir/Core/Src/usart.c.obj
                0x0000000008002508                MX_USART1_UART_Init
 .text.MX_USART2_UART_Init
                0x000000000800253c       0x34 CMakeFiles/Car.elf.dir/Core/Src/usart.c.obj
                0x000000000800253c                MX_USART2_UART_Init
 .text.MX_USART3_UART_Init
                0x0000000008002570       0x34 CMakeFiles/Car.elf.dir/Core/Src/usart.c.obj
                0x0000000008002570                MX_USART3_UART_Init
 .text.MX_USART6_UART_Init
                0x00000000080025a4       0x34 CMakeFiles/Car.elf.dir/Core/Src/usart.c.obj
                0x00000000080025a4                MX_USART6_UART_Init
 .text.HAL_UART_MspInit
                0x00000000080025d8      0x2c8 CMakeFiles/Car.elf.dir/Core/Src/usart.c.obj
                0x00000000080025d8                HAL_UART_MspInit
 .text.Reset_Handler
                0x00000000080028a0       0x50 CMakeFiles/Car.elf.dir/Core/Startup/startup_stm32f407zetx.s.obj
                0x00000000080028a0                Reset_Handler
 .text.Default_Handler
                0x00000000080028f0        0x2 CMakeFiles/Car.elf.dir/Core/Startup/startup_stm32f407zetx.s.obj
                0x00000000080028f0                RTC_Alarm_IRQHandler
                0x00000000080028f0                HASH_RNG_IRQHandler
                0x00000000080028f0                EXTI2_IRQHandler
                0x00000000080028f0                TIM8_CC_IRQHandler
                0x00000000080028f0                TIM1_CC_IRQHandler
                0x00000000080028f0                DMA2_Stream5_IRQHandler
                0x00000000080028f0                DMA1_Stream5_IRQHandler
                0x00000000080028f0                PVD_IRQHandler
                0x00000000080028f0                SDIO_IRQHandler
                0x00000000080028f0                TAMP_STAMP_IRQHandler
                0x00000000080028f0                CAN2_RX1_IRQHandler
                0x00000000080028f0                EXTI3_IRQHandler
                0x00000000080028f0                TIM8_TRG_COM_TIM14_IRQHandler
                0x00000000080028f0                TIM1_UP_TIM10_IRQHandler
                0x00000000080028f0                TIM8_UP_TIM13_IRQHandler
                0x00000000080028f0                I2C3_ER_IRQHandler
                0x00000000080028f0                EXTI0_IRQHandler
                0x00000000080028f0                I2C2_EV_IRQHandler
                0x00000000080028f0                DMA1_Stream2_IRQHandler
                0x00000000080028f0                CAN1_RX0_IRQHandler
                0x00000000080028f0                FPU_IRQHandler
                0x00000000080028f0                OTG_HS_WKUP_IRQHandler
                0x00000000080028f0                CAN2_SCE_IRQHandler
                0x00000000080028f0                DMA2_Stream2_IRQHandler
                0x00000000080028f0                SPI1_IRQHandler
                0x00000000080028f0                TIM1_BRK_TIM9_IRQHandler
                0x00000000080028f0                DCMI_IRQHandler
                0x00000000080028f0                CAN2_RX0_IRQHandler
                0x00000000080028f0                DMA2_Stream3_IRQHandler
                0x00000000080028f0                CAN1_RX1_IRQHandler
                0x00000000080028f0                UART5_IRQHandler
                0x00000000080028f0                DMA2_Stream0_IRQHandler
                0x00000000080028f0                TIM4_IRQHandler
                0x00000000080028f0                I2C1_EV_IRQHandler
                0x00000000080028f0                DMA1_Stream6_IRQHandler
                0x00000000080028f0                TIM3_IRQHandler
                0x00000000080028f0                RCC_IRQHandler
                0x00000000080028f0                TIM8_BRK_TIM12_IRQHandler
                0x00000000080028f0                Default_Handler
                0x00000000080028f0                EXTI15_10_IRQHandler
                0x00000000080028f0                ADC_IRQHandler
                0x00000000080028f0                DMA1_Stream7_IRQHandler
                0x00000000080028f0                TIM7_IRQHandler
                0x00000000080028f0                CAN2_TX_IRQHandler
                0x00000000080028f0                TIM5_IRQHandler
                0x00000000080028f0                DMA2_Stream7_IRQHandler
                0x00000000080028f0                I2C3_EV_IRQHandler
                0x00000000080028f0                EXTI9_5_IRQHandler
                0x00000000080028f0                RTC_WKUP_IRQHandler
                0x00000000080028f0                ETH_WKUP_IRQHandler
                0x00000000080028f0                SPI2_IRQHandler
                0x00000000080028f0                OTG_HS_EP1_IN_IRQHandler
                0x00000000080028f0                DMA1_Stream0_IRQHandler
                0x00000000080028f0                CAN1_TX_IRQHandler
                0x00000000080028f0                EXTI4_IRQHandler
                0x00000000080028f0                FSMC_IRQHandler
                0x00000000080028f0                ETH_IRQHandler
                0x00000000080028f0                OTG_HS_EP1_OUT_IRQHandler
                0x00000000080028f0                WWDG_IRQHandler
                0x00000000080028f0                TIM2_IRQHandler
                0x00000000080028f0                OTG_FS_WKUP_IRQHandler
                0x00000000080028f0                TIM1_TRG_COM_TIM11_IRQHandler
                0x00000000080028f0                OTG_HS_IRQHandler
                0x00000000080028f0                EXTI1_IRQHandler
                0x00000000080028f0                I2C2_ER_IRQHandler
                0x00000000080028f0                DMA2_Stream1_IRQHandler
                0x00000000080028f0                CAN1_SCE_IRQHandler
                0x00000000080028f0                FLASH_IRQHandler
                0x00000000080028f0                DMA2_Stream4_IRQHandler
                0x00000000080028f0                OTG_FS_IRQHandler
                0x00000000080028f0                SPI3_IRQHandler
                0x00000000080028f0                DMA1_Stream4_IRQHandler
                0x00000000080028f0                I2C1_ER_IRQHandler
                0x00000000080028f0                DMA2_Stream6_IRQHandler
                0x00000000080028f0                DMA1_Stream3_IRQHandler
 *fill*         0x00000000080028f2        0x2 
 .text.HAL_InitTick
                0x00000000080028f4       0x4c CMakeFiles/Car.elf.dir/Drivers/STM32F4xx_HAL_Driver/Src/stm32f4xx_hal.c.obj
                0x00000000080028f4                HAL_InitTick
 .text.HAL_Init
                0x0000000008002940       0x34 CMakeFiles/Car.elf.dir/Drivers/STM32F4xx_HAL_Driver/Src/stm32f4xx_hal.c.obj
                0x0000000008002940                HAL_Init
 .text.HAL_IncTick
                0x0000000008002974       0x18 CMakeFiles/Car.elf.dir/Drivers/STM32F4xx_HAL_Driver/Src/stm32f4xx_hal.c.obj
                0x0000000008002974                HAL_IncTick
 .text.HAL_GetTick
                0x000000000800298c        0xc CMakeFiles/Car.elf.dir/Drivers/STM32F4xx_HAL_Driver/Src/stm32f4xx_hal.c.obj
                0x000000000800298c                HAL_GetTick
 .text.HAL_NVIC_SetPriorityGrouping
                0x0000000008002998       0x24 CMakeFiles/Car.elf.dir/Drivers/STM32F4xx_HAL_Driver/Src/stm32f4xx_hal_cortex.c.obj
                0x0000000008002998                HAL_NVIC_SetPriorityGrouping
 .text.HAL_NVIC_SetPriority
                0x00000000080029bc       0x70 CMakeFiles/Car.elf.dir/Drivers/STM32F4xx_HAL_Driver/Src/stm32f4xx_hal_cortex.c.obj
                0x00000000080029bc                HAL_NVIC_SetPriority
 .text.HAL_NVIC_EnableIRQ
                0x0000000008002a2c       0x1c CMakeFiles/Car.elf.dir/Drivers/STM32F4xx_HAL_Driver/Src/stm32f4xx_hal_cortex.c.obj
                0x0000000008002a2c                HAL_NVIC_EnableIRQ
 .text.HAL_SYSTICK_Config
                0x0000000008002a48       0x28 CMakeFiles/Car.elf.dir/Drivers/STM32F4xx_HAL_Driver/Src/stm32f4xx_hal_cortex.c.obj
                0x0000000008002a48                HAL_SYSTICK_Config
 .text.HAL_SYSTICK_CLKSourceConfig
                0x0000000008002a70       0x20 CMakeFiles/Car.elf.dir/Drivers/STM32F4xx_HAL_Driver/Src/stm32f4xx_hal_cortex.c.obj
                0x0000000008002a70                HAL_SYSTICK_CLKSourceConfig
 .text.DMA_SetConfig
                0x0000000008002a90       0x2c CMakeFiles/Car.elf.dir/Drivers/STM32F4xx_HAL_Driver/Src/stm32f4xx_hal_dma.c.obj
 .text.DMA_CalcBaseAndBitshift
                0x0000000008002abc       0x40 CMakeFiles/Car.elf.dir/Drivers/STM32F4xx_HAL_Driver/Src/stm32f4xx_hal_dma.c.obj
 .text.DMA_CheckFifoParam
                0x0000000008002afc       0x8e CMakeFiles/Car.elf.dir/Drivers/STM32F4xx_HAL_Driver/Src/stm32f4xx_hal_dma.c.obj
 *fill*         0x0000000008002b8a        0x2 
 .text.HAL_DMA_Init
                0x0000000008002b8c       0xcc CMakeFiles/Car.elf.dir/Drivers/STM32F4xx_HAL_Driver/Src/stm32f4xx_hal_dma.c.obj
                0x0000000008002b8c                HAL_DMA_Init
 .text.HAL_DMA_Start_IT
                0x0000000008002c58       0x6a CMakeFiles/Car.elf.dir/Drivers/STM32F4xx_HAL_Driver/Src/stm32f4xx_hal_dma.c.obj
                0x0000000008002c58                HAL_DMA_Start_IT
 .text.HAL_DMA_Abort
                0x0000000008002cc2       0x94 CMakeFiles/Car.elf.dir/Drivers/STM32F4xx_HAL_Driver/Src/stm32f4xx_hal_dma.c.obj
                0x0000000008002cc2                HAL_DMA_Abort
 .text.HAL_DMA_Abort_IT
                0x0000000008002d56       0x26 CMakeFiles/Car.elf.dir/Drivers/STM32F4xx_HAL_Driver/Src/stm32f4xx_hal_dma.c.obj
                0x0000000008002d56                HAL_DMA_Abort_IT
 .text.HAL_DMA_IRQHandler
                0x0000000008002d7c      0x1dc CMakeFiles/Car.elf.dir/Drivers/STM32F4xx_HAL_Driver/Src/stm32f4xx_hal_dma.c.obj
                0x0000000008002d7c                HAL_DMA_IRQHandler
 .text.HAL_GPIO_Init
                0x0000000008002f58      0x1e4 CMakeFiles/Car.elf.dir/Drivers/STM32F4xx_HAL_Driver/Src/stm32f4xx_hal_gpio.c.obj
                0x0000000008002f58                HAL_GPIO_Init
 .text.HAL_GPIO_WritePin
                0x000000000800313c        0xc CMakeFiles/Car.elf.dir/Drivers/STM32F4xx_HAL_Driver/Src/stm32f4xx_hal_gpio.c.obj
                0x000000000800313c                HAL_GPIO_WritePin
 .text.HAL_GPIO_TogglePin
                0x0000000008003148       0x12 CMakeFiles/Car.elf.dir/Drivers/STM32F4xx_HAL_Driver/Src/stm32f4xx_hal_gpio.c.obj
                0x0000000008003148                HAL_GPIO_TogglePin
 *fill*         0x000000000800315a        0x2 
 .text.HAL_I2C_Init
                0x000000000800315c      0x1bc CMakeFiles/Car.elf.dir/Drivers/STM32F4xx_HAL_Driver/Src/stm32f4xx_hal_i2c.c.obj
                0x000000000800315c                HAL_I2C_Init
 .text.HAL_RCC_OscConfig
                0x0000000008003318      0x3f8 CMakeFiles/Car.elf.dir/Drivers/STM32F4xx_HAL_Driver/Src/stm32f4xx_hal_rcc.c.obj
                0x0000000008003318                HAL_RCC_OscConfig
 .text.HAL_RCC_GetSysClockFreq
                0x0000000008003710       0xd4 CMakeFiles/Car.elf.dir/Drivers/STM32F4xx_HAL_Driver/Src/stm32f4xx_hal_rcc.c.obj
                0x0000000008003710                HAL_RCC_GetSysClockFreq
 .text.HAL_RCC_ClockConfig
                0x00000000080037e4      0x160 CMakeFiles/Car.elf.dir/Drivers/STM32F4xx_HAL_Driver/Src/stm32f4xx_hal_rcc.c.obj
                0x00000000080037e4                HAL_RCC_ClockConfig
 .text.HAL_RCC_GetHCLKFreq
                0x0000000008003944        0xc CMakeFiles/Car.elf.dir/Drivers/STM32F4xx_HAL_Driver/Src/stm32f4xx_hal_rcc.c.obj
                0x0000000008003944                HAL_RCC_GetHCLKFreq
 .text.HAL_RCC_GetPCLK1Freq
                0x0000000008003950       0x20 CMakeFiles/Car.elf.dir/Drivers/STM32F4xx_HAL_Driver/Src/stm32f4xx_hal_rcc.c.obj
                0x0000000008003950                HAL_RCC_GetPCLK1Freq
 .text.HAL_RCC_GetPCLK2Freq
                0x0000000008003970       0x20 CMakeFiles/Car.elf.dir/Drivers/STM32F4xx_HAL_Driver/Src/stm32f4xx_hal_rcc.c.obj
                0x0000000008003970                HAL_RCC_GetPCLK2Freq
 .text.TIM_OC1_SetConfig
                0x0000000008003990       0x68 CMakeFiles/Car.elf.dir/Drivers/STM32F4xx_HAL_Driver/Src/stm32f4xx_hal_tim.c.obj
 .text.TIM_OC3_SetConfig
                0x00000000080039f8       0x70 CMakeFiles/Car.elf.dir/Drivers/STM32F4xx_HAL_Driver/Src/stm32f4xx_hal_tim.c.obj
 .text.TIM_OC4_SetConfig
                0x0000000008003a68       0x50 CMakeFiles/Car.elf.dir/Drivers/STM32F4xx_HAL_Driver/Src/stm32f4xx_hal_tim.c.obj
 .text.TIM_TI1_ConfigInputStage
                0x0000000008003ab8       0x24 CMakeFiles/Car.elf.dir/Drivers/STM32F4xx_HAL_Driver/Src/stm32f4xx_hal_tim.c.obj
 .text.TIM_TI2_ConfigInputStage
                0x0000000008003adc       0x26 CMakeFiles/Car.elf.dir/Drivers/STM32F4xx_HAL_Driver/Src/stm32f4xx_hal_tim.c.obj
 .text.TIM_ITRx_SetConfig
                0x0000000008003b02       0x10 CMakeFiles/Car.elf.dir/Drivers/STM32F4xx_HAL_Driver/Src/stm32f4xx_hal_tim.c.obj
 *fill*         0x0000000008003b12        0x2 
 .text.HAL_TIM_Base_Start_IT
                0x0000000008003b14       0x88 CMakeFiles/Car.elf.dir/Drivers/STM32F4xx_HAL_Driver/Src/stm32f4xx_hal_tim.c.obj
                0x0000000008003b14                HAL_TIM_Base_Start_IT
 .text.HAL_TIM_PWM_MspInit
                0x0000000008003b9c        0x2 CMakeFiles/Car.elf.dir/Drivers/STM32F4xx_HAL_Driver/Src/stm32f4xx_hal_tim.c.obj
                0x0000000008003b9c                HAL_TIM_PWM_MspInit
 .text.HAL_TIM_OC_DelayElapsedCallback
                0x0000000008003b9e        0x2 CMakeFiles/Car.elf.dir/Drivers/STM32F4xx_HAL_Driver/Src/stm32f4xx_hal_tim.c.obj
                0x0000000008003b9e                HAL_TIM_OC_DelayElapsedCallback
 .text.HAL_TIM_IC_CaptureCallback
                0x0000000008003ba0        0x2 CMakeFiles/Car.elf.dir/Drivers/STM32F4xx_HAL_Driver/Src/stm32f4xx_hal_tim.c.obj
                0x0000000008003ba0                HAL_TIM_IC_CaptureCallback
 .text.HAL_TIM_PWM_PulseFinishedCallback
                0x0000000008003ba2        0x2 CMakeFiles/Car.elf.dir/Drivers/STM32F4xx_HAL_Driver/Src/stm32f4xx_hal_tim.c.obj
                0x0000000008003ba2                HAL_TIM_PWM_PulseFinishedCallback
 .text.HAL_TIM_TriggerCallback
                0x0000000008003ba4        0x2 CMakeFiles/Car.elf.dir/Drivers/STM32F4xx_HAL_Driver/Src/stm32f4xx_hal_tim.c.obj
                0x0000000008003ba4                HAL_TIM_TriggerCallback
 .text.HAL_TIM_IRQHandler
                0x0000000008003ba6      0x15e CMakeFiles/Car.elf.dir/Drivers/STM32F4xx_HAL_Driver/Src/stm32f4xx_hal_tim.c.obj
                0x0000000008003ba6                HAL_TIM_IRQHandler
 .text.TIM_Base_SetConfig
                0x0000000008003d04       0xd8 CMakeFiles/Car.elf.dir/Drivers/STM32F4xx_HAL_Driver/Src/stm32f4xx_hal_tim.c.obj
                0x0000000008003d04                TIM_Base_SetConfig
 .text.HAL_TIM_Base_Init
                0x0000000008003ddc       0x58 CMakeFiles/Car.elf.dir/Drivers/STM32F4xx_HAL_Driver/Src/stm32f4xx_hal_tim.c.obj
                0x0000000008003ddc                HAL_TIM_Base_Init
 .text.HAL_TIM_PWM_Init
                0x0000000008003e34       0x58 CMakeFiles/Car.elf.dir/Drivers/STM32F4xx_HAL_Driver/Src/stm32f4xx_hal_tim.c.obj
                0x0000000008003e34                HAL_TIM_PWM_Init
 .text.TIM_OC2_SetConfig
                0x0000000008003e8c       0x70 CMakeFiles/Car.elf.dir/Drivers/STM32F4xx_HAL_Driver/Src/stm32f4xx_hal_tim.c.obj
                0x0000000008003e8c                TIM_OC2_SetConfig
 .text.HAL_TIM_PWM_ConfigChannel
                0x0000000008003efc       0xdc CMakeFiles/Car.elf.dir/Drivers/STM32F4xx_HAL_Driver/Src/stm32f4xx_hal_tim.c.obj
                0x0000000008003efc                HAL_TIM_PWM_ConfigChannel
 .text.TIM_ETR_SetConfig
                0x0000000008003fd8       0x18 CMakeFiles/Car.elf.dir/Drivers/STM32F4xx_HAL_Driver/Src/stm32f4xx_hal_tim.c.obj
                0x0000000008003fd8                TIM_ETR_SetConfig
 .text.HAL_TIM_ConfigClockSource
                0x0000000008003ff0       0xfe CMakeFiles/Car.elf.dir/Drivers/STM32F4xx_HAL_Driver/Src/stm32f4xx_hal_tim.c.obj
                0x0000000008003ff0                HAL_TIM_ConfigClockSource
 *fill*         0x00000000080040ee        0x2 
 .text.HAL_TIMEx_MasterConfigSynchronization
                0x00000000080040f0       0x8c CMakeFiles/Car.elf.dir/Drivers/STM32F4xx_HAL_Driver/Src/stm32f4xx_hal_tim_ex.c.obj
                0x00000000080040f0                HAL_TIMEx_MasterConfigSynchronization
 .text.HAL_TIMEx_CommutCallback
                0x000000000800417c        0x2 CMakeFiles/Car.elf.dir/Drivers/STM32F4xx_HAL_Driver/Src/stm32f4xx_hal_tim_ex.c.obj
                0x000000000800417c                HAL_TIMEx_CommutCallback
 .text.HAL_TIMEx_BreakCallback
                0x000000000800417e        0x2 CMakeFiles/Car.elf.dir/Drivers/STM32F4xx_HAL_Driver/Src/stm32f4xx_hal_tim_ex.c.obj
                0x000000000800417e                HAL_TIMEx_BreakCallback
 .text.UART_EndTxTransfer
                0x0000000008004180       0x20 CMakeFiles/Car.elf.dir/Drivers/STM32F4xx_HAL_Driver/Src/stm32f4xx_hal_uart.c.obj
 .text.UART_EndRxTransfer
                0x00000000080041a0       0x5c CMakeFiles/Car.elf.dir/Drivers/STM32F4xx_HAL_Driver/Src/stm32f4xx_hal_uart.c.obj
 .text.UART_Transmit_IT
                0x00000000080041fc       0x60 CMakeFiles/Car.elf.dir/Drivers/STM32F4xx_HAL_Driver/Src/stm32f4xx_hal_uart.c.obj
 .text.UART_SetConfig
                0x000000000800425c      0x110 CMakeFiles/Car.elf.dir/Drivers/STM32F4xx_HAL_Driver/Src/stm32f4xx_hal_uart.c.obj
 .text.UART_WaitOnFlagUntilTimeout
                0x000000000800436c       0x8a CMakeFiles/Car.elf.dir/Drivers/STM32F4xx_HAL_Driver/Src/stm32f4xx_hal_uart.c.obj
 .text.HAL_UART_Init
                0x00000000080043f6       0x60 CMakeFiles/Car.elf.dir/Drivers/STM32F4xx_HAL_Driver/Src/stm32f4xx_hal_uart.c.obj
                0x00000000080043f6                HAL_UART_Init
 .text.HAL_UART_Transmit
                0x0000000008004456       0xcc CMakeFiles/Car.elf.dir/Drivers/STM32F4xx_HAL_Driver/Src/stm32f4xx_hal_uart.c.obj
                0x0000000008004456                HAL_UART_Transmit
 .text.HAL_UART_Receive
                0x0000000008004522       0xd2 CMakeFiles/Car.elf.dir/Drivers/STM32F4xx_HAL_Driver/Src/stm32f4xx_hal_uart.c.obj
                0x0000000008004522                HAL_UART_Receive
 .text.HAL_UART_DMAStop
                0x00000000080045f4       0x84 CMakeFiles/Car.elf.dir/Drivers/STM32F4xx_HAL_Driver/Src/stm32f4xx_hal_uart.c.obj
                0x00000000080045f4                HAL_UART_DMAStop
 .text.HAL_UART_TxCpltCallback
                0x0000000008004678        0x2 CMakeFiles/Car.elf.dir/Drivers/STM32F4xx_HAL_Driver/Src/stm32f4xx_hal_uart.c.obj
                0x0000000008004678                HAL_UART_TxCpltCallback
 .text.UART_EndTransmit_IT
                0x000000000800467a       0x1a CMakeFiles/Car.elf.dir/Drivers/STM32F4xx_HAL_Driver/Src/stm32f4xx_hal_uart.c.obj
 .text.HAL_UART_RxHalfCpltCallback
                0x0000000008004694        0x2 CMakeFiles/Car.elf.dir/Drivers/STM32F4xx_HAL_Driver/Src/stm32f4xx_hal_uart.c.obj
                0x0000000008004694                HAL_UART_RxHalfCpltCallback
 .text.HAL_UART_ErrorCallback
                0x0000000008004696        0x2 CMakeFiles/Car.elf.dir/Drivers/STM32F4xx_HAL_Driver/Src/stm32f4xx_hal_uart.c.obj
                0x0000000008004696                HAL_UART_ErrorCallback
 .text.UART_DMAError
                0x0000000008004698       0x58 CMakeFiles/Car.elf.dir/Drivers/STM32F4xx_HAL_Driver/Src/stm32f4xx_hal_uart.c.obj
 .text.UART_DMAAbortOnError
                0x00000000080046f0       0x10 CMakeFiles/Car.elf.dir/Drivers/STM32F4xx_HAL_Driver/Src/stm32f4xx_hal_uart.c.obj
 .text.HAL_UARTEx_RxEventCallback
                0x0000000008004700        0x2 CMakeFiles/Car.elf.dir/Drivers/STM32F4xx_HAL_Driver/Src/stm32f4xx_hal_uart.c.obj
                0x0000000008004700                HAL_UARTEx_RxEventCallback
 .text.UART_Receive_IT
                0x0000000008004702       0xe6 CMakeFiles/Car.elf.dir/Drivers/STM32F4xx_HAL_Driver/Src/stm32f4xx_hal_uart.c.obj
 .text.HAL_UART_IRQHandler
                0x00000000080047e8      0x288 CMakeFiles/Car.elf.dir/Drivers/STM32F4xx_HAL_Driver/Src/stm32f4xx_hal_uart.c.obj
                0x00000000080047e8                HAL_UART_IRQHandler
 .text.UART_DMARxHalfCplt
                0x0000000008004a70       0x1e CMakeFiles/Car.elf.dir/Drivers/STM32F4xx_HAL_Driver/Src/stm32f4xx_hal_uart.c.obj
 .text.UART_DMAReceiveCplt
                0x0000000008004a8e       0x9a CMakeFiles/Car.elf.dir/Drivers/STM32F4xx_HAL_Driver/Src/stm32f4xx_hal_uart.c.obj
 .text.UART_Start_Receive_IT
                0x0000000008004b28       0x36 CMakeFiles/Car.elf.dir/Drivers/STM32F4xx_HAL_Driver/Src/stm32f4xx_hal_uart.c.obj
                0x0000000008004b28                UART_Start_Receive_IT
 .text.HAL_UART_Receive_IT
                0x0000000008004b5e       0x26 CMakeFiles/Car.elf.dir/Drivers/STM32F4xx_HAL_Driver/Src/stm32f4xx_hal_uart.c.obj
                0x0000000008004b5e                HAL_UART_Receive_IT
 .text.UART_Start_Receive_DMA
                0x0000000008004b84       0xa4 CMakeFiles/Car.elf.dir/Drivers/STM32F4xx_HAL_Driver/Src/stm32f4xx_hal_uart.c.obj
                0x0000000008004b84                UART_Start_Receive_DMA
 .text.HAL_UART_Receive_DMA
                0x0000000008004c28       0x26 CMakeFiles/Car.elf.dir/Drivers/STM32F4xx_HAL_Driver/Src/stm32f4xx_hal_uart.c.obj
                0x0000000008004c28                HAL_UART_Receive_DMA
 *fill*         0x0000000008004c4e        0x2 
 .text.Control_Proc
                0x0000000008004c50      0x6f8 CMakeFiles/Car.elf.dir/Task/Control.c.obj
                0x0000000008004c50                Control_Proc
 .text.My_ABS   0x0000000008005348        0xa CMakeFiles/Car.elf.dir/Task/Motor.c.obj
                0x0000000008005348                My_ABS
 *fill*         0x0000000008005352        0x2 
 .text.Motor_Receive_Data
                0x0000000008005354      0x25c CMakeFiles/Car.elf.dir/Task/Motor.c.obj
                0x0000000008005354                Motor_Receive_Data
 .text.Motor_Enable
                0x00000000080055b0       0x38 CMakeFiles/Car.elf.dir/Task/Motor.c.obj
                0x00000000080055b0                Motor_Enable
 .text.Motor_Reset
                0x00000000080055e8       0x58 CMakeFiles/Car.elf.dir/Task/Motor.c.obj
                0x00000000080055e8                Motor_Reset
 .text.Motor_Enable_All
                0x0000000008005640       0x22 CMakeFiles/Car.elf.dir/Task/Motor.c.obj
                0x0000000008005640                Motor_Enable_All
 *fill*         0x0000000008005662        0x2 
 .text.Motor_Init
                0x0000000008005664       0x30 CMakeFiles/Car.elf.dir/Task/Motor.c.obj
                0x0000000008005664                Motor_Init
 .text.Motor_State_Scan
                0x0000000008005694       0x2c CMakeFiles/Car.elf.dir/Task/Motor.c.obj
                0x0000000008005694                Motor_State_Scan
 .text.Motor_Run
                0x00000000080056c0       0x30 CMakeFiles/Car.elf.dir/Task/Motor.c.obj
                0x00000000080056c0                Motor_Run
 .text.Motor_SetPosition
                0x00000000080056f0       0x98 CMakeFiles/Car.elf.dir/Task/Motor.c.obj
                0x00000000080056f0                Motor_SetPosition
 .text.Motor_SetPosition_Dir
                0x0000000008005788       0xb4 CMakeFiles/Car.elf.dir/Task/Motor.c.obj
                0x0000000008005788                Motor_SetPosition_Dir
 .text.Motor_SetPosition_A
                0x000000000800583c       0xc4 CMakeFiles/Car.elf.dir/Task/Motor.c.obj
                0x000000000800583c                Motor_SetPosition_A
 .text.Car_Go_Target
                0x0000000008005900      0x288 CMakeFiles/Car.elf.dir/Task/Motor.c.obj
                0x0000000008005900                Car_Go_Target
 .text.Car_Turn
                0x0000000008005b88      0x128 CMakeFiles/Car.elf.dir/Task/Motor.c.obj
                0x0000000008005b88                Car_Turn
 .text.Car_Calibration
                0x0000000008005cb0      0x27c CMakeFiles/Car.elf.dir/Task/Motor.c.obj
                0x0000000008005cb0                Car_Calibration
 .text.HuaGui_UP
                0x0000000008005f2c       0x20 CMakeFiles/Car.elf.dir/Task/Motor.c.obj
                0x0000000008005f2c                HuaGui_UP
 .text.HuaGui_DOWN
                0x0000000008005f4c       0x20 CMakeFiles/Car.elf.dir/Task/Motor.c.obj
                0x0000000008005f4c                HuaGui_DOWN
 .text.HuaGui_DOWN2
                0x0000000008005f6c       0x20 CMakeFiles/Car.elf.dir/Task/Motor.c.obj
                0x0000000008005f6c                HuaGui_DOWN2
 .text.HuaGui_Fang
                0x0000000008005f8c       0x20 CMakeFiles/Car.elf.dir/Task/Motor.c.obj
                0x0000000008005f8c                HuaGui_Fang
 .text.HuaGui_Qu
                0x0000000008005fac       0x20 CMakeFiles/Car.elf.dir/Task/Motor.c.obj
                0x0000000008005fac                HuaGui_Qu
 .text.HuaGui_ZhuanPan
                0x0000000008005fcc       0x20 CMakeFiles/Car.elf.dir/Task/Motor.c.obj
                0x0000000008005fcc                HuaGui_ZhuanPan
 *fill*         0x0000000008005fec        0x4 
 .text.HAL_TIM_PeriodElapsedCallback
                0x0000000008005ff0      0x1b0 CMakeFiles/Car.elf.dir/Task/Move.c.obj
                0x0000000008005ff0                HAL_TIM_PeriodElapsedCallback
 .text.Get_Loads
                0x00000000080061a0      0x30c CMakeFiles/Car.elf.dir/Task/Move.c.obj
                0x00000000080061a0                Get_Loads
 .text.Put_Loads
                0x00000000080064ac      0x2c8 CMakeFiles/Car.elf.dir/Task/Move.c.obj
                0x00000000080064ac                Put_Loads
 .text.Servo_SetAngle
                0x0000000008006774       0xe8 CMakeFiles/Car.elf.dir/Task/Servo.c.obj
                0x0000000008006774                Servo_SetAngle
 .text.Servo_CallBack
                0x000000000800685c       0xe8 CMakeFiles/Car.elf.dir/Task/Servo.c.obj
                0x000000000800685c                Servo_CallBack
 .text.JiaZhua_Turn
                0x0000000008006944       0x6c CMakeFiles/Car.elf.dir/Task/Servo.c.obj
                0x0000000008006944                JiaZhua_Turn
 .text.HuaGui_Turn
                0x00000000080069b0       0x78 CMakeFiles/Car.elf.dir/Task/Servo.c.obj
                0x00000000080069b0                HuaGui_Turn
 .text.ZaiWu_Turn
                0x0000000008006a28       0xd0 CMakeFiles/Car.elf.dir/Task/Servo.c.obj
                0x0000000008006a28                ZaiWu_Turn
 .text.__errno  0x0000000008006af8        0xc /usr/local/arm/10.3/bin/../lib/gcc/arm-none-eabi/10.3.1/../../../../arm-none-eabi/lib/thumb/v7e-m/nofp/libg.a(lib_a-errno.o)
                0x0000000008006af8                __errno
 .text.__libc_init_array
                0x0000000008006b04       0x48 /usr/local/arm/10.3/bin/../lib/gcc/arm-none-eabi/10.3.1/../../../../arm-none-eabi/lib/thumb/v7e-m/nofp/libg.a(lib_a-init.o)
                0x0000000008006b04                __libc_init_array
 .text.memset   0x0000000008006b4c       0xa4 /usr/local/arm/10.3/bin/../lib/gcc/arm-none-eabi/10.3.1/../../../../arm-none-eabi/lib/thumb/v7e-m/nofp/libg.a(lib_a-memset.o)
                0x0000000008006b4c                memset
 .text.printf   0x0000000008006bf0       0x28 /usr/local/arm/10.3/bin/../lib/gcc/arm-none-eabi/10.3.1/../../../../arm-none-eabi/lib/thumb/v7e-m/nofp/libg.a(lib_a-printf.o)
                0x0000000008006bf0                printf
 .text._puts_r  0x0000000008006c18       0x9c /usr/local/arm/10.3/bin/../lib/gcc/arm-none-eabi/10.3.1/../../../../arm-none-eabi/lib/thumb/v7e-m/nofp/libg.a(lib_a-puts.o)
                0x0000000008006c18                _puts_r
 .text.puts     0x0000000008006cb4       0x10 /usr/local/arm/10.3/bin/../lib/gcc/arm-none-eabi/10.3.1/../../../../arm-none-eabi/lib/thumb/v7e-m/nofp/libg.a(lib_a-puts.o)
                0x0000000008006cb4                puts
 .text.setvbuf  0x0000000008006cc4      0x1b0 /usr/local/arm/10.3/bin/../lib/gcc/arm-none-eabi/10.3.1/../../../../arm-none-eabi/lib/thumb/v7e-m/nofp/libg.a(lib_a-setvbuf.o)
                0x0000000008006cc4                setvbuf
 .text._vfprintf_r
                0x0000000008006e74     0x1ad4 /usr/local/arm/10.3/bin/../lib/gcc/arm-none-eabi/10.3.1/../../../../arm-none-eabi/lib/thumb/v7e-m/nofp/libg.a(lib_a-vfprintf.o)
                0x0000000008006e74                _vfprintf_r
 .text.__sbprintf
                0x0000000008008948       0x80 /usr/local/arm/10.3/bin/../lib/gcc/arm-none-eabi/10.3.1/../../../../arm-none-eabi/lib/thumb/v7e-m/nofp/libg.a(lib_a-vfprintf.o)
 .text.__swsetup_r
                0x00000000080089c8       0xd4 /usr/local/arm/10.3/bin/../lib/gcc/arm-none-eabi/10.3.1/../../../../arm-none-eabi/lib/thumb/v7e-m/nofp/libg.a(lib_a-wsetup.o)
                0x00000000080089c8                __swsetup_r
 .text.quorem   0x0000000008008a9c      0x124 /usr/local/arm/10.3/bin/../lib/gcc/arm-none-eabi/10.3.1/../../../../arm-none-eabi/lib/thumb/v7e-m/nofp/libg.a(lib_a-dtoa.o)
 .text._dtoa_r  0x0000000008008bc0      0xec4 /usr/local/arm/10.3/bin/../lib/gcc/arm-none-eabi/10.3.1/../../../../arm-none-eabi/lib/thumb/v7e-m/nofp/libg.a(lib_a-dtoa.o)
                0x0000000008008bc0                _dtoa_r
 .text.__sflush_r
                0x0000000008009a84      0x120 /usr/local/arm/10.3/bin/../lib/gcc/arm-none-eabi/10.3.1/../../../../arm-none-eabi/lib/thumb/v7e-m/nofp/libg.a(lib_a-fflush.o)
                0x0000000008009a84                __sflush_r
 .text._fflush_r
                0x0000000008009ba4       0x5c /usr/local/arm/10.3/bin/../lib/gcc/arm-none-eabi/10.3.1/../../../../arm-none-eabi/lib/thumb/v7e-m/nofp/libg.a(lib_a-fflush.o)
                0x0000000008009ba4                _fflush_r
 .text._cleanup_r
                0x0000000008009c00        0xc /usr/local/arm/10.3/bin/../lib/gcc/arm-none-eabi/10.3.1/../../../../arm-none-eabi/lib/thumb/v7e-m/nofp/libg.a(lib_a-findfp.o)
                0x0000000008009c00                _cleanup_r
 .text.__sinit  0x0000000008009c0c      0x10c /usr/local/arm/10.3/bin/../lib/gcc/arm-none-eabi/10.3.1/../../../../arm-none-eabi/lib/thumb/v7e-m/nofp/libg.a(lib_a-findfp.o)
                0x0000000008009c0c                __sinit
 .text.__sfp_lock_acquire
                0x0000000008009d18        0xc /usr/local/arm/10.3/bin/../lib/gcc/arm-none-eabi/10.3.1/../../../../arm-none-eabi/lib/thumb/v7e-m/nofp/libg.a(lib_a-findfp.o)
                0x0000000008009d18                __sfp_lock_acquire
 .text.__sfp_lock_release
                0x0000000008009d24        0xc /usr/local/arm/10.3/bin/../lib/gcc/arm-none-eabi/10.3.1/../../../../arm-none-eabi/lib/thumb/v7e-m/nofp/libg.a(lib_a-findfp.o)
                0x0000000008009d24                __sfp_lock_release
 .text._malloc_trim_r
                0x0000000008009d30       0xa0 /usr/local/arm/10.3/bin/../lib/gcc/arm-none-eabi/10.3.1/../../../../arm-none-eabi/lib/thumb/v7e-m/nofp/libg.a(lib_a-freer.o)
                0x0000000008009d30                _malloc_trim_r
 .text._free_r  0x0000000008009dd0      0x20c /usr/local/arm/10.3/bin/../lib/gcc/arm-none-eabi/10.3.1/../../../../arm-none-eabi/lib/thumb/v7e-m/nofp/libg.a(lib_a-freer.o)
                0x0000000008009dd0                _free_r
 .text.__sfvwrite_r
                0x0000000008009fdc      0x2e8 /usr/local/arm/10.3/bin/../lib/gcc/arm-none-eabi/10.3.1/../../../../arm-none-eabi/lib/thumb/v7e-m/nofp/libg.a(lib_a-fvwrite.o)
                0x0000000008009fdc                __sfvwrite_r
 .text._fwalk_reent
                0x000000000800a2c4       0x48 /usr/local/arm/10.3/bin/../lib/gcc/arm-none-eabi/10.3.1/../../../../arm-none-eabi/lib/thumb/v7e-m/nofp/libg.a(lib_a-fwalk.o)
                0x000000000800a2c4                _fwalk_reent
 .text._localeconv_r
                0x000000000800a30c        0x8 /usr/local/arm/10.3/bin/../lib/gcc/arm-none-eabi/10.3.1/../../../../arm-none-eabi/lib/thumb/v7e-m/nofp/libg.a(lib_a-localeconv.o)
                0x000000000800a30c                _localeconv_r
 .text.__retarget_lock_init_recursive
                0x000000000800a314        0x4 /usr/local/arm/10.3/bin/../lib/gcc/arm-none-eabi/10.3.1/../../../../arm-none-eabi/lib/thumb/v7e-m/nofp/libg.a(lib_a-lock.o)
                0x000000000800a314                __retarget_lock_init_recursive
 .text.__retarget_lock_close_recursive
                0x000000000800a318        0x4 /usr/local/arm/10.3/bin/../lib/gcc/arm-none-eabi/10.3.1/../../../../arm-none-eabi/lib/thumb/v7e-m/nofp/libg.a(lib_a-lock.o)
                0x000000000800a318                __retarget_lock_close_recursive
 .text.__retarget_lock_acquire_recursive
                0x000000000800a31c        0x4 /usr/local/arm/10.3/bin/../lib/gcc/arm-none-eabi/10.3.1/../../../../arm-none-eabi/lib/thumb/v7e-m/nofp/libg.a(lib_a-lock.o)
                0x000000000800a31c                __retarget_lock_acquire_recursive
 .text.__retarget_lock_release_recursive
                0x000000000800a320        0x4 /usr/local/arm/10.3/bin/../lib/gcc/arm-none-eabi/10.3.1/../../../../arm-none-eabi/lib/thumb/v7e-m/nofp/libg.a(lib_a-lock.o)
                0x000000000800a320                __retarget_lock_release_recursive
 .text.__smakebuf_r
                0x000000000800a324       0xe0 /usr/local/arm/10.3/bin/../lib/gcc/arm-none-eabi/10.3.1/../../../../arm-none-eabi/lib/thumb/v7e-m/nofp/libg.a(lib_a-makebuf.o)
                0x000000000800a324                __smakebuf_r
 .text.__swhatbuf_r
                0x000000000800a404       0x60 /usr/local/arm/10.3/bin/../lib/gcc/arm-none-eabi/10.3.1/../../../../arm-none-eabi/lib/thumb/v7e-m/nofp/libg.a(lib_a-makebuf.o)
                0x000000000800a404                __swhatbuf_r
 .text.malloc   0x000000000800a464       0x10 /usr/local/arm/10.3/bin/../lib/gcc/arm-none-eabi/10.3.1/../../../../arm-none-eabi/lib/thumb/v7e-m/nofp/libg.a(lib_a-malloc.o)
                0x000000000800a464                malloc
 .text._malloc_r
                0x000000000800a474      0x560 /usr/local/arm/10.3/bin/../lib/gcc/arm-none-eabi/10.3.1/../../../../arm-none-eabi/lib/thumb/v7e-m/nofp/libg.a(lib_a-mallocr.o)
                0x000000000800a474                _malloc_r
 .text.memmove  0x000000000800a9d4       0xf8 /usr/local/arm/10.3/bin/../lib/gcc/arm-none-eabi/10.3.1/../../../../arm-none-eabi/lib/thumb/v7e-m/nofp/libg.a(lib_a-memmove.o)
                0x000000000800a9d4                memmove
 .text.__malloc_lock
                0x000000000800aacc        0xc /usr/local/arm/10.3/bin/../lib/gcc/arm-none-eabi/10.3.1/../../../../arm-none-eabi/lib/thumb/v7e-m/nofp/libg.a(lib_a-mlock.o)
                0x000000000800aacc                __malloc_lock
 .text.__malloc_unlock
                0x000000000800aad8        0xc /usr/local/arm/10.3/bin/../lib/gcc/arm-none-eabi/10.3.1/../../../../arm-none-eabi/lib/thumb/v7e-m/nofp/libg.a(lib_a-mlock.o)
                0x000000000800aad8                __malloc_unlock
 .text._Balloc  0x000000000800aae4       0x4c /usr/local/arm/10.3/bin/../lib/gcc/arm-none-eabi/10.3.1/../../../../arm-none-eabi/lib/thumb/v7e-m/nofp/libg.a(lib_a-mprec.o)
                0x000000000800aae4                _Balloc
 .text._Bfree   0x000000000800ab30       0x14 /usr/local/arm/10.3/bin/../lib/gcc/arm-none-eabi/10.3.1/../../../../arm-none-eabi/lib/thumb/v7e-m/nofp/libg.a(lib_a-mprec.o)
                0x000000000800ab30                _Bfree
 .text.__multadd
                0x000000000800ab44       0xa0 /usr/local/arm/10.3/bin/../lib/gcc/arm-none-eabi/10.3.1/../../../../arm-none-eabi/lib/thumb/v7e-m/nofp/libg.a(lib_a-mprec.o)
                0x000000000800ab44                __multadd
 .text.__hi0bits
                0x000000000800abe4       0x40 /usr/local/arm/10.3/bin/../lib/gcc/arm-none-eabi/10.3.1/../../../../arm-none-eabi/lib/thumb/v7e-m/nofp/libg.a(lib_a-mprec.o)
                0x000000000800abe4                __hi0bits
 .text.__lo0bits
                0x000000000800ac24       0x5c /usr/local/arm/10.3/bin/../lib/gcc/arm-none-eabi/10.3.1/../../../../arm-none-eabi/lib/thumb/v7e-m/nofp/libg.a(lib_a-mprec.o)
                0x000000000800ac24                __lo0bits
 .text.__i2b    0x000000000800ac80       0x5c /usr/local/arm/10.3/bin/../lib/gcc/arm-none-eabi/10.3.1/../../../../arm-none-eabi/lib/thumb/v7e-m/nofp/libg.a(lib_a-mprec.o)
                0x000000000800ac80                __i2b
 .text.__multiply
                0x000000000800acdc      0x15c /usr/local/arm/10.3/bin/../lib/gcc/arm-none-eabi/10.3.1/../../../../arm-none-eabi/lib/thumb/v7e-m/nofp/libg.a(lib_a-mprec.o)
                0x000000000800acdc                __multiply
 .text.__pow5mult
                0x000000000800ae38       0xc0 /usr/local/arm/10.3/bin/../lib/gcc/arm-none-eabi/10.3.1/../../../../arm-none-eabi/lib/thumb/v7e-m/nofp/libg.a(lib_a-mprec.o)
                0x000000000800ae38                __pow5mult
 .text.__lshift
                0x000000000800aef8       0xf0 /usr/local/arm/10.3/bin/../lib/gcc/arm-none-eabi/10.3.1/../../../../arm-none-eabi/lib/thumb/v7e-m/nofp/libg.a(lib_a-mprec.o)
                0x000000000800aef8                __lshift
 .text.__mcmp   0x000000000800afe8       0x40 /usr/local/arm/10.3/bin/../lib/gcc/arm-none-eabi/10.3.1/../../../../arm-none-eabi/lib/thumb/v7e-m/nofp/libg.a(lib_a-mprec.o)
                0x000000000800afe8                __mcmp
 .text.__mdiff  0x000000000800b028      0x14c /usr/local/arm/10.3/bin/../lib/gcc/arm-none-eabi/10.3.1/../../../../arm-none-eabi/lib/thumb/v7e-m/nofp/libg.a(lib_a-mprec.o)
                0x000000000800b028                __mdiff
 .text.__d2b    0x000000000800b174       0xc4 /usr/local/arm/10.3/bin/../lib/gcc/arm-none-eabi/10.3.1/../../../../arm-none-eabi/lib/thumb/v7e-m/nofp/libg.a(lib_a-mprec.o)
                0x000000000800b174                __d2b
 .text._realloc_r
                0x000000000800b238      0x3d8 /usr/local/arm/10.3/bin/../lib/gcc/arm-none-eabi/10.3.1/../../../../arm-none-eabi/lib/thumb/v7e-m/nofp/libg.a(lib_a-reallocr.o)
                0x000000000800b238                _realloc_r
 .text.frexp    0x000000000800b610       0x70 /usr/local/arm/10.3/bin/../lib/gcc/arm-none-eabi/10.3.1/../../../../arm-none-eabi/lib/thumb/v7e-m/nofp/libg.a(lib_a-s_frexp.o)
                0x000000000800b610                frexp
 .text._sbrk_r  0x000000000800b680       0x24 /usr/local/arm/10.3/bin/../lib/gcc/arm-none-eabi/10.3.1/../../../../arm-none-eabi/lib/thumb/v7e-m/nofp/libg.a(lib_a-sbrkr.o)
                0x000000000800b680                _sbrk_r
 .text.__sread  0x000000000800b6a4       0x24 /usr/local/arm/10.3/bin/../lib/gcc/arm-none-eabi/10.3.1/../../../../arm-none-eabi/lib/thumb/v7e-m/nofp/libg.a(lib_a-stdio.o)
                0x000000000800b6a4                __sread
 .text.__swrite
                0x000000000800b6c8       0x40 /usr/local/arm/10.3/bin/../lib/gcc/arm-none-eabi/10.3.1/../../../../arm-none-eabi/lib/thumb/v7e-m/nofp/libg.a(lib_a-stdio.o)
                0x000000000800b6c8                __swrite
 .text.__sseek  0x000000000800b708       0x20 /usr/local/arm/10.3/bin/../lib/gcc/arm-none-eabi/10.3.1/../../../../arm-none-eabi/lib/thumb/v7e-m/nofp/libg.a(lib_a-stdio.o)
                0x000000000800b708                __sseek
 .text.__sclose
                0x000000000800b728        0x8 /usr/local/arm/10.3/bin/../lib/gcc/arm-none-eabi/10.3.1/../../../../arm-none-eabi/lib/thumb/v7e-m/nofp/libg.a(lib_a-stdio.o)
                0x000000000800b728                __sclose
 .text.strncpy  0x000000000800b730       0x64 /usr/local/arm/10.3/bin/../lib/gcc/arm-none-eabi/10.3.1/../../../../arm-none-eabi/lib/thumb/v7e-m/nofp/libg.a(lib_a-strncpy.o)
                0x000000000800b730                strncpy
 .text.__sprint_r.part.0
                0x000000000800b794       0x78 /usr/local/arm/10.3/bin/../lib/gcc/arm-none-eabi/10.3.1/../../../../arm-none-eabi/lib/thumb/v7e-m/nofp/libg.a(lib_a-vfiprintf.o)
 .text.__sprint_r
                0x000000000800b80c       0x14 /usr/local/arm/10.3/bin/../lib/gcc/arm-none-eabi/10.3.1/../../../../arm-none-eabi/lib/thumb/v7e-m/nofp/libg.a(lib_a-vfiprintf.o)
                0x000000000800b80c                __sprint_r
 .text._vfiprintf_r
                0x000000000800b820      0xda0 /usr/local/arm/10.3/bin/../lib/gcc/arm-none-eabi/10.3.1/../../../../arm-none-eabi/lib/thumb/v7e-m/nofp/libg.a(lib_a-vfiprintf.o)
                0x000000000800b820                _vfiprintf_r
 .text.__sbprintf
                0x000000000800c5c0       0x80 /usr/local/arm/10.3/bin/../lib/gcc/arm-none-eabi/10.3.1/../../../../arm-none-eabi/lib/thumb/v7e-m/nofp/libg.a(lib_a-vfiprintf.o)
 .text._write_r
                0x000000000800c640       0x2c /usr/local/arm/10.3/bin/../lib/gcc/arm-none-eabi/10.3.1/../../../../arm-none-eabi/lib/thumb/v7e-m/nofp/libg.a(lib_a-writer.o)
                0x000000000800c640                _write_r
 .text.__assert_func
                0x000000000800c66c       0x40 /usr/local/arm/10.3/bin/../lib/gcc/arm-none-eabi/10.3.1/../../../../arm-none-eabi/lib/thumb/v7e-m/nofp/libg.a(lib_a-assert.o)
                0x000000000800c66c                __assert_func
 .text._calloc_r
                0x000000000800c6ac       0x78 /usr/local/arm/10.3/bin/../lib/gcc/arm-none-eabi/10.3.1/../../../../arm-none-eabi/lib/thumb/v7e-m/nofp/libg.a(lib_a-callocr.o)
                0x000000000800c6ac                _calloc_r
 .text._close_r
                0x000000000800c724       0x24 /usr/local/arm/10.3/bin/../lib/gcc/arm-none-eabi/10.3.1/../../../../arm-none-eabi/lib/thumb/v7e-m/nofp/libg.a(lib_a-closer.o)
                0x000000000800c724                _close_r
 .text._fclose_r
                0x000000000800c748       0xcc /usr/local/arm/10.3/bin/../lib/gcc/arm-none-eabi/10.3.1/../../../../arm-none-eabi/lib/thumb/v7e-m/nofp/libg.a(lib_a-fclose.o)
                0x000000000800c748                _fclose_r
 .text.fiprintf
                0x000000000800c814       0x28 /usr/local/arm/10.3/bin/../lib/gcc/arm-none-eabi/10.3.1/../../../../arm-none-eabi/lib/thumb/v7e-m/nofp/libg.a(lib_a-fiprintf.o)
                0x000000000800c814                fiprintf
 .text.__fputwc
                0x000000000800c83c       0xa8 /usr/local/arm/10.3/bin/../lib/gcc/arm-none-eabi/10.3.1/../../../../arm-none-eabi/lib/thumb/v7e-m/nofp/libg.a(lib_a-fputwc.o)
                0x000000000800c83c                __fputwc
 .text._fputwc_r
                0x000000000800c8e4       0x68 /usr/local/arm/10.3/bin/../lib/gcc/arm-none-eabi/10.3.1/../../../../arm-none-eabi/lib/thumb/v7e-m/nofp/libg.a(lib_a-fputwc.o)
                0x000000000800c8e4                _fputwc_r
 .text._fstat_r
                0x000000000800c94c       0x2c /usr/local/arm/10.3/bin/../lib/gcc/arm-none-eabi/10.3.1/../../../../arm-none-eabi/lib/thumb/v7e-m/nofp/libg.a(lib_a-fstatr.o)
                0x000000000800c94c                _fstat_r
 .text._isatty_r
                0x000000000800c978       0x24 /usr/local/arm/10.3/bin/../lib/gcc/arm-none-eabi/10.3.1/../../../../arm-none-eabi/lib/thumb/v7e-m/nofp/libg.a(lib_a-isattyr.o)
                0x000000000800c978                _isatty_r
 .text.__locale_mb_cur_max
                0x000000000800c99c        0xc /usr/local/arm/10.3/bin/../lib/gcc/arm-none-eabi/10.3.1/../../../../arm-none-eabi/lib/thumb/v7e-m/nofp/libg.a(lib_a-locale.o)
                0x000000000800c99c                __locale_mb_cur_max
 .text._lseek_r
                0x000000000800c9a8       0x2c /usr/local/arm/10.3/bin/../lib/gcc/arm-none-eabi/10.3.1/../../../../arm-none-eabi/lib/thumb/v7e-m/nofp/libg.a(lib_a-lseekr.o)
                0x000000000800c9a8                _lseek_r
 .text.__ascii_mbtowc
                0x000000000800c9d4       0x2c /usr/local/arm/10.3/bin/../lib/gcc/arm-none-eabi/10.3.1/../../../../arm-none-eabi/lib/thumb/v7e-m/nofp/libg.a(lib_a-mbtowc_r.o)
                0x000000000800c9d4                __ascii_mbtowc
 .text._read_r  0x000000000800ca00       0x2c /usr/local/arm/10.3/bin/../lib/gcc/arm-none-eabi/10.3.1/../../../../arm-none-eabi/lib/thumb/v7e-m/nofp/libg.a(lib_a-readr.o)
                0x000000000800ca00                _read_r
 .text.__swbuf_r
                0x000000000800ca2c       0xb0 /usr/local/arm/10.3/bin/../lib/gcc/arm-none-eabi/10.3.1/../../../../arm-none-eabi/lib/thumb/v7e-m/nofp/libg.a(lib_a-wbuf.o)
                0x000000000800ca2c                __swbuf_r
 .text._wcrtomb_r
                0x000000000800cadc       0x3c /usr/local/arm/10.3/bin/../lib/gcc/arm-none-eabi/10.3.1/../../../../arm-none-eabi/lib/thumb/v7e-m/nofp/libg.a(lib_a-wcrtomb.o)
                0x000000000800cadc                _wcrtomb_r
 .text.__ascii_wctomb
                0x000000000800cb18       0x1c /usr/local/arm/10.3/bin/../lib/gcc/arm-none-eabi/10.3.1/../../../../arm-none-eabi/lib/thumb/v7e-m/nofp/libg.a(lib_a-wctomb_r.o)
                0x000000000800cb18                __ascii_wctomb
 .text.abort    0x000000000800cb34       0x10 /usr/local/arm/10.3/bin/../lib/gcc/arm-none-eabi/10.3.1/../../../../arm-none-eabi/lib/thumb/v7e-m/nofp/libg.a(lib_a-abort.o)
                0x000000000800cb34                abort
 .text.raise    0x000000000800cb44       0x5c /usr/local/arm/10.3/bin/../lib/gcc/arm-none-eabi/10.3.1/../../../../arm-none-eabi/lib/thumb/v7e-m/nofp/libg.a(lib_a-signal.o)
                0x000000000800cb44                raise
 .text._kill_r  0x000000000800cba0       0x2c /usr/local/arm/10.3/bin/../lib/gcc/arm-none-eabi/10.3.1/../../../../arm-none-eabi/lib/thumb/v7e-m/nofp/libg.a(lib_a-signalr.o)
                0x000000000800cba0                _kill_r
 .text._getpid_r
                0x000000000800cbcc        0x4 /usr/local/arm/10.3/bin/../lib/gcc/arm-none-eabi/10.3.1/../../../../arm-none-eabi/lib/thumb/v7e-m/nofp/libg.a(lib_a-signalr.o)
                0x000000000800cbcc                _getpid_r
 .text.sqrt     0x000000000800cbd0       0x50 /usr/local/arm/10.3/bin/../lib/gcc/arm-none-eabi/10.3.1/../../../../arm-none-eabi/lib/thumb/v7e-m/nofp/libm.a(lib_a-w_sqrt.o)
                0x000000000800cbd0                sqrt
 .text.__ieee754_sqrt
                0x000000000800cc20      0x18c /usr/local/arm/10.3/bin/../lib/gcc/arm-none-eabi/10.3.1/../../../../arm-none-eabi/lib/thumb/v7e-m/nofp/libm.a(lib_a-e_sqrt.o)
                0x000000000800cc20                __ieee754_sqrt
 *(.glue_7)
 .glue_7        0x000000000800cdac        0x0 linker stubs
 *(.glue_7t)
 .glue_7t       0x000000000800cdac        0x0 linker stubs
 *(.eh_frame)
 *(.init)
 .init          0x000000000800cdac        0x4 /usr/local/arm/10.3/bin/../lib/gcc/arm-none-eabi/10.3.1/thumb/v7e-m/nofp/crti.o
                0x000000000800cdac                _init
 .init          0x000000000800cdb0        0x8 /usr/local/arm/10.3/bin/../lib/gcc/arm-none-eabi/10.3.1/thumb/v7e-m/nofp/crtn.o
 *(.fini)
 .fini          0x000000000800cdb8        0x4 /usr/local/arm/10.3/bin/../lib/gcc/arm-none-eabi/10.3.1/thumb/v7e-m/nofp/crti.o
                0x000000000800cdb8                _fini
 .fini          0x000000000800cdbc        0x8 /usr/local/arm/10.3/bin/../lib/gcc/arm-none-eabi/10.3.1/thumb/v7e-m/nofp/crtn.o
                0x000000000800cdc4                . = ALIGN (0x4)
                0x000000000800cdc4                _etext = .

.vfp11_veneer   0x000000000800cdc4        0x0
 .vfp11_veneer  0x000000000800cdc4        0x0 linker stubs

.v4_bx          0x000000000800cdc4        0x0
 .v4_bx         0x000000000800cdc4        0x0 linker stubs

.iplt           0x000000000800cdc4        0x0
 .iplt          0x000000000800cdc4        0x0 CMakeFiles/Car.elf.dir/Bsp/Bsp.c.obj

.rodata         0x000000000800cdc8      0x628
                0x000000000800cdc8                . = ALIGN (0x4)
 *(.rodata)
 *(.rodata*)
 .rodata.process_kalman_filter.str1.4
                0x000000000800cdc8       0x28 CMakeFiles/Car.elf.dir/Bsp/JY901.c.obj
 .rodata.PI_Receive_Data.str1.4
                0x000000000800cdf0       0x4a CMakeFiles/Car.elf.dir/Bsp/PI.c.obj
 *fill*         0x000000000800ce3a        0x2 
 .rodata.main.str1.4
                0x000000000800ce3c       0x17 CMakeFiles/Car.elf.dir/Core/Src/main.c.obj
 *fill*         0x000000000800ce53        0x1 
 .rodata.HAL_UART_RxCpltCallback.str1.4
                0x000000000800ce54       0x25 CMakeFiles/Car.elf.dir/Core/Src/stm32f4xx_it.c.obj
 *fill*         0x000000000800ce79        0x3 
 .rodata.AHBPrescTable
                0x000000000800ce7c       0x10 CMakeFiles/Car.elf.dir/Core/Src/system_stm32f4xx.c.obj
                0x000000000800ce7c                AHBPrescTable
 .rodata.APBPrescTable
                0x000000000800ce8c        0x8 CMakeFiles/Car.elf.dir/Core/Src/system_stm32f4xx.c.obj
                0x000000000800ce8c                APBPrescTable
 .rodata.flagBitshiftOffset.0
                0x000000000800ce94        0x8 CMakeFiles/Car.elf.dir/Drivers/STM32F4xx_HAL_Driver/Src/stm32f4xx_hal_dma.c.obj
 .rodata.Control_Proc.str1.4
                0x000000000800ce9c       0xa0 CMakeFiles/Car.elf.dir/Task/Control.c.obj
 .rodata.Motor_Receive_Data.str1.4
                0x000000000800cf3c       0x9b CMakeFiles/Car.elf.dir/Task/Motor.c.obj
                                         0x9f (size before relaxing)
 *fill*         0x000000000800cfd7        0x1 
 .rodata.Car_Go_Target.str1.4
                0x000000000800cfd8       0x1f CMakeFiles/Car.elf.dir/Task/Motor.c.obj
 .rodata._puts_r.str1.4
                0x000000000800cff7       0x1f /usr/local/arm/10.3/bin/../lib/gcc/arm-none-eabi/10.3.1/../../../../arm-none-eabi/lib/thumb/v7e-m/nofp/libg.a(lib_a-puts.o)
                                          0x2 (size before relaxing)
 *fill*         0x000000000800cff7        0x1 
 .rodata._vfprintf_r.str1.4
                0x000000000800cff8       0x42 /usr/local/arm/10.3/bin/../lib/gcc/arm-none-eabi/10.3.1/../../../../arm-none-eabi/lib/thumb/v7e-m/nofp/libg.a(lib_a-vfprintf.o)
 *fill*         0x000000000800d03a        0x2 
 .rodata.blanks.1
                0x000000000800d03c       0x10 /usr/local/arm/10.3/bin/../lib/gcc/arm-none-eabi/10.3.1/../../../../arm-none-eabi/lib/thumb/v7e-m/nofp/libg.a(lib_a-vfprintf.o)
 .rodata.zeroes.0
                0x000000000800d04c       0x10 /usr/local/arm/10.3/bin/../lib/gcc/arm-none-eabi/10.3.1/../../../../arm-none-eabi/lib/thumb/v7e-m/nofp/libg.a(lib_a-vfprintf.o)
 .rodata._dtoa_r.str1.4
                0x000000000800d05c       0xa2 /usr/local/arm/10.3/bin/../lib/gcc/arm-none-eabi/10.3.1/../../../../arm-none-eabi/lib/thumb/v7e-m/nofp/libg.a(lib_a-dtoa.o)
                                         0xa6 (size before relaxing)
 *fill*         0x000000000800d0fe        0x2 
 .rodata.__multadd.str1.4
                0x000000000800d100       0x7f /usr/local/arm/10.3/bin/../lib/gcc/arm-none-eabi/10.3.1/../../../../arm-none-eabi/lib/thumb/v7e-m/nofp/libg.a(lib_a-mprec.o)
                                         0x93 (size before relaxing)
 *fill*         0x000000000800d17f        0x1 
 .rodata.__mprec_bigtens
                0x000000000800d180       0x28 /usr/local/arm/10.3/bin/../lib/gcc/arm-none-eabi/10.3.1/../../../../arm-none-eabi/lib/thumb/v7e-m/nofp/libg.a(lib_a-mprec.o)
                0x000000000800d180                __mprec_bigtens
 .rodata.__mprec_tens
                0x000000000800d1a8       0xc8 /usr/local/arm/10.3/bin/../lib/gcc/arm-none-eabi/10.3.1/../../../../arm-none-eabi/lib/thumb/v7e-m/nofp/libg.a(lib_a-mprec.o)
                0x000000000800d1a8                __mprec_tens
 .rodata.p05.0  0x000000000800d270        0xc /usr/local/arm/10.3/bin/../lib/gcc/arm-none-eabi/10.3.1/../../../../arm-none-eabi/lib/thumb/v7e-m/nofp/libg.a(lib_a-mprec.o)
 .rodata._vfiprintf_r.str1.4
                0x000000000800d27c       0x2f /usr/local/arm/10.3/bin/../lib/gcc/arm-none-eabi/10.3.1/../../../../arm-none-eabi/lib/thumb/v7e-m/nofp/libg.a(lib_a-vfiprintf.o)
 .rodata.blanks.1
                0x000000000800d27c       0x10 /usr/local/arm/10.3/bin/../lib/gcc/arm-none-eabi/10.3.1/../../../../arm-none-eabi/lib/thumb/v7e-m/nofp/libg.a(lib_a-vfiprintf.o)
 .rodata.zeroes.0
                0x000000000800d28c       0x10 /usr/local/arm/10.3/bin/../lib/gcc/arm-none-eabi/10.3.1/../../../../arm-none-eabi/lib/thumb/v7e-m/nofp/libg.a(lib_a-vfiprintf.o)
 .rodata.__assert_func.str1.4
                0x000000000800d29c       0x3f /usr/local/arm/10.3/bin/../lib/gcc/arm-none-eabi/10.3.1/../../../../arm-none-eabi/lib/thumb/v7e-m/nofp/libg.a(lib_a-assert.o)
                                         0x43 (size before relaxing)
 *fill*         0x000000000800d2db        0x1 
 .rodata._setlocale_r.str1.4
                0x000000000800d2dc        0xa /usr/local/arm/10.3/bin/../lib/gcc/arm-none-eabi/10.3.1/../../../../arm-none-eabi/lib/thumb/v7e-m/nofp/libg.a(lib_a-locale.o)
                                          0xd (size before relaxing)
 *fill*         0x000000000800d2e6        0x2 
 .rodata.str1.4
                0x000000000800d2e8        0x2 /usr/local/arm/10.3/bin/../lib/gcc/arm-none-eabi/10.3.1/../../../../arm-none-eabi/lib/thumb/v7e-m/nofp/libg.a(lib_a-locale.o)
 *fill*         0x000000000800d2ea        0x2 
 .rodata._ctype_
                0x000000000800d2ec      0x101 /usr/local/arm/10.3/bin/../lib/gcc/arm-none-eabi/10.3.1/../../../../arm-none-eabi/lib/thumb/v7e-m/nofp/libg.a(lib_a-ctype_.o)
                0x000000000800d2ec                _ctype_
                0x000000000800d3f0                . = ALIGN (0x4)
 *fill*         0x000000000800d3ed        0x3 
                0x000000000800d3f8                _sidata = LOADADDR (.data)

.ARM.exidx      0x000000000800d3f0        0x8
 .ARM.exidx     0x000000000800d3f0        0x8 /usr/local/arm/10.3/bin/../lib/gcc/arm-none-eabi/10.3.1/thumb/v7e-m/nofp/libgcc.a(_udivmoddi4.o)

.rel.dyn        0x000000000800d3f8        0x0
 .rel.iplt      0x000000000800d3f8        0x0 CMakeFiles/Car.elf.dir/Bsp/Bsp.c.obj

.data           0x0000000020000000      0x9d4 load address 0x000000000800d3f8
                0x0000000020000000                . = ALIGN (0x4)
                0x0000000020000000                _sdata = .
 *(.data)
 *(.data*)
 .data.SystemCoreClock
                0x0000000020000000        0x4 CMakeFiles/Car.elf.dir/Core/Src/system_stm32f4xx.c.obj
                0x0000000020000000                SystemCoreClock
 .data.uwTickFreq
                0x0000000020000004        0x1 CMakeFiles/Car.elf.dir/Drivers/STM32F4xx_HAL_Driver/Src/stm32f4xx_hal.c.obj
                0x0000000020000004                uwTickFreq
 *fill*         0x0000000020000005        0x3 
 .data.uwTickPrio
                0x0000000020000008        0x4 CMakeFiles/Car.elf.dir/Drivers/STM32F4xx_HAL_Driver/Src/stm32f4xx_hal.c.obj
                0x0000000020000008                uwTickPrio
 .data.Car_Acc  0x000000002000000c        0x2 CMakeFiles/Car.elf.dir/Task/Control.c.obj
                0x000000002000000c                Car_Acc
 .data.Car_Acc_Slow
                0x000000002000000e        0x2 CMakeFiles/Car.elf.dir/Task/Control.c.obj
                0x000000002000000e                Car_Acc_Slow
 .data.Car_Speed
                0x0000000020000010        0x2 CMakeFiles/Car.elf.dir/Task/Control.c.obj
                0x0000000020000010                Car_Speed
 .data.Car_Speed_Slow
                0x0000000020000012        0x2 CMakeFiles/Car.elf.dir/Task/Control.c.obj
                0x0000000020000012                Car_Speed_Slow
 .data.Car_Turn_Speed_Limit
                0x0000000020000014        0x2 CMakeFiles/Car.elf.dir/Task/Control.c.obj
                0x0000000020000014                Car_Turn_Speed_Limit
 .data.Motor_HuaGui_ACC
                0x0000000020000016        0x2 CMakeFiles/Car.elf.dir/Task/Control.c.obj
                0x0000000020000016                Motor_HuaGui_ACC
 .data.Motor_HuaGui_Speed
                0x0000000020000018        0x2 CMakeFiles/Car.elf.dir/Task/Control.c.obj
                0x0000000020000018                Motor_HuaGui_Speed
 .data.Running_Mode
                0x000000002000001a        0x1 CMakeFiles/Car.elf.dir/Task/Control.c.obj
                0x000000002000001a                Running_Mode
 .data.Last_Motor_Stop_Flag_Car
                0x000000002000001b        0x1 CMakeFiles/Car.elf.dir/Task/Motor.c.obj
                0x000000002000001b                Last_Motor_Stop_Flag_Car
 .data.Stop_Flag_HuaGui
                0x000000002000001c        0x1 CMakeFiles/Car.elf.dir/Task/Motor.c.obj
                0x000000002000001c                Stop_Flag_HuaGui
 *fill*         0x000000002000001d        0x3 
 .data.HuaGui_Angle
                0x0000000020000020        0x4 CMakeFiles/Car.elf.dir/Task/Servo.c.obj
                0x0000000020000020                HuaGui_Angle
 .data.JiaZhua_Angle
                0x0000000020000024        0x4 CMakeFiles/Car.elf.dir/Task/Servo.c.obj
                0x0000000020000024                JiaZhua_Angle
 .data.ZaiWu_Angle
                0x0000000020000028        0x4 CMakeFiles/Car.elf.dir/Task/Servo.c.obj
                0x0000000020000028                ZaiWu_Angle
 .data._impure_ptr
                0x000000002000002c        0x4 /usr/local/arm/10.3/bin/../lib/gcc/arm-none-eabi/10.3.1/../../../../arm-none-eabi/lib/thumb/v7e-m/nofp/libg.a(lib_a-impure.o)
                0x000000002000002c                _impure_ptr
 .data.impure_data
                0x0000000020000030      0x428 /usr/local/arm/10.3/bin/../lib/gcc/arm-none-eabi/10.3.1/../../../../arm-none-eabi/lib/thumb/v7e-m/nofp/libg.a(lib_a-impure.o)
 .data.__malloc_av_
                0x0000000020000458      0x408 /usr/local/arm/10.3/bin/../lib/gcc/arm-none-eabi/10.3.1/../../../../arm-none-eabi/lib/thumb/v7e-m/nofp/libg.a(lib_a-mallocr.o)
                0x0000000020000458                __malloc_av_
 .data.__malloc_sbrk_base
                0x0000000020000860        0x4 /usr/local/arm/10.3/bin/../lib/gcc/arm-none-eabi/10.3.1/../../../../arm-none-eabi/lib/thumb/v7e-m/nofp/libg.a(lib_a-mallocr.o)
                0x0000000020000860                __malloc_sbrk_base
 .data.__malloc_trim_threshold
                0x0000000020000864        0x4 /usr/local/arm/10.3/bin/../lib/gcc/arm-none-eabi/10.3.1/../../../../arm-none-eabi/lib/thumb/v7e-m/nofp/libg.a(lib_a-mallocr.o)
                0x0000000020000864                __malloc_trim_threshold
 .data.__global_locale
                0x0000000020000868      0x16c /usr/local/arm/10.3/bin/../lib/gcc/arm-none-eabi/10.3.1/../../../../arm-none-eabi/lib/thumb/v7e-m/nofp/libg.a(lib_a-locale.o)
                0x0000000020000868                __global_locale
 *(.RamFunc)
 *(.RamFunc*)
                0x00000000200009d4                . = ALIGN (0x4)
                0x00000000200009d4                _edata = .
                0x000000000800ddcc                _siccmram = LOADADDR (.ccmram)

.igot.plt       0x00000000200009d4        0x0 load address 0x000000000800ddcc
 .igot.plt      0x00000000200009d4        0x0 CMakeFiles/Car.elf.dir/Bsp/Bsp.c.obj

.ccmram         0x0000000010000000        0x0 load address 0x000000000800ddcc
                0x0000000010000000                . = ALIGN (0x4)
                0x0000000010000000                _sccmram = .
 *(.ccmram)
 *(.ccmram*)
                0x0000000010000000                . = ALIGN (0x4)
                0x0000000010000000                _eccmram = .
                0x0000000010000000                . = ALIGN (0x4)

.bss            0x00000000200009d8      0x7cc
                0x00000000200009d8                _sbss = .
                0x00000000200009d8                __bss_start__ = _sbss
 *(.bss)
 *(.bss*)
 .bss.HuaGui_Init_State
                0x00000000200009d8        0x1 CMakeFiles/Car.elf.dir/Bsp/Bsp.c.obj
                0x00000000200009d8                HuaGui_Init_State
 *fill*         0x00000000200009d9        0x3 
 .bss.JY901_data
                0x00000000200009dc       0x48 CMakeFiles/Car.elf.dir/Bsp/JY901.c.obj
                0x00000000200009dc                JY901_data
 .bss.Kalman_Set_Data_Flag
                0x0000000020000a24        0x1 CMakeFiles/Car.elf.dir/Bsp/JY901.c.obj
                0x0000000020000a24                Kalman_Set_Data_Flag
 .bss.Kalman_count
                0x0000000020000a25        0x1 CMakeFiles/Car.elf.dir/Bsp/JY901.c.obj
                0x0000000020000a25                Kalman_count
 *fill*         0x0000000020000a26        0x2 
 .bss.kalman    0x0000000020000a28       0xf0 CMakeFiles/Car.elf.dir/Bsp/JY901.c.obj
                0x0000000020000a28                kalman
 .bss.last_Kalman
                0x0000000020000b18        0xc CMakeFiles/Car.elf.dir/Bsp/JY901.c.obj
                0x0000000020000b18                last_Kalman
 .bss.stcAcc    0x0000000020000b24        0x8 CMakeFiles/Car.elf.dir/Bsp/JY901.c.obj
                0x0000000020000b24                stcAcc
 .bss.stcAngle  0x0000000020000b2c        0x8 CMakeFiles/Car.elf.dir/Bsp/JY901.c.obj
                0x0000000020000b2c                stcAngle
 .bss.stcGyro   0x0000000020000b34        0x8 CMakeFiles/Car.elf.dir/Bsp/JY901.c.obj
                0x0000000020000b34                stcGyro
 .bss.fac_us    0x0000000020000b3c        0x1 CMakeFiles/Car.elf.dir/Bsp/My_Delay.c.obj
 *fill*         0x0000000020000b3d        0x3 
 .bss.PI_RawData0
                0x0000000020000b40        0x3 CMakeFiles/Car.elf.dir/Bsp/PI.c.obj
                0x0000000020000b40                PI_RawData0
 *fill*         0x0000000020000b43        0x1 
 .bss.PI_RawData1
                0x0000000020000b44        0x5 CMakeFiles/Car.elf.dir/Bsp/PI.c.obj
                0x0000000020000b44                PI_RawData1
 *fill*         0x0000000020000b49        0x3 
 .bss.PI_RawData2
                0x0000000020000b4c        0x5 CMakeFiles/Car.elf.dir/Bsp/PI.c.obj
                0x0000000020000b4c                PI_RawData2
 .bss.RxFlag    0x0000000020000b51        0x1 CMakeFiles/Car.elf.dir/Bsp/PI.c.obj
                0x0000000020000b51                RxFlag
 .bss.uart4_rxbuff
                0x0000000020000b52        0x1 CMakeFiles/Car.elf.dir/Bsp/PI.c.obj
                0x0000000020000b52                uart4_rxbuff
 *fill*         0x0000000020000b53        0x1 
 .bss.JY_Yaw    0x0000000020000b54        0x4 CMakeFiles/Car.elf.dir/Bsp/Uart_Bsp.c.obj
                0x0000000020000b54                JY_Yaw
 .bss.gHuart    0x0000000020000b58        0x4 CMakeFiles/Car.elf.dir/Bsp/retarget.c.obj
                0x0000000020000b58                gHuart
 .bss.hi2c1     0x0000000020000b5c       0x54 CMakeFiles/Car.elf.dir/Core/Src/i2c.c.obj
                0x0000000020000b5c                hi2c1
 .bss.uart4_buffer
                0x0000000020000bb0        0xf CMakeFiles/Car.elf.dir/Core/Src/stm32f4xx_it.c.obj
                0x0000000020000bb0                uart4_buffer
 .bss.uart4_index
                0x0000000020000bbf        0x1 CMakeFiles/Car.elf.dir/Core/Src/stm32f4xx_it.c.obj
                0x0000000020000bbf                uart4_index
 .bss.__sbrk_heap_end
                0x0000000020000bc0        0x4 CMakeFiles/Car.elf.dir/Core/Src/sysmem.c.obj
 .bss.htim3     0x0000000020000bc4       0x48 CMakeFiles/Car.elf.dir/Core/Src/tim.c.obj
                0x0000000020000bc4                htim3
 .bss.htim6     0x0000000020000c0c       0x48 CMakeFiles/Car.elf.dir/Core/Src/tim.c.obj
                0x0000000020000c0c                htim6
 .bss.htim7     0x0000000020000c54       0x48 CMakeFiles/Car.elf.dir/Core/Src/tim.c.obj
                0x0000000020000c54                htim7
 .bss.hdma_usart3_rx
                0x0000000020000c9c       0x60 CMakeFiles/Car.elf.dir/Core/Src/usart.c.obj
                0x0000000020000c9c                hdma_usart3_rx
 .bss.huart1    0x0000000020000cfc       0x48 CMakeFiles/Car.elf.dir/Core/Src/usart.c.obj
                0x0000000020000cfc                huart1
 .bss.huart2    0x0000000020000d44       0x48 CMakeFiles/Car.elf.dir/Core/Src/usart.c.obj
                0x0000000020000d44                huart2
 .bss.huart3    0x0000000020000d8c       0x48 CMakeFiles/Car.elf.dir/Core/Src/usart.c.obj
                0x0000000020000d8c                huart3
 .bss.huart4    0x0000000020000dd4       0x48 CMakeFiles/Car.elf.dir/Core/Src/usart.c.obj
                0x0000000020000dd4                huart4
 .bss.huart5    0x0000000020000e1c       0x48 CMakeFiles/Car.elf.dir/Core/Src/usart.c.obj
                0x0000000020000e1c                huart5
 .bss.huart6    0x0000000020000e64       0x48 CMakeFiles/Car.elf.dir/Core/Src/usart.c.obj
                0x0000000020000e64                huart6
 .bss.uwTick    0x0000000020000eac        0x4 CMakeFiles/Car.elf.dir/Drivers/STM32F4xx_HAL_Driver/Src/stm32f4xx_hal.c.obj
                0x0000000020000eac                uwTick
 .bss.Last_Data1.8
                0x0000000020000eb0        0x1 CMakeFiles/Car.elf.dir/Task/Control.c.obj
 .bss.Running_Flag
                0x0000000020000eb1        0x1 CMakeFiles/Car.elf.dir/Task/Control.c.obj
                0x0000000020000eb1                Running_Flag
 *fill*         0x0000000020000eb2        0x2 
 .bss.Task_Data1
                0x0000000020000eb4       0xc8 CMakeFiles/Car.elf.dir/Task/Control.c.obj
                0x0000000020000eb4                Task_Data1
 .bss.Task_Data2
                0x0000000020000f7c       0xc8 CMakeFiles/Car.elf.dir/Task/Control.c.obj
                0x0000000020000f7c                Task_Data2
 .bss.Task_Flag
                0x0000000020001044       0x64 CMakeFiles/Car.elf.dir/Task/Control.c.obj
                0x0000000020001044                Task_Flag
 .bss.Task_Num_0
                0x00000000200010a8        0x1 CMakeFiles/Car.elf.dir/Task/Control.c.obj
                0x00000000200010a8                Task_Num_0
 *fill*         0x00000000200010a9        0x1 
 .bss.Task_Num_1
                0x00000000200010aa        0x2 CMakeFiles/Car.elf.dir/Task/Control.c.obj
                0x00000000200010aa                Task_Num_1
 .bss.Task_Num_2
                0x00000000200010ac        0x2 CMakeFiles/Car.elf.dir/Task/Control.c.obj
                0x00000000200010ac                Task_Num_2
 .bss.temp.0    0x00000000200010ae        0x1 CMakeFiles/Car.elf.dir/Task/Control.c.obj
 .bss.temp.1    0x00000000200010af        0x1 CMakeFiles/Car.elf.dir/Task/Control.c.obj
 .bss.temp.10   0x00000000200010b0        0x1 CMakeFiles/Car.elf.dir/Task/Control.c.obj
 .bss.temp.11   0x00000000200010b1        0x1 CMakeFiles/Car.elf.dir/Task/Control.c.obj
 .bss.temp.4    0x00000000200010b2        0x1 CMakeFiles/Car.elf.dir/Task/Control.c.obj
 .bss.temp.7    0x00000000200010b3        0x1 CMakeFiles/Car.elf.dir/Task/Control.c.obj
 .bss.temp.9    0x00000000200010b4        0x1 CMakeFiles/Car.elf.dir/Task/Control.c.obj
 .bss.temp1.3   0x00000000200010b5        0x1 CMakeFiles/Car.elf.dir/Task/Control.c.obj
 .bss.temp1.6   0x00000000200010b6        0x1 CMakeFiles/Car.elf.dir/Task/Control.c.obj
 .bss.temp2.2   0x00000000200010b7        0x1 CMakeFiles/Car.elf.dir/Task/Control.c.obj
 .bss.temp2.5   0x00000000200010b8        0x1 CMakeFiles/Car.elf.dir/Task/Control.c.obj
 *fill*         0x00000000200010b9        0x1 
 .bss.HuaGui_Last_Speed
                0x00000000200010ba        0x2 CMakeFiles/Car.elf.dir/Task/Motor.c.obj
                0x00000000200010ba                HuaGui_Last_Speed
 .bss.HuaGui_Motor_State
                0x00000000200010bc        0x1 CMakeFiles/Car.elf.dir/Task/Motor.c.obj
                0x00000000200010bc                HuaGui_Motor_State
 *fill*         0x00000000200010bd        0x1 
 .bss.HuaGui_Speed
                0x00000000200010be        0x2 CMakeFiles/Car.elf.dir/Task/Motor.c.obj
                0x00000000200010be                HuaGui_Speed
 .bss.Motor_HuaGui_Current_amount
                0x00000000200010c0        0x2 CMakeFiles/Car.elf.dir/Task/Motor.c.obj
                0x00000000200010c0                Motor_HuaGui_Current_amount
 .bss.Motor_RxBuff
                0x00000000200010c2        0x1 CMakeFiles/Car.elf.dir/Task/Motor.c.obj
                0x00000000200010c2                Motor_RxBuff
 .bss.Motor_Stop_Flag_Car
                0x00000000200010c3        0x1 CMakeFiles/Car.elf.dir/Task/Motor.c.obj
                0x00000000200010c3                Motor_Stop_Flag_Car
 .bss.RxBuffer1
                0x00000000200010c4       0x50 CMakeFiles/Car.elf.dir/Task/Motor.c.obj
                0x00000000200010c4                RxBuffer1
 .bss.RxCounter1.6
                0x0000000020001114        0x1 CMakeFiles/Car.elf.dir/Task/Motor.c.obj
 .bss.RxState.7
                0x0000000020001115        0x1 CMakeFiles/Car.elf.dir/Task/Motor.c.obj
 *fill*         0x0000000020001116        0x2 
 .bss.Send_Data
                0x0000000020001118       0x14 CMakeFiles/Car.elf.dir/Task/Motor.c.obj
                0x0000000020001118                Send_Data
 .bss.Temp_State.1
                0x000000002000112c        0x1 CMakeFiles/Car.elf.dir/Task/Motor.c.obj
 .bss.Temp_State.3
                0x000000002000112d        0x1 CMakeFiles/Car.elf.dir/Task/Motor.c.obj
 *fill*         0x000000002000112e        0x2 
 .bss.Temp_Yaw.0
                0x0000000020001130        0x4 CMakeFiles/Car.elf.dir/Task/Motor.c.obj
 .bss.Car_Counter
                0x0000000020001134        0x2 CMakeFiles/Car.elf.dir/Task/Move.c.obj
                0x0000000020001134                Car_Counter
 .bss.Car_Counter_Enable
                0x0000000020001136        0x1 CMakeFiles/Car.elf.dir/Task/Move.c.obj
                0x0000000020001136                Car_Counter_Enable
 *fill*         0x0000000020001137        0x1 
 .bss.Car_Counter_Times
                0x0000000020001138        0x2 CMakeFiles/Car.elf.dir/Task/Move.c.obj
                0x0000000020001138                Car_Counter_Times
 .bss.Car_Task_Time
                0x000000002000113a        0x2 CMakeFiles/Car.elf.dir/Task/Move.c.obj
                0x000000002000113a                Car_Task_Time
 .bss.Counter   0x000000002000113c        0x2 CMakeFiles/Car.elf.dir/Task/Move.c.obj
                0x000000002000113c                Counter
 .bss.Counter_Enable
                0x000000002000113e        0x1 CMakeFiles/Car.elf.dir/Task/Move.c.obj
                0x000000002000113e                Counter_Enable
 *fill*         0x000000002000113f        0x1 
 .bss.Counter_Times
                0x0000000020001140        0x2 CMakeFiles/Car.elf.dir/Task/Move.c.obj
                0x0000000020001140                Counter_Times
 .bss.Get_Loads_State.1
                0x0000000020001142        0x1 CMakeFiles/Car.elf.dir/Task/Move.c.obj
 *fill*         0x0000000020001143        0x1 
 .bss.HuaGui_Counter
                0x0000000020001144        0x2 CMakeFiles/Car.elf.dir/Task/Move.c.obj
                0x0000000020001144                HuaGui_Counter
 .bss.HuaGui_Counter_Enable
                0x0000000020001146        0x1 CMakeFiles/Car.elf.dir/Task/Move.c.obj
                0x0000000020001146                HuaGui_Counter_Enable
 *fill*         0x0000000020001147        0x1 
 .bss.Kalman_time
                0x0000000020001148        0x2 CMakeFiles/Car.elf.dir/Task/Move.c.obj
                0x0000000020001148                Kalman_time
 .bss.Motor_Stop_Flag_Car_Kalman
                0x000000002000114a        0x1 CMakeFiles/Car.elf.dir/Task/Move.c.obj
                0x000000002000114a                Motor_Stop_Flag_Car_Kalman
 .bss.Put_Loads_State.0
                0x000000002000114b        0x1 CMakeFiles/Car.elf.dir/Task/Move.c.obj
 *fill*         0x000000002000114c        0x4 
 .bss.Yaw_Compensate
                0x0000000020001150        0x8 CMakeFiles/Car.elf.dir/Task/Move.c.obj
                0x0000000020001150                Yaw_Compensate
 .bss.u10ms     0x0000000020001158        0x2 CMakeFiles/Car.elf.dir/Task/Move.c.obj
                0x0000000020001158                u10ms
 .bss.HuaGui_Servo_Flag
                0x000000002000115a        0x1 CMakeFiles/Car.elf.dir/Task/Servo.c.obj
                0x000000002000115a                HuaGui_Servo_Flag
 .bss.JiaZhua_Servo_Flag
                0x000000002000115b        0x1 CMakeFiles/Car.elf.dir/Task/Servo.c.obj
                0x000000002000115b                JiaZhua_Servo_Flag
 .bss.ZaiWu_Servo_Flag