Archive member included to satisfy reference by file (symbol)

/usr/local/arm/10.3/bin/../lib/gcc/arm-none-eabi/10.3.1/thumb/v7e-m/nofp/libgcc.a(_arm_muldf3.o)
                              CMakeFiles/Car.elf.dir/Task/Motor.c.obj (__aeabi_dmul)
/usr/local/arm/10.3/bin/../lib/gcc/arm-none-eabi/10.3.1/thumb/v7e-m/nofp/libgcc.a(_arm_mulsf3.o)
                              CMakeFiles/Car.elf.dir/Bsp/Uart_Bsp.c.obj (__aeabi_fmul)
/usr/local/arm/10.3/bin/../lib/gcc/arm-none-eabi/10.3.1/thumb/v7e-m/nofp/libgcc.a(_arm_addsubdf3.o)
                              CMakeFiles/Car.elf.dir/Bsp/Uart_Bsp.c.obj (__aeabi_dadd)
/usr/local/arm/10.3/bin/../lib/gcc/arm-none-eabi/10.3.1/thumb/v7e-m/nofp/libgcc.a(_arm_muldivdf3.o)
                              CMakeFiles/Car.elf.dir/Task/Motor.c.obj (__aeabi_ddiv)
/usr/local/arm/10.3/bin/../lib/gcc/arm-none-eabi/10.3.1/thumb/v7e-m/nofp/libgcc.a(_arm_fixdfsi.o)
                              CMakeFiles/Car.elf.dir/Task/Motor.c.obj (__aeabi_d2iz)
/usr/local/arm/10.3/bin/../lib/gcc/arm-none-eabi/10.3.1/thumb/v7e-m/nofp/libgcc.a(_arm_truncdfsf2.o)
                              CMakeFiles/Car.elf.dir/Bsp/Uart_Bsp.c.obj (__aeabi_d2f)
/usr/local/arm/10.3/bin/../lib/gcc/arm-none-eabi/10.3.1/thumb/v7e-m/nofp/libgcc.a(_arm_addsubsf3.o)
                              CMakeFiles/Car.elf.dir/Bsp/Uart_Bsp.c.obj (__aeabi_fsub)
/usr/local/arm/10.3/bin/../lib/gcc/arm-none-eabi/10.3.1/thumb/v7e-m/nofp/libgcc.a(_arm_muldivsf3.o)
                              CMakeFiles/Car.elf.dir/Bsp/Uart_Bsp.c.obj (__aeabi_fdiv)
/usr/local/arm/10.3/bin/../lib/gcc/arm-none-eabi/10.3.1/thumb/v7e-m/nofp/libgcc.a(_arm_cmpsf2.o)
                              CMakeFiles/Car.elf.dir/Bsp/Uart_Bsp.c.obj (__aeabi_fcmplt)
/usr/local/arm/10.3/bin/../lib/gcc/arm-none-eabi/10.3.1/thumb/v7e-m/nofp/libgcc.a(_arm_fixsfsi.o)
                              CMakeFiles/Car.elf.dir/Task/Motor.c.obj (__aeabi_f2iz)
/usr/local/arm/10.3/bin/../lib/gcc/arm-none-eabi/10.3.1/thumb/v7e-m/nofp/libgcc.a(_arm_fixunssfsi.o)
                              CMakeFiles/Car.elf.dir/Task/Servo.c.obj (__aeabi_f2uiz)
/usr/local/arm/10.3/bin/../lib/gcc/arm-none-eabi/10.3.1/thumb/v7e-m/nofp/libgcc.a(_aeabi_uldivmod.o)
                              CMakeFiles/Car.elf.dir/Drivers/STM32F4xx_HAL_Driver/Src/stm32f4xx_hal_rcc.c.obj (__aeabi_uldivmod)
/usr/local/arm/10.3/bin/../lib/gcc/arm-none-eabi/10.3.1/thumb/v7e-m/nofp/libgcc.a(_udivmoddi4.o)
                              /usr/local/arm/10.3/bin/../lib/gcc/arm-none-eabi/10.3.1/thumb/v7e-m/nofp/libgcc.a(_aeabi_uldivmod.o) (__udivmoddi4)
/usr/local/arm/10.3/bin/../lib/gcc/arm-none-eabi/10.3.1/thumb/v7e-m/nofp/libgcc.a(_dvmd_tls.o)
                              /usr/local/arm/10.3/bin/../lib/gcc/arm-none-eabi/10.3.1/thumb/v7e-m/nofp/libgcc.a(_aeabi_uldivmod.o) (__aeabi_ldiv0)
/usr/local/arm/10.3/bin/../lib/gcc/arm-none-eabi/10.3.1/../../../../arm-none-eabi/lib/thumb/v7e-m/nofp/libg.a(lib_a-errno.o)
                              CMakeFiles/Car.elf.dir/Bsp/retarget.c.obj (__errno)
/usr/local/arm/10.3/bin/../lib/gcc/arm-none-eabi/10.3.1/../../../../arm-none-eabi/lib/thumb/v7e-m/nofp/libg.a(lib_a-exit.o)
                              /usr/local/arm/10.3/bin/../lib/gcc/arm-none-eabi/10.3.1/../../../../arm-none-eabi/lib/thumb/v7e-m/nofp/crt0.o (exit)
/usr/local/arm/10.3/bin/../lib/gcc/arm-none-eabi/10.3.1/../../../../arm-none-eabi/lib/thumb/v7e-m/nofp/libg.a(lib_a-impure.o)
                              /usr/local/arm/10.3/bin/../lib/gcc/arm-none-eabi/10.3.1/../../../../arm-none-eabi/lib/thumb/v7e-m/nofp/libg.a(lib_a-exit.o) (_global_impure_ptr)
/usr/local/arm/10.3/bin/../lib/gcc/arm-none-eabi/10.3.1/../../../../arm-none-eabi/lib/thumb/v7e-m/nofp/libg.a(lib_a-init.o)
                              /usr/local/arm/10.3/bin/../lib/gcc/arm-none-eabi/10.3.1/../../../../arm-none-eabi/lib/thumb/v7e-m/nofp/crt0.o (__libc_init_array)
/usr/local/arm/10.3/bin/../lib/gcc/arm-none-eabi/10.3.1/../../../../arm-none-eabi/lib/thumb/v7e-m/nofp/libg.a(lib_a-memset.o)
                              /usr/local/arm/10.3/bin/../lib/gcc/arm-none-eabi/10.3.1/../../../../arm-none-eabi/lib/thumb/v7e-m/nofp/crt0.o (memset)
/usr/local/arm/10.3/bin/../lib/gcc/arm-none-eabi/10.3.1/../../../../arm-none-eabi/lib/thumb/v7e-m/nofp/libg.a(lib_a-printf.o)
                              CMakeFiles/Car.elf.dir/Bsp/Uart_Bsp.c.obj (printf)
/usr/local/arm/10.3/bin/../lib/gcc/arm-none-eabi/10.3.1/../../../../arm-none-eabi/lib/thumb/v7e-m/nofp/libg.a(lib_a-puts.o)
                              CMakeFiles/Car.elf.dir/Core/Src/main.c.obj (puts)
/usr/local/arm/10.3/bin/../lib/gcc/arm-none-eabi/10.3.1/../../../../arm-none-eabi/lib/thumb/v7e-m/nofp/libg.a(lib_a-setvbuf.o)
                              CMakeFiles/Car.elf.dir/Bsp/retarget.c.obj (setvbuf)
/usr/local/arm/10.3/bin/../lib/gcc/arm-none-eabi/10.3.1/../../../../arm-none-eabi/lib/thumb/v7e-m/nofp/libg.a(lib_a-strlen.o)
[...]
Memory Configuration

Name             Origin             Length             Attributes
CCMRAM           0x0000000010000000 0x0000000000010000 xrw
RAM              0x0000000020000000 0x0000000000020000 xrw
FLASH            0x0000000008000000 0x0000000000080000 xr
*default*        0x0000000000000000 0xffffffffffffffff

Linker script and memory map

LOAD /usr/local/arm/10.3/bin/../lib/gcc/arm-none-eabi/10.3.1/thumb/v7e-m/nofp/crti.o
LOAD /usr/local/arm/10.3/bin/../lib/gcc/arm-none-eabi/10.3.1/thumb/v7e-m/nofp/crtbegin.o
LOAD /usr/local/arm/10.3/bin/../lib/gcc/arm-none-eabi/10.3.1/../../../../arm-none-eabi/lib/thumb/v7e-m/nofp/crt0.o
LOAD CMakeFiles/Car.elf.dir/Bsp/Bsp.c.obj
LOAD CMakeFiles/Car.elf.dir/Bsp/My_Delay.c.obj
LOAD CMakeFiles/Car.elf.dir/Bsp/Uart_Bsp.c.obj
LOAD CMakeFiles/Car.elf.dir/Bsp/retarget.c.obj
LOAD CMakeFiles/Car.elf.dir/Core/Src/dma.c.obj
LOAD CMakeFiles/Car.elf.dir/Core/Src/gpio.c.obj
LOAD CMakeFiles/Car.elf.dir/Core/Src/main.c.obj
LOAD CMakeFiles/Car.elf.dir/Core/Src/stm32f4xx_hal_msp.c.obj
LOAD CMakeFiles/Car.elf.dir/Core/Src/stm32f4xx_it.c.obj
LOAD CMakeFiles/Car.elf.dir/Core/Src/syscalls.c.obj
LOAD CMakeFiles/Car.elf.dir/Core/Src/sysmem.c.obj
LOAD CMakeFiles/Car.elf.dir/Core/Src/system_stm32f4xx.c.obj
LOAD CMakeFiles/Car.elf.dir/Core/Src/tim.c.obj
LOAD CMakeFiles/Car.elf.dir/Core/Src/usart.c.obj
LOAD CMakeFiles/Car.elf.dir/Core/Startup/startup_stm32f407zetx.s.obj
LOAD CMakeFiles/Car.elf.dir/Drivers/STM32F4xx_HAL_Driver/Src/stm32f4xx_hal.c.obj
LOAD CMakeFiles/Car.elf.dir/Drivers/STM32F4xx_HAL_Driver/Src/stm32f4xx_hal_cortex.c.obj
LOAD CMakeFiles/Car.elf.dir/Drivers/STM32F4xx_HAL_Driver/Src/stm32f4xx_hal_dma.c.obj
LOAD CMakeFiles/Car.elf.dir/Drivers/STM32F4xx_HAL_Driver/Src/stm32f4xx_hal_dma_ex.c.obj
LOAD CMakeFiles/Car.elf.dir/Drivers/STM32F4xx_HAL_Driver/Src/stm32f4xx_hal_exti.c.obj
LOAD CMakeFiles/Car.elf.dir/Drivers/STM32F4xx_HAL_Driver/Src/stm32f4xx_hal_flash.c.obj
LOAD CMakeFiles/Car.elf.dir/Drivers/STM32F4xx_HAL_Driver/Src/stm32f4xx_hal_flash_ex.c.obj
LOAD CMakeFiles/Car.elf.dir/Drivers/STM32F4xx_HAL_Driver/Src/stm32f4xx_hal_flash_ramfunc.c.obj
LOAD CMakeFiles/Car.elf.dir/Drivers/STM32F4xx_HAL_Driver/Src/stm32f4xx_hal_gpio.c.obj
LOAD CMakeFiles/Car.elf.dir/Drivers/STM32F4xx_HAL_Driver/Src/stm32f4xx_hal_pwr.c.obj
LOAD CMakeFiles/Car.elf.dir/Drivers/STM32F4xx_HAL_Driver/Src/stm32f4xx_hal_pwr_ex.c.obj
LOAD CMakeFiles/Car.elf.dir/Drivers/STM32F4xx_HAL_Driver/Src/stm32f4xx_hal_rcc.c.obj
LOAD CMakeFiles/Car.elf.dir/Drivers/STM32F4xx_HAL_Driver/Src/stm32f4xx_hal_rcc_ex.c.obj
LOAD CMakeFiles/Car.elf.dir/Drivers/STM32F4xx_HAL_Driver/Src/stm32f4xx_hal_tim.c.obj
LOAD CMakeFiles/Car.elf.dir/Drivers/STM32F4xx_HAL_Driver/Src/stm32f4xx_hal_tim_ex.c.obj
LOAD CMakeFiles/Car.elf.dir/Drivers/STM32F4xx_HAL_Driver/Src/stm32f4xx_hal_uart.c.obj
LOAD CMakeFiles/Car.elf.dir/Task/Control.c.obj
LOAD CMakeFiles/Car.elf.dir/Task/Control_Logic.c.obj
LOAD CMakeFiles/Car.elf.dir/Task/Motor.c.obj
LOAD CMakeFiles/Car.elf.dir/Task/Move.c.obj
LOAD CMakeFiles/Car.elf.dir/Task/Servo.c.obj
START GROUP
LOAD /usr/local/arm/10.3/bin/../lib/gcc/arm-none-eabi/10.3.1/thumb/v7e-m/nofp/libgcc.a
LOAD /usr/local/arm/10.3/bin/../lib/gcc/arm-none-eabi/10.3.1/../../../../arm-none-eabi/lib/thumb/v7e-m/nofp/libg.a
LOAD /usr/local/arm/10.3/bin/../lib/gcc/arm-none-eabi/10.3.1/../../../../arm-none-eabi/lib/thumb/v7e-m/nofp/libc.a
END GROUP
LOAD /usr/local/arm/10.3/bin/../lib/gcc/arm-none-eabi/10.3.1/thumb/v7e-m/nofp/crtend.o
LOAD /usr/local/arm/10.3/bin/../lib/gcc/arm-none-eabi/10.3.1/thumb/v7e-m/nofp/crtn.o
                0x0000000020020000                _estack = (ORIGIN (RAM) + LENGTH (RAM))
                0x0000000000000200                _Min_Heap_Size = 0x200
                0x0000000000000400                _Min_Stack_Size = 0x400

.isr_vector     0x0000000008000000      0x188
                0x0000000008000000                . = ALIGN (0x4)
 *(.isr_vector)
 .isr_vector    0x0000000008000000      0x188 CMakeFiles/Car.elf.dir/Core/Startup/startup_stm32f407zetx.s.obj
                0x0000000008000000                g_pfnVectors
                0x0000000008000188                . = ALIGN (0x4)

.text           0x00000000080001c0     0xc154
                0x00000000080001c0                . = ALIGN (0x4)
 *(.text)
 .text          0x00000000080001c0      0x378 /usr/local/arm/10.3/bin/../lib/gcc/arm-none-eabi/10.3.1/thumb/v7e-m/nofp/libgcc.a(_arm_addsubdf3.o)
                0x00000000080001c0                __aeabi_drsub
                0x00000000080001c8                __aeabi_dsub
                0x00000000080001c8                __subdf3
                0x00000000080001cc                __adddf3
                0x00000000080001cc                __aeabi_dadd
                0x0000000008000444                __aeabi_ui2d
                0x0000000008000444                __floatunsidf
                0x0000000008000464                __floatsidf
                0x0000000008000464                __aeabi_i2d
                0x0000000008000488                __extendsfdf2
                0x0000000008000488                __aeabi_f2d
                0x00000000080004cc                __aeabi_ul2d
                0x00000000080004cc                __floatundidf
                0x00000000080004dc                __floatdidf
                0x00000000080004dc                __aeabi_l2d
 .text          0x0000000008000538      0x424 /usr/local/arm/10.3/bin/../lib/gcc/arm-none-eabi/10.3.1/thumb/v7e-m/nofp/libgcc.a(_arm_muldivdf3.o)
                0x0000000008000538                __aeabi_dmul
                0x0000000008000538                __muldf3
                0x000000000800078c                __aeabi_ddiv
                0x000000000800078c                __divdf3
 .text          0x000000000800095c       0x50 /usr/local/arm/10.3/bin/../lib/gcc/arm-none-eabi/10.3.1/thumb/v7e-m/nofp/libgcc.a(_arm_fixdfsi.o)
                0x000000000800095c                __fixdfsi
                0x000000000800095c                __aeabi_d2iz
 .text          0x00000000080009ac       0xa0 /usr/local/arm/10.3/bin/../lib/gcc/arm-none-eabi/10.3.1/thumb/v7e-m/nofp/libgcc.a(_arm_truncdfsf2.o)
                0x00000000080009ac                __aeabi_d2f
                0x00000000080009ac                __truncdfsf2
 .text          0x0000000008000a4c      0x21c /usr/local/arm/10.3/bin/../lib/gcc/arm-none-eabi/10.3.1/thumb/v7e-m/nofp/libgcc.a(_arm_addsubsf3.o)
                0x0000000008000a4c                __aeabi_frsub
                0x0000000008000a54                __subsf3
                0x0000000008000a54                __aeabi_fsub
                0x0000000008000a58                __aeabi_fadd
                0x0000000008000a58                __addsf3
                0x0000000008000bb8                __aeabi_ui2f
                0x0000000008000bb8                __floatunsisf
                0x0000000008000bc0                __aeabi_i2f
                0x0000000008000bc0                __floatsisf
                0x0000000008000bdc                __floatundisf
                0x0000000008000bdc                __aeabi_ul2f
                0x0000000008000bec                __floatdisf
                0x0000000008000bec                __aeabi_l2f
 .text          0x0000000008000c68      0x2a0 /usr/local/arm/10.3/bin/../lib/gcc/arm-none-eabi/10.3.1/thumb/v7e-m/nofp/libgcc.a(_arm_muldivsf3.o)
                0x0000000008000c68                __mulsf3
                0x0000000008000c68                __aeabi_fmul
                0x0000000008000dd0                __divsf3
                0x0000000008000dd0                __aeabi_fdiv
 .text          0x0000000008000f08       0xec /usr/local/arm/10.3/bin/../lib/gcc/arm-none-eabi/10.3.1/thumb/v7e-m/nofp/libgcc.a(_arm_cmpsf2.o)
                0x0000000008000f08                __gtsf2
                0x0000000008000f08                __gesf2
                0x0000000008000f10                __lesf2
                0x0000000008000f10                __ltsf2
                0x0000000008000f18                __nesf2
                0x0000000008000f18                __eqsf2
                0x0000000008000f18                __cmpsf2
                0x0000000008000f78                __aeabi_cfrcmple
                0x0000000008000f80                __aeabi_cfcmple
                0x0000000008000f80                __aeabi_cfcmpeq
                0x0000000008000f90                __aeabi_fcmpeq
                0x0000000008000fa4                __aeabi_fcmplt
                0x0000000008000fb8                __aeabi_fcmple
                0x0000000008000fcc                __aeabi_fcmpge
                0x0000000008000fe0                __aeabi_fcmpgt
 .text          0x0000000008000ff4       0x4c /usr/local/arm/10.3/bin/../lib/gcc/arm-none-eabi/10.3.1/thumb/v7e-m/nofp/libgcc.a(_arm_fixsfsi.o)
                0x0000000008000ff4                __fixsfsi
                0x0000000008000ff4                __aeabi_f2iz
 .text          0x0000000008001040       0x40 /usr/local/arm/10.3/bin/../lib/gcc/arm-none-eabi/10.3.1/thumb/v7e-m/nofp/libgcc.a(_arm_fixunssfsi.o)
                0x0000000008001040                __aeabi_f2uiz
                0x0000000008001040                __fixunssfsi
 .text          0x0000000008001080       0x30 /usr/local/arm/10.3/bin/../lib/gcc/arm-none-eabi/10.3.1/thumb/v7e-m/nofp/libgcc.a(_aeabi_uldivmod.o)
                0x0000000008001080                __aeabi_uldivmod
 .text          0x00000000080010b0      0x2d0 /usr/local/arm/10.3/bin/../lib/gcc/arm-none-eabi/10.3.1/thumb/v7e-m/nofp/libgcc.a(_udivmoddi4.o)
                0x00000000080010b0                __udivmoddi4
 .text          0x0000000008001380        0x4 /usr/local/arm/10.3/bin/../lib/gcc/arm-none-eabi/10.3.1/thumb/v7e-m/nofp/libgcc.a(_dvmd_tls.o)
                0x0000000008001380                __aeabi_ldiv0
                0x0000000008001380                __aeabi_idiv0
 *fill*         0x0000000008001384       0x3c 
 .text          0x00000000080013c0       0xdc /usr/local/arm/10.3/bin/../lib/gcc/arm-none-eabi/10.3.1/../../../../arm-none-eabi/lib/thumb/v7e-m/nofp/libg.a(lib_a-strlen.o)
                0x00000000080013c0                strlen
 *fill*         0x000000000800149c        0x4 
 .text          0x00000000080014a0       0xa0 /usr/local/arm/10.3/bin/../lib/gcc/arm-none-eabi/10.3.1/../../../../arm-none-eabi/lib/thumb/v7e-m/nofp/libg.a(lib_a-memchr.o)
                0x00000000080014a0                memchr
 .text          0x0000000008001540      0x134 /usr/local/arm/10.3/bin/../lib/gcc/arm-none-eabi/10.3.1/../../../../arm-none-eabi/lib/thumb/v7e-m/nofp/libg.a(lib_a-memcpy.o)
                0x0000000008001540                memcpy
 .text          0x0000000008001674      0x110 /usr/local/arm/10.3/bin/../lib/gcc/arm-none-eabi/10.3.1/thumb/v7e-m/nofp/libgcc.a(_arm_cmpdf2.o)
                0x0000000008001674                __gtdf2
                0x0000000008001674                __gedf2
                0x000000000800167c                __ltdf2
                0x000000000800167c                __ledf2
                0x0000000008001684                __cmpdf2
                0x0000000008001684                __eqdf2
                0x0000000008001684                __nedf2
                0x0000000008001700                __aeabi_cdrcmple
                0x0000000008001710                __aeabi_cdcmple
                0x0000000008001710                __aeabi_cdcmpeq
                0x0000000008001720                __aeabi_dcmpeq
                0x0000000008001734                __aeabi_dcmplt
                0x0000000008001748                __aeabi_dcmple
                0x000000000800175c                __aeabi_dcmpge
                0x0000000008001770                __aeabi_dcmpgt
 .text          0x0000000008001784       0x2c /usr/local/arm/10.3/bin/../lib/gcc/arm-none-eabi/10.3.1/thumb/v7e-m/nofp/libgcc.a(_arm_unorddf2.o)
                0x0000000008001784                __aeabi_dcmpun
                0x0000000008001784                __unorddf2
 *(.text*)
 .text.Bsp_Init
                0x00000000080017b0       0x24 CMakeFiles/Car.elf.dir/Bsp/Bsp.c.obj
                0x00000000080017b0                Bsp_Init
 .text.Delay_Init
                0x00000000080017d4       0x18 CMakeFiles/Car.elf.dir/Bsp/My_Delay.c.obj
                0x00000000080017d4                Delay_Init
 .text.Delay_us
                0x00000000080017ec       0x40 CMakeFiles/Car.elf.dir/Bsp/My_Delay.c.obj
                0x00000000080017ec                Delay_us
 .text.Delay_ms
                0x000000000800182c       0x3c CMakeFiles/Car.elf.dir/Bsp/My_Delay.c.obj
                0x000000000800182c                Delay_ms
 .text.JY901S_USART_Init
                0x0000000008001868       0x1e CMakeFiles/Car.elf.dir/Bsp/Uart_Bsp.c.obj
                0x0000000008001868                JY901S_USART_Init
 *fill*         0x0000000008001886        0x2 
 .text.JY901S_Init
                0x0000000008001888       0x28 CMakeFiles/Car.elf.dir/Bsp/Uart_Bsp.c.obj
                0x0000000008001888                JY901S_Init
 .text.JY901_Process
                0x00000000080018b0      0x12c CMakeFiles/Car.elf.dir/Bsp/Uart_Bsp.c.obj
                0x00000000080018b0                JY901_Process
 .text.IMU_Proc
                0x00000000080019dc      0x104 CMakeFiles/Car.elf.dir/Bsp/Uart_Bsp.c.obj
                0x00000000080019dc                IMU_Proc
 .text.RetargetInit
                0x0000000008001ae0       0x20 CMakeFiles/Car.elf.dir/Bsp/retarget.c.obj
                0x0000000008001ae0                RetargetInit
 .text._isatty  0x0000000008001b00       0x16 CMakeFiles/Car.elf.dir/Bsp/retarget.c.obj
                0x0000000008001b00                _isatty
 *fill*         0x0000000008001b16        0x2 
 .text._write   0x0000000008001b18       0x34 CMakeFiles/Car.elf.dir/Bsp/retarget.c.obj
                0x0000000008001b18                _write
 .text._close   0x0000000008001b4c       0x18 CMakeFiles/Car.elf.dir/Bsp/retarget.c.obj
                0x0000000008001b4c                _close
 .text._lseek   0x0000000008001b64       0x10 CMakeFiles/Car.elf.dir/Bsp/retarget.c.obj
                0x0000000008001b64                _lseek
 .text._read    0x0000000008001b74       0x30 CMakeFiles/Car.elf.dir/Bsp/retarget.c.obj
                0x0000000008001b74                _read
 .text._fstat   0x0000000008001ba4       0x1a CMakeFiles/Car.elf.dir/Bsp/retarget.c.obj
                0x0000000008001ba4                _fstat
 *fill*         0x0000000008001bbe        0x2 
 .text.MX_DMA_Init
                0x0000000008001bc0       0x34 CMakeFiles/Car.elf.dir/Core/Src/dma.c.obj
                0x0000000008001bc0                MX_DMA_Init
 .text.MX_GPIO_Init
                0x0000000008001bf4       0xbc CMakeFiles/Car.elf.dir/Core/Src/gpio.c.obj
                0x0000000008001bf4                MX_GPIO_Init
 .text.Error_Handler
                0x0000000008001cb0        0x4 CMakeFiles/Car.elf.dir/Core/Src/main.c.obj
                0x0000000008001cb0                Error_Handler
 .text.SystemClock_Config
                0x0000000008001cb4       0xac CMakeFiles/Car.elf.dir/Core/Src/main.c.obj
                0x0000000008001cb4                SystemClock_Config
 .text.main     0x0000000008001d60       0x98 CMakeFiles/Car.elf.dir/Core/Src/main.c.obj
                0x0000000008001d60                main
 .text.HAL_MspInit
                0x0000000008001df8       0x38 CMakeFiles/Car.elf.dir/Core/Src/stm32f4xx_hal_msp.c.obj
                0x0000000008001df8                HAL_MspInit
 .text.NMI_Handler
                0x0000000008001e30        0x2 CMakeFiles/Car.elf.dir/Core/Src/stm32f4xx_it.c.obj
                0x0000000008001e30                NMI_Handler
 .text.HardFault_Handler
                0x0000000008001e32        0x2 CMakeFiles/Car.elf.dir/Core/Src/stm32f4xx_it.c.obj
                0x0000000008001e32                HardFault_Handler
 .text.MemManage_Handler
                0x0000000008001e34        0x2 CMakeFiles/Car.elf.dir/Core/Src/stm32f4xx_it.c.obj
                0x0000000008001e34                MemManage_Handler
 .text.BusFault_Handler
                0x0000000008001e36        0x2 CMakeFiles/Car.elf.dir/Core/Src/stm32f4xx_it.c.obj
                0x0000000008001e36                BusFault_Handler
 .text.UsageFault_Handler
                0x0000000008001e38        0x2 CMakeFiles/Car.elf.dir/Core/Src/stm32f4xx_it.c.obj
                0x0000000008001e38                UsageFault_Handler
 .text.SVC_Handler
                0x0000000008001e3a        0x2 CMakeFiles/Car.elf.dir/Core/Src/stm32f4xx_it.c.obj
                0x0000000008001e3a                SVC_Handler
 .text.DebugMon_Handler
                0x0000000008001e3c        0x2 CMakeFiles/Car.elf.dir/Core/Src/stm32f4xx_it.c.obj
                0x0000000008001e3c                DebugMon_Handler
 .text.PendSV_Handler
                0x0000000008001e3e        0x2 CMakeFiles/Car.elf.dir/Core/Src/stm32f4xx_it.c.obj
                0x0000000008001e3e                PendSV_Handler
 .text.SysTick_Handler
                0x0000000008001e40        0x8 CMakeFiles/Car.elf.dir/Core/Src/stm32f4xx_it.c.obj
                0x0000000008001e40                SysTick_Handler
 .text.DMA1_Stream1_IRQHandler
                0x0000000008001e48       0x10 CMakeFiles/Car.elf.dir/Core/Src/stm32f4xx_it.c.obj
                0x0000000008001e48                DMA1_Stream1_IRQHandler
 .text.USART1_IRQHandler
                0x0000000008001e58       0x10 CMakeFiles/Car.elf.dir/Core/Src/stm32f4xx_it.c.obj
                0x0000000008001e58                USART1_IRQHandler
 .text.USART3_IRQHandler
                0x0000000008001e68       0x70 CMakeFiles/Car.elf.dir/Core/Src/stm32f4xx_it.c.obj
                0x0000000008001e68                USART3_IRQHandler
 .text.TIM6_DAC_IRQHandler
                0x0000000008001ed8       0x10 CMakeFiles/Car.elf.dir/Core/Src/stm32f4xx_it.c.obj
                0x0000000008001ed8                TIM6_DAC_IRQHandler
 .text.HAL_UART_RxCpltCallback
                0x0000000008001ee8       0x2c CMakeFiles/Car.elf.dir/Core/Src/stm32f4xx_it.c.obj
                0x0000000008001ee8                HAL_UART_RxCpltCallback
 .text._getpid  0x0000000008001f14        0x4 CMakeFiles/Car.elf.dir/Core/Src/syscalls.c.obj
                0x0000000008001f14                _getpid
 .text._kill    0x0000000008001f18       0x10 CMakeFiles/Car.elf.dir/Core/Src/syscalls.c.obj
                0x0000000008001f18                _kill
 .text._exit    0x0000000008001f28        0xc CMakeFiles/Car.elf.dir/Core/Src/syscalls.c.obj
                0x0000000008001f28                _exit
 .text._sbrk    0x0000000008001f34       0x48 CMakeFiles/Car.elf.dir/Core/Src/sysmem.c.obj
                0x0000000008001f34                _sbrk
 .text.SystemInit
                0x0000000008001f7c        0x2 CMakeFiles/Car.elf.dir/Core/Src/system_stm32f4xx.c.obj
                0x0000000008001f7c                SystemInit
 *fill*         0x0000000008001f7e        0x2 
 .text.MX_TIM6_Init
                0x0000000008001f80       0x50 CMakeFiles/Car.elf.dir/Core/Src/tim.c.obj
                0x0000000008001f80                MX_TIM6_Init
 .text.MX_TIM7_Init
                0x0000000008001fd0       0x50 CMakeFiles/Car.elf.dir/Core/Src/tim.c.obj
                0x0000000008001fd0                MX_TIM7_Init
 .text.HAL_TIM_Base_MspInit
                0x0000000008002020       0x8c CMakeFiles/Car.elf.dir/Core/Src/tim.c.obj
                0x0000000008002020                HAL_TIM_Base_MspInit
 .text.HAL_TIM_MspPostInit
                0x00000000080020ac       0x80 CMakeFiles/Car.elf.dir/Core/Src/tim.c.obj
                0x00000000080020ac                HAL_TIM_MspPostInit
 .text.MX_TIM3_Init
                0x000000000800212c       0xec CMakeFiles/Car.elf.dir/Core/Src/tim.c.obj
                0x000000000800212c                MX_TIM3_Init
 .text.MX_UART5_Init
                0x0000000008002218       0x34 CMakeFiles/Car.elf.dir/Core/Src/usart.c.obj
                0x0000000008002218                MX_UART5_Init
 .text.MX_USART1_UART_Init
                0x000000000800224c       0x34 CMakeFiles/Car.elf.dir/Core/Src/usart.c.obj
                0x000000000800224c                MX_USART1_UART_Init
 .text.MX_USART3_UART_Init
                0x0000000008002280       0x34 CMakeFiles/Car.elf.dir/Core/Src/usart.c.obj
                0x0000000008002280                MX_USART3_UART_Init
 .text.HAL_UART_MspInit
                0x00000000080022b4      0x1a4 CMakeFiles/Car.elf.dir/Core/Src/usart.c.obj
                0x00000000080022b4                HAL_UART_MspInit
 .text.Reset_Handler
                0x0000000008002458       0x50 CMakeFiles/Car.elf.dir/Core/Startup/startup_stm32f407zetx.s.obj
                0x0000000008002458                Reset_Handler
 .text.Default_Handler
                0x00000000080024a8        0x2 CMakeFiles/Car.elf.dir/Core/Startup/startup_stm32f407zetx.s.obj
                0x00000000080024a8                RTC_Alarm_IRQHandler
                0x00000000080024a8                HASH_RNG_IRQHandler
                0x00000000080024a8                EXTI2_IRQHandler
                0x00000000080024a8                TIM8_CC_IRQHandler
                0x00000000080024a8                TIM1_CC_IRQHandler
                0x00000000080024a8                DMA2_Stream5_IRQHandler
                0x00000000080024a8                DMA1_Stream5_IRQHandler
                0x00000000080024a8                PVD_IRQHandler
                0x00000000080024a8                SDIO_IRQHandler
                0x00000000080024a8                TAMP_STAMP_IRQHandler
                0x00000000080024a8                CAN2_RX1_IRQHandler
                0x00000000080024a8                EXTI3_IRQHandler
                0x00000000080024a8                TIM8_TRG_COM_TIM14_IRQHandler
                0x00000000080024a8                TIM1_UP_TIM10_IRQHandler
                0x00000000080024a8                TIM8_UP_TIM13_IRQHandler
                0x00000000080024a8                I2C3_ER_IRQHandler
                0x00000000080024a8                EXTI0_IRQHandler
                0x00000000080024a8                I2C2_EV_IRQHandler
                0x00000000080024a8                DMA1_Stream2_IRQHandler
                0x00000000080024a8                CAN1_RX0_IRQHandler
                0x00000000080024a8                FPU_IRQHandler
                0x00000000080024a8                OTG_HS_WKUP_IRQHandler
                0x00000000080024a8                CAN2_SCE_IRQHandler
                0x00000000080024a8                DMA2_Stream2_IRQHandler
                0x00000000080024a8                SPI1_IRQHandler
                0x00000000080024a8                TIM1_BRK_TIM9_IRQHandler
                0x00000000080024a8                DCMI_IRQHandler
                0x00000000080024a8                CAN2_RX0_IRQHandler
                0x00000000080024a8                DMA2_Stream3_IRQHandler
                0x00000000080024a8                USART6_IRQHandler
                0x00000000080024a8                CAN1_RX1_IRQHandler
                0x00000000080024a8                UART5_IRQHandler
                0x00000000080024a8                DMA2_Stream0_IRQHandler
                0x00000000080024a8                TIM4_IRQHandler
                0x00000000080024a8                I2C1_EV_IRQHandler
                0x00000000080024a8                DMA1_Stream6_IRQHandler
                0x00000000080024a8                UART4_IRQHandler
                0x00000000080024a8                TIM3_IRQHandler
                0x00000000080024a8                RCC_IRQHandler
                0x00000000080024a8                TIM8_BRK_TIM12_IRQHandler
                0x00000000080024a8                Default_Handler
                0x00000000080024a8                EXTI15_10_IRQHandler
                0x00000000080024a8                ADC_IRQHandler
                0x00000000080024a8                DMA1_Stream7_IRQHandler
                0x00000000080024a8                TIM7_IRQHandler
                0x00000000080024a8                CAN2_TX_IRQHandler
                0x00000000080024a8                TIM5_IRQHandler
                0x00000000080024a8                DMA2_Stream7_IRQHandler
                0x00000000080024a8                I2C3_EV_IRQHandler
                0x00000000080024a8                EXTI9_5_IRQHandler
                0x00000000080024a8                RTC_WKUP_IRQHandler
                0x00000000080024a8                ETH_WKUP_IRQHandler
                0x00000000080024a8                SPI2_IRQHandler
                0x00000000080024a8                OTG_HS_EP1_IN_IRQHandler
                0x00000000080024a8                DMA1_Stream0_IRQHandler
                0x00000000080024a8                CAN1_TX_IRQHandler
                0x00000000080024a8                EXTI4_IRQHandler
                0x00000000080024a8                FSMC_IRQHandler
                0x00000000080024a8                ETH_IRQHandler
                0x00000000080024a8                OTG_HS_EP1_OUT_IRQHandler
                0x00000000080024a8                WWDG_IRQHandler
                0x00000000080024a8                TIM2_IRQHandler
                0x00000000080024a8                OTG_FS_WKUP_IRQHandler
                0x00000000080024a8                TIM1_TRG_COM_TIM11_IRQHandler
                0x00000000080024a8                OTG_HS_IRQHandler
                0x00000000080024a8                EXTI1_IRQHandler
                0x00000000080024a8                USART2_IRQHandler
                0x00000000080024a8                I2C2_ER_IRQHandler
                0x00000000080024a8                DMA2_Stream1_IRQHandler
                0x00000000080024a8                CAN1_SCE_IRQHandler
                0x00000000080024a8                FLASH_IRQHandler
                0x00000000080024a8                DMA2_Stream4_IRQHandler
                0x00000000080024a8                OTG_FS_IRQHandler
                0x00000000080024a8                SPI3_IRQHandler
                0x00000000080024a8                DMA1_Stream4_IRQHandler
                0x00000000080024a8                I2C1_ER_IRQHandler
                0x00000000080024a8                DMA2_Stream6_IRQHandler
                0x00000000080024a8                DMA1_Stream3_IRQHandler
 *fill*         0x00000000080024aa        0x2 
 .text.HAL_InitTick
                0x00000000080024ac       0x4c CMakeFiles/Car.elf.dir/Drivers/STM32F4xx_HAL_Driver/Src/stm32f4xx_hal.c.obj
                0x00000000080024ac                HAL_InitTick
 .text.HAL_Init
                0x00000000080024f8       0x34 CMakeFiles/Car.elf.dir/Drivers/STM32F4xx_HAL_Driver/Src/stm32f4xx_hal.c.obj
                0x00000000080024f8                HAL_Init
 .text.HAL_IncTick
                0x000000000800252c       0x18 CMakeFiles/Car.elf.dir/Drivers/STM32F4xx_HAL_Driver/Src/stm32f4xx_hal.c.obj
                0x000000000800252c                HAL_IncTick
 .text.HAL_GetTick
                0x0000000008002544        0xc CMakeFiles/Car.elf.dir/Drivers/STM32F4xx_HAL_Driver/Src/stm32f4xx_hal.c.obj
                0x0000000008002544                HAL_GetTick
 .text.HAL_NVIC_SetPriorityGrouping
                0x0000000008002550       0x24 CMakeFiles/Car.elf.dir/Drivers/STM32F4xx_HAL_Driver/Src/stm32f4xx_hal_cortex.c.obj
                0x0000000008002550                HAL_NVIC_SetPriorityGrouping
 .text.HAL_NVIC_SetPriority
                0x0000000008002574       0x70 CMakeFiles/Car.elf.dir/Drivers/STM32F4xx_HAL_Driver/Src/stm32f4xx_hal_cortex.c.obj
                0x0000000008002574                HAL_NVIC_SetPriority
 .text.HAL_NVIC_EnableIRQ
                0x00000000080025e4       0x1c CMakeFiles/Car.elf.dir/Drivers/STM32F4xx_HAL_Driver/Src/stm32f4xx_hal_cortex.c.obj
                0x00000000080025e4                HAL_NVIC_EnableIRQ
 .text.HAL_SYSTICK_Config
                0x0000000008002600       0x28 CMakeFiles/Car.elf.dir/Drivers/STM32F4xx_HAL_Driver/Src/stm32f4xx_hal_cortex.c.obj
                0x0000000008002600                HAL_SYSTICK_Config
 .text.HAL_SYSTICK_CLKSourceConfig
                0x0000000008002628       0x20 CMakeFiles/Car.elf.dir/Drivers/STM32F4xx_HAL_Driver/Src/stm32f4xx_hal_cortex.c.obj
                0x0000000008002628                HAL_SYSTICK_CLKSourceConfig
 .text.DMA_SetConfig
                0x0000000008002648       0x2c CMakeFiles/Car.elf.dir/Drivers/STM32F4xx_HAL_Driver/Src/stm32f4xx_hal_dma.c.obj
 .text.DMA_CalcBaseAndBitshift
                0x0000000008002674       0x40 CMakeFiles/Car.elf.dir/Drivers/STM32F4xx_HAL_Driver/Src/stm32f4xx_hal_dma.c.obj
 .text.DMA_CheckFifoParam
                0x00000000080026b4       0x8e CMakeFiles/Car.elf.dir/Drivers/STM32F4xx_HAL_Driver/Src/stm32f4xx_hal_dma.c.obj
 *fill*         0x0000000008002742        0x2 
 .text.HAL_DMA_Init
                0x0000000008002744       0xcc CMakeFiles/Car.elf.dir/Drivers/STM32F4xx_HAL_Driver/Src/stm32f4xx_hal_dma.c.obj
                0x0000000008002744                HAL_DMA_Init
 .text.HAL_DMA_Start_IT
                0x0000000008002810       0x6a CMakeFiles/Car.elf.dir/Drivers/STM32F4xx_HAL_Driver/Src/stm32f4xx_hal_dma.c.obj
                0x0000000008002810                HAL_DMA_Start_IT
 .text.HAL_DMA_Abort
                0x000000000800287a       0x94 CMakeFiles/Car.elf.dir/Drivers/STM32F4xx_HAL_Driver/Src/stm32f4xx_hal_dma.c.obj
                0x000000000800287a                HAL_DMA_Abort
 .text.HAL_DMA_Abort_IT
                0x000000000800290e       0x26 CMakeFiles/Car.elf.dir/Drivers/STM32F4xx_HAL_Driver/Src/stm32f4xx_hal_dma.c.obj
                0x000000000800290e                HAL_DMA_Abort_IT
 .text.HAL_DMA_IRQHandler
                0x0000000008002934      0x1dc CMakeFiles/Car.elf.dir/Drivers/STM32F4xx_HAL_Driver/Src/stm32f4xx_hal_dma.c.obj
                0x0000000008002934                HAL_DMA_IRQHandler
 .text.HAL_GPIO_Init
                0x0000000008002b10      0x1e4 CMakeFiles/Car.elf.dir/Drivers/STM32F4xx_HAL_Driver/Src/stm32f4xx_hal_gpio.c.obj
                0x0000000008002b10                HAL_GPIO_Init
 .text.HAL_GPIO_WritePin
                0x0000000008002cf4        0xc CMakeFiles/Car.elf.dir/Drivers/STM32F4xx_HAL_Driver/Src/stm32f4xx_hal_gpio.c.obj
                0x0000000008002cf4                HAL_GPIO_WritePin
 .text.HAL_GPIO_TogglePin
                0x0000000008002d00       0x12 CMakeFiles/Car.elf.dir/Drivers/STM32F4xx_HAL_Driver/Src/stm32f4xx_hal_gpio.c.obj
                0x0000000008002d00                HAL_GPIO_TogglePin
 *fill*         0x0000000008002d12        0x2 
 .text.HAL_RCC_OscConfig
                0x0000000008002d14      0x3f8 CMakeFiles/Car.elf.dir/Drivers/STM32F4xx_HAL_Driver/Src/stm32f4xx_hal_rcc.c.obj
                0x0000000008002d14                HAL_RCC_OscConfig
 .text.HAL_RCC_GetSysClockFreq
                0x000000000800310c       0xd4 CMakeFiles/Car.elf.dir/Drivers/STM32F4xx_HAL_Driver/Src/stm32f4xx_hal_rcc.c.obj
                0x000000000800310c                HAL_RCC_GetSysClockFreq
 .text.HAL_RCC_ClockConfig
                0x00000000080031e0      0x160 CMakeFiles/Car.elf.dir/Drivers/STM32F4xx_HAL_Driver/Src/stm32f4xx_hal_rcc.c.obj
                0x00000000080031e0                HAL_RCC_ClockConfig
 .text.HAL_RCC_GetHCLKFreq
                0x0000000008003340        0xc CMakeFiles/Car.elf.dir/Drivers/STM32F4xx_HAL_Driver/Src/stm32f4xx_hal_rcc.c.obj
                0x0000000008003340                HAL_RCC_GetHCLKFreq
 .text.HAL_RCC_GetPCLK1Freq
                0x000000000800334c       0x20 CMakeFiles/Car.elf.dir/Drivers/STM32F4xx_HAL_Driver/Src/stm32f4xx_hal_rcc.c.obj
                0x000000000800334c                HAL_RCC_GetPCLK1Freq
 .text.HAL_RCC_GetPCLK2Freq
                0x000000000800336c       0x20 CMakeFiles/Car.elf.dir/Drivers/STM32F4xx_HAL_Driver/Src/stm32f4xx_hal_rcc.c.obj
                0x000000000800336c                HAL_RCC_GetPCLK2Freq
 .text.TIM_OC1_SetConfig
                0x000000000800338c       0x68 CMakeFiles/Car.elf.dir/Drivers/STM32F4xx_HAL_Driver/Src/stm32f4xx_hal_tim.c.obj
 .text.TIM_OC3_SetConfig
                0x00000000080033f4       0x70 CMakeFiles/Car.elf.dir/Drivers/STM32F4xx_HAL_Driver/Src/stm32f4xx_hal_tim.c.obj
 .text.TIM_OC4_SetConfig
                0x0000000008003464       0x50 CMakeFiles/Car.elf.dir/Drivers/STM32F4xx_HAL_Driver/Src/stm32f4xx_hal_tim.c.obj
 .text.TIM_TI1_ConfigInputStage
                0x00000000080034b4       0x24 CMakeFiles/Car.elf.dir/Drivers/STM32F4xx_HAL_Driver/Src/stm32f4xx_hal_tim.c.obj
 .text.TIM_TI2_ConfigInputStage
                0x00000000080034d8       0x26 CMakeFiles/Car.elf.dir/Drivers/STM32F4xx_HAL_Driver/Src/stm32f4xx_hal_tim.c.obj
 .text.TIM_ITRx_SetConfig
                0x00000000080034fe       0x10 CMakeFiles/Car.elf.dir/Drivers/STM32F4xx_HAL_Driver/Src/stm32f4xx_hal_tim.c.obj
 *fill*         0x000000000800350e        0x2 
 .text.HAL_TIM_Base_Start_IT
                0x0000000008003510       0x88 CMakeFiles/Car.elf.dir/Drivers/STM32F4xx_HAL_Driver/Src/stm32f4xx_hal_tim.c.obj
                0x0000000008003510                HAL_TIM_Base_Start_IT
 .text.HAL_TIM_PWM_MspInit
                0x0000000008003598        0x2 CMakeFiles/Car.elf.dir/Drivers/STM32F4xx_HAL_Driver/Src/stm32f4xx_hal_tim.c.obj
                0x0000000008003598                HAL_TIM_PWM_MspInit
 .text.HAL_TIM_OC_DelayElapsedCallback
                0x000000000800359a        0x2 CMakeFiles/Car.elf.dir/Drivers/STM32F4xx_HAL_Driver/Src/stm32f4xx_hal_tim.c.obj
                0x000000000800359a                HAL_TIM_OC_DelayElapsedCallback
 .text.HAL_TIM_IC_CaptureCallback
                0x000000000800359c        0x2 CMakeFiles/Car.elf.dir/Drivers/STM32F4xx_HAL_Driver/Src/stm32f4xx_hal_tim.c.obj
                0x000000000800359c                HAL_TIM_IC_CaptureCallback
 .text.HAL_TIM_PWM_PulseFinishedCallback
                0x000000000800359e        0x2 CMakeFiles/Car.elf.dir/Drivers/STM32F4xx_HAL_Driver/Src/stm32f4xx_hal_tim.c.obj
                0x000000000800359e                HAL_TIM_PWM_PulseFinishedCallback
 .text.HAL_TIM_TriggerCallback
                0x00000000080035a0        0x2 CMakeFiles/Car.elf.dir/Drivers/STM32F4xx_HAL_Driver/Src/stm32f4xx_hal_tim.c.obj
                0x00000000080035a0                HAL_TIM_TriggerCallback
 .text.HAL_TIM_IRQHandler
                0x00000000080035a2      0x15e CMakeFiles/Car.elf.dir/Drivers/STM32F4xx_HAL_Driver/Src/stm32f4xx_hal_tim.c.obj
                0x00000000080035a2                HAL_TIM_IRQHandler
 .text.TIM_Base_SetConfig
                0x0000000008003700       0xd8 CMakeFiles/Car.elf.dir/Drivers/STM32F4xx_HAL_Driver/Src/stm32f4xx_hal_tim.c.obj
                0x0000000008003700                TIM_Base_SetConfig
 .text.HAL_TIM_Base_Init
                0x00000000080037d8       0x58 CMakeFiles/Car.elf.dir/Drivers/STM32F4xx_HAL_Driver/Src/stm32f4xx_hal_tim.c.obj
                0x00000000080037d8                HAL_TIM_Base_Init
 .text.HAL_TIM_PWM_Init
                0x0000000008003830       0x58 CMakeFiles/Car.elf.dir/Drivers/STM32F4xx_HAL_Driver/Src/stm32f4xx_hal_tim.c.obj
                0x0000000008003830                HAL_TIM_PWM_Init
 .text.TIM_OC2_SetConfig
                0x0000000008003888       0x70 CMakeFiles/Car.elf.dir/Drivers/STM32F4xx_HAL_Driver/Src/stm32f4xx_hal_tim.c.obj
                0x0000000008003888                TIM_OC2_SetConfig
 .text.HAL_TIM_PWM_ConfigChannel
                0x00000000080038f8       0xdc CMakeFiles/Car.elf.dir/Drivers/STM32F4xx_HAL_Driver/Src/stm32f4xx_hal_tim.c.obj
                0x00000000080038f8                HAL_TIM_PWM_ConfigChannel
 .text.TIM_ETR_SetConfig
                0x00000000080039d4       0x18 CMakeFiles/Car.elf.dir/Drivers/STM32F4xx_HAL_Driver/Src/stm32f4xx_hal_tim.c.obj
                0x00000000080039d4                TIM_ETR_SetConfig
 .text.HAL_TIM_ConfigClockSource
                0x00000000080039ec       0xfe CMakeFiles/Car.elf.dir/Drivers/STM32F4xx_HAL_Driver/Src/stm32f4xx_hal_tim.c.obj
                0x00000000080039ec                HAL_TIM_ConfigClockSource
 *fill*         0x0000000008003aea        0x2 
 .text.HAL_TIMEx_MasterConfigSynchronization
                0x0000000008003aec       0x8c CMakeFiles/Car.elf.dir/Drivers/STM32F4xx_HAL_Driver/Src/stm32f4xx_hal_tim_ex.c.obj
                0x0000000008003aec                HAL_TIMEx_MasterConfigSynchronization
 .text.HAL_TIMEx_CommutCallback
                0x0000000008003b78        0x2 CMakeFiles/Car.elf.dir/Drivers/STM32F4xx_HAL_Driver/Src/stm32f4xx_hal_tim_ex.c.obj
                0x0000000008003b78                HAL_TIMEx_CommutCallback
 .text.HAL_TIMEx_BreakCallback
                0x0000000008003b7a        0x2 CMakeFiles/Car.elf.dir/Drivers/STM32F4xx_HAL_Driver/Src/stm32f4xx_hal_tim_ex.c.obj
                0x0000000008003b7a                HAL_TIMEx_BreakCallback
 .text.UART_EndTxTransfer
                0x0000000008003b7c       0x20 CMakeFiles/Car.elf.dir/Drivers/STM32F4xx_HAL_Driver/Src/stm32f4xx_hal_uart.c.obj
 .text.UART_EndRxTransfer
                0x0000000008003b9c       0x5c CMakeFiles/Car.elf.dir/Drivers/STM32F4xx_HAL_Driver/Src/stm32f4xx_hal_uart.c.obj
 .text.UART_Transmit_IT
                0x0000000008003bf8       0x60 CMakeFiles/Car.elf.dir/Drivers/STM32F4xx_HAL_Driver/Src/stm32f4xx_hal_uart.c.obj
 .text.UART_SetConfig
                0x0000000008003c58      0x110 CMakeFiles/Car.elf.dir/Drivers/STM32F4xx_HAL_Driver/Src/stm32f4xx_hal_uart.c.obj
 .text.UART_WaitOnFlagUntilTimeout
                0x0000000008003d68       0x8a CMakeFiles/Car.elf.dir/Drivers/STM32F4xx_HAL_Driver/Src/stm32f4xx_hal_uart.c.obj
 .text.HAL_UART_Init
                0x0000000008003df2       0x60 CMakeFiles/Car.elf.dir/Drivers/STM32F4xx_HAL_Driver/Src/stm32f4xx_hal_uart.c.obj
                0x0000000008003df2                HAL_UART_Init
 .text.HAL_UART_Transmit
                0x0000000008003e52       0xcc CMakeFiles/Car.elf.dir/Drivers/STM32F4xx_HAL_Driver/Src/stm32f4xx_hal_uart.c.obj
                0x0000000008003e52                HAL_UART_Transmit
 .text.HAL_UART_Receive
                0x0000000008003f1e       0xd2 CMakeFiles/Car.elf.dir/Drivers/STM32F4xx_HAL_Driver/Src/stm32f4xx_hal_uart.c.obj
                0x0000000008003f1e                HAL_UART_Receive
 .text.HAL_UART_DMAStop
                0x0000000008003ff0       0x84 CMakeFiles/Car.elf.dir/Drivers/STM32F4xx_HAL_Driver/Src/stm32f4xx_hal_uart.c.obj
                0x0000000008003ff0                HAL_UART_DMAStop
 .text.HAL_UART_TxCpltCallback
                0x0000000008004074        0x2 CMakeFiles/Car.elf.dir/Drivers/STM32F4xx_HAL_Driver/Src/stm32f4xx_hal_uart.c.obj
                0x0000000008004074                HAL_UART_TxCpltCallback
 .text.UART_EndTransmit_IT
                0x0000000008004076       0x1a CMakeFiles/Car.elf.dir/Drivers/STM32F4xx_HAL_Driver/Src/stm32f4xx_hal_uart.c.obj
 .text.HAL_UART_RxHalfCpltCallback
                0x0000000008004090        0x2 CMakeFiles/Car.elf.dir/Drivers/STM32F4xx_HAL_Driver/Src/stm32f4xx_hal_uart.c.obj
                0x0000000008004090                HAL_UART_RxHalfCpltCallback
 .text.HAL_UART_ErrorCallback
                0x0000000008004092        0x2 CMakeFiles/Car.elf.dir/Drivers/STM32F4xx_HAL_Driver/Src/stm32f4xx_hal_uart.c.obj
                0x0000000008004092                HAL_UART_ErrorCallback
 .text.UART_DMAError
                0x0000000008004094       0x58 CMakeFiles/Car.elf.dir/Drivers/STM32F4xx_HAL_Driver/Src/stm32f4xx_hal_uart.c.obj
 .text.UART_DMAAbortOnError
                0x00000000080040ec       0x10 CMakeFiles/Car.elf.dir/Drivers/STM32F4xx_HAL_Driver/Src/stm32f4xx_hal_uart.c.obj
 .text.HAL_UARTEx_RxEventCallback
                0x00000000080040fc        0x2 CMakeFiles/Car.elf.dir/Drivers/STM32F4xx_HAL_Driver/Src/stm32f4xx_hal_uart.c.obj
                0x00000000080040fc                HAL_UARTEx_RxEventCallback
 .text.UART_Receive_IT
                0x00000000080040fe       0xe6 CMakeFiles/Car.elf.dir/Drivers/STM32F4xx_HAL_Driver/Src/stm32f4xx_hal_uart.c.obj
 .text.HAL_UART_IRQHandler
                0x00000000080041e4      0x288 CMakeFiles/Car.elf.dir/Drivers/STM32F4xx_HAL_Driver/Src/stm32f4xx_hal_uart.c.obj
                0x00000000080041e4                HAL_UART_IRQHandler
 .text.UART_DMARxHalfCplt
                0x000000000800446c       0x1e CMakeFiles/Car.elf.dir/Drivers/STM32F4xx_HAL_Driver/Src/stm32f4xx_hal_uart.c.obj
 .text.UART_DMAReceiveCplt
                0x000000000800448a       0x9a CMakeFiles/Car.elf.dir/Drivers/STM32F4xx_HAL_Driver/Src/stm32f4xx_hal_uart.c.obj
 .text.UART_Start_Receive_IT
                0x0000000008004524       0x36 CMakeFiles/Car.elf.dir/Drivers/STM32F4xx_HAL_Driver/Src/stm32f4xx_hal_uart.c.obj
                0x0000000008004524                UART_Start_Receive_IT
 .text.HAL_UART_Receive_IT
                0x000000000800455a       0x26 CMakeFiles/Car.elf.dir/Drivers/STM32F4xx_HAL_Driver/Src/stm32f4xx_hal_uart.c.obj
                0x000000000800455a                HAL_UART_Receive_IT
 .text.UART_Start_Receive_DMA
                0x0000000008004580       0xa4 CMakeFiles/Car.elf.dir/Drivers/STM32F4xx_HAL_Driver/Src/stm32f4xx_hal_uart.c.obj
                0x0000000008004580                UART_Start_Receive_DMA
 .text.HAL_UART_Receive_DMA
                0x0000000008004624       0x26 CMakeFiles/Car.elf.dir/Drivers/STM32F4xx_HAL_Driver/Src/stm32f4xx_hal_uart.c.obj
                0x0000000008004624                HAL_UART_Receive_DMA
 *fill*         0x000000000800464a        0x2 
 .text.Control_Proc
                0x000000000800464c      0x5d8 CMakeFiles/Car.elf.dir/Task/Control.c.obj
                0x000000000800464c                Control_Proc
 .text.My_ABS   0x0000000008004c24        0xa CMakeFiles/Car.elf.dir/Task/Motor.c.obj
                0x0000000008004c24                My_ABS
 *fill*         0x0000000008004c2e        0x2 
 .text.Motor_Receive_Data
                0x0000000008004c30      0x1d8 CMakeFiles/Car.elf.dir/Task/Motor.c.obj
                0x0000000008004c30                Motor_Receive_Data
 .text.Motor_Enable
                0x0000000008004e08       0x38 CMakeFiles/Car.elf.dir/Task/Motor.c.obj
                0x0000000008004e08                Motor_Enable
 .text.Motor_Reset
                0x0000000008004e40       0x58 CMakeFiles/Car.elf.dir/Task/Motor.c.obj
                0x0000000008004e40                Motor_Reset
 .text.Motor_Enable_All
                0x0000000008004e98       0x22 CMakeFiles/Car.elf.dir/Task/Motor.c.obj
                0x0000000008004e98                Motor_Enable_All
 *fill*         0x0000000008004eba        0x2 
 .text.Motor_Init
                0x0000000008004ebc       0x30 CMakeFiles/Car.elf.dir/Task/Motor.c.obj
                0x0000000008004ebc                Motor_Init
 .text.Motor_State_Scan
                0x0000000008004eec       0x2c CMakeFiles/Car.elf.dir/Task/Motor.c.obj
                0x0000000008004eec                Motor_State_Scan
 .text.Motor_Run
                0x0000000008004f18       0x30 CMakeFiles/Car.elf.dir/Task/Motor.c.obj
                0x0000000008004f18                Motor_Run
 .text.Motor_SetSpeed
                0x0000000008004f48       0x68 CMakeFiles/Car.elf.dir/Task/Motor.c.obj
                0x0000000008004f48                Motor_SetSpeed
 .text.Motor_SetPosition
                0x0000000008004fb0       0x98 CMakeFiles/Car.elf.dir/Task/Motor.c.obj
                0x0000000008004fb0                Motor_SetPosition
 .text.Motor_SetPosition_A
                0x0000000008005048       0xc4 CMakeFiles/Car.elf.dir/Task/Motor.c.obj
                0x0000000008005048                Motor_SetPosition_A
 *fill*         0x000000000800510c        0x4 
 .text.Car_Go_Target
                0x0000000008005110      0x150 CMakeFiles/Car.elf.dir/Task/Motor.c.obj
                0x0000000008005110                Car_Go_Target
 .text.Car_Turn
                0x0000000008005260      0x138 CMakeFiles/Car.elf.dir/Task/Motor.c.obj
                0x0000000008005260                Car_Turn
 .text.Car_Calibration
                0x0000000008005398      0x27c CMakeFiles/Car.elf.dir/Task/Motor.c.obj
                0x0000000008005398                Car_Calibration
 .text.HuaGui_UP
                0x0000000008005614       0x20 CMakeFiles/Car.elf.dir/Task/Motor.c.obj
                0x0000000008005614                HuaGui_UP
 .text.HuaGui_DOWN
                0x0000000008005634       0x20 CMakeFiles/Car.elf.dir/Task/Motor.c.obj
                0x0000000008005634                HuaGui_DOWN
 .text.HuaGui_DOWN2
                0x0000000008005654       0x20 CMakeFiles/Car.elf.dir/Task/Motor.c.obj
                0x0000000008005654                HuaGui_DOWN2
 .text.HuaGui_Fang
                0x0000000008005674       0x20 CMakeFiles/Car.elf.dir/Task/Motor.c.obj
                0x0000000008005674                HuaGui_Fang
 .text.HuaGui_Qu
                0x0000000008005694       0x20 CMakeFiles/Car.elf.dir/Task/Motor.c.obj
                0x0000000008005694                HuaGui_Qu
 .text.HuaGui_ZhuanPan
                0x00000000080056b4       0x20 CMakeFiles/Car.elf.dir/Task/Motor.c.obj
                0x00000000080056b4                HuaGui_ZhuanPan
 *fill*         0x00000000080056d4        0x4 
 .text.HAL_TIM_PeriodElapsedCallback
                0x00000000080056d8      0x100 CMakeFiles/Car.elf.dir/Task/Move.c.obj
                0x00000000080056d8                HAL_TIM_PeriodElapsedCallback
 .text.Get_Loads
                0x00000000080057d8      0x298 CMakeFiles/Car.elf.dir/Task/Move.c.obj
                0x00000000080057d8                Get_Loads
 .text.Put_Loads
                0x0000000008005a70      0x254 CMakeFiles/Car.elf.dir/Task/Move.c.obj
                0x0000000008005a70                Put_Loads
 .text.Servo_SetAngle
                0x0000000008005cc4       0xe8 CMakeFiles/Car.elf.dir/Task/Servo.c.obj
                0x0000000008005cc4                Servo_SetAngle
 .text.Servo_CallBack
                0x0000000008005dac       0xe8 CMakeFiles/Car.elf.dir/Task/Servo.c.obj
                0x0000000008005dac                Servo_CallBack
 .text.JiaZhua_Turn
                0x0000000008005e94       0x6c CMakeFiles/Car.elf.dir/Task/Servo.c.obj
                0x0000000008005e94                JiaZhua_Turn
 .text.HuaGui_Turn
                0x0000000008005f00       0x78 CMakeFiles/Car.elf.dir/Task/Servo.c.obj
                0x0000000008005f00                HuaGui_Turn
 .text.ZaiWu_Turn
                0x0000000008005f78       0xd0 CMakeFiles/Car.elf.dir/Task/Servo.c.obj
                0x0000000008005f78                ZaiWu_Turn
 .text.__errno  0x0000000008006048        0xc /usr/local/arm/10.3/bin/../lib/gcc/arm-none-eabi/10.3.1/../../../../arm-none-eabi/lib/thumb/v7e-m/nofp/libg.a(lib_a-errno.o)
                0x0000000008006048                __errno
 .text.__libc_init_array
                0x0000000008006054       0x48 /usr/local/arm/10.3/bin/../lib/gcc/arm-none-eabi/10.3.1/../../../../arm-none-eabi/lib/thumb/v7e-m/nofp/libg.a(lib_a-init.o)
                0x0000000008006054                __libc_init_array
 .text.memset   0x000000000800609c       0xa4 /usr/local/arm/10.3/bin/../lib/gcc/arm-none-eabi/10.3.1/../../../../arm-none-eabi/lib/thumb/v7e-m/nofp/libg.a(lib_a-memset.o)
                0x000000000800609c                memset
 .text.printf   0x0000000008006140       0x28 /usr/local/arm/10.3/bin/../lib/gcc/arm-none-eabi/10.3.1/../../../../arm-none-eabi/lib/thumb/v7e-m/nofp/libg.a(lib_a-printf.o)
                0x0000000008006140                printf
 .text._puts_r  0x0000000008006168       0x9c /usr/local/arm/10.3/bin/../lib/gcc/arm-none-eabi/10.3.1/../../../../arm-none-eabi/lib/thumb/v7e-m/nofp/libg.a(lib_a-puts.o)
                0x0000000008006168                _puts_r
 .text.puts     0x0000000008006204       0x10 /usr/local/arm/10.3/bin/../lib/gcc/arm-none-eabi/10.3.1/../../../../arm-none-eabi/lib/thumb/v7e-m/nofp/libg.a(lib_a-puts.o)
                0x0000000008006204                puts
 .text.setvbuf  0x0000000008006214      0x1b0 /usr/local/arm/10.3/bin/../lib/gcc/arm-none-eabi/10.3.1/../../../../arm-none-eabi/lib/thumb/v7e-m/nofp/libg.a(lib_a-setvbuf.o)
                0x0000000008006214                setvbuf
 .text._vfprintf_r
                0x00000000080063c4     0x1ad4 /usr/local/arm/10.3/bin/../lib/gcc/arm-none-eabi/10.3.1/../../../../arm-none-eabi/lib/thumb/v7e-m/nofp/libg.a(lib_a-vfprintf.o)
                0x00000000080063c4                _vfprintf_r
 .text.__sbprintf
                0x0000000008007e98       0x80 /usr/local/arm/10.3/bin/../lib/gcc/arm-none-eabi/10.3.1/../../../../arm-none-eabi/lib/thumb/v7e-m/nofp/libg.a(lib_a-vfprintf.o)
 .text.__swsetup_r
                0x0000000008007f18       0xd4 /usr/local/arm/10.3/bin/../lib/gcc/arm-none-eabi/10.3.1/../../../../arm-none-eabi/lib/thumb/v7e-m/nofp/libg.a(lib_a-wsetup.o)
                0x0000000008007f18                __swsetup_r
 .text.quorem   0x0000000008007fec      0x124 /usr/local/arm/10.3/bin/../lib/gcc/arm-none-eabi/10.3.1/../../../../arm-none-eabi/lib/thumb/v7e-m/nofp/libg.a(lib_a-dtoa.o)
 .text._dtoa_r  0x0000000008008110      0xec4 /usr/local/arm/10.3/bin/../lib/gcc/arm-none-eabi/10.3.1/../../../../arm-none-eabi/lib/thumb/v7e-m/nofp/libg.a(lib_a-dtoa.o)
                0x0000000008008110                _dtoa_r
 .text.__sflush_r
                0x0000000008008fd4      0x120 /usr/local/arm/10.3/bin/../lib/gcc/arm-none-eabi/10.3.1/../../../../arm-none-eabi/lib/thumb/v7e-m/nofp/libg.a(lib_a-fflush.o)
                0x0000000008008fd4                __sflush_r
 .text._fflush_r
                0x00000000080090f4       0x5c /usr/local/arm/10.3/bin/../lib/gcc/arm-none-eabi/10.3.1/../../../../arm-none-eabi/lib/thumb/v7e-m/nofp/libg.a(lib_a-fflush.o)
                0x00000000080090f4                _fflush_r
 .text._cleanup_r
                0x0000000008009150        0xc /usr/local/arm/10.3/bin/../lib/gcc/arm-none-eabi/10.3.1/../../../../arm-none-eabi/lib/thumb/v7e-m/nofp/libg.a(lib_a-findfp.o)
                0x0000000008009150                _cleanup_r
 .text.__sinit  0x000000000800915c      0x10c /usr/local/arm/10.3/bin/../lib/gcc/arm-none-eabi/10.3.1/../../../../arm-none-eabi/lib/thumb/v7e-m/nofp/libg.a(lib_a-findfp.o)
                0x000000000800915c                __sinit
 .text.__sfp_lock_acquire
                0x0000000008009268        0xc /usr/local/arm/10.3/bin/../lib/gcc/arm-none-eabi/10.3.1/../../../../arm-none-eabi/lib/thumb/v7e-m/nofp/libg.a(lib_a-findfp.o)
                0x0000000008009268                __sfp_lock_acquire
 .text.__sfp_lock_release
                0x0000000008009274        0xc /usr/local/arm/10.3/bin/../lib/gcc/arm-none-eabi/10.3.1/../../../../arm-none-eabi/lib/thumb/v7e-m/nofp/libg.a(lib_a-findfp.o)
                0x0000000008009274                __sfp_lock_release
 .text._malloc_trim_r
                0x0000000008009280       0xa0 /usr/local/arm/10.3/bin/../lib/gcc/arm-none-eabi/10.3.1/../../../../arm-none-eabi/lib/thumb/v7e-m/nofp/libg.a(lib_a-freer.o)
                0x0000000008009280                _malloc_trim_r
 .text._free_r  0x0000000008009320      0x20c /usr/local/arm/10.3/bin/../lib/gcc/arm-none-eabi/10.3.1/../../../../arm-none-eabi/lib/thumb/v7e-m/nofp/libg.a(lib_a-freer.o)
                0x0000000008009320                _free_r
 .text.__sfvwrite_r
                0x000000000800952c      0x2e8 /usr/local/arm/10.3/bin/../lib/gcc/arm-none-eabi/10.3.1/../../../../arm-none-eabi/lib/thumb/v7e-m/nofp/libg.a(lib_a-fvwrite.o)
                0x000000000800952c                __sfvwrite_r
 .text._fwalk_reent
                0x0000000008009814       0x48 /usr/local/arm/10.3/bin/../lib/gcc/arm-none-eabi/10.3.1/../../../../arm-none-eabi/lib/thumb/v7e-m/nofp/libg.a(lib_a-fwalk.o)
                0x0000000008009814                _fwalk_reent
 .text._localeconv_r
                0x000000000800985c        0x8 /usr/local/arm/10.3/bin/../lib/gcc/arm-none-eabi/10.3.1/../../../../arm-none-eabi/lib/thumb/v7e-m/nofp/libg.a(lib_a-localeconv.o)
                0x000000000800985c                _localeconv_r
 .text.__retarget_lock_init_recursive
                0x0000000008009864        0x4 /usr/local/arm/10.3/bin/../lib/gcc/arm-none-eabi/10.3.1/../../../../arm-none-eabi/lib/thumb/v7e-m/nofp/libg.a(lib_a-lock.o)
                0x0000000008009864                __retarget_lock_init_recursive
 .text.__retarget_lock_close_recursive
                0x0000000008009868        0x4 /usr/local/arm/10.3/bin/../lib/gcc/arm-none-eabi/10.3.1/../../../../arm-none-eabi/lib/thumb/v7e-m/nofp/libg.a(lib_a-lock.o)
                0x0000000008009868                __retarget_lock_close_recursive
 .text.__retarget_lock_acquire_recursive
                0x000000000800986c        0x4 /usr/local/arm/10.3/bin/../lib/gcc/arm-none-eabi/10.3.1/../../../../arm-none-eabi/lib/thumb/v7e-m/nofp/libg.a(lib_a-lock.o)
                0x000000000800986c                __retarget_lock_acquire_recursive
 .text.__retarget_lock_release_recursive
                0x0000000008009870        0x4 /usr/local/arm/10.3/bin/../lib/gcc/arm-none-eabi/10.3.1/../../../../arm-none-eabi/lib/thumb/v7e-m/nofp/libg.a(lib_a-lock.o)
                0x0000000008009870                __retarget_lock_release_recursive
 .text.__smakebuf_r
                0x0000000008009874       0xe0 /usr/local/arm/10.3/bin/../lib/gcc/arm-none-eabi/10.3.1/../../../../arm-none-eabi/lib/thumb/v7e-m/nofp/libg.a(lib_a-makebuf.o)
                0x0000000008009874                __smakebuf_r
 .text.__swhatbuf_r
                0x0000000008009954       0x60 /usr/local/arm/10.3/bin/../lib/gcc/arm-none-eabi/10.3.1/../../../../arm-none-eabi/lib/thumb/v7e-m/nofp/libg.a(lib_a-makebuf.o)
                0x0000000008009954                __swhatbuf_r
 .text.malloc   0x00000000080099b4       0x10 /usr/local/arm/10.3/bin/../lib/gcc/arm-none-eabi/10.3.1/../../../../arm-none-eabi/lib/thumb/v7e-m/nofp/libg.a(lib_a-malloc.o)
                0x00000000080099b4                malloc
 .text._malloc_r
                0x00000000080099c4      0x560 /usr/local/arm/10.3/bin/../lib/gcc/arm-none-eabi/10.3.1/../../../../arm-none-eabi/lib/thumb/v7e-m/nofp/libg.a(lib_a-mallocr.o)
                0x00000000080099c4                _malloc_r
 .text.memmove  0x0000000008009f24       0xf8 /usr/local/arm/10.3/bin/../lib/gcc/arm-none-eabi/10.3.1/../../../../arm-none-eabi/lib/thumb/v7e-m/nofp/libg.a(lib_a-memmove.o)
                0x0000000008009f24                memmove
 .text.__malloc_lock
                0x000000000800a01c        0xc /usr/local/arm/10.3/bin/../lib/gcc/arm-none-eabi/10.3.1/../../../../arm-none-eabi/lib/thumb/v7e-m/nofp/libg.a(lib_a-mlock.o)
                0x000000000800a01c                __malloc_lock
 .text.__malloc_unlock
                0x000000000800a028        0xc /usr/local/arm/10.3/bin/../lib/gcc/arm-none-eabi/10.3.1/../../../../arm-none-eabi/lib/thumb/v7e-m/nofp/libg.a(lib_a-mlock.o)
                0x000000000800a028                __malloc_unlock
 .text._Balloc  0x000000000800a034       0x4c /usr/local/arm/10.3/bin/../lib/gcc/arm-none-eabi/10.3.1/../../../../arm-none-eabi/lib/thumb/v7e-m/nofp/libg.a(lib_a-mprec.o)
                0x000000000800a034                _Balloc
 .text._Bfree   0x000000000800a080       0x14 /usr/local/arm/10.3/bin/../lib/gcc/arm-none-eabi/10.3.1/../../../../arm-none-eabi/lib/thumb/v7e-m/nofp/libg.a(lib_a-mprec.o)
                0x000000000800a080                _Bfree
 .text.__multadd
                0x000000000800a094       0xa0 /usr/local/arm/10.3/bin/../lib/gcc/arm-none-eabi/10.3.1/../../../../arm-none-eabi/lib/thumb/v7e-m/nofp/libg.a(lib_a-mprec.o)
                0x000000000800a094                __multadd
 .text.__hi0bits
                0x000000000800a134       0x40 /usr/local/arm/10.3/bin/../lib/gcc/arm-none-eabi/10.3.1/../../../../arm-none-eabi/lib/thumb/v7e-m/nofp/libg.a(lib_a-mprec.o)
                0x000000000800a134                __hi0bits
 .text.__lo0bits
                0x000000000800a174       0x5c /usr/local/arm/10.3/bin/../lib/gcc/arm-none-eabi/10.3.1/../../../../arm-none-eabi/lib/thumb/v7e-m/nofp/libg.a(lib_a-mprec.o)
                0x000000000800a174                __lo0bits
 .text.__i2b    0x000000000800a1d0       0x5c /usr/local/arm/10.3/bin/../lib/gcc/arm-none-eabi/10.3.1/../../../../arm-none-eabi/lib/thumb/v7e-m/nofp/libg.a(lib_a-mprec.o)
                0x000000000800a1d0                __i2b
 .text.__multiply
                0x000000000800a22c      0x15c /usr/local/arm/10.3/bin/../lib/gcc/arm-none-eabi/10.3.1/../../../../arm-none-eabi/lib/thumb/v7e-m/nofp/libg.a(lib_a-mprec.o)
                0x000000000800a22c                __multiply
 .text.__pow5mult
                0x000000000800a388       0xc0 /usr/local/arm/10.3/bin/../lib/gcc/arm-none-eabi/10.3.1/../../../../arm-none-eabi/lib/thumb/v7e-m/nofp/libg.a(lib_a-mprec.o)
                0x000000000800a388                __pow5mult
 .text.__lshift
                0x000000000800a448       0xf0 /usr/local/arm/10.3/bin/../lib/gcc/arm-none-eabi/10.3.1/../../../../arm-none-eabi/lib/thumb/v7e-m/nofp/libg.a(lib_a-mprec.o)
                0x000000000800a448                __lshift
 .text.__mcmp   0x000000000800a538       0x40 /usr/local/arm/10.3/bin/../lib/gcc/arm-none-eabi/10.3.1/../../../../arm-none-eabi/lib/thumb/v7e-m/nofp/libg.a(lib_a-mprec.o)
                0x000000000800a538                __mcmp
 .text.__mdiff  0x000000000800a578      0x14c /usr/local/arm/10.3/bin/../lib/gcc/arm-none-eabi/10.3.1/../../../../arm-none-eabi/lib/thumb/v7e-m/nofp/libg.a(lib_a-mprec.o)
                0x000000000800a578                __mdiff
 .text.__d2b    0x000000000800a6c4       0xc4 /usr/local/arm/10.3/bin/../lib/gcc/arm-none-eabi/10.3.1/../../../../arm-none-eabi/lib/thumb/v7e-m/nofp/libg.a(lib_a-mprec.o)
                0x000000000800a6c4                __d2b
 .text._realloc_r
                0x000000000800a788      0x3d8 /usr/local/arm/10.3/bin/../lib/gcc/arm-none-eabi/10.3.1/../../../../arm-none-eabi/lib/thumb/v7e-m/nofp/libg.a(lib_a-reallocr.o)
                0x000000000800a788                _realloc_r
 .text.frexp    0x000000000800ab60       0x70 /usr/local/arm/10.3/bin/../lib/gcc/arm-none-eabi/10.3.1/../../../../arm-none-eabi/lib/thumb/v7e-m/nofp/libg.a(lib_a-s_frexp.o)
                0x000000000800ab60                frexp
 .text._sbrk_r  0x000000000800abd0       0x24 /usr/local/arm/10.3/bin/../lib/gcc/arm-none-eabi/10.3.1/../../../../arm-none-eabi/lib/thumb/v7e-m/nofp/libg.a(lib_a-sbrkr.o)
                0x000000000800abd0                _sbrk_r
 .text.__sread  0x000000000800abf4       0x24 /usr/local/arm/10.3/bin/../lib/gcc/arm-none-eabi/10.3.1/../../../../arm-none-eabi/lib/thumb/v7e-m/nofp/libg.a(lib_a-stdio.o)
                0x000000000800abf4                __sread
 .text.__swrite
                0x000000000800ac18       0x40 /usr/local/arm/10.3/bin/../lib/gcc/arm-none-eabi/10.3.1/../../../../arm-none-eabi/lib/thumb/v7e-m/nofp/libg.a(lib_a-stdio.o)
                0x000000000800ac18                __swrite
 .text.__sseek  0x000000000800ac58       0x20 /usr/local/arm/10.3/bin/../lib/gcc/arm-none-eabi/10.3.1/../../../../arm-none-eabi/lib/thumb/v7e-m/nofp/libg.a(lib_a-stdio.o)
                0x000000000800ac58                __sseek
 .text.__sclose
                0x000000000800ac78        0x8 /usr/local/arm/10.3/bin/../lib/gcc/arm-none-eabi/10.3.1/../../../../arm-none-eabi/lib/thumb/v7e-m/nofp/libg.a(lib_a-stdio.o)
                0x000000000800ac78                __sclose
 .text.strncpy  0x000000000800ac80       0x64 /usr/local/arm/10.3/bin/../lib/gcc/arm-none-eabi/10.3.1/../../../../arm-none-eabi/lib/thumb/v7e-m/nofp/libg.a(lib_a-strncpy.o)
                0x000000000800ac80                strncpy
 .text.__sprint_r.part.0
                0x000000000800ace4       0x78 /usr/local/arm/10.3/bin/../lib/gcc/arm-none-eabi/10.3.1/../../../../arm-none-eabi/lib/thumb/v7e-m/nofp/libg.a(lib_a-vfiprintf.o)
 .text.__sprint_r
                0x000000000800ad5c       0x14 /usr/local/arm/10.3/bin/../lib/gcc/arm-none-eabi/10.3.1/../../../../arm-none-eabi/lib/thumb/v7e-m/nofp/libg.a(lib_a-vfiprintf.o)
                0x000000000800ad5c                __sprint_r
 .text._vfiprintf_r
                0x000000000800ad70      0xda0 /usr/local/arm/10.3/bin/../lib/gcc/arm-none-eabi/10.3.1/../../../../arm-none-eabi/lib/thumb/v7e-m/nofp/libg.a(lib_a-vfiprintf.o)
                0x000000000800ad70                _vfiprintf_r
 .text.__sbprintf
                0x000000000800bb10       0x80 /usr/local/arm/10.3/bin/../lib/gcc/arm-none-eabi/10.3.1/../../../../arm-none-eabi/lib/thumb/v7e-m/nofp/libg.a(lib_a-vfiprintf.o)
 .text._write_r
                0x000000000800bb90       0x2c /usr/local/arm/10.3/bin/../lib/gcc/arm-none-eabi/10.3.1/../../../../arm-none-eabi/lib/thumb/v7e-m/nofp/libg.a(lib_a-writer.o)
                0x000000000800bb90                _write_r
 .text.__assert_func
                0x000000000800bbbc       0x40 /usr/local/arm/10.3/bin/../lib/gcc/arm-none-eabi/10.3.1/../../../../arm-none-eabi/lib/thumb/v7e-m/nofp/libg.a(lib_a-assert.o)
                0x000000000800bbbc                __assert_func
 .text._calloc_r
                0x000000000800bbfc       0x78 /usr/local/arm/10.3/bin/../lib/gcc/arm-none-eabi/10.3.1/../../../../arm-none-eabi/lib/thumb/v7e-m/nofp/libg.a(lib_a-callocr.o)
                0x000000000800bbfc                _calloc_r
 .text._close_r
                0x000000000800bc74       0x24 /usr/local/arm/10.3/bin/../lib/gcc/arm-none-eabi/10.3.1/../../../../arm-none-eabi/lib/thumb/v7e-m/nofp/libg.a(lib_a-closer.o)
                0x000000000800bc74                _close_r
 .text._fclose_r
                0x000000000800bc98       0xcc /usr/local/arm/10.3/bin/../lib/gcc/arm-none-eabi/10.3.1/../../../../arm-none-eabi/lib/thumb/v7e-m/nofp/libg.a(lib_a-fclose.o)
                0x000000000800bc98                _fclose_r
 .text.fiprintf
                0x000000000800bd64       0x28 /usr/local/arm/10.3/bin/../lib/gcc/arm-none-eabi/10.3.1/../../../../arm-none-eabi/lib/thumb/v7e-m/nofp/libg.a(lib_a-fiprintf.o)
                0x000000000800bd64                fiprintf
 .text.__fputwc
                0x000000000800bd8c       0xa8 /usr/local/arm/10.3/bin/../lib/gcc/arm-none-eabi/10.3.1/../../../../arm-none-eabi/lib/thumb/v7e-m/nofp/libg.a(lib_a-fputwc.o)
                0x000000000800bd8c                __fputwc
 .text._fputwc_r
                0x000000000800be34       0x68 /usr/local/arm/10.3/bin/../lib/gcc/arm-none-eabi/10.3.1/../../../../arm-none-eabi/lib/thumb/v7e-m/nofp/libg.a(lib_a-fputwc.o)
                0x000000000800be34                _fputwc_r
 .text._fstat_r
                0x000000000800be9c       0x2c /usr/local/arm/10.3/bin/../lib/gcc/arm-none-eabi/10.3.1/../../../../arm-none-eabi/lib/thumb/v7e-m/nofp/libg.a(lib_a-fstatr.o)
                0x000000000800be9c                _fstat_r
 .text._isatty_r
                0x000000000800bec8       0x24 /usr/local/arm/10.3/bin/../lib/gcc/arm-none-eabi/10.3.1/../../../../arm-none-eabi/lib/thumb/v7e-m/nofp/libg.a(lib_a-isattyr.o)
                0x000000000800bec8                _isatty_r
 .text.__locale_mb_cur_max
                0x000000000800beec        0xc /usr/local/arm/10.3/bin/../lib/gcc/arm-none-eabi/10.3.1/../../../../arm-none-eabi/lib/thumb/v7e-m/nofp/libg.a(lib_a-locale.o)
                0x000000000800beec                __locale_mb_cur_max
 .text._lseek_r
                0x000000000800bef8       0x2c /usr/local/arm/10.3/bin/../lib/gcc/arm-none-eabi/10.3.1/../../../../arm-none-eabi/lib/thumb/v7e-m/nofp/libg.a(lib_a-lseekr.o)
                0x000000000800bef8                _lseek_r
 .text.__ascii_mbtowc
                0x000000000800bf24       0x2c /usr/local/arm/10.3/bin/../lib/gcc/arm-none-eabi/10.3.1/../../../../arm-none-eabi/lib/thumb/v7e-m/nofp/libg.a(lib_a-mbtowc_r.o)
                0x000000000800bf24                __ascii_mbtowc
 .text._read_r  0x000000000800bf50       0x2c /usr/local/arm/10.3/bin/../lib/gcc/arm-none-eabi/10.3.1/../../../../arm-none-eabi/lib/thumb/v7e-m/nofp/libg.a(lib_a-readr.o)
                0x000000000800bf50                _read_r
 .text.__swbuf_r
                0x000000000800bf7c       0xb0 /usr/local/arm/10.3/bin/../lib/gcc/arm-none-eabi/10.3.1/../../../../arm-none-eabi/lib/thumb/v7e-m/nofp/libg.a(lib_a-wbuf.o)
                0x000000000800bf7c                __swbuf_r
 .text._wcrtomb_r
                0x000000000800c02c       0x3c /usr/local/arm/10.3/bin/../lib/gcc/arm-none-eabi/10.3.1/../../../../arm-none-eabi/lib/thumb/v7e-m/nofp/libg.a(lib_a-wcrtomb.o)
                0x000000000800c02c                _wcrtomb_r
 .text.__ascii_wctomb
                0x000000000800c068       0x1c /usr/local/arm/10.3/bin/../lib/gcc/arm-none-eabi/10.3.1/../../../../arm-none-eabi/lib/thumb/v7e-m/nofp/libg.a(lib_a-wctomb_r.o)
                0x000000000800c068                __ascii_wctomb
 .text.abort    0x000000000800c084       0x10 /usr/local/arm/10.3/bin/../lib/gcc/arm-none-eabi/10.3.1/../../../../arm-none-eabi/lib/thumb/v7e-m/nofp/libg.a(lib_a-abort.o)
                0x000000000800c084                abort
 .text.raise    0x000000000800c094       0x5c /usr/local/arm/10.3/bin/../lib/gcc/arm-none-eabi/10.3.1/../../../../arm-none-eabi/lib/thumb/v7e-m/nofp/libg.a(lib_a-signal.o)
                0x000000000800c094                raise
 .text._kill_r  0x000000000800c0f0       0x2c /usr/local/arm/10.3/bin/../lib/gcc/arm-none-eabi/10.3.1/../../../../arm-none-eabi/lib/thumb/v7e-m/nofp/libg.a(lib_a-signalr.o)
                0x000000000800c0f0                _kill_r
 .text._getpid_r
                0x000000000800c11c        0x4 /usr/local/arm/10.3/bin/../lib/gcc/arm-none-eabi/10.3.1/../../../../arm-none-eabi/lib/thumb/v7e-m/nofp/libg.a(lib_a-signalr.o)
                0x000000000800c11c                _getpid_r
 .text.sqrt     0x000000000800c120       0x50 /usr/local/arm/10.3/bin/../lib/gcc/arm-none-eabi/10.3.1/../../../../arm-none-eabi/lib/thumb/v7e-m/nofp/libm.a(lib_a-w_sqrt.o)
                0x000000000800c120                sqrt
 .text.__ieee754_sqrt
                0x000000000800c170      0x18c /usr/local/arm/10.3/bin/../lib/gcc/arm-none-eabi/10.3.1/../../../../arm-none-eabi/lib/thumb/v7e-m/nofp/libm.a(lib_a-e_sqrt.o)
                0x000000000800c170                __ieee754_sqrt
 *(.glue_7)
 .glue_7        0x000000000800c2fc        0x0 linker stubs
 *(.glue_7t)
 .glue_7t       0x000000000800c2fc        0x0 linker stubs
 *(.eh_frame)
 *(.init)
 .init          0x000000000800c2fc        0x4 /usr/local/arm/10.3/bin/../lib/gcc/arm-none-eabi/10.3.1/thumb/v7e-m/nofp/crti.o
                0x000000000800c2fc                _init
 .init          0x000000000800c300        0x8 /usr/local/arm/10.3/bin/../lib/gcc/arm-none-eabi/10.3.1/thumb/v7e-m/nofp/crtn.o
 *(.fini)
 .fini          0x000000000800c308        0x4 /usr/local/arm/10.3/bin/../lib/gcc/arm-none-eabi/10.3.1/thumb/v7e-m/nofp/crti.o
                0x000000000800c308                _fini
 .fini          0x000000000800c30c        0x8 /usr/local/arm/10.3/bin/../lib/gcc/arm-none-eabi/10.3.1/thumb/v7e-m/nofp/crtn.o
                0x000000000800c314                . = ALIGN (0x4)
                0x000000000800c314                _etext = .

.vfp11_veneer   0x000000000800c314        0x0
 .vfp11_veneer  0x000000000800c314        0x0 linker stubs

.v4_bx          0x000000000800c314        0x0
 .v4_bx         0x000000000800c314        0x0 linker stubs

.iplt           0x000000000800c314        0x0
 .iplt          0x000000000800c314        0x0 CMakeFiles/Car.elf.dir/Bsp/Bsp.c.obj

.rodata         0x000000000800c318      0x518
                0x000000000800c318                . = ALIGN (0x4)
 *(.rodata)
 *(.rodata*)
 .rodata.IMU_Proc.str1.4
                0x000000000800c318       0x23 CMakeFiles/Car.elf.dir/Bsp/Uart_Bsp.c.obj
 *fill*         0x000000000800c33b        0x1 
 .rodata.main.str1.4
                0x000000000800c33c       0x31 CMakeFiles/Car.elf.dir/Core/Src/main.c.obj
 *fill*         0x000000000800c36d        0x3 
 .rodata.AHBPrescTable
                0x000000000800c370       0x10 CMakeFiles/Car.elf.dir/Core/Src/system_stm32f4xx.c.obj
                0x000000000800c370                AHBPrescTable
 .rodata.APBPrescTable
                0x000000000800c380        0x8 CMakeFiles/Car.elf.dir/Core/Src/system_stm32f4xx.c.obj
                0x000000000800c380                APBPrescTable
 .rodata.flagBitshiftOffset.0
                0x000000000800c388        0x8 CMakeFiles/Car.elf.dir/Drivers/STM32F4xx_HAL_Driver/Src/stm32f4xx_hal_dma.c.obj
 .rodata.Control_Proc.str1.4
                0x000000000800c390       0x60 CMakeFiles/Car.elf.dir/Task/Control.c.obj
 .rodata.Motor_Receive_Data.str1.4
                0x000000000800c3f0       0x41 CMakeFiles/Car.elf.dir/Task/Motor.c.obj
 *fill*         0x000000000800c431        0x3 
 .rodata._puts_r.str1.4
                0x000000000800c434        0x2 /usr/local/arm/10.3/bin/../lib/gcc/arm-none-eabi/10.3.1/../../../../arm-none-eabi/lib/thumb/v7e-m/nofp/libg.a(lib_a-puts.o)
 *fill*         0x000000000800c436        0x2 
 .rodata._vfprintf_r.str1.4
                0x000000000800c438       0x42 /usr/local/arm/10.3/bin/../lib/gcc/arm-none-eabi/10.3.1/../../../../arm-none-eabi/lib/thumb/v7e-m/nofp/libg.a(lib_a-vfprintf.o)
 *fill*         0x000000000800c47a        0x2 
 .rodata.blanks.1
                0x000000000800c47c       0x10 /usr/local/arm/10.3/bin/../lib/gcc/arm-none-eabi/10.3.1/../../../../arm-none-eabi/lib/thumb/v7e-m/nofp/libg.a(lib_a-vfprintf.o)
 .rodata.zeroes.0
                0x000000000800c48c       0x10 /usr/local/arm/10.3/bin/../lib/gcc/arm-none-eabi/10.3.1/../../../../arm-none-eabi/lib/thumb/v7e-m/nofp/libg.a(lib_a-vfprintf.o)
 .rodata._dtoa_r.str1.4
                0x000000000800c49c       0xa2 /usr/local/arm/10.3/bin/../lib/gcc/arm-none-eabi/10.3.1/../../../../arm-none-eabi/lib/thumb/v7e-m/nofp/libg.a(lib_a-dtoa.o)
                                         0xa6 (size before relaxing)
 *fill*         0x000000000800c53e        0x2 
 .rodata.__multadd.str1.4
                0x000000000800c540       0x7f /usr/local/arm/10.3/bin/../lib/gcc/arm-none-eabi/10.3.1/../../../../arm-none-eabi/lib/thumb/v7e-m/nofp/libg.a(lib_a-mprec.o)
                                         0x93 (size before relaxing)
 *fill*         0x000000000800c5bf        0x1 
 .rodata.__mprec_bigtens
                0x000000000800c5c0       0x28 /usr/local/arm/10.3/bin/../lib/gcc/arm-none-eabi/10.3.1/../../../../arm-none-eabi/lib/thumb/v7e-m/nofp/libg.a(lib_a-mprec.o)
                0x000000000800c5c0                __mprec_bigtens
 .rodata.__mprec_tens
                0x000000000800c5e8       0xc8 /usr/local/arm/10.3/bin/../lib/gcc/arm-none-eabi/10.3.1/../../../../arm-none-eabi/lib/thumb/v7e-m/nofp/libg.a(lib_a-mprec.o)
                0x000000000800c5e8                __mprec_tens
 .rodata.p05.0  0x000000000800c6b0        0xc /usr/local/arm/10.3/bin/../lib/gcc/arm-none-eabi/10.3.1/../../../../arm-none-eabi/lib/thumb/v7e-m/nofp/libg.a(lib_a-mprec.o)
 .rodata._vfiprintf_r.str1.4
                0x000000000800c6bc       0x2f /usr/local/arm/10.3/bin/../lib/gcc/arm-none-eabi/10.3.1/../../../../arm-none-eabi/lib/thumb/v7e-m/nofp/libg.a(lib_a-vfiprintf.o)
 .rodata.blanks.1
                0x000000000800c6bc       0x10 /usr/local/arm/10.3/bin/../lib/gcc/arm-none-eabi/10.3.1/../../../../arm-none-eabi/lib/thumb/v7e-m/nofp/libg.a(lib_a-vfiprintf.o)
 .rodata.zeroes.0
                0x000000000800c6cc       0x10 /usr/local/arm/10.3/bin/../lib/gcc/arm-none-eabi/10.3.1/../../../../arm-none-eabi/lib/thumb/v7e-m/nofp/libg.a(lib_a-vfiprintf.o)
 .rodata.__assert_func.str1.4
                0x000000000800c6dc       0x3f /usr/local/arm/10.3/bin/../lib/gcc/arm-none-eabi/10.3.1/../../../../arm-none-eabi/lib/thumb/v7e-m/nofp/libg.a(lib_a-assert.o)
                                         0x43 (size before relaxing)
 *fill*         0x000000000800c71b        0x1 
 .rodata._setlocale_r.str1.4
                0x000000000800c71c        0xa /usr/local/arm/10.3/bin/../lib/gcc/arm-none-eabi/10.3.1/../../../../arm-none-eabi/lib/thumb/v7e-m/nofp/libg.a(lib_a-locale.o)
                                          0xd (size before relaxing)
 *fill*         0x000000000800c726        0x2 
 .rodata.str1.4
                0x000000000800c728        0x2 /usr/local/arm/10.3/bin/../lib/gcc/arm-none-eabi/10.3.1/../../../../arm-none-eabi/lib/thumb/v7e-m/nofp/libg.a(lib_a-locale.o)
 *fill*         0x000000000800c72a        0x2 
 .rodata._ctype_
                0x000000000800c72c      0x101 /usr/local/arm/10.3/bin/../lib/gcc/arm-none-eabi/10.3.1/../../../../arm-none-eabi/lib/thumb/v7e-m/nofp/libg.a(lib_a-ctype_.o)
                0x000000000800c72c                _ctype_
                0x000000000800c830                . = ALIGN (0x4)
 *fill*         0x000000000800c82d        0x3 
                0x000000000800c838                _sidata = LOADADDR (.data)

.ARM.exidx      0x000000000800c830        0x8
 .ARM.exidx     0x000000000800c830        0x8 /usr/local/arm/10.3/bin/../lib/gcc/arm-none-eabi/10.3.1/thumb/v7e-m/nofp/libgcc.a(_udivmoddi4.o)

.rel.dyn        0x000000000800c838        0x0
 .rel.iplt      0x000000000800c838        0x0 CMakeFiles/Car.elf.dir/Bsp/Bsp.c.obj

.data           0x0000000020000000      0x9d4 load address 0x000000000800c838
                0x0000000020000000                . = ALIGN (0x4)
                0x0000000020000000                _sdata = .
 *(.data)
 *(.data*)
 .data.JY_Init_Flag
                0x0000000020000000        0x1 CMakeFiles/Car.elf.dir/Bsp/Uart_Bsp.c.obj
                0x0000000020000000                JY_Init_Flag
 *fill*         0x0000000020000001        0x3 
 .data.SystemCoreClock
                0x0000000020000004        0x4 CMakeFiles/Car.elf.dir/Core/Src/system_stm32f4xx.c.obj
                0x0000000020000004                SystemCoreClock
 .data.uwTickFreq
                0x0000000020000008        0x1 CMakeFiles/Car.elf.dir/Drivers/STM32F4xx_HAL_Driver/Src/stm32f4xx_hal.c.obj
                0x0000000020000008                uwTickFreq
 *fill*         0x0000000020000009        0x3 
 .data.uwTickPrio
                0x000000002000000c        0x4 CMakeFiles/Car.elf.dir/Drivers/STM32F4xx_HAL_Driver/Src/stm32f4xx_hal.c.obj
                0x000000002000000c                uwTickPrio
 .data.Car_Acc  0x0000000020000010        0x2 CMakeFiles/Car.elf.dir/Task/Control.c.obj
                0x0000000020000010                Car_Acc
 .data.Car_Acc_Slow
                0x0000000020000012        0x2 CMakeFiles/Car.elf.dir/Task/Control.c.obj
                0x0000000020000012                Car_Acc_Slow
 .data.Car_Speed
                0x0000000020000014        0x2 CMakeFiles/Car.elf.dir/Task/Control.c.obj
                0x0000000020000014                Car_Speed
 .data.Car_Speed_Slow
                0x0000000020000016        0x2 CMakeFiles/Car.elf.dir/Task/Control.c.obj
                0x0000000020000016                Car_Speed_Slow
 .data.Car_Turn_Speed_Limit
                0x0000000020000018        0x2 CMakeFiles/Car.elf.dir/Task/Control.c.obj
                0x0000000020000018                Car_Turn_Speed_Limit
 .data.Motor_HuaGui_ACC
                0x000000002000001a        0x2 CMakeFiles/Car.elf.dir/Task/Control.c.obj
                0x000000002000001a                Motor_HuaGui_ACC
 .data.Motor_HuaGui_Speed
                0x000000002000001c        0x2 CMakeFiles/Car.elf.dir/Task/Control.c.obj
                0x000000002000001c                Motor_HuaGui_Speed
 .data.Stop_Flag_HuaGui
                0x000000002000001e        0x1 CMakeFiles/Car.elf.dir/Task/Motor.c.obj
                0x000000002000001e                Stop_Flag_HuaGui
 *fill*         0x000000002000001f        0x1 
 .data.HuaGui_Angle
                0x0000000020000020        0x4 CMakeFiles/Car.elf.dir/Task/Servo.c.obj
                0x0000000020000020                HuaGui_Angle
 .data.JiaZhua_Angle
                0x0000000020000024        0x4 CMakeFiles/Car.elf.dir/Task/Servo.c.obj
                0x0000000020000024                JiaZhua_Angle
 .data.ZaiWu_Angle
                0x0000000020000028        0x4 CMakeFiles/Car.elf.dir/Task/Servo.c.obj
                0x0000000020000028                ZaiWu_Angle
 .data._impure_ptr
                0x000000002000002c        0x4 /usr/local/arm/10.3/bin/../lib/gcc/arm-none-eabi/10.3.1/../../../../arm-none-eabi/lib/thumb/v7e-m/nofp/libg.a(lib_a-impure.o)
                0x000000002000002c                _impure_ptr
 .data.impure_data
                0x0000000020000030      0x428 /usr/local/arm/10.3/bin/../lib/gcc/arm-none-eabi/10.3.1/../../../../arm-none-eabi/lib/thumb/v7e-m/nofp/libg.a(lib_a-impure.o)
 .data.__malloc_av_
                0x0000000020000458      0x408 /usr/local/arm/10.3/bin/../lib/gcc/arm-none-eabi/10.3.1/../../../../arm-none-eabi/lib/thumb/v7e-m/nofp/libg.a(lib_a-mallocr.o)
                0x0000000020000458                __malloc_av_
 .data.__malloc_sbrk_base
                0x0000000020000860        0x4 /usr/local/arm/10.3/bin/../lib/gcc/arm-none-eabi/10.3.1/../../../../arm-none-eabi/lib/thumb/v7e-m/nofp/libg.a(lib_a-mallocr.o)
                0x0000000020000860                __malloc_sbrk_base
 .data.__malloc_trim_threshold
                0x0000000020000864        0x4 /usr/local/arm/10.3/bin/../lib/gcc/arm-none-eabi/10.3.1/../../../../arm-none-eabi/lib/thumb/v7e-m/nofp/libg.a(lib_a-mallocr.o)
                0x0000000020000864                __malloc_trim_threshold
 .data.__global_locale
                0x0000000020000868      0x16c /usr/local/arm/10.3/bin/../lib/gcc/arm-none-eabi/10.3.1/../../../../arm-none-eabi/lib/thumb/v7e-m/nofp/libg.a(lib_a-locale.o)
                0x0000000020000868                __global_locale
 *(.RamFunc)
 *(.RamFunc*)
                0x00000000200009d4                . = ALIGN (0x4)
                0x00000000200009d4                _edata = .
                0x000000000800d20c                _siccmram = LOADADDR (.ccmram)

.igot.plt       0x00000000200009d4        0x0 load address 0x000000000800d20c
 .igot.plt      0x00000000200009d4        0x0 CMakeFiles/Car.elf.dir/Bsp/Bsp.c.obj

.ccmram         0x0000000010000000        0x0 load address 0x000000000800d20c
                0x0000000010000000                . = ALIGN (0x4)
                0x0000000010000000                _sccmram = .
 *(.ccmram)
 *(.ccmram*)
                0x0000000010000000                . = ALIGN (0x4)
                0x0000000010000000                _eccmram = .
                0x0000000010000000                . = ALIGN (0x4)

.bss            0x00000000200009d8      0x55c
                0x00000000200009d8                _sbss = .
                0x00000000200009d8                __bss_start__ = _sbss
 *(.bss)
 *(.bss*)
 .bss.fac_us    0x00000000200009d8        0x1 CMakeFiles/Car.elf.dir/Bsp/My_Delay.c.obj
 *fill*         0x00000000200009d9        0x3 
 .bss.Car_Turn_angle
                0x00000000200009dc        0x4 CMakeFiles/Car.elf.dir/Bsp/Uart_Bsp.c.obj
                0x00000000200009dc                Car_Turn_angle
 .bss.JY901_data
                0x00000000200009e0       0x48 CMakeFiles/Car.elf.dir/Bsp/Uart_Bsp.c.obj
                0x00000000200009e0                JY901_data
 .bss.JY_Start_Buf.0
                0x0000000020000a28       0x14 CMakeFiles/Car.elf.dir/Bsp/Uart_Bsp.c.obj
 .bss.JY_Start_num.1
                0x0000000020000a3c        0x1 CMakeFiles/Car.elf.dir/Bsp/Uart_Bsp.c.obj
 *fill*         0x0000000020000a3d        0x3 
 .bss.Last_Yaw  0x0000000020000a40        0x4 CMakeFiles/Car.elf.dir/Bsp/Uart_Bsp.c.obj
                0x0000000020000a40                Last_Yaw
 .bss.Yaw       0x0000000020000a44        0x4 CMakeFiles/Car.elf.dir/Bsp/Uart_Bsp.c.obj
                0x0000000020000a44                Yaw
 .bss.stcAcc    0x0000000020000a48        0x8 CMakeFiles/Car.elf.dir/Bsp/Uart_Bsp.c.obj
                0x0000000020000a48                stcAcc
 .bss.stcAngle  0x0000000020000a50        0x8 CMakeFiles/Car.elf.dir/Bsp/Uart_Bsp.c.obj
                0x0000000020000a50                stcAngle
 .bss.stcGyro   0x0000000020000a58        0x8 CMakeFiles/Car.elf.dir/Bsp/Uart_Bsp.c.obj
                0x0000000020000a58                stcGyro
 .bss.gHuart    0x0000000020000a60        0x4 CMakeFiles/Car.elf.dir/Bsp/retarget.c.obj
                0x0000000020000a60                gHuart
 .bss.__sbrk_heap_end
                0x0000000020000a64        0x4 CMakeFiles/Car.elf.dir/Core/Src/sysmem.c.obj
 .bss.htim3     0x0000000020000a68       0x48 CMakeFiles/Car.elf.dir/Core/Src/tim.c.obj
                0x0000000020000a68                htim3
 .bss.htim6     0x0000000020000ab0       0x48 CMakeFiles/Car.elf.dir/Core/Src/tim.c.obj
                0x0000000020000ab0                htim6
 .bss.htim7     0x0000000020000af8       0x48 CMakeFiles/Car.elf.dir/Core/Src/tim.c.obj
                0x0000000020000af8                htim7
 .bss.hdma_usart3_rx
                0x0000000020000b40       0x60 CMakeFiles/Car.elf.dir/Core/Src/usart.c.obj
                0x0000000020000b40                hdma_usart3_rx
 .bss.huart1    0x0000000020000ba0       0x48 CMakeFiles/Car.elf.dir/Core/Src/usart.c.obj
                0x0000000020000ba0                huart1
 .bss.huart3    0x0000000020000be8       0x48 CMakeFiles/Car.elf.dir/Core/Src/usart.c.obj
                0x0000000020000be8                huart3
 .bss.huart5    0x0000000020000c30       0x48 CMakeFiles/Car.elf.dir/Core/Src/usart.c.obj
                0x0000000020000c30                huart5
 .bss.uwTick    0x0000000020000c78        0x4 CMakeFiles/Car.elf.dir/Drivers/STM32F4xx_HAL_Driver/Src/stm32f4xx_hal.c.obj
                0x0000000020000c78                uwTick
 .bss.Last_Data1.8
                0x0000000020000c7c        0x1 CMakeFiles/Car.elf.dir/Task/Control.c.obj
 .bss.Running_Flag
                0x0000000020000c7d        0x1 CMakeFiles/Car.elf.dir/Task/Control.c.obj
                0x0000000020000c7d                Running_Flag
 .bss.Running_Mode
                0x0000000020000c7e        0x1 CMakeFiles/Car.elf.dir/Task/Control.c.obj
                0x0000000020000c7e                Running_Mode
 *fill*         0x0000000020000c7f        0x1 
 .bss.Task_Data1
                0x0000000020000c80       0xc8 CMakeFiles/Car.elf.dir/Task/Control.c.obj
                0x0000000020000c80                Task_Data1
 .bss.Task_Data2
                0x0000000020000d48       0xc8 CMakeFiles/Car.elf.dir/Task/Control.c.obj
                0x0000000020000d48                Task_Data2
 .bss.Task_Flag
                0x0000000020000e10       0x64 CMakeFiles/Car.elf.dir/Task/Control.c.obj
                0x0000000020000e10                Task_Flag
 .bss.Task_Num_0
                0x0000000020000e74        0x1 CMakeFiles/Car.elf.dir/Task/Control.c.obj
                0x0000000020000e74                Task_Num_0
 *fill*         0x0000000020000e75        0x1 
 .bss.Task_Num_1
                0x0000000020000e76        0x2 CMakeFiles/Car.elf.dir/Task/Control.c.obj
                0x0000000020000e76                Task_Num_1
 .bss.Task_Num_2
                0x0000000020000e78        0x2 CMakeFiles/Car.elf.dir/Task/Control.c.obj
                0x0000000020000e78                Task_Num_2
 .bss.temp.0    0x0000000020000e7a        0x1 CMakeFiles/Car.elf.dir/Task/Control.c.obj
 .bss.temp.1    0x0000000020000e7b        0x1 CMakeFiles/Car.elf.dir/Task/Control.c.obj
 .bss.temp.10   0x0000000020000e7c        0x1 CMakeFiles/Car.elf.dir/Task/Control.c.obj
 .bss.temp.11   0x0000000020000e7d        0x1 CMakeFiles/Car.elf.dir/Task/Control.c.obj
 .bss.temp.4    0x0000000020000e7e        0x1 CMakeFiles/Car.elf.dir/Task/Control.c.obj
 .bss.temp.7    0x0000000020000e7f        0x1 CMakeFiles/Car.elf.dir/Task/Control.c.obj
 .bss.temp.9    0x0000000020000e80        0x1 CMakeFiles/Car.elf.dir/Task/Control.c.obj
 .bss.temp1.3   0x0000000020000e81        0x1 CMakeFiles/Car.elf.dir/Task/Control.c.obj
 .bss.temp1.6   0x0000000020000e82        0x1 CMakeFiles/Car.elf.dir/Task/Control.c.obj
 .bss.temp2.2   0x0000000020000e83        0x1 CMakeFiles/Car.elf.dir/Task/Control.c.obj
 .bss.temp2.5   0x0000000020000e84        0x1 CMakeFiles/Car.elf.dir/Task/Control.c.obj
 .bss.Car_Task_Data_0
                0x0000000020000e85        0x1 CMakeFiles/Car.elf.dir/Task/Control_Logic.c.obj
                0x0000000020000e85                Car_Task_Data_0
 .bss.Car_Task_Data_1
                0x0000000020000e86        0x2 CMakeFiles/Car.elf.dir/Task/Control_Logic.c.obj
                0x0000000020000e86                Car_Task_Data_1
 .bss.Car_Task_Data_2
                0x0000000020000e88        0x2 CMakeFiles/Car.elf.dir/Task/Control_Logic.c.obj
                0x0000000020000e88                Car_Task_Data_2
 .bss.HuaGui_Motor_State
                0x0000000020000e8a        0x1 CMakeFiles/Car.elf.dir/Task/Motor.c.obj
                0x0000000020000e8a                HuaGui_Motor_State
 *fill*         0x0000000020000e8b        0x1 
 .bss.Last_Yaw.5
                0x0000000020000e8c        0x4 CMakeFiles/Car.elf.dir/Task/Motor.c.obj
 .bss.Motor_HuaGui_Current_amount
                0x0000000020000e90        0x2 CMakeFiles/Car.elf.dir/Task/Motor.c.obj
                0x0000000020000e90                Motor_HuaGui_Current_amount
 .bss.Motor_RxBuff
                0x0000000020000e92        0x1 CMakeFiles/Car.elf.dir/Task/Motor.c.obj
                0x0000000020000e92                Motor_RxBuff
 .bss.Motor_Stop_Flag_Car
                0x0000000020000e93        0x1 CMakeFiles/Car.elf.dir/Task/Motor.c.obj
                0x0000000020000e93                Motor_Stop_Flag_Car
 .bss.RxBuffer1
                0x0000000020000e94       0x14 CMakeFiles/Car.elf.dir/Task/Motor.c.obj
                0x0000000020000e94                RxBuffer1
 .bss.RxCounter1.9
                0x0000000020000ea8        0x1 CMakeFiles/Car.elf.dir/Task/Motor.c.obj
 .bss.RxState.10
                0x0000000020000ea9        0x1 CMakeFiles/Car.elf.dir/Task/Motor.c.obj
 *fill*         0x0000000020000eaa        0x2 
 .bss.Send_Data
                0x0000000020000eac       0x14 CMakeFiles/Car.elf.dir/Task/Motor.c.obj
                0x0000000020000eac                Send_Data
 .bss.Stop_Counter.2
                0x0000000020000ec0        0x1 CMakeFiles/Car.elf.dir/Task/Motor.c.obj
 .bss.Temp_State.1
                0x0000000020000ec1        0x1 CMakeFiles/Car.elf.dir/Task/Motor.c.obj
 .bss.Temp_State.6
                0x0000000020000ec2        0x1 CMakeFiles/Car.elf.dir/Task/Motor.c.obj
 *fill*         0x0000000020000ec3        0x1 
 .bss.Temp_Yaw.0
                0x0000000020000ec4        0x4 CMakeFiles/Car.elf.dir/Task/Motor.c.obj
 .bss.Temp_Yaw.4
                0x0000000020000ec8        0x4 CMakeFiles/Car.elf.dir/Task/Motor.c.obj
 .bss.Car_Counter
                0x0000000020000ecc        0x2 CMakeFiles/Car.elf.dir/Task/Move.c.obj
                0x0000000020000ecc                Car_Counter
 .bss.Car_Counter_Enable
                0x0000000020000ece        0x1 CMakeFiles/Car.elf.dir/Task/Move.c.obj
                0x0000000020000ece                Car_Counter_Enable
 *fill*         0x0000000020000ecf        0x1 
 .bss.Car_Counter_Times
                0x0000000020000ed0        0x2 CMakeFiles/Car.elf.dir/Task/Move.c.obj
                0x0000000020000ed0                Car_Counter_Times
 .bss.Car_Task_Time
                0x0000000020000ed2        0x2 CMakeFiles/Car.elf.dir/Task/Move.c.obj
                0x0000000020000ed2                Car_Task_Time
 .bss.Counter   0x0000000020000ed4        0x2 CMakeFiles/Car.elf.dir/Task/Move.c.obj
                0x0000000020000ed4                Counter
 .bss.Counter_Enable
                0x0000000020000ed6        0x1 CMakeFiles/Car.elf.dir/Task/Move.c.obj
                0x0000000020000ed6                Counter_Enable
 *fill*         0x0000000020000ed7        0x1 
 .bss.Counter_Times
                0x0000000020000ed8        0x2 CMakeFiles/Car.elf.dir/Task/Move.c.obj
                0x0000000020000ed8                Counter_Times
 .bss.Get_Loads_State.1
                0x0000000020000eda        0x1 CMakeFiles/Car.elf.dir/Task/Move.c.obj
 .bss.Put_Loads_State.0
                0x0000000020000edb        0x1 CMakeFiles/Car.elf.dir/Task/Move.c.obj
 *fill*         0x0000000020000edc        0x4 
 .bss.Yaw_Compensate
                0x0000000020000ee0        0x8 CMakeFiles/Car.elf.dir/Task/Move.c.obj
                0x0000000020000ee0                Yaw_Compensate
 .bss.u10ms     0x0000000020000ee8        0x2 CMakeFiles/Car.elf.dir/Task/Move.c.obj
                0x0000000020000ee8                u10ms
 .bss.HuaGui_Servo_Flag
                0x0000000020000eea        0x1 CMakeFiles/Car.elf.dir/Task/Servo.c.obj
                0x0000000020000eea                HuaGui_Servo_Flag
 .bss.JiaZhua_Servo_Flag
                0x0000000020000eeb        0x1 CMakeFiles/Car.elf.dir/Task/Servo.c.obj
                0x0000000020000eeb                JiaZhua_Servo_Flag
 .bss.ZaiWu_Servo_Flag
                0x0000000020000eec        0x1 CMakeFiles/Car.elf.dir/Task/Servo.c.obj
                0x0000000020000eec                ZaiWu_Servo_Flag
 *fill*         0x0000000020000eed        0x3 
 .bss.__lock___malloc_recursive_mutex
                0x0000000020000ef0        0x1 /usr/local/arm/10.3/bin/../lib/gcc/arm-none-eabi/10.3.1/../../../../arm-none-eabi/lib/thumb/v7e-m/nofp/libg.a(lib_a-lock.o)
                0x0000000020000ef0                __lock___malloc_recursive_mutex
 *fill*         0x0000000020000ef1        0x3 
 .bss.__lock___sfp_recursive_mutex
                0x0000000020000ef4        0x1 /usr/local/arm/10.3/bin/../lib/gcc/arm-none-eabi/10.3.1/../../../../arm-none-eabi/lib/thumb/v7e-m/nofp/libg.a(lib_a-lock.o)
                0x0000000020000ef4                __lock___sfp_recursive_mutex
 *fill*         0x0000000020000ef5        0x3 
 .bss.__lock___sinit_recursive_mutex
                0x0000000020000ef8        0x1 /usr/local/arm/10.3/bin/../lib/gcc/arm-none-eabi/10.3.1/../../../../arm-none-eabi/lib/thumb/v7e-m/nofp/libg.a(lib_a-lock.o)
                0x0000000020000ef8                __lock___sinit_recursive_mutex
 *fill*         0x0000000020000ef9        0x3 
 .bss.__malloc_current_mallinfo
                0x0000000020000efc       0x28 /usr/local/arm/10.3/bin/../lib/gcc/arm-none-eabi/10.3.1/../../../../arm-none-eabi/lib/thumb/v7e-m/nofp/libg.a(lib_a-mallocr.o)
                0x0000000020000efc                __malloc_current_mallinfo
 .bss.__malloc_max_sbrked_mem
                0x0000000020000f24        0x4 /usr/local/arm/10.3/bin/../lib/gcc/arm-none-eabi/10.3.1/../../../../arm-none-eabi/lib/thumb/v7e-m/nofp/libg.a(lib_a-mallocr.o)
                0x0000000020000f24                __malloc_max_sbrked_mem
 .bss.__malloc_max_total_mem
                0x0000000020000f28        0x4 /usr/local/arm/10.3/bin/../lib/gcc/arm-none-eabi/10.3.1/../../../../arm-none-eabi/lib/thumb/v7e-m/nofp/libg.a(lib_a-mallocr.o)
                0x0000000020000f28                __malloc_max_total_mem
 .bss.__malloc_top_pad
                0x0000000020000f2c        0x4 /usr/local/arm/10.3/bin/../lib/gcc/arm-none-eabi/10.3.1/../../../../arm-none-eabi/lib/thumb/v7e-m/nofp/libg.a(lib_a-mallocr.o)
                0x0000000020000f2c                __malloc_top_pad
 .bss.errno     0x0000000020000f30        0x4 /usr/local/arm/10.3/bin/../lib/gcc/arm-none-eabi/10.3.1/../../../../arm-none-eabi/lib/thumb/v7e-m/nofp/libg.a(lib_a-reent.o)
                0x0000000020000f30                errno
 *(COMMON)
                0x0000000020000f34                . = ALIGN (0x4)
                0x0000000020000f34                _ebss = .
                0x0000000020000f34                __bss_end__ = _ebss

._user_heap_stack
                0x0000000020000f34      0x604
                0x0000000020000f38                . = ALIGN (0x8)
 *fill*         0x0000000020000f34        0x4 
                [!provide]                        PROVIDE (end = .)
                0x0000000020000f38                PROVIDE (_end = .)
                0x0000000020001138                . = (. + _Min_Heap_Size)
 *fill*         0x0000000020000f38      0x200 
                0x0000000020001538                . = (. + _Min_Stack_Size)
 *fill*         0x0000000020001138      0x400 
                0x0000000020001538                . = ALIGN (0x8)

/DISCARD/
 libc.a(*)
 libm.a(*)
 libgcc.a(*)

.ARM.attributes
                0x0000000000000000       0x2a
 *(.ARM.attributes)
 .ARM.attributes
                0x0000000000000000       0x1e /usr/local/arm/10.3/bin/../lib/gcc/arm-none-eabi/10.3.1/thumb/v7e-m/nofp/crti.o
 .ARM.attributes
                0x000000000000001e       0x2e CMakeFiles/Car.elf.dir/Bsp/Bsp.c.obj
 .ARM.attributes
                0x000000000000004c       0x2e CMakeFiles/Car.elf.dir/Bsp/My_Delay.c.obj
 .ARM.attributes
                0x000000000000007a       0x2e CMakeFiles/Car.elf.dir/Bsp/Uart_Bsp.c.obj
 .ARM.attributes
                0x00000000000000a8       0x2e CMakeFiles/Car.elf.dir/Bsp/retarget.c.obj
 .ARM.attributes
                0x00000000000000d6       0x2e CMakeFiles/Car.elf.dir/Core/Src/dma.c.obj
 .ARM.attributes
                0x0000000000000104       0x2e CMakeFiles/Car.elf.dir/Core/Src/gpio.c.obj
 .ARM.attributes
                0x0000000000000132       0x2e CMakeFiles/Car.elf.dir/Core/Src/main.c.obj
 .ARM.attributes
                0x0000000000000160       0x2e CMakeFiles/Car.elf.dir/Core/Src/stm32f4xx_hal_msp.c.obj
 .ARM.attributes
                0x000000000000018e       0x2e CMakeFiles/Car.elf.dir/Core/Src/stm32f4xx_it.c.obj
 .ARM.attributes
                0x00000000000001bc       0x2e CMakeFiles/Car.elf.dir/Core/Src/syscalls.c.obj
 .ARM.attributes
                0x00000000000001ea       0x2e CMakeFiles/Car.elf.dir/Core/Src/sysmem.c.obj
 .ARM.attributes
                0x0000000000000218       0x2e CMakeFiles/Car.elf.dir/Core/Src/system_stm32f4xx.c.obj
 .ARM.attributes
                0x0000000000000246       0x2e CMakeFiles/Car.elf.dir/Core/Src/tim.c.obj
 .ARM.attributes
                0x0000000000000274       0x2e CMakeFiles/Car.elf.dir/Core/Src/usart.c.obj
 .ARM.attributes
                0x00000000000002a2       0x21 CMakeFiles/Car.elf.dir/Core/Startup/startup_stm32f407zetx.s.obj
 .ARM.attributes
                0x00000000000002c3       0x2e CMakeFiles/Car.elf.dir/Drivers/STM32F4xx_HAL_Driver/Src/stm32f4xx_hal.c.obj
 .ARM.attributes
                0x00000000000002f1       0x2e CMakeFiles/Car.elf.dir/Drivers/STM32F4xx_HAL_Driver/Src/stm32f4xx_hal_cortex.c.obj
 .ARM.attributes