Archive member included to satisfy reference by file (symbol)

/usr/local/arm/10.3/bin/../lib/gcc/arm-none-eabi/10.3.1/thumb/v7e-m/nofp/libgcc.a(_arm_muldf3.o)
                              CMakeFiles/Car.elf.dir/Task/Motor.c.obj (__aeabi_dmul)
/usr/local/arm/10.3/bin/../lib/gcc/arm-none-eabi/10.3.1/thumb/v7e-m/nofp/libgcc.a(_arm_mulsf3.o)
                              CMakeFiles/Car.elf.dir/Bsp/JY901.c.obj (__aeabi_fmul)
/usr/local/arm/10.3/bin/../lib/gcc/arm-none-eabi/10.3.1/thumb/v7e-m/nofp/libgcc.a(_arm_addsubdf3.o)
                              CMakeFiles/Car.elf.dir/Task/Move.c.obj (__aeabi_dadd)
/usr/local/arm/10.3/bin/../lib/gcc/arm-none-eabi/10.3.1/thumb/v7e-m/nofp/libgcc.a(_arm_muldivdf3.o)
                              CMakeFiles/Car.elf.dir/Task/Motor.c.obj (__aeabi_ddiv)
/usr/local/arm/10.3/bin/../lib/gcc/arm-none-eabi/10.3.1/thumb/v7e-m/nofp/libgcc.a(_arm_fixdfsi.o)
                              CMakeFiles/Car.elf.dir/Task/Motor.c.obj (__aeabi_d2iz)
/usr/local/arm/10.3/bin/../lib/gcc/arm-none-eabi/10.3.1/thumb/v7e-m/nofp/libgcc.a(_arm_addsubsf3.o)
                              CMakeFiles/Car.elf.dir/Task/Motor.c.obj (__aeabi_fsub)
/usr/local/arm/10.3/bin/../lib/gcc/arm-none-eabi/10.3.1/thumb/v7e-m/nofp/libgcc.a(_arm_muldivsf3.o)
                              CMakeFiles/Car.elf.dir/Task/Servo.c.obj (__aeabi_fdiv)
/usr/local/arm/10.3/bin/../lib/gcc/arm-none-eabi/10.3.1/thumb/v7e-m/nofp/libgcc.a(_arm_cmpsf2.o)
                              CMakeFiles/Car.elf.dir/Task/Motor.c.obj (__aeabi_fcmplt)
/usr/local/arm/10.3/bin/../lib/gcc/arm-none-eabi/10.3.1/thumb/v7e-m/nofp/libgcc.a(_arm_fixsfsi.o)
                              CMakeFiles/Car.elf.dir/Task/Motor.c.obj (__aeabi_f2iz)
/usr/local/arm/10.3/bin/../lib/gcc/arm-none-eabi/10.3.1/thumb/v7e-m/nofp/libgcc.a(_arm_fixunssfsi.o)
                              CMakeFiles/Car.elf.dir/Task/Servo.c.obj (__aeabi_f2uiz)
/usr/local/arm/10.3/bin/../lib/gcc/arm-none-eabi/10.3.1/thumb/v7e-m/nofp/libgcc.a(_aeabi_uldivmod.o)
                              CMakeFiles/Car.elf.dir/Drivers/STM32F4xx_HAL_Driver/Src/stm32f4xx_hal_rcc.c.obj (__aeabi_uldivmod)
/usr/local/arm/10.3/bin/../lib/gcc/arm-none-eabi/10.3.1/thumb/v7e-m/nofp/libgcc.a(_udivmoddi4.o)
                              /usr/local/arm/10.3/bin/../lib/gcc/arm-none-eabi/10.3.1/thumb/v7e-m/nofp/libgcc.a(_aeabi_uldivmod.o) (__udivmoddi4)
/usr/local/arm/10.3/bin/../lib/gcc/arm-none-eabi/10.3.1/thumb/v7e-m/nofp/libgcc.a(_dvmd_tls.o)
                              /usr/local/arm/10.3/bin/../lib/gcc/arm-none-eabi/10.3.1/thumb/v7e-m/nofp/libgcc.a(_aeabi_uldivmod.o) (__aeabi_ldiv0)
/usr/local/arm/10.3/bin/../lib/gcc/arm-none-eabi/10.3.1/../../../../arm-none-eabi/lib/thumb/v7e-m/nofp/libg.a(lib_a-errno.o)
                              CMakeFiles/Car.elf.dir/Bsp/retarget.c.obj (__errno)
/usr/local/arm/10.3/bin/../lib/gcc/arm-none-eabi/10.3.1/../../../../arm-none-eabi/lib/thumb/v7e-m/nofp/libg.a(lib_a-exit.o)
                              /usr/local/arm/10.3/bin/../lib/gcc/arm-none-eabi/10.3.1/../../../../arm-none-eabi/lib/thumb/v7e-m/nofp/crt0.o (exit)
/usr/local/arm/10.3/bin/../lib/gcc/arm-none-eabi/10.3.1/../../../../arm-none-eabi/lib/thumb/v7e-m/nofp/libg.a(lib_a-impure.o)
                              /usr/local/arm/10.3/bin/../lib/gcc/arm-none-eabi/10.3.1/../../../../arm-none-eabi/lib/thumb/v7e-m/nofp/libg.a(lib_a-exit.o) (_global_impure_ptr)
/usr/local/arm/10.3/bin/../lib/gcc/arm-none-eabi/10.3.1/../../../../arm-none-eabi/lib/thumb/v7e-m/nofp/libg.a(lib_a-init.o)
                              /usr/local/arm/10.3/bin/../lib/gcc/arm-none-eabi/10.3.1/../../../../arm-none-eabi/lib/thumb/v7e-m/nofp/crt0.o (__libc_init_array)
/usr/local/arm/10.3/bin/../lib/gcc/arm-none-eabi/10.3.1/../../../../arm-none-eabi/lib/thumb/v7e-m/nofp/libg.a(lib_a-memset.o)
                              /usr/local/arm/10.3/bin/../lib/gcc/arm-none-eabi/10.3.1/../../../../arm-none-eabi/lib/thumb/v7e-m/nofp/crt0.o (memset)
/usr/local/arm/10.3/bin/../lib/gcc/arm-none-eabi/10.3.1/../../../../arm-none-eabi/lib/thumb/v7e-m/nofp/libg.a(lib_a-printf.o)
                              CMakeFiles/Car.elf.dir/Core/Src/main.c.obj (printf)
/usr/local/arm/10.3/bin/../lib/gcc/arm-none-eabi/10.3.1/../../../../arm-none-eabi/lib/thumb/v7e-m/nofp/libg.a(lib_a-puts.o)
                              CMakeFiles/Car.elf.dir/Core/Src/main.c.obj (puts)
/usr/local/arm/10.3/bin/../lib/gcc/arm-none-eabi/10.3.1/../../../../arm-none-eabi/lib/thumb/v7e-m/nofp/libg.a(lib_a-setvbuf.o)
                              CMakeFiles/Car.elf.dir/Bsp/retarget.c.obj (setvbuf)
/usr/local/arm/10.3/bin/../lib/gcc/arm-none-eabi/10.3.1/../../../../arm-none-eabi/lib/thumb/v7e-m/nofp/libg.a(lib_a-strlen.o)
                              /usr/local/arm/10.3/bin/../lib/gcc/arm-none-eabi/10.3.1/../../../../arm-none-eabi/lib/thumb/v7e-m/nofp/libg.a(lib_a-puts.o) (strlen)
/usr/local/arm/10.3/bin/../lib/gcc/arm-none-eabi/10.3.1/../../../../arm-none-eabi/lib/thumb/v7e-m/nofp/libg.a(lib_a-vfprintf.o)
[...]
Memory Configuration

Name             Origin             Length             Attributes
CCMRAM           0x0000000010000000 0x0000000000010000 xrw
RAM              0x0000000020000000 0x0000000000020000 xrw
FLASH            0x0000000008000000 0x0000000000080000 xr
*default*        0x0000000000000000 0xffffffffffffffff

Linker script and memory map

LOAD /usr/local/arm/10.3/bin/../lib/gcc/arm-none-eabi/10.3.1/thumb/v7e-m/nofp/crti.o
LOAD /usr/local/arm/10.3/bin/../lib/gcc/arm-none-eabi/10.3.1/thumb/v7e-m/nofp/crtbegin.o
LOAD /usr/local/arm/10.3/bin/../lib/gcc/arm-none-eabi/10.3.1/../../../../arm-none-eabi/lib/thumb/v7e-m/nofp/crt0.o
LOAD CMakeFiles/Car.elf.dir/Bsp/Bsp.c.obj
LOAD CMakeFiles/Car.elf.dir/Bsp/JY901.c.obj
LOAD CMakeFiles/Car.elf.dir/Bsp/My_Delay.c.obj
LOAD CMakeFiles/Car.elf.dir/Bsp/Uart_Bsp.c.obj
LOAD CMakeFiles/Car.elf.dir/Bsp/retarget.c.obj
LOAD CMakeFiles/Car.elf.dir/Core/Src/dma.c.obj
LOAD CMakeFiles/Car.elf.dir/Core/Src/gpio.c.obj
LOAD CMakeFiles/Car.elf.dir/Core/Src/main.c.obj
LOAD CMakeFiles/Car.elf.dir/Core/Src/stm32f4xx_hal_msp.c.obj
LOAD CMakeFiles/Car.elf.dir/Core/Src/stm32f4xx_it.c.obj
LOAD CMakeFiles/Car.elf.dir/Core/Src/syscalls.c.obj
LOAD CMakeFiles/Car.elf.dir/Core/Src/sysmem.c.obj
LOAD CMakeFiles/Car.elf.dir/Core/Src/system_stm32f4xx.c.obj
LOAD CMakeFiles/Car.elf.dir/Core/Src/tim.c.obj
LOAD CMakeFiles/Car.elf.dir/Core/Src/usart.c.obj
LOAD CMakeFiles/Car.elf.dir/Core/Startup/startup_stm32f407zetx.s.obj
LOAD CMakeFiles/Car.elf.dir/Drivers/STM32F4xx_HAL_Driver/Src/stm32f4xx_hal.c.obj
LOAD CMakeFiles/Car.elf.dir/Drivers/STM32F4xx_HAL_Driver/Src/stm32f4xx_hal_cortex.c.obj
LOAD CMakeFiles/Car.elf.dir/Drivers/STM32F4xx_HAL_Driver/Src/stm32f4xx_hal_dma.c.obj
LOAD CMakeFiles/Car.elf.dir/Drivers/STM32F4xx_HAL_Driver/Src/stm32f4xx_hal_dma_ex.c.obj
LOAD CMakeFiles/Car.elf.dir/Drivers/STM32F4xx_HAL_Driver/Src/stm32f4xx_hal_exti.c.obj
LOAD CMakeFiles/Car.elf.dir/Drivers/STM32F4xx_HAL_Driver/Src/stm32f4xx_hal_flash.c.obj
LOAD CMakeFiles/Car.elf.dir/Drivers/STM32F4xx_HAL_Driver/Src/stm32f4xx_hal_flash_ex.c.obj
LOAD CMakeFiles/Car.elf.dir/Drivers/STM32F4xx_HAL_Driver/Src/stm32f4xx_hal_flash_ramfunc.c.obj
LOAD CMakeFiles/Car.elf.dir/Drivers/STM32F4xx_HAL_Driver/Src/stm32f4xx_hal_gpio.c.obj
LOAD CMakeFiles/Car.elf.dir/Drivers/STM32F4xx_HAL_Driver/Src/stm32f4xx_hal_pwr.c.obj
LOAD CMakeFiles/Car.elf.dir/Drivers/STM32F4xx_HAL_Driver/Src/stm32f4xx_hal_pwr_ex.c.obj
LOAD CMakeFiles/Car.elf.dir/Drivers/STM32F4xx_HAL_Driver/Src/stm32f4xx_hal_rcc.c.obj
LOAD CMakeFiles/Car.elf.dir/Drivers/STM32F4xx_HAL_Driver/Src/stm32f4xx_hal_rcc_ex.c.obj
LOAD CMakeFiles/Car.elf.dir/Drivers/STM32F4xx_HAL_Driver/Src/stm32f4xx_hal_tim.c.obj
LOAD CMakeFiles/Car.elf.dir/Drivers/STM32F4xx_HAL_Driver/Src/stm32f4xx_hal_tim_ex.c.obj
LOAD CMakeFiles/Car.elf.dir/Drivers/STM32F4xx_HAL_Driver/Src/stm32f4xx_hal_uart.c.obj
LOAD CMakeFiles/Car.elf.dir/Task/Control.c.obj
LOAD CMakeFiles/Car.elf.dir/Task/Control_Logic.c.obj
LOAD CMakeFiles/Car.elf.dir/Task/Motor.c.obj
LOAD CMakeFiles/Car.elf.dir/Task/Move.c.obj
LOAD CMakeFiles/Car.elf.dir/Task/Servo.c.obj
START GROUP
LOAD /usr/local/arm/10.3/bin/../lib/gcc/arm-none-eabi/10.3.1/thumb/v7e-m/nofp/libgcc.a
LOAD /usr/local/arm/10.3/bin/../lib/gcc/arm-none-eabi/10.3.1/../../../../arm-none-eabi/lib/thumb/v7e-m/nofp/libg.a
LOAD /usr/local/arm/10.3/bin/../lib/gcc/arm-none-eabi/10.3.1/../../../../arm-none-eabi/lib/thumb/v7e-m/nofp/libc.a
END GROUP
LOAD /usr/local/arm/10.3/bin/../lib/gcc/arm-none-eabi/10.3.1/thumb/v7e-m/nofp/crtend.o
LOAD /usr/local/arm/10.3/bin/../lib/gcc/arm-none-eabi/10.3.1/thumb/v7e-m/nofp/crtn.o
                0x0000000020020000                _estack = (ORIGIN (RAM) + LENGTH (RAM))
                0x0000000000000200                _Min_Heap_Size = 0x200
                0x0000000000000400                _Min_Stack_Size = 0x400

.isr_vector     0x0000000008000000      0x188
                0x0000000008000000                . = ALIGN (0x4)
 *(.isr_vector)
 .isr_vector    0x0000000008000000      0x188 CMakeFiles/Car.elf.dir/Core/Startup/startup_stm32f407zetx.s.obj
                0x0000000008000000                g_pfnVectors
                0x0000000008000188                . = ALIGN (0x4)

.text           0x00000000080001c0     0xbfc4
                0x00000000080001c0                . = ALIGN (0x4)
 *(.text)
 .text          0x00000000080001c0      0x378 /usr/local/arm/10.3/bin/../lib/gcc/arm-none-eabi/10.3.1/thumb/v7e-m/nofp/libgcc.a(_arm_addsubdf3.o)
                0x00000000080001c0                __aeabi_drsub
                0x00000000080001c8                __aeabi_dsub
                0x00000000080001c8                __subdf3
                0x00000000080001cc                __adddf3
                0x00000000080001cc                __aeabi_dadd
                0x0000000008000444                __aeabi_ui2d
                0x0000000008000444                __floatunsidf
                0x0000000008000464                __floatsidf
                0x0000000008000464                __aeabi_i2d
                0x0000000008000488                __extendsfdf2
                0x0000000008000488                __aeabi_f2d
                0x00000000080004cc                __aeabi_ul2d
                0x00000000080004cc                __floatundidf
                0x00000000080004dc                __floatdidf
                0x00000000080004dc                __aeabi_l2d
 .text          0x0000000008000538      0x424 /usr/local/arm/10.3/bin/../lib/gcc/arm-none-eabi/10.3.1/thumb/v7e-m/nofp/libgcc.a(_arm_muldivdf3.o)
                0x0000000008000538                __aeabi_dmul
                0x0000000008000538                __muldf3
                0x000000000800078c                __aeabi_ddiv
                0x000000000800078c                __divdf3
 .text          0x000000000800095c       0x50 /usr/local/arm/10.3/bin/../lib/gcc/arm-none-eabi/10.3.1/thumb/v7e-m/nofp/libgcc.a(_arm_fixdfsi.o)
                0x000000000800095c                __fixdfsi
                0x000000000800095c                __aeabi_d2iz
 .text          0x00000000080009ac      0x21c /usr/local/arm/10.3/bin/../lib/gcc/arm-none-eabi/10.3.1/thumb/v7e-m/nofp/libgcc.a(_arm_addsubsf3.o)
                0x00000000080009ac                __aeabi_frsub
                0x00000000080009b4                __subsf3
                0x00000000080009b4                __aeabi_fsub
                0x00000000080009b8                __aeabi_fadd
                0x00000000080009b8                __addsf3
                0x0000000008000b18                __aeabi_ui2f
                0x0000000008000b18                __floatunsisf
                0x0000000008000b20                __aeabi_i2f
                0x0000000008000b20                __floatsisf
                0x0000000008000b3c                __floatundisf
                0x0000000008000b3c                __aeabi_ul2f
                0x0000000008000b4c                __floatdisf
                0x0000000008000b4c                __aeabi_l2f
 .text          0x0000000008000bc8      0x2a0 /usr/local/arm/10.3/bin/../lib/gcc/arm-none-eabi/10.3.1/thumb/v7e-m/nofp/libgcc.a(_arm_muldivsf3.o)
                0x0000000008000bc8                __mulsf3
                0x0000000008000bc8                __aeabi_fmul
                0x0000000008000d30                __divsf3
                0x0000000008000d30                __aeabi_fdiv
 .text          0x0000000008000e68       0xec /usr/local/arm/10.3/bin/../lib/gcc/arm-none-eabi/10.3.1/thumb/v7e-m/nofp/libgcc.a(_arm_cmpsf2.o)
                0x0000000008000e68                __gtsf2
                0x0000000008000e68                __gesf2
                0x0000000008000e70                __lesf2
                0x0000000008000e70                __ltsf2
                0x0000000008000e78                __nesf2
                0x0000000008000e78                __eqsf2
                0x0000000008000e78                __cmpsf2
                0x0000000008000ed8                __aeabi_cfrcmple
                0x0000000008000ee0                __aeabi_cfcmple
                0x0000000008000ee0                __aeabi_cfcmpeq
                0x0000000008000ef0                __aeabi_fcmpeq
                0x0000000008000f04                __aeabi_fcmplt
                0x0000000008000f18                __aeabi_fcmple
                0x0000000008000f2c                __aeabi_fcmpge
                0x0000000008000f40                __aeabi_fcmpgt
 .text          0x0000000008000f54       0x4c /usr/local/arm/10.3/bin/../lib/gcc/arm-none-eabi/10.3.1/thumb/v7e-m/nofp/libgcc.a(_arm_fixsfsi.o)
                0x0000000008000f54                __fixsfsi
                0x0000000008000f54                __aeabi_f2iz
 .text          0x0000000008000fa0       0x40 /usr/local/arm/10.3/bin/../lib/gcc/arm-none-eabi/10.3.1/thumb/v7e-m/nofp/libgcc.a(_arm_fixunssfsi.o)
                0x0000000008000fa0                __aeabi_f2uiz
                0x0000000008000fa0                __fixunssfsi
 .text          0x0000000008000fe0       0x30 /usr/local/arm/10.3/bin/../lib/gcc/arm-none-eabi/10.3.1/thumb/v7e-m/nofp/libgcc.a(_aeabi_uldivmod.o)
                0x0000000008000fe0                __aeabi_uldivmod
 .text          0x0000000008001010      0x2d0 /usr/local/arm/10.3/bin/../lib/gcc/arm-none-eabi/10.3.1/thumb/v7e-m/nofp/libgcc.a(_udivmoddi4.o)
                0x0000000008001010                __udivmoddi4
 .text          0x00000000080012e0        0x4 /usr/local/arm/10.3/bin/../lib/gcc/arm-none-eabi/10.3.1/thumb/v7e-m/nofp/libgcc.a(_dvmd_tls.o)
                0x00000000080012e0                __aeabi_ldiv0
                0x00000000080012e0                __aeabi_idiv0
 *fill*         0x00000000080012e4       0x1c 
 .text          0x0000000008001300       0xdc /usr/local/arm/10.3/bin/../lib/gcc/arm-none-eabi/10.3.1/../../../../arm-none-eabi/lib/thumb/v7e-m/nofp/libg.a(lib_a-strlen.o)
                0x0000000008001300                strlen
 *fill*         0x00000000080013dc        0x4 
 .text          0x00000000080013e0       0xa0 /usr/local/arm/10.3/bin/../lib/gcc/arm-none-eabi/10.3.1/../../../../arm-none-eabi/lib/thumb/v7e-m/nofp/libg.a(lib_a-memchr.o)
                0x00000000080013e0                memchr
 .text          0x0000000008001480      0x134 /usr/local/arm/10.3/bin/../lib/gcc/arm-none-eabi/10.3.1/../../../../arm-none-eabi/lib/thumb/v7e-m/nofp/libg.a(lib_a-memcpy.o)
                0x0000000008001480                memcpy
 .text          0x00000000080015b4      0x110 /usr/local/arm/10.3/bin/../lib/gcc/arm-none-eabi/10.3.1/thumb/v7e-m/nofp/libgcc.a(_arm_cmpdf2.o)
                0x00000000080015b4                __gtdf2
                0x00000000080015b4                __gedf2
                0x00000000080015bc                __ltdf2
                0x00000000080015bc                __ledf2
                0x00000000080015c4                __cmpdf2
                0x00000000080015c4                __eqdf2
                0x00000000080015c4                __nedf2
                0x0000000008001640                __aeabi_cdrcmple
                0x0000000008001650                __aeabi_cdcmple
                0x0000000008001650                __aeabi_cdcmpeq
                0x0000000008001660                __aeabi_dcmpeq
                0x0000000008001674                __aeabi_dcmplt
                0x0000000008001688                __aeabi_dcmple
                0x000000000800169c                __aeabi_dcmpge
                0x00000000080016b0                __aeabi_dcmpgt
 .text          0x00000000080016c4       0x2c /usr/local/arm/10.3/bin/../lib/gcc/arm-none-eabi/10.3.1/thumb/v7e-m/nofp/libgcc.a(_arm_unorddf2.o)
                0x00000000080016c4                __aeabi_dcmpun
                0x00000000080016c4                __unorddf2
 *(.text*)
 .text.Bsp_Init
                0x00000000080016f0       0x24 CMakeFiles/Car.elf.dir/Bsp/Bsp.c.obj
                0x00000000080016f0                Bsp_Init
 .text.User_USART_Init
                0x0000000008001714       0x1e CMakeFiles/Car.elf.dir/Bsp/JY901.c.obj
                0x0000000008001714                User_USART_Init
 *fill*         0x0000000008001732        0x2 
 .text.JY901_Process
                0x0000000008001734      0x124 CMakeFiles/Car.elf.dir/Bsp/JY901.c.obj
                0x0000000008001734                JY901_Process
 .text.Delay_Init
                0x0000000008001858       0x18 CMakeFiles/Car.elf.dir/Bsp/My_Delay.c.obj
                0x0000000008001858                Delay_Init
 .text.Delay_us
                0x0000000008001870       0x40 CMakeFiles/Car.elf.dir/Bsp/My_Delay.c.obj
                0x0000000008001870                Delay_us
 .text.Delay_ms
                0x00000000080018b0       0x3c CMakeFiles/Car.elf.dir/Bsp/My_Delay.c.obj
                0x00000000080018b0                Delay_ms
 .text.JY901S_Init
                0x00000000080018ec       0x28 CMakeFiles/Car.elf.dir/Bsp/Uart_Bsp.c.obj
                0x00000000080018ec                JY901S_Init
 .text.Usart_Init
                0x0000000008001914        0x8 CMakeFiles/Car.elf.dir/Bsp/Uart_Bsp.c.obj
                0x0000000008001914                Usart_Init
 .text.RetargetInit
                0x000000000800191c       0x20 CMakeFiles/Car.elf.dir/Bsp/retarget.c.obj
                0x000000000800191c                RetargetInit
 .text._isatty  0x000000000800193c       0x16 CMakeFiles/Car.elf.dir/Bsp/retarget.c.obj
                0x000000000800193c                _isatty
 *fill*         0x0000000008001952        0x2 
 .text._write   0x0000000008001954       0x34 CMakeFiles/Car.elf.dir/Bsp/retarget.c.obj
                0x0000000008001954                _write
 .text._close   0x0000000008001988       0x18 CMakeFiles/Car.elf.dir/Bsp/retarget.c.obj
                0x0000000008001988                _close
 .text._lseek   0x00000000080019a0       0x10 CMakeFiles/Car.elf.dir/Bsp/retarget.c.obj
                0x00000000080019a0                _lseek
 .text._read    0x00000000080019b0       0x30 CMakeFiles/Car.elf.dir/Bsp/retarget.c.obj
                0x00000000080019b0                _read
 .text._fstat   0x00000000080019e0       0x1a CMakeFiles/Car.elf.dir/Bsp/retarget.c.obj
                0x00000000080019e0                _fstat
 *fill*         0x00000000080019fa        0x2 
 .text.MX_DMA_Init
                0x00000000080019fc       0x34 CMakeFiles/Car.elf.dir/Core/Src/dma.c.obj
                0x00000000080019fc                MX_DMA_Init
 .text.MX_GPIO_Init
                0x0000000008001a30       0xbc CMakeFiles/Car.elf.dir/Core/Src/gpio.c.obj
                0x0000000008001a30                MX_GPIO_Init
 .text.Error_Handler
                0x0000000008001aec        0x4 CMakeFiles/Car.elf.dir/Core/Src/main.c.obj
                0x0000000008001aec                Error_Handler
 .text.SystemClock_Config
                0x0000000008001af0       0xac CMakeFiles/Car.elf.dir/Core/Src/main.c.obj
                0x0000000008001af0                SystemClock_Config
 .text.main     0x0000000008001b9c       0xd0 CMakeFiles/Car.elf.dir/Core/Src/main.c.obj
                0x0000000008001b9c                main
 .text.HAL_MspInit
                0x0000000008001c6c       0x38 CMakeFiles/Car.elf.dir/Core/Src/stm32f4xx_hal_msp.c.obj
                0x0000000008001c6c                HAL_MspInit
 .text.NMI_Handler
                0x0000000008001ca4        0x2 CMakeFiles/Car.elf.dir/Core/Src/stm32f4xx_it.c.obj
                0x0000000008001ca4                NMI_Handler
 .text.HardFault_Handler
                0x0000000008001ca6        0x2 CMakeFiles/Car.elf.dir/Core/Src/stm32f4xx_it.c.obj
                0x0000000008001ca6                HardFault_Handler
 .text.MemManage_Handler
                0x0000000008001ca8        0x2 CMakeFiles/Car.elf.dir/Core/Src/stm32f4xx_it.c.obj
                0x0000000008001ca8                MemManage_Handler
 .text.BusFault_Handler
                0x0000000008001caa        0x2 CMakeFiles/Car.elf.dir/Core/Src/stm32f4xx_it.c.obj
                0x0000000008001caa                BusFault_Handler
 .text.UsageFault_Handler
                0x0000000008001cac        0x2 CMakeFiles/Car.elf.dir/Core/Src/stm32f4xx_it.c.obj
                0x0000000008001cac                UsageFault_Handler
 .text.SVC_Handler
                0x0000000008001cae        0x2 CMakeFiles/Car.elf.dir/Core/Src/stm32f4xx_it.c.obj
                0x0000000008001cae                SVC_Handler
 .text.DebugMon_Handler
                0x0000000008001cb0        0x2 CMakeFiles/Car.elf.dir/Core/Src/stm32f4xx_it.c.obj
                0x0000000008001cb0                DebugMon_Handler
 .text.PendSV_Handler
                0x0000000008001cb2        0x2 CMakeFiles/Car.elf.dir/Core/Src/stm32f4xx_it.c.obj
                0x0000000008001cb2                PendSV_Handler
 .text.SysTick_Handler
                0x0000000008001cb4        0x8 CMakeFiles/Car.elf.dir/Core/Src/stm32f4xx_it.c.obj
                0x0000000008001cb4                SysTick_Handler
 .text.DMA1_Stream1_IRQHandler
                0x0000000008001cbc       0x10 CMakeFiles/Car.elf.dir/Core/Src/stm32f4xx_it.c.obj
                0x0000000008001cbc                DMA1_Stream1_IRQHandler
 .text.USART1_IRQHandler
                0x0000000008001ccc       0x10 CMakeFiles/Car.elf.dir/Core/Src/stm32f4xx_it.c.obj
                0x0000000008001ccc                USART1_IRQHandler
 .text.USART3_IRQHandler
                0x0000000008001cdc       0x6c CMakeFiles/Car.elf.dir/Core/Src/stm32f4xx_it.c.obj
                0x0000000008001cdc                USART3_IRQHandler
 .text.TIM6_DAC_IRQHandler
                0x0000000008001d48       0x10 CMakeFiles/Car.elf.dir/Core/Src/stm32f4xx_it.c.obj
                0x0000000008001d48                TIM6_DAC_IRQHandler
 .text.HAL_UART_RxCpltCallback
                0x0000000008001d58       0x2c CMakeFiles/Car.elf.dir/Core/Src/stm32f4xx_it.c.obj
                0x0000000008001d58                HAL_UART_RxCpltCallback
 .text._getpid  0x0000000008001d84        0x4 CMakeFiles/Car.elf.dir/Core/Src/syscalls.c.obj
                0x0000000008001d84                _getpid
 .text._kill    0x0000000008001d88       0x10 CMakeFiles/Car.elf.dir/Core/Src/syscalls.c.obj
                0x0000000008001d88                _kill
 .text._exit    0x0000000008001d98        0xc CMakeFiles/Car.elf.dir/Core/Src/syscalls.c.obj
                0x0000000008001d98                _exit
 .text._sbrk    0x0000000008001da4       0x48 CMakeFiles/Car.elf.dir/Core/Src/sysmem.c.obj
                0x0000000008001da4                _sbrk
 .text.SystemInit
                0x0000000008001dec        0x2 CMakeFiles/Car.elf.dir/Core/Src/system_stm32f4xx.c.obj
                0x0000000008001dec                SystemInit
 *fill*         0x0000000008001dee        0x2 
 .text.MX_TIM6_Init
                0x0000000008001df0       0x50 CMakeFiles/Car.elf.dir/Core/Src/tim.c.obj
                0x0000000008001df0                MX_TIM6_Init
 .text.MX_TIM7_Init
                0x0000000008001e40       0x50 CMakeFiles/Car.elf.dir/Core/Src/tim.c.obj
                0x0000000008001e40                MX_TIM7_Init
 .text.HAL_TIM_Base_MspInit
                0x0000000008001e90       0x8c CMakeFiles/Car.elf.dir/Core/Src/tim.c.obj
                0x0000000008001e90                HAL_TIM_Base_MspInit
 .text.HAL_TIM_MspPostInit
                0x0000000008001f1c       0x80 CMakeFiles/Car.elf.dir/Core/Src/tim.c.obj
                0x0000000008001f1c                HAL_TIM_MspPostInit
 .text.MX_TIM3_Init
                0x0000000008001f9c       0xec CMakeFiles/Car.elf.dir/Core/Src/tim.c.obj
                0x0000000008001f9c                MX_TIM3_Init
 .text.MX_UART5_Init
                0x0000000008002088       0x34 CMakeFiles/Car.elf.dir/Core/Src/usart.c.obj
                0x0000000008002088                MX_UART5_Init
 .text.MX_USART1_UART_Init
                0x00000000080020bc       0x34 CMakeFiles/Car.elf.dir/Core/Src/usart.c.obj
                0x00000000080020bc                MX_USART1_UART_Init
 .text.MX_USART3_UART_Init
                0x00000000080020f0       0x34 CMakeFiles/Car.elf.dir/Core/Src/usart.c.obj
                0x00000000080020f0                MX_USART3_UART_Init
 .text.HAL_UART_MspInit
                0x0000000008002124      0x1a4 CMakeFiles/Car.elf.dir/Core/Src/usart.c.obj
                0x0000000008002124                HAL_UART_MspInit
 .text.Reset_Handler
                0x00000000080022c8       0x50 CMakeFiles/Car.elf.dir/Core/Startup/startup_stm32f407zetx.s.obj
                0x00000000080022c8                Reset_Handler
 .text.Default_Handler
                0x0000000008002318        0x2 CMakeFiles/Car.elf.dir/Core/Startup/startup_stm32f407zetx.s.obj
                0x0000000008002318                RTC_Alarm_IRQHandler
                0x0000000008002318                HASH_RNG_IRQHandler
                0x0000000008002318                EXTI2_IRQHandler
                0x0000000008002318                TIM8_CC_IRQHandler
                0x0000000008002318                TIM1_CC_IRQHandler
                0x0000000008002318                DMA2_Stream5_IRQHandler
                0x0000000008002318                DMA1_Stream5_IRQHandler
                0x0000000008002318                PVD_IRQHandler
                0x0000000008002318                SDIO_IRQHandler
                0x0000000008002318                TAMP_STAMP_IRQHandler
                0x0000000008002318                CAN2_RX1_IRQHandler
                0x0000000008002318                EXTI3_IRQHandler
                0x0000000008002318                TIM8_TRG_COM_TIM14_IRQHandler
                0x0000000008002318                TIM1_UP_TIM10_IRQHandler
                0x0000000008002318                TIM8_UP_TIM13_IRQHandler
                0x0000000008002318                I2C3_ER_IRQHandler
                0x0000000008002318                EXTI0_IRQHandler
                0x0000000008002318                I2C2_EV_IRQHandler
                0x0000000008002318                DMA1_Stream2_IRQHandler
                0x0000000008002318                CAN1_RX0_IRQHandler
                0x0000000008002318                FPU_IRQHandler
                0x0000000008002318                OTG_HS_WKUP_IRQHandler
                0x0000000008002318                CAN2_SCE_IRQHandler
                0x0000000008002318                DMA2_Stream2_IRQHandler
                0x0000000008002318                SPI1_IRQHandler
                0x0000000008002318                TIM1_BRK_TIM9_IRQHandler
                0x0000000008002318                DCMI_IRQHandler
                0x0000000008002318                CAN2_RX0_IRQHandler
                0x0000000008002318                DMA2_Stream3_IRQHandler
                0x0000000008002318                USART6_IRQHandler
                0x0000000008002318                CAN1_RX1_IRQHandler
                0x0000000008002318                UART5_IRQHandler
                0x0000000008002318                DMA2_Stream0_IRQHandler
                0x0000000008002318                TIM4_IRQHandler
                0x0000000008002318                I2C1_EV_IRQHandler
                0x0000000008002318                DMA1_Stream6_IRQHandler
                0x0000000008002318                UART4_IRQHandler
                0x0000000008002318                TIM3_IRQHandler
                0x0000000008002318                RCC_IRQHandler
                0x0000000008002318                TIM8_BRK_TIM12_IRQHandler
                0x0000000008002318                Default_Handler
                0x0000000008002318                EXTI15_10_IRQHandler
                0x0000000008002318                ADC_IRQHandler
                0x0000000008002318                DMA1_Stream7_IRQHandler
                0x0000000008002318                TIM7_IRQHandler
                0x0000000008002318                CAN2_TX_IRQHandler
                0x0000000008002318                TIM5_IRQHandler
                0x0000000008002318                DMA2_Stream7_IRQHandler
                0x0000000008002318                I2C3_EV_IRQHandler
                0x0000000008002318                EXTI9_5_IRQHandler
                0x0000000008002318                RTC_WKUP_IRQHandler
                0x0000000008002318                ETH_WKUP_IRQHandler
                0x0000000008002318                SPI2_IRQHandler
                0x0000000008002318                OTG_HS_EP1_IN_IRQHandler
                0x0000000008002318                DMA1_Stream0_IRQHandler
                0x0000000008002318                CAN1_TX_IRQHandler
                0x0000000008002318                EXTI4_IRQHandler
                0x0000000008002318                FSMC_IRQHandler
                0x0000000008002318                ETH_IRQHandler
                0x0000000008002318                OTG_HS_EP1_OUT_IRQHandler
                0x0000000008002318                WWDG_IRQHandler
                0x0000000008002318                TIM2_IRQHandler
                0x0000000008002318                OTG_FS_WKUP_IRQHandler
                0x0000000008002318                TIM1_TRG_COM_TIM11_IRQHandler
                0x0000000008002318                OTG_HS_IRQHandler
                0x0000000008002318                EXTI1_IRQHandler
                0x0000000008002318                USART2_IRQHandler
                0x0000000008002318                I2C2_ER_IRQHandler
                0x0000000008002318                DMA2_Stream1_IRQHandler
                0x0000000008002318                CAN1_SCE_IRQHandler
                0x0000000008002318                FLASH_IRQHandler
                0x0000000008002318                DMA2_Stream4_IRQHandler
                0x0000000008002318                OTG_FS_IRQHandler
                0x0000000008002318                SPI3_IRQHandler
                0x0000000008002318                DMA1_Stream4_IRQHandler
                0x0000000008002318                I2C1_ER_IRQHandler
                0x0000000008002318                DMA2_Stream6_IRQHandler
                0x0000000008002318                DMA1_Stream3_IRQHandler
 *fill*         0x000000000800231a        0x2 
 .text.HAL_InitTick
                0x000000000800231c       0x4c CMakeFiles/Car.elf.dir/Drivers/STM32F4xx_HAL_Driver/Src/stm32f4xx_hal.c.obj
                0x000000000800231c                HAL_InitTick
 .text.HAL_Init
                0x0000000008002368       0x34 CMakeFiles/Car.elf.dir/Drivers/STM32F4xx_HAL_Driver/Src/stm32f4xx_hal.c.obj
                0x0000000008002368                HAL_Init
 .text.HAL_IncTick
                0x000000000800239c       0x18 CMakeFiles/Car.elf.dir/Drivers/STM32F4xx_HAL_Driver/Src/stm32f4xx_hal.c.obj
                0x000000000800239c                HAL_IncTick
 .text.HAL_GetTick
                0x00000000080023b4        0xc CMakeFiles/Car.elf.dir/Drivers/STM32F4xx_HAL_Driver/Src/stm32f4xx_hal.c.obj
                0x00000000080023b4                HAL_GetTick
 .text.HAL_NVIC_SetPriorityGrouping
                0x00000000080023c0       0x24 CMakeFiles/Car.elf.dir/Drivers/STM32F4xx_HAL_Driver/Src/stm32f4xx_hal_cortex.c.obj
                0x00000000080023c0                HAL_NVIC_SetPriorityGrouping
 .text.HAL_NVIC_SetPriority
                0x00000000080023e4       0x70 CMakeFiles/Car.elf.dir/Drivers/STM32F4xx_HAL_Driver/Src/stm32f4xx_hal_cortex.c.obj
                0x00000000080023e4                HAL_NVIC_SetPriority
 .text.HAL_NVIC_EnableIRQ
                0x0000000008002454       0x1c CMakeFiles/Car.elf.dir/Drivers/STM32F4xx_HAL_Driver/Src/stm32f4xx_hal_cortex.c.obj
                0x0000000008002454                HAL_NVIC_EnableIRQ
 .text.HAL_SYSTICK_Config
                0x0000000008002470       0x28 CMakeFiles/Car.elf.dir/Drivers/STM32F4xx_HAL_Driver/Src/stm32f4xx_hal_cortex.c.obj
                0x0000000008002470                HAL_SYSTICK_Config
 .text.HAL_SYSTICK_CLKSourceConfig
                0x0000000008002498       0x20 CMakeFiles/Car.elf.dir/Drivers/STM32F4xx_HAL_Driver/Src/stm32f4xx_hal_cortex.c.obj
                0x0000000008002498                HAL_SYSTICK_CLKSourceConfig
 .text.DMA_SetConfig
                0x00000000080024b8       0x2c CMakeFiles/Car.elf.dir/Drivers/STM32F4xx_HAL_Driver/Src/stm32f4xx_hal_dma.c.obj
 .text.DMA_CalcBaseAndBitshift
                0x00000000080024e4       0x40 CMakeFiles/Car.elf.dir/Drivers/STM32F4xx_HAL_Driver/Src/stm32f4xx_hal_dma.c.obj
 .text.DMA_CheckFifoParam
                0x0000000008002524       0x8e CMakeFiles/Car.elf.dir/Drivers/STM32F4xx_HAL_Driver/Src/stm32f4xx_hal_dma.c.obj
 *fill*         0x00000000080025b2        0x2 
 .text.HAL_DMA_Init
                0x00000000080025b4       0xcc CMakeFiles/Car.elf.dir/Drivers/STM32F4xx_HAL_Driver/Src/stm32f4xx_hal_dma.c.obj
                0x00000000080025b4                HAL_DMA_Init
 .text.HAL_DMA_Start_IT
                0x0000000008002680       0x6a CMakeFiles/Car.elf.dir/Drivers/STM32F4xx_HAL_Driver/Src/stm32f4xx_hal_dma.c.obj
                0x0000000008002680                HAL_DMA_Start_IT
 .text.HAL_DMA_Abort
                0x00000000080026ea       0x94 CMakeFiles/Car.elf.dir/Drivers/STM32F4xx_HAL_Driver/Src/stm32f4xx_hal_dma.c.obj
                0x00000000080026ea                HAL_DMA_Abort
 .text.HAL_DMA_Abort_IT
                0x000000000800277e       0x26 CMakeFiles/Car.elf.dir/Drivers/STM32F4xx_HAL_Driver/Src/stm32f4xx_hal_dma.c.obj
                0x000000000800277e                HAL_DMA_Abort_IT
 .text.HAL_DMA_IRQHandler
                0x00000000080027a4      0x1dc CMakeFiles/Car.elf.dir/Drivers/STM32F4xx_HAL_Driver/Src/stm32f4xx_hal_dma.c.obj
                0x00000000080027a4                HAL_DMA_IRQHandler
 .text.HAL_GPIO_Init
                0x0000000008002980      0x1e4 CMakeFiles/Car.elf.dir/Drivers/STM32F4xx_HAL_Driver/Src/stm32f4xx_hal_gpio.c.obj
                0x0000000008002980                HAL_GPIO_Init
 .text.HAL_GPIO_WritePin
                0x0000000008002b64        0xc CMakeFiles/Car.elf.dir/Drivers/STM32F4xx_HAL_Driver/Src/stm32f4xx_hal_gpio.c.obj
                0x0000000008002b64                HAL_GPIO_WritePin
 .text.HAL_GPIO_TogglePin
                0x0000000008002b70       0x12 CMakeFiles/Car.elf.dir/Drivers/STM32F4xx_HAL_Driver/Src/stm32f4xx_hal_gpio.c.obj
                0x0000000008002b70                HAL_GPIO_TogglePin
 *fill*         0x0000000008002b82        0x2 
 .text.HAL_RCC_OscConfig
                0x0000000008002b84      0x3f8 CMakeFiles/Car.elf.dir/Drivers/STM32F4xx_HAL_Driver/Src/stm32f4xx_hal_rcc.c.obj
                0x0000000008002b84                HAL_RCC_OscConfig
 .text.HAL_RCC_GetSysClockFreq
                0x0000000008002f7c       0xd4 CMakeFiles/Car.elf.dir/Drivers/STM32F4xx_HAL_Driver/Src/stm32f4xx_hal_rcc.c.obj
                0x0000000008002f7c                HAL_RCC_GetSysClockFreq
 .text.HAL_RCC_ClockConfig
                0x0000000008003050      0x160 CMakeFiles/Car.elf.dir/Drivers/STM32F4xx_HAL_Driver/Src/stm32f4xx_hal_rcc.c.obj
                0x0000000008003050                HAL_RCC_ClockConfig
 .text.HAL_RCC_GetHCLKFreq
                0x00000000080031b0        0xc CMakeFiles/Car.elf.dir/Drivers/STM32F4xx_HAL_Driver/Src/stm32f4xx_hal_rcc.c.obj
                0x00000000080031b0                HAL_RCC_GetHCLKFreq
 .text.HAL_RCC_GetPCLK1Freq
                0x00000000080031bc       0x20 CMakeFiles/Car.elf.dir/Drivers/STM32F4xx_HAL_Driver/Src/stm32f4xx_hal_rcc.c.obj
                0x00000000080031bc                HAL_RCC_GetPCLK1Freq
 .text.HAL_RCC_GetPCLK2Freq
                0x00000000080031dc       0x20 CMakeFiles/Car.elf.dir/Drivers/STM32F4xx_HAL_Driver/Src/stm32f4xx_hal_rcc.c.obj
                0x00000000080031dc                HAL_RCC_GetPCLK2Freq
 .text.TIM_OC1_SetConfig
                0x00000000080031fc       0x68 CMakeFiles/Car.elf.dir/Drivers/STM32F4xx_HAL_Driver/Src/stm32f4xx_hal_tim.c.obj
 .text.TIM_OC3_SetConfig
                0x0000000008003264       0x70 CMakeFiles/Car.elf.dir/Drivers/STM32F4xx_HAL_Driver/Src/stm32f4xx_hal_tim.c.obj
 .text.TIM_OC4_SetConfig
                0x00000000080032d4       0x50 CMakeFiles/Car.elf.dir/Drivers/STM32F4xx_HAL_Driver/Src/stm32f4xx_hal_tim.c.obj
 .text.TIM_TI1_ConfigInputStage
                0x0000000008003324       0x24 CMakeFiles/Car.elf.dir/Drivers/STM32F4xx_HAL_Driver/Src/stm32f4xx_hal_tim.c.obj
 .text.TIM_TI2_ConfigInputStage
                0x0000000008003348       0x26 CMakeFiles/Car.elf.dir/Drivers/STM32F4xx_HAL_Driver/Src/stm32f4xx_hal_tim.c.obj
 .text.TIM_ITRx_SetConfig
                0x000000000800336e       0x10 CMakeFiles/Car.elf.dir/Drivers/STM32F4xx_HAL_Driver/Src/stm32f4xx_hal_tim.c.obj
 *fill*         0x000000000800337e        0x2 
 .text.HAL_TIM_Base_Start_IT
                0x0000000008003380       0x88 CMakeFiles/Car.elf.dir/Drivers/STM32F4xx_HAL_Driver/Src/stm32f4xx_hal_tim.c.obj
                0x0000000008003380                HAL_TIM_Base_Start_IT
 .text.HAL_TIM_PWM_MspInit
                0x0000000008003408        0x2 CMakeFiles/Car.elf.dir/Drivers/STM32F4xx_HAL_Driver/Src/stm32f4xx_hal_tim.c.obj
                0x0000000008003408                HAL_TIM_PWM_MspInit
 .text.HAL_TIM_OC_DelayElapsedCallback
                0x000000000800340a        0x2 CMakeFiles/Car.elf.dir/Drivers/STM32F4xx_HAL_Driver/Src/stm32f4xx_hal_tim.c.obj
                0x000000000800340a                HAL_TIM_OC_DelayElapsedCallback
 .text.HAL_TIM_IC_CaptureCallback
                0x000000000800340c        0x2 CMakeFiles/Car.elf.dir/Drivers/STM32F4xx_HAL_Driver/Src/stm32f4xx_hal_tim.c.obj
                0x000000000800340c                HAL_TIM_IC_CaptureCallback
 .text.HAL_TIM_PWM_PulseFinishedCallback
                0x000000000800340e        0x2 CMakeFiles/Car.elf.dir/Drivers/STM32F4xx_HAL_Driver/Src/stm32f4xx_hal_tim.c.obj
                0x000000000800340e                HAL_TIM_PWM_PulseFinishedCallback
 .text.HAL_TIM_TriggerCallback
                0x0000000008003410        0x2 CMakeFiles/Car.elf.dir/Drivers/STM32F4xx_HAL_Driver/Src/stm32f4xx_hal_tim.c.obj
                0x0000000008003410                HAL_TIM_TriggerCallback
 .text.HAL_TIM_IRQHandler
                0x0000000008003412      0x15e CMakeFiles/Car.elf.dir/Drivers/STM32F4xx_HAL_Driver/Src/stm32f4xx_hal_tim.c.obj
                0x0000000008003412                HAL_TIM_IRQHandler
 .text.TIM_Base_SetConfig
                0x0000000008003570       0xd8 CMakeFiles/Car.elf.dir/Drivers/STM32F4xx_HAL_Driver/Src/stm32f4xx_hal_tim.c.obj
                0x0000000008003570                TIM_Base_SetConfig
 .text.HAL_TIM_Base_Init
                0x0000000008003648       0x58 CMakeFiles/Car.elf.dir/Drivers/STM32F4xx_HAL_Driver/Src/stm32f4xx_hal_tim.c.obj
                0x0000000008003648                HAL_TIM_Base_Init
 .text.HAL_TIM_PWM_Init
                0x00000000080036a0       0x58 CMakeFiles/Car.elf.dir/Drivers/STM32F4xx_HAL_Driver/Src/stm32f4xx_hal_tim.c.obj
                0x00000000080036a0                HAL_TIM_PWM_Init
 .text.TIM_OC2_SetConfig
                0x00000000080036f8       0x70 CMakeFiles/Car.elf.dir/Drivers/STM32F4xx_HAL_Driver/Src/stm32f4xx_hal_tim.c.obj
                0x00000000080036f8                TIM_OC2_SetConfig
 .text.HAL_TIM_PWM_ConfigChannel
                0x0000000008003768       0xdc CMakeFiles/Car.elf.dir/Drivers/STM32F4xx_HAL_Driver/Src/stm32f4xx_hal_tim.c.obj
                0x0000000008003768                HAL_TIM_PWM_ConfigChannel
 .text.TIM_ETR_SetConfig
                0x0000000008003844       0x18 CMakeFiles/Car.elf.dir/Drivers/STM32F4xx_HAL_Driver/Src/stm32f4xx_hal_tim.c.obj
                0x0000000008003844                TIM_ETR_SetConfig
 .text.HAL_TIM_ConfigClockSource
                0x000000000800385c       0xfe CMakeFiles/Car.elf.dir/Drivers/STM32F4xx_HAL_Driver/Src/stm32f4xx_hal_tim.c.obj
                0x000000000800385c                HAL_TIM_ConfigClockSource
 *fill*         0x000000000800395a        0x2 
 .text.HAL_TIMEx_MasterConfigSynchronization
                0x000000000800395c       0x8c CMakeFiles/Car.elf.dir/Drivers/STM32F4xx_HAL_Driver/Src/stm32f4xx_hal_tim_ex.c.obj
                0x000000000800395c                HAL_TIMEx_MasterConfigSynchronization
 .text.HAL_TIMEx_CommutCallback
                0x00000000080039e8        0x2 CMakeFiles/Car.elf.dir/Drivers/STM32F4xx_HAL_Driver/Src/stm32f4xx_hal_tim_ex.c.obj
                0x00000000080039e8                HAL_TIMEx_CommutCallback
 .text.HAL_TIMEx_BreakCallback
                0x00000000080039ea        0x2 CMakeFiles/Car.elf.dir/Drivers/STM32F4xx_HAL_Driver/Src/stm32f4xx_hal_tim_ex.c.obj
                0x00000000080039ea                HAL_TIMEx_BreakCallback
 .text.UART_EndTxTransfer
                0x00000000080039ec       0x20 CMakeFiles/Car.elf.dir/Drivers/STM32F4xx_HAL_Driver/Src/stm32f4xx_hal_uart.c.obj
 .text.UART_EndRxTransfer
                0x0000000008003a0c       0x5c CMakeFiles/Car.elf.dir/Drivers/STM32F4xx_HAL_Driver/Src/stm32f4xx_hal_uart.c.obj
 .text.UART_Transmit_IT
                0x0000000008003a68       0x60 CMakeFiles/Car.elf.dir/Drivers/STM32F4xx_HAL_Driver/Src/stm32f4xx_hal_uart.c.obj
 .text.UART_SetConfig
                0x0000000008003ac8      0x110 CMakeFiles/Car.elf.dir/Drivers/STM32F4xx_HAL_Driver/Src/stm32f4xx_hal_uart.c.obj
 .text.UART_WaitOnFlagUntilTimeout
                0x0000000008003bd8       0x8a CMakeFiles/Car.elf.dir/Drivers/STM32F4xx_HAL_Driver/Src/stm32f4xx_hal_uart.c.obj
 .text.HAL_UART_Init
                0x0000000008003c62       0x60 CMakeFiles/Car.elf.dir/Drivers/STM32F4xx_HAL_Driver/Src/stm32f4xx_hal_uart.c.obj
                0x0000000008003c62                HAL_UART_Init
 .text.HAL_UART_Transmit
                0x0000000008003cc2       0xcc CMakeFiles/Car.elf.dir/Drivers/STM32F4xx_HAL_Driver/Src/stm32f4xx_hal_uart.c.obj
                0x0000000008003cc2                HAL_UART_Transmit
 .text.HAL_UART_Receive
                0x0000000008003d8e       0xd2 CMakeFiles/Car.elf.dir/Drivers/STM32F4xx_HAL_Driver/Src/stm32f4xx_hal_uart.c.obj
                0x0000000008003d8e                HAL_UART_Receive
 .text.HAL_UART_DMAStop
                0x0000000008003e60       0x84 CMakeFiles/Car.elf.dir/Drivers/STM32F4xx_HAL_Driver/Src/stm32f4xx_hal_uart.c.obj
                0x0000000008003e60                HAL_UART_DMAStop
 .text.HAL_UART_TxCpltCallback
                0x0000000008003ee4        0x2 CMakeFiles/Car.elf.dir/Drivers/STM32F4xx_HAL_Driver/Src/stm32f4xx_hal_uart.c.obj
                0x0000000008003ee4                HAL_UART_TxCpltCallback
 .text.UART_EndTransmit_IT
                0x0000000008003ee6       0x1a CMakeFiles/Car.elf.dir/Drivers/STM32F4xx_HAL_Driver/Src/stm32f4xx_hal_uart.c.obj
 .text.HAL_UART_RxHalfCpltCallback
                0x0000000008003f00        0x2 CMakeFiles/Car.elf.dir/Drivers/STM32F4xx_HAL_Driver/Src/stm32f4xx_hal_uart.c.obj
                0x0000000008003f00                HAL_UART_RxHalfCpltCallback
 .text.HAL_UART_ErrorCallback
                0x0000000008003f02        0x2 CMakeFiles/Car.elf.dir/Drivers/STM32F4xx_HAL_Driver/Src/stm32f4xx_hal_uart.c.obj
                0x0000000008003f02                HAL_UART_ErrorCallback
 .text.UART_DMAError
                0x0000000008003f04       0x58 CMakeFiles/Car.elf.dir/Drivers/STM32F4xx_HAL_Driver/Src/stm32f4xx_hal_uart.c.obj
 .text.UART_DMAAbortOnError
                0x0000000008003f5c       0x10 CMakeFiles/Car.elf.dir/Drivers/STM32F4xx_HAL_Driver/Src/stm32f4xx_hal_uart.c.obj
 .text.HAL_UARTEx_RxEventCallback
                0x0000000008003f6c        0x2 CMakeFiles/Car.elf.dir/Drivers/STM32F4xx_HAL_Driver/Src/stm32f4xx_hal_uart.c.obj
                0x0000000008003f6c                HAL_UARTEx_RxEventCallback
 .text.UART_Receive_IT
                0x0000000008003f6e       0xe6 CMakeFiles/Car.elf.dir/Drivers/STM32F4xx_HAL_Driver/Src/stm32f4xx_hal_uart.c.obj
 .text.HAL_UART_IRQHandler
                0x0000000008004054      0x288 CMakeFiles/Car.elf.dir/Drivers/STM32F4xx_HAL_Driver/Src/stm32f4xx_hal_uart.c.obj
                0x0000000008004054                HAL_UART_IRQHandler
 .text.UART_DMARxHalfCplt
                0x00000000080042dc       0x1e CMakeFiles/Car.elf.dir/Drivers/STM32F4xx_HAL_Driver/Src/stm32f4xx_hal_uart.c.obj
 .text.UART_DMAReceiveCplt
                0x00000000080042fa       0x9a CMakeFiles/Car.elf.dir/Drivers/STM32F4xx_HAL_Driver/Src/stm32f4xx_hal_uart.c.obj
 .text.UART_Start_Receive_IT
                0x0000000008004394       0x36 CMakeFiles/Car.elf.dir/Drivers/STM32F4xx_HAL_Driver/Src/stm32f4xx_hal_uart.c.obj
                0x0000000008004394                UART_Start_Receive_IT
 .text.HAL_UART_Receive_IT
                0x00000000080043ca       0x26 CMakeFiles/Car.elf.dir/Drivers/STM32F4xx_HAL_Driver/Src/stm32f4xx_hal_uart.c.obj
                0x00000000080043ca                HAL_UART_Receive_IT
 .text.UART_Start_Receive_DMA
                0x00000000080043f0       0xa4 CMakeFiles/Car.elf.dir/Drivers/STM32F4xx_HAL_Driver/Src/stm32f4xx_hal_uart.c.obj
                0x00000000080043f0                UART_Start_Receive_DMA
 .text.HAL_UART_Receive_DMA
                0x0000000008004494       0x26 CMakeFiles/Car.elf.dir/Drivers/STM32F4xx_HAL_Driver/Src/stm32f4xx_hal_uart.c.obj
                0x0000000008004494                HAL_UART_Receive_DMA
 *fill*         0x00000000080044ba        0x2 
 .text.Control_Proc
                0x00000000080044bc      0x5d8 CMakeFiles/Car.elf.dir/Task/Control.c.obj
                0x00000000080044bc                Control_Proc
 .text.My_ABS   0x0000000008004a94        0xa CMakeFiles/Car.elf.dir/Task/Motor.c.obj
                0x0000000008004a94                My_ABS
 *fill*         0x0000000008004a9e        0x2 
 .text.Motor_Receive_Data
                0x0000000008004aa0      0x1d8 CMakeFiles/Car.elf.dir/Task/Motor.c.obj
                0x0000000008004aa0                Motor_Receive_Data
 .text.Motor_Enable
                0x0000000008004c78       0x38 CMakeFiles/Car.elf.dir/Task/Motor.c.obj
                0x0000000008004c78                Motor_Enable
 .text.Motor_Reset
                0x0000000008004cb0       0x58 CMakeFiles/Car.elf.dir/Task/Motor.c.obj
                0x0000000008004cb0                Motor_Reset
 .text.Motor_Enable_All
                0x0000000008004d08       0x22 CMakeFiles/Car.elf.dir/Task/Motor.c.obj
                0x0000000008004d08                Motor_Enable_All
 *fill*         0x0000000008004d2a        0x2 
 .text.Motor_Init
                0x0000000008004d2c       0x30 CMakeFiles/Car.elf.dir/Task/Motor.c.obj
                0x0000000008004d2c                Motor_Init
 .text.Motor_State_Scan
                0x0000000008004d5c       0x2c CMakeFiles/Car.elf.dir/Task/Motor.c.obj
                0x0000000008004d5c                Motor_State_Scan
 .text.Motor_Run
                0x0000000008004d88       0x30 CMakeFiles/Car.elf.dir/Task/Motor.c.obj
                0x0000000008004d88                Motor_Run
 .text.Motor_SetSpeed
                0x0000000008004db8       0x68 CMakeFiles/Car.elf.dir/Task/Motor.c.obj
                0x0000000008004db8                Motor_SetSpeed
 .text.Motor_SetPosition
                0x0000000008004e20       0x98 CMakeFiles/Car.elf.dir/Task/Motor.c.obj
                0x0000000008004e20                Motor_SetPosition
 .text.Motor_SetPosition_A
                0x0000000008004eb8       0xc4 CMakeFiles/Car.elf.dir/Task/Motor.c.obj
                0x0000000008004eb8                Motor_SetPosition_A
 *fill*         0x0000000008004f7c        0x4 
 .text.Car_Go_Target
                0x0000000008004f80      0x150 CMakeFiles/Car.elf.dir/Task/Motor.c.obj
                0x0000000008004f80                Car_Go_Target
 .text.Car_Turn
                0x00000000080050d0      0x138 CMakeFiles/Car.elf.dir/Task/Motor.c.obj
                0x00000000080050d0                Car_Turn
 .text.Car_Calibration
                0x0000000008005208      0x27c CMakeFiles/Car.elf.dir/Task/Motor.c.obj
                0x0000000008005208                Car_Calibration
 .text.HuaGui_UP
                0x0000000008005484       0x20 CMakeFiles/Car.elf.dir/Task/Motor.c.obj
                0x0000000008005484                HuaGui_UP
 .text.HuaGui_DOWN
                0x00000000080054a4       0x20 CMakeFiles/Car.elf.dir/Task/Motor.c.obj
                0x00000000080054a4                HuaGui_DOWN
 .text.HuaGui_DOWN2
                0x00000000080054c4       0x20 CMakeFiles/Car.elf.dir/Task/Motor.c.obj
                0x00000000080054c4                HuaGui_DOWN2
 .text.HuaGui_Fang
                0x00000000080054e4       0x20 CMakeFiles/Car.elf.dir/Task/Motor.c.obj
                0x00000000080054e4                HuaGui_Fang
 .text.HuaGui_Qu
                0x0000000008005504       0x20 CMakeFiles/Car.elf.dir/Task/Motor.c.obj
                0x0000000008005504                HuaGui_Qu
 .text.HuaGui_ZhuanPan
                0x0000000008005524       0x20 CMakeFiles/Car.elf.dir/Task/Motor.c.obj
                0x0000000008005524                HuaGui_ZhuanPan
 *fill*         0x0000000008005544        0x4 
 .text.HAL_TIM_PeriodElapsedCallback
                0x0000000008005548      0x100 CMakeFiles/Car.elf.dir/Task/Move.c.obj
                0x0000000008005548                HAL_TIM_PeriodElapsedCallback
 .text.Get_Loads
                0x0000000008005648      0x298 CMakeFiles/Car.elf.dir/Task/Move.c.obj
                0x0000000008005648                Get_Loads
 .text.Put_Loads
                0x00000000080058e0      0x254 CMakeFiles/Car.elf.dir/Task/Move.c.obj
                0x00000000080058e0                Put_Loads
 .text.Servo_SetAngle
                0x0000000008005b34       0xe8 CMakeFiles/Car.elf.dir/Task/Servo.c.obj
                0x0000000008005b34                Servo_SetAngle
 .text.Servo_CallBack
                0x0000000008005c1c       0xe8 CMakeFiles/Car.elf.dir/Task/Servo.c.obj
                0x0000000008005c1c                Servo_CallBack
 .text.JiaZhua_Turn
                0x0000000008005d04       0x6c CMakeFiles/Car.elf.dir/Task/Servo.c.obj
                0x0000000008005d04                JiaZhua_Turn
 .text.HuaGui_Turn
                0x0000000008005d70       0x78 CMakeFiles/Car.elf.dir/Task/Servo.c.obj
                0x0000000008005d70                HuaGui_Turn
 .text.ZaiWu_Turn
                0x0000000008005de8       0xd0 CMakeFiles/Car.elf.dir/Task/Servo.c.obj
                0x0000000008005de8                ZaiWu_Turn
 .text.__errno  0x0000000008005eb8        0xc /usr/local/arm/10.3/bin/../lib/gcc/arm-none-eabi/10.3.1/../../../../arm-none-eabi/lib/thumb/v7e-m/nofp/libg.a(lib_a-errno.o)
                0x0000000008005eb8                __errno
 .text.__libc_init_array
                0x0000000008005ec4       0x48 /usr/local/arm/10.3/bin/../lib/gcc/arm-none-eabi/10.3.1/../../../../arm-none-eabi/lib/thumb/v7e-m/nofp/libg.a(lib_a-init.o)
                0x0000000008005ec4                __libc_init_array
 .text.memset   0x0000000008005f0c       0xa4 /usr/local/arm/10.3/bin/../lib/gcc/arm-none-eabi/10.3.1/../../../../arm-none-eabi/lib/thumb/v7e-m/nofp/libg.a(lib_a-memset.o)
                0x0000000008005f0c                memset
 .text.printf   0x0000000008005fb0       0x28 /usr/local/arm/10.3/bin/../lib/gcc/arm-none-eabi/10.3.1/../../../../arm-none-eabi/lib/thumb/v7e-m/nofp/libg.a(lib_a-printf.o)
                0x0000000008005fb0                printf
 .text._puts_r  0x0000000008005fd8       0x9c /usr/local/arm/10.3/bin/../lib/gcc/arm-none-eabi/10.3.1/../../../../arm-none-eabi/lib/thumb/v7e-m/nofp/libg.a(lib_a-puts.o)
                0x0000000008005fd8                _puts_r
 .text.puts     0x0000000008006074       0x10 /usr/local/arm/10.3/bin/../lib/gcc/arm-none-eabi/10.3.1/../../../../arm-none-eabi/lib/thumb/v7e-m/nofp/libg.a(lib_a-puts.o)
                0x0000000008006074                puts
 .text.setvbuf  0x0000000008006084      0x1b0 /usr/local/arm/10.3/bin/../lib/gcc/arm-none-eabi/10.3.1/../../../../arm-none-eabi/lib/thumb/v7e-m/nofp/libg.a(lib_a-setvbuf.o)
                0x0000000008006084                setvbuf
 .text._vfprintf_r
                0x0000000008006234     0x1ad4 /usr/local/arm/10.3/bin/../lib/gcc/arm-none-eabi/10.3.1/../../../../arm-none-eabi/lib/thumb/v7e-m/nofp/libg.a(lib_a-vfprintf.o)
                0x0000000008006234                _vfprintf_r
 .text.__sbprintf
                0x0000000008007d08       0x80 /usr/local/arm/10.3/bin/../lib/gcc/arm-none-eabi/10.3.1/../../../../arm-none-eabi/lib/thumb/v7e-m/nofp/libg.a(lib_a-vfprintf.o)
 .text.__swsetup_r
                0x0000000008007d88       0xd4 /usr/local/arm/10.3/bin/../lib/gcc/arm-none-eabi/10.3.1/../../../../arm-none-eabi/lib/thumb/v7e-m/nofp/libg.a(lib_a-wsetup.o)
                0x0000000008007d88                __swsetup_r
 .text.quorem   0x0000000008007e5c      0x124 /usr/local/arm/10.3/bin/../lib/gcc/arm-none-eabi/10.3.1/../../../../arm-none-eabi/lib/thumb/v7e-m/nofp/libg.a(lib_a-dtoa.o)
 .text._dtoa_r  0x0000000008007f80      0xec4 /usr/local/arm/10.3/bin/../lib/gcc/arm-none-eabi/10.3.1/../../../../arm-none-eabi/lib/thumb/v7e-m/nofp/libg.a(lib_a-dtoa.o)
                0x0000000008007f80                _dtoa_r
 .text.__sflush_r
                0x0000000008008e44      0x120 /usr/local/arm/10.3/bin/../lib/gcc/arm-none-eabi/10.3.1/../../../../arm-none-eabi/lib/thumb/v7e-m/nofp/libg.a(lib_a-fflush.o)
                0x0000000008008e44                __sflush_r
 .text._fflush_r
                0x0000000008008f64       0x5c /usr/local/arm/10.3/bin/../lib/gcc/arm-none-eabi/10.3.1/../../../../arm-none-eabi/lib/thumb/v7e-m/nofp/libg.a(lib_a-fflush.o)
                0x0000000008008f64                _fflush_r
 .text._cleanup_r
                0x0000000008008fc0        0xc /usr/local/arm/10.3/bin/../lib/gcc/arm-none-eabi/10.3.1/../../../../arm-none-eabi/lib/thumb/v7e-m/nofp/libg.a(lib_a-findfp.o)
                0x0000000008008fc0                _cleanup_r
 .text.__sinit  0x0000000008008fcc      0x10c /usr/local/arm/10.3/bin/../lib/gcc/arm-none-eabi/10.3.1/../../../../arm-none-eabi/lib/thumb/v7e-m/nofp/libg.a(lib_a-findfp.o)
                0x0000000008008fcc                __sinit
 .text.__sfp_lock_acquire
                0x00000000080090d8        0xc /usr/local/arm/10.3/bin/../lib/gcc/arm-none-eabi/10.3.1/../../../../arm-none-eabi/lib/thumb/v7e-m/nofp/libg.a(lib_a-findfp.o)
                0x00000000080090d8                __sfp_lock_acquire
 .text.__sfp_lock_release
                0x00000000080090e4        0xc /usr/local/arm/10.3/bin/../lib/gcc/arm-none-eabi/10.3.1/../../../../arm-none-eabi/lib/thumb/v7e-m/nofp/libg.a(lib_a-findfp.o)
                0x00000000080090e4                __sfp_lock_release
 .text._malloc_trim_r
                0x00000000080090f0       0xa0 /usr/local/arm/10.3/bin/../lib/gcc/arm-none-eabi/10.3.1/../../../../arm-none-eabi/lib/thumb/v7e-m/nofp/libg.a(lib_a-freer.o)
                0x00000000080090f0                _malloc_trim_r
 .text._free_r  0x0000000008009190      0x20c /usr/local/arm/10.3/bin/../lib/gcc/arm-none-eabi/10.3.1/../../../../arm-none-eabi/lib/thumb/v7e-m/nofp/libg.a(lib_a-freer.o)
                0x0000000008009190                _free_r
 .text.__sfvwrite_r
                0x000000000800939c      0x2e8 /usr/local/arm/10.3/bin/../lib/gcc/arm-none-eabi/10.3.1/../../../../arm-none-eabi/lib/thumb/v7e-m/nofp/libg.a(lib_a-fvwrite.o)
                0x000000000800939c                __sfvwrite_r
 .text._fwalk_reent
                0x0000000008009684       0x48 /usr/local/arm/10.3/bin/../lib/gcc/arm-none-eabi/10.3.1/../../../../arm-none-eabi/lib/thumb/v7e-m/nofp/libg.a(lib_a-fwalk.o)
                0x0000000008009684                _fwalk_reent
 .text._localeconv_r
                0x00000000080096cc        0x8 /usr/local/arm/10.3/bin/../lib/gcc/arm-none-eabi/10.3.1/../../../../arm-none-eabi/lib/thumb/v7e-m/nofp/libg.a(lib_a-localeconv.o)
                0x00000000080096cc                _localeconv_r
 .text.__retarget_lock_init_recursive
                0x00000000080096d4        0x4 /usr/local/arm/10.3/bin/../lib/gcc/arm-none-eabi/10.3.1/../../../../arm-none-eabi/lib/thumb/v7e-m/nofp/libg.a(lib_a-lock.o)
                0x00000000080096d4                __retarget_lock_init_recursive
 .text.__retarget_lock_close_recursive
                0x00000000080096d8        0x4 /usr/local/arm/10.3/bin/../lib/gcc/arm-none-eabi/10.3.1/../../../../arm-none-eabi/lib/thumb/v7e-m/nofp/libg.a(lib_a-lock.o)
                0x00000000080096d8                __retarget_lock_close_recursive
 .text.__retarget_lock_acquire_recursive
                0x00000000080096dc        0x4 /usr/local/arm/10.3/bin/../lib/gcc/arm-none-eabi/10.3.1/../../../../arm-none-eabi/lib/thumb/v7e-m/nofp/libg.a(lib_a-lock.o)
                0x00000000080096dc                __retarget_lock_acquire_recursive
 .text.__retarget_lock_release_recursive
                0x00000000080096e0        0x4 /usr/local/arm/10.3/bin/../lib/gcc/arm-none-eabi/10.3.1/../../../../arm-none-eabi/lib/thumb/v7e-m/nofp/libg.a(lib_a-lock.o)
                0x00000000080096e0                __retarget_lock_release_recursive
 .text.__smakebuf_r
                0x00000000080096e4       0xe0 /usr/local/arm/10.3/bin/../lib/gcc/arm-none-eabi/10.3.1/../../../../arm-none-eabi/lib/thumb/v7e-m/nofp/libg.a(lib_a-makebuf.o)
                0x00000000080096e4                __smakebuf_r
 .text.__swhatbuf_r
                0x00000000080097c4       0x60 /usr/local/arm/10.3/bin/../lib/gcc/arm-none-eabi/10.3.1/../../../../arm-none-eabi/lib/thumb/v7e-m/nofp/libg.a(lib_a-makebuf.o)
                0x00000000080097c4                __swhatbuf_r
 .text.malloc   0x0000000008009824       0x10 /usr/local/arm/10.3/bin/../lib/gcc/arm-none-eabi/10.3.1/../../../../arm-none-eabi/lib/thumb/v7e-m/nofp/libg.a(lib_a-malloc.o)
                0x0000000008009824                malloc
 .text._malloc_r
                0x0000000008009834      0x560 /usr/local/arm/10.3/bin/../lib/gcc/arm-none-eabi/10.3.1/../../../../arm-none-eabi/lib/thumb/v7e-m/nofp/libg.a(lib_a-mallocr.o)
                0x0000000008009834                _malloc_r
 .text.memmove  0x0000000008009d94       0xf8 /usr/local/arm/10.3/bin/../lib/gcc/arm-none-eabi/10.3.1/../../../../arm-none-eabi/lib/thumb/v7e-m/nofp/libg.a(lib_a-memmove.o)
                0x0000000008009d94                memmove
 .text.__malloc_lock
                0x0000000008009e8c        0xc /usr/local/arm/10.3/bin/../lib/gcc/arm-none-eabi/10.3.1/../../../../arm-none-eabi/lib/thumb/v7e-m/nofp/libg.a(lib_a-mlock.o)
                0x0000000008009e8c                __malloc_lock
 .text.__malloc_unlock
                0x0000000008009e98        0xc /usr/local/arm/10.3/bin/../lib/gcc/arm-none-eabi/10.3.1/../../../../arm-none-eabi/lib/thumb/v7e-m/nofp/libg.a(lib_a-mlock.o)
                0x0000000008009e98                __malloc_unlock
 .text._Balloc  0x0000000008009ea4       0x4c /usr/local/arm/10.3/bin/../lib/gcc/arm-none-eabi/10.3.1/../../../../arm-none-eabi/lib/thumb/v7e-m/nofp/libg.a(lib_a-mprec.o)
                0x0000000008009ea4                _Balloc
 .text._Bfree   0x0000000008009ef0       0x14 /usr/local/arm/10.3/bin/../lib/gcc/arm-none-eabi/10.3.1/../../../../arm-none-eabi/lib/thumb/v7e-m/nofp/libg.a(lib_a-mprec.o)
                0x0000000008009ef0                _Bfree
 .text.__multadd
                0x0000000008009f04       0xa0 /usr/local/arm/10.3/bin/../lib/gcc/arm-none-eabi/10.3.1/../../../../arm-none-eabi/lib/thumb/v7e-m/nofp/libg.a(lib_a-mprec.o)
                0x0000000008009f04                __multadd
 .text.__hi0bits
                0x0000000008009fa4       0x40 /usr/local/arm/10.3/bin/../lib/gcc/arm-none-eabi/10.3.1/../../../../arm-none-eabi/lib/thumb/v7e-m/nofp/libg.a(lib_a-mprec.o)
                0x0000000008009fa4                __hi0bits
 .text.__lo0bits
                0x0000000008009fe4       0x5c /usr/local/arm/10.3/bin/../lib/gcc/arm-none-eabi/10.3.1/../../../../arm-none-eabi/lib/thumb/v7e-m/nofp/libg.a(lib_a-mprec.o)
                0x0000000008009fe4                __lo0bits
 .text.__i2b    0x000000000800a040       0x5c /usr/local/arm/10.3/bin/../lib/gcc/arm-none-eabi/10.3.1/../../../../arm-none-eabi/lib/thumb/v7e-m/nofp/libg.a(lib_a-mprec.o)
                0x000000000800a040                __i2b
 .text.__multiply
                0x000000000800a09c      0x15c /usr/local/arm/10.3/bin/../lib/gcc/arm-none-eabi/10.3.1/../../../../arm-none-eabi/lib/thumb/v7e-m/nofp/libg.a(lib_a-mprec.o)
                0x000000000800a09c                __multiply
 .text.__pow5mult
                0x000000000800a1f8       0xc0 /usr/local/arm/10.3/bin/../lib/gcc/arm-none-eabi/10.3.1/../../../../arm-none-eabi/lib/thumb/v7e-m/nofp/libg.a(lib_a-mprec.o)
                0x000000000800a1f8                __pow5mult
 .text.__lshift
                0x000000000800a2b8       0xf0 /usr/local/arm/10.3/bin/../lib/gcc/arm-none-eabi/10.3.1/../../../../arm-none-eabi/lib/thumb/v7e-m/nofp/libg.a(lib_a-mprec.o)
                0x000000000800a2b8                __lshift
 .text.__mcmp   0x000000000800a3a8       0x40 /usr/local/arm/10.3/bin/../lib/gcc/arm-none-eabi/10.3.1/../../../../arm-none-eabi/lib/thumb/v7e-m/nofp/libg.a(lib_a-mprec.o)
                0x000000000800a3a8                __mcmp
 .text.__mdiff  0x000000000800a3e8      0x14c /usr/local/arm/10.3/bin/../lib/gcc/arm-none-eabi/10.3.1/../../../../arm-none-eabi/lib/thumb/v7e-m/nofp/libg.a(lib_a-mprec.o)
                0x000000000800a3e8                __mdiff
 .text.__d2b    0x000000000800a534       0xc4 /usr/local/arm/10.3/bin/../lib/gcc/arm-none-eabi/10.3.1/../../../../arm-none-eabi/lib/thumb/v7e-m/nofp/libg.a(lib_a-mprec.o)
                0x000000000800a534                __d2b
 .text._realloc_r
                0x000000000800a5f8      0x3d8 /usr/local/arm/10.3/bin/../lib/gcc/arm-none-eabi/10.3.1/../../../../arm-none-eabi/lib/thumb/v7e-m/nofp/libg.a(lib_a-reallocr.o)
                0x000000000800a5f8                _realloc_r
 .text.frexp    0x000000000800a9d0       0x70 /usr/local/arm/10.3/bin/../lib/gcc/arm-none-eabi/10.3.1/../../../../arm-none-eabi/lib/thumb/v7e-m/nofp/libg.a(lib_a-s_frexp.o)
                0x000000000800a9d0                frexp
 .text._sbrk_r  0x000000000800aa40       0x24 /usr/local/arm/10.3/bin/../lib/gcc/arm-none-eabi/10.3.1/../../../../arm-none-eabi/lib/thumb/v7e-m/nofp/libg.a(lib_a-sbrkr.o)
                0x000000000800aa40                _sbrk_r
 .text.__sread  0x000000000800aa64       0x24 /usr/local/arm/10.3/bin/../lib/gcc/arm-none-eabi/10.3.1/../../../../arm-none-eabi/lib/thumb/v7e-m/nofp/libg.a(lib_a-stdio.o)
                0x000000000800aa64                __sread
 .text.__swrite
                0x000000000800aa88       0x40 /usr/local/arm/10.3/bin/../lib/gcc/arm-none-eabi/10.3.1/../../../../arm-none-eabi/lib/thumb/v7e-m/nofp/libg.a(lib_a-stdio.o)
                0x000000000800aa88                __swrite
 .text.__sseek  0x000000000800aac8       0x20 /usr/local/arm/10.3/bin/../lib/gcc/arm-none-eabi/10.3.1/../../../../arm-none-eabi/lib/thumb/v7e-m/nofp/libg.a(lib_a-stdio.o)
                0x000000000800aac8                __sseek
 .text.__sclose
                0x000000000800aae8        0x8 /usr/local/arm/10.3/bin/../lib/gcc/arm-none-eabi/10.3.1/../../../../arm-none-eabi/lib/thumb/v7e-m/nofp/libg.a(lib_a-stdio.o)
                0x000000000800aae8                __sclose
 .text.strncpy  0x000000000800aaf0       0x64 /usr/local/arm/10.3/bin/../lib/gcc/arm-none-eabi/10.3.1/../../../../arm-none-eabi/lib/thumb/v7e-m/nofp/libg.a(lib_a-strncpy.o)
                0x000000000800aaf0                strncpy
 .text.__sprint_r.part.0
                0x000000000800ab54       0x78 /usr/local/arm/10.3/bin/../lib/gcc/arm-none-eabi/10.3.1/../../../../arm-none-eabi/lib/thumb/v7e-m/nofp/libg.a(lib_a-vfiprintf.o)
 .text.__sprint_r
                0x000000000800abcc       0x14 /usr/local/arm/10.3/bin/../lib/gcc/arm-none-eabi/10.3.1/../../../../arm-none-eabi/lib/thumb/v7e-m/nofp/libg.a(lib_a-vfiprintf.o)
                0x000000000800abcc                __sprint_r
 .text._vfiprintf_r
                0x000000000800abe0      0xda0 /usr/local/arm/10.3/bin/../lib/gcc/arm-none-eabi/10.3.1/../../../../arm-none-eabi/lib/thumb/v7e-m/nofp/libg.a(lib_a-vfiprintf.o)
                0x000000000800abe0                _vfiprintf_r
 .text.__sbprintf
                0x000000000800b980       0x80 /usr/local/arm/10.3/bin/../lib/gcc/arm-none-eabi/10.3.1/../../../../arm-none-eabi/lib/thumb/v7e-m/nofp/libg.a(lib_a-vfiprintf.o)
 .text._write_r
                0x000000000800ba00       0x2c /usr/local/arm/10.3/bin/../lib/gcc/arm-none-eabi/10.3.1/../../../../arm-none-eabi/lib/thumb/v7e-m/nofp/libg.a(lib_a-writer.o)
                0x000000000800ba00                _write_r
 .text.__assert_func
                0x000000000800ba2c       0x40 /usr/local/arm/10.3/bin/../lib/gcc/arm-none-eabi/10.3.1/../../../../arm-none-eabi/lib/thumb/v7e-m/nofp/libg.a(lib_a-assert.o)
                0x000000000800ba2c                __assert_func
 .text._calloc_r
                0x000000000800ba6c       0x78 /usr/local/arm/10.3/bin/../lib/gcc/arm-none-eabi/10.3.1/../../../../arm-none-eabi/lib/thumb/v7e-m/nofp/libg.a(lib_a-callocr.o)
                0x000000000800ba6c                _calloc_r
 .text._close_r
                0x000000000800bae4       0x24 /usr/local/arm/10.3/bin/../lib/gcc/arm-none-eabi/10.3.1/../../../../arm-none-eabi/lib/thumb/v7e-m/nofp/libg.a(lib_a-closer.o)
                0x000000000800bae4                _close_r
 .text._fclose_r
                0x000000000800bb08       0xcc /usr/local/arm/10.3/bin/../lib/gcc/arm-none-eabi/10.3.1/../../../../arm-none-eabi/lib/thumb/v7e-m/nofp/libg.a(lib_a-fclose.o)
                0x000000000800bb08                _fclose_r
 .text.fiprintf
                0x000000000800bbd4       0x28 /usr/local/arm/10.3/bin/../lib/gcc/arm-none-eabi/10.3.1/../../../../arm-none-eabi/lib/thumb/v7e-m/nofp/libg.a(lib_a-fiprintf.o)
                0x000000000800bbd4                fiprintf
 .text.__fputwc
                0x000000000800bbfc       0xa8 /usr/local/arm/10.3/bin/../lib/gcc/arm-none-eabi/10.3.1/../../../../arm-none-eabi/lib/thumb/v7e-m/nofp/libg.a(lib_a-fputwc.o)
                0x000000000800bbfc                __fputwc
 .text._fputwc_r
                0x000000000800bca4       0x68 /usr/local/arm/10.3/bin/../lib/gcc/arm-none-eabi/10.3.1/../../../../arm-none-eabi/lib/thumb/v7e-m/nofp/libg.a(lib_a-fputwc.o)
                0x000000000800bca4                _fputwc_r
 .text._fstat_r
                0x000000000800bd0c       0x2c /usr/local/arm/10.3/bin/../lib/gcc/arm-none-eabi/10.3.1/../../../../arm-none-eabi/lib/thumb/v7e-m/nofp/libg.a(lib_a-fstatr.o)
                0x000000000800bd0c                _fstat_r
 .text._isatty_r
                0x000000000800bd38       0x24 /usr/local/arm/10.3/bin/../lib/gcc/arm-none-eabi/10.3.1/../../../../arm-none-eabi/lib/thumb/v7e-m/nofp/libg.a(lib_a-isattyr.o)
                0x000000000800bd38                _isatty_r
 .text.__locale_mb_cur_max
                0x000000000800bd5c        0xc /usr/local/arm/10.3/bin/../lib/gcc/arm-none-eabi/10.3.1/../../../../arm-none-eabi/lib/thumb/v7e-m/nofp/libg.a(lib_a-locale.o)
                0x000000000800bd5c                __locale_mb_cur_max
 .text._lseek_r
                0x000000000800bd68       0x2c /usr/local/arm/10.3/bin/../lib/gcc/arm-none-eabi/10.3.1/../../../../arm-none-eabi/lib/thumb/v7e-m/nofp/libg.a(lib_a-lseekr.o)
                0x000000000800bd68                _lseek_r
 .text.__ascii_mbtowc
                0x000000000800bd94       0x2c /usr/local/arm/10.3/bin/../lib/gcc/arm-none-eabi/10.3.1/../../../../arm-none-eabi/lib/thumb/v7e-m/nofp/libg.a(lib_a-mbtowc_r.o)
                0x000000000800bd94                __ascii_mbtowc
 .text._read_r  0x000000000800bdc0       0x2c /usr/local/arm/10.3/bin/../lib/gcc/arm-none-eabi/10.3.1/../../../../arm-none-eabi/lib/thumb/v7e-m/nofp/libg.a(lib_a-readr.o)
                0x000000000800bdc0                _read_r
 .text.__swbuf_r
                0x000000000800bdec       0xb0 /usr/local/arm/10.3/bin/../lib/gcc/arm-none-eabi/10.3.1/../../../../arm-none-eabi/lib/thumb/v7e-m/nofp/libg.a(lib_a-wbuf.o)
                0x000000000800bdec                __swbuf_r
 .text._wcrtomb_r
                0x000000000800be9c       0x3c /usr/local/arm/10.3/bin/../lib/gcc/arm-none-eabi/10.3.1/../../../../arm-none-eabi/lib/thumb/v7e-m/nofp/libg.a(lib_a-wcrtomb.o)
                0x000000000800be9c                _wcrtomb_r
 .text.__ascii_wctomb
                0x000000000800bed8       0x1c /usr/local/arm/10.3/bin/../lib/gcc/arm-none-eabi/10.3.1/../../../../arm-none-eabi/lib/thumb/v7e-m/nofp/libg.a(lib_a-wctomb_r.o)
                0x000000000800bed8                __ascii_wctomb
 .text.abort    0x000000000800bef4       0x10 /usr/local/arm/10.3/bin/../lib/gcc/arm-none-eabi/10.3.1/../../../../arm-none-eabi/lib/thumb/v7e-m/nofp/libg.a(lib_a-abort.o)
                0x000000000800bef4                abort
 .text.raise    0x000000000800bf04       0x5c /usr/local/arm/10.3/bin/../lib/gcc/arm-none-eabi/10.3.1/../../../../arm-none-eabi/lib/thumb/v7e-m/nofp/libg.a(lib_a-signal.o)
                0x000000000800bf04                raise
 .text._kill_r  0x000000000800bf60       0x2c /usr/local/arm/10.3/bin/../lib/gcc/arm-none-eabi/10.3.1/../../../../arm-none-eabi/lib/thumb/v7e-m/nofp/libg.a(lib_a-signalr.o)
                0x000000000800bf60                _kill_r
 .text._getpid_r
                0x000000000800bf8c        0x4 /usr/local/arm/10.3/bin/../lib/gcc/arm-none-eabi/10.3.1/../../../../arm-none-eabi/lib/thumb/v7e-m/nofp/libg.a(lib_a-signalr.o)
                0x000000000800bf8c                _getpid_r
 .text.sqrt     0x000000000800bf90       0x50 /usr/local/arm/10.3/bin/../lib/gcc/arm-none-eabi/10.3.1/../../../../arm-none-eabi/lib/thumb/v7e-m/nofp/libm.a(lib_a-w_sqrt.o)
                0x000000000800bf90                sqrt
 .text.__ieee754_sqrt
                0x000000000800bfe0      0x18c /usr/local/arm/10.3/bin/../lib/gcc/arm-none-eabi/10.3.1/../../../../arm-none-eabi/lib/thumb/v7e-m/nofp/libm.a(lib_a-e_sqrt.o)
                0x000000000800bfe0                __ieee754_sqrt
 *(.glue_7)
 .glue_7        0x000000000800c16c        0x0 linker stubs
 *(.glue_7t)
 .glue_7t       0x000000000800c16c        0x0 linker stubs
 *(.eh_frame)
 *(.init)
 .init          0x000000000800c16c        0x4 /usr/local/arm/10.3/bin/../lib/gcc/arm-none-eabi/10.3.1/thumb/v7e-m/nofp/crti.o
                0x000000000800c16c                _init
 .init          0x000000000800c170        0x8 /usr/local/arm/10.3/bin/../lib/gcc/arm-none-eabi/10.3.1/thumb/v7e-m/nofp/crtn.o
 *(.fini)
 .fini          0x000000000800c178        0x4 /usr/local/arm/10.3/bin/../lib/gcc/arm-none-eabi/10.3.1/thumb/v7e-m/nofp/crti.o
                0x000000000800c178                _fini
 .fini          0x000000000800c17c        0x8 /usr/local/arm/10.3/bin/../lib/gcc/arm-none-eabi/10.3.1/thumb/v7e-m/nofp/crtn.o
                0x000000000800c184                . = ALIGN (0x4)
                0x000000000800c184                _etext = .

.vfp11_veneer   0x000000000800c184        0x0
 .vfp11_veneer  0x000000000800c184        0x0 linker stubs

.v4_bx          0x000000000800c184        0x0
 .v4_bx         0x000000000800c184        0x0 linker stubs

.iplt           0x000000000800c184        0x0
 .iplt          0x000000000800c184        0x0 CMakeFiles/Car.elf.dir/Bsp/Bsp.c.obj

.rodata         0x000000000800c188      0x520
                0x000000000800c188                . = ALIGN (0x4)
 *(.rodata)
 *(.rodata*)
 .rodata.main.str1.4
                0x000000000800c188       0x60 CMakeFiles/Car.elf.dir/Core/Src/main.c.obj
 .rodata.AHBPrescTable
                0x000000000800c1e8       0x10 CMakeFiles/Car.elf.dir/Core/Src/system_stm32f4xx.c.obj
                0x000000000800c1e8                AHBPrescTable
 .rodata.APBPrescTable
                0x000000000800c1f8        0x8 CMakeFiles/Car.elf.dir/Core/Src/system_stm32f4xx.c.obj
                0x000000000800c1f8                APBPrescTable
 .rodata.flagBitshiftOffset.0
                0x000000000800c200        0x8 CMakeFiles/Car.elf.dir/Drivers/STM32F4xx_HAL_Driver/Src/stm32f4xx_hal_dma.c.obj
 .rodata.Control_Proc.str1.4
                0x000000000800c208       0x60 CMakeFiles/Car.elf.dir/Task/Control.c.obj
 .rodata.Motor_Receive_Data.str1.4
                0x000000000800c268       0x41 CMakeFiles/Car.elf.dir/Task/Motor.c.obj
 *fill*         0x000000000800c2a9        0x3 
 .rodata._puts_r.str1.4
                0x000000000800c2ac        0x2 /usr/local/arm/10.3/bin/../lib/gcc/arm-none-eabi/10.3.1/../../../../arm-none-eabi/lib/thumb/v7e-m/nofp/libg.a(lib_a-puts.o)
 *fill*         0x000000000800c2ae        0x2 
 .rodata._vfprintf_r.str1.4
                0x000000000800c2b0       0x42 /usr/local/arm/10.3/bin/../lib/gcc/arm-none-eabi/10.3.1/../../../../arm-none-eabi/lib/thumb/v7e-m/nofp/libg.a(lib_a-vfprintf.o)
 *fill*         0x000000000800c2f2        0x2 
 .rodata.blanks.1
                0x000000000800c2f4       0x10 /usr/local/arm/10.3/bin/../lib/gcc/arm-none-eabi/10.3.1/../../../../arm-none-eabi/lib/thumb/v7e-m/nofp/libg.a(lib_a-vfprintf.o)
 .rodata.zeroes.0
                0x000000000800c304       0x10 /usr/local/arm/10.3/bin/../lib/gcc/arm-none-eabi/10.3.1/../../../../arm-none-eabi/lib/thumb/v7e-m/nofp/libg.a(lib_a-vfprintf.o)
 .rodata._dtoa_r.str1.4
                0x000000000800c314       0xa2 /usr/local/arm/10.3/bin/../lib/gcc/arm-none-eabi/10.3.1/../../../../arm-none-eabi/lib/thumb/v7e-m/nofp/libg.a(lib_a-dtoa.o)
                                         0xa6 (size before relaxing)
 *fill*         0x000000000800c3b6        0x2 
 .rodata.__multadd.str1.4
                0x000000000800c3b8       0x7f /usr/local/arm/10.3/bin/../lib/gcc/arm-none-eabi/10.3.1/../../../../arm-none-eabi/lib/thumb/v7e-m/nofp/libg.a(lib_a-mprec.o)
                                         0x93 (size before relaxing)
 *fill*         0x000000000800c437        0x1 
 .rodata.__mprec_bigtens
                0x000000000800c438       0x28 /usr/local/arm/10.3/bin/../lib/gcc/arm-none-eabi/10.3.1/../../../../arm-none-eabi/lib/thumb/v7e-m/nofp/libg.a(lib_a-mprec.o)
                0x000000000800c438                __mprec_bigtens
 .rodata.__mprec_tens
                0x000000000800c460       0xc8 /usr/local/arm/10.3/bin/../lib/gcc/arm-none-eabi/10.3.1/../../../../arm-none-eabi/lib/thumb/v7e-m/nofp/libg.a(lib_a-mprec.o)
                0x000000000800c460                __mprec_tens
 .rodata.p05.0  0x000000000800c528        0xc /usr/local/arm/10.3/bin/../lib/gcc/arm-none-eabi/10.3.1/../../../../arm-none-eabi/lib/thumb/v7e-m/nofp/libg.a(lib_a-mprec.o)
 .rodata._vfiprintf_r.str1.4
                0x000000000800c534       0x2f /usr/local/arm/10.3/bin/../lib/gcc/arm-none-eabi/10.3.1/../../../../arm-none-eabi/lib/thumb/v7e-m/nofp/libg.a(lib_a-vfiprintf.o)
 .rodata.blanks.1
                0x000000000800c534       0x10 /usr/local/arm/10.3/bin/../lib/gcc/arm-none-eabi/10.3.1/../../../../arm-none-eabi/lib/thumb/v7e-m/nofp/libg.a(lib_a-vfiprintf.o)
 .rodata.zeroes.0
                0x000000000800c544       0x10 /usr/local/arm/10.3/bin/../lib/gcc/arm-none-eabi/10.3.1/../../../../arm-none-eabi/lib/thumb/v7e-m/nofp/libg.a(lib_a-vfiprintf.o)
 .rodata.__assert_func.str1.4
                0x000000000800c554       0x3f /usr/local/arm/10.3/bin/../lib/gcc/arm-none-eabi/10.3.1/../../../../arm-none-eabi/lib/thumb/v7e-m/nofp/libg.a(lib_a-assert.o)
                                         0x43 (size before relaxing)
 *fill*         0x000000000800c593        0x1 
 .rodata._setlocale_r.str1.4
                0x000000000800c594        0xa /usr/local/arm/10.3/bin/../lib/gcc/arm-none-eabi/10.3.1/../../../../arm-none-eabi/lib/thumb/v7e-m/nofp/libg.a(lib_a-locale.o)
                                          0xd (size before relaxing)
 *fill*         0x000000000800c59e        0x2 
 .rodata.str1.4
                0x000000000800c5a0        0x2 /usr/local/arm/10.3/bin/../lib/gcc/arm-none-eabi/10.3.1/../../../../arm-none-eabi/lib/thumb/v7e-m/nofp/libg.a(lib_a-locale.o)
 *fill*         0x000000000800c5a2        0x2 
 .rodata._ctype_
                0x000000000800c5a4      0x101 /usr/local/arm/10.3/bin/../lib/gcc/arm-none-eabi/10.3.1/../../../../arm-none-eabi/lib/thumb/v7e-m/nofp/libg.a(lib_a-ctype_.o)
                0x000000000800c5a4                _ctype_
                0x000000000800c6a8                . = ALIGN (0x4)
 *fill*         0x000000000800c6a5        0x3 
                0x000000000800c6b0                _sidata = LOADADDR (.data)

.ARM.exidx      0x000000000800c6a8        0x8
 .ARM.exidx     0x000000000800c6a8        0x8 /usr/local/arm/10.3/bin/../lib/gcc/arm-none-eabi/10.3.1/thumb/v7e-m/nofp/libgcc.a(_udivmoddi4.o)

.rel.dyn        0x000000000800c6b0        0x0
 .rel.iplt      0x000000000800c6b0        0x0 CMakeFiles/Car.elf.dir/Bsp/Bsp.c.obj

.data           0x0000000020000000      0x9d4 load address 0x000000000800c6b0
                0x0000000020000000                . = ALIGN (0x4)
                0x0000000020000000                _sdata = .
 *(.data)
 *(.data*)
 .data.SystemCoreClock
                0x0000000020000000        0x4 CMakeFiles/Car.elf.dir/Core/Src/system_stm32f4xx.c.obj
                0x0000000020000000                SystemCoreClock
 .data.uwTickFreq
                0x0000000020000004        0x1 CMakeFiles/Car.elf.dir/Drivers/STM32F4xx_HAL_Driver/Src/stm32f4xx_hal.c.obj
                0x0000000020000004                uwTickFreq
 *fill*         0x0000000020000005        0x3 
 .data.uwTickPrio
                0x0000000020000008        0x4 CMakeFiles/Car.elf.dir/Drivers/STM32F4xx_HAL_Driver/Src/stm32f4xx_hal.c.obj
                0x0000000020000008                uwTickPrio
 .data.Car_Acc  0x000000002000000c        0x2 CMakeFiles/Car.elf.dir/Task/Control.c.obj
                0x000000002000000c                Car_Acc
 .data.Car_Acc_Slow
                0x000000002000000e        0x2 CMakeFiles/Car.elf.dir/Task/Control.c.obj
                0x000000002000000e                Car_Acc_Slow
 .data.Car_Speed
                0x0000000020000010        0x2 CMakeFiles/Car.elf.dir/Task/Control.c.obj
                0x0000000020000010                Car_Speed
 .data.Car_Speed_Slow
                0x0000000020000012        0x2 CMakeFiles/Car.elf.dir/Task/Control.c.obj
                0x0000000020000012                Car_Speed_Slow
 .data.Car_Turn_Speed_Limit
                0x0000000020000014        0x2 CMakeFiles/Car.elf.dir/Task/Control.c.obj
                0x0000000020000014                Car_Turn_Speed_Limit
 .data.Motor_HuaGui_ACC
                0x0000000020000016        0x2 CMakeFiles/Car.elf.dir/Task/Control.c.obj
                0x0000000020000016                Motor_HuaGui_ACC
 .data.Motor_HuaGui_Speed
                0x0000000020000018        0x2 CMakeFiles/Car.elf.dir/Task/Control.c.obj
                0x0000000020000018                Motor_HuaGui_Speed
 .data.Stop_Flag_HuaGui
                0x000000002000001a        0x1 CMakeFiles/Car.elf.dir/Task/Motor.c.obj
                0x000000002000001a                Stop_Flag_HuaGui
 *fill*         0x000000002000001b        0x1 
 .data.HuaGui_Angle
                0x000000002000001c        0x4 CMakeFiles/Car.elf.dir/Task/Servo.c.obj
                0x000000002000001c                HuaGui_Angle
 .data.JiaZhua_Angle
                0x0000000020000020        0x4 CMakeFiles/Car.elf.dir/Task/Servo.c.obj
                0x0000000020000020                JiaZhua_Angle
 .data.ZaiWu_Angle
                0x0000000020000024        0x4 CMakeFiles/Car.elf.dir/Task/Servo.c.obj
                0x0000000020000024                ZaiWu_Angle
 .data._impure_ptr
                0x0000000020000028        0x4 /usr/local/arm/10.3/bin/../lib/gcc/arm-none-eabi/10.3.1/../../../../arm-none-eabi/lib/thumb/v7e-m/nofp/libg.a(lib_a-impure.o)
                0x0000000020000028                _impure_ptr
 *fill*         0x000000002000002c        0x4 
 .data.impure_data
                0x0000000020000030      0x428 /usr/local/arm/10.3/bin/../lib/gcc/arm-none-eabi/10.3.1/../../../../arm-none-eabi/lib/thumb/v7e-m/nofp/libg.a(lib_a-impure.o)
 .data.__malloc_av_
                0x0000000020000458      0x408 /usr/local/arm/10.3/bin/../lib/gcc/arm-none-eabi/10.3.1/../../../../arm-none-eabi/lib/thumb/v7e-m/nofp/libg.a(lib_a-mallocr.o)
                0x0000000020000458                __malloc_av_
 .data.__malloc_sbrk_base
                0x0000000020000860        0x4 /usr/local/arm/10.3/bin/../lib/gcc/arm-none-eabi/10.3.1/../../../../arm-none-eabi/lib/thumb/v7e-m/nofp/libg.a(lib_a-mallocr.o)
                0x0000000020000860                __malloc_sbrk_base
 .data.__malloc_trim_threshold
                0x0000000020000864        0x4 /usr/local/arm/10.3/bin/../lib/gcc/arm-none-eabi/10.3.1/../../../../arm-none-eabi/lib/thumb/v7e-m/nofp/libg.a(lib_a-mallocr.o)
                0x0000000020000864                __malloc_trim_threshold
 .data.__global_locale
                0x0000000020000868      0x16c /usr/local/arm/10.3/bin/../lib/gcc/arm-none-eabi/10.3.1/../../../../arm-none-eabi/lib/thumb/v7e-m/nofp/libg.a(lib_a-locale.o)
                0x0000000020000868                __global_locale
 *(.RamFunc)
 *(.RamFunc*)
                0x00000000200009d4                . = ALIGN (0x4)
                0x00000000200009d4                _edata = .
                0x000000000800d084                _siccmram = LOADADDR (.ccmram)

.igot.plt       0x00000000200009d4        0x0 load address 0x000000000800d084
 .igot.plt      0x00000000200009d4        0x0 CMakeFiles/Car.elf.dir/Bsp/Bsp.c.obj

.ccmram         0x0000000010000000        0x0 load address 0x000000000800d084
                0x0000000010000000                . = ALIGN (0x4)
                0x0000000010000000                _sccmram = .
 *(.ccmram)
 *(.ccmram*)
                0x0000000010000000                . = ALIGN (0x4)
                0x0000000010000000                _eccmram = .
                0x0000000010000000                . = ALIGN (0x4)

.bss            0x00000000200009d8      0x53c
                0x00000000200009d8                _sbss = .
                0x00000000200009d8                __bss_start__ = _sbss
 *(.bss)
 *(.bss*)
 .bss.JY901_data
                0x00000000200009d8       0x48 CMakeFiles/Car.elf.dir/Bsp/JY901.c.obj
                0x00000000200009d8                JY901_data
 .bss.stcAcc    0x0000000020000a20        0x8 CMakeFiles/Car.elf.dir/Bsp/JY901.c.obj
                0x0000000020000a20                stcAcc
 .bss.stcAngle  0x0000000020000a28        0x8 CMakeFiles/Car.elf.dir/Bsp/JY901.c.obj
                0x0000000020000a28                stcAngle
 .bss.stcGyro   0x0000000020000a30        0x8 CMakeFiles/Car.elf.dir/Bsp/JY901.c.obj
                0x0000000020000a30                stcGyro
 .bss.fac_us    0x0000000020000a38        0x1 CMakeFiles/Car.elf.dir/Bsp/My_Delay.c.obj
 *fill*         0x0000000020000a39        0x3 
 .bss.Yaw       0x0000000020000a3c        0x4 CMakeFiles/Car.elf.dir/Bsp/Uart_Bsp.c.obj
                0x0000000020000a3c                Yaw
 .bss.gHuart    0x0000000020000a40        0x4 CMakeFiles/Car.elf.dir/Bsp/retarget.c.obj
                0x0000000020000a40                gHuart
 .bss.__sbrk_heap_end
                0x0000000020000a44        0x4 CMakeFiles/Car.elf.dir/Core/Src/sysmem.c.obj
 .bss.htim3     0x0000000020000a48       0x48 CMakeFiles/Car.elf.dir/Core/Src/tim.c.obj
                0x0000000020000a48                htim3
 .bss.htim6     0x0000000020000a90       0x48 CMakeFiles/Car.elf.dir/Core/Src/tim.c.obj
                0x0000000020000a90                htim6
 .bss.htim7     0x0000000020000ad8       0x48 CMakeFiles/Car.elf.dir/Core/Src/tim.c.obj
                0x0000000020000ad8                htim7
 .bss.hdma_usart3_rx
                0x0000000020000b20       0x60 CMakeFiles/Car.elf.dir/Core/Src/usart.c.obj
                0x0000000020000b20                hdma_usart3_rx
 .bss.huart1    0x0000000020000b80       0x48 CMakeFiles/Car.elf.dir/Core/Src/usart.c.obj
                0x0000000020000b80                huart1
 .bss.huart3    0x0000000020000bc8       0x48 CMakeFiles/Car.elf.dir/Core/Src/usart.c.obj
                0x0000000020000bc8                huart3
 .bss.huart5    0x0000000020000c10       0x48 CMakeFiles/Car.elf.dir/Core/Src/usart.c.obj
                0x0000000020000c10                huart5
 .bss.uwTick    0x0000000020000c58        0x4 CMakeFiles/Car.elf.dir/Drivers/STM32F4xx_HAL_Driver/Src/stm32f4xx_hal.c.obj
                0x0000000020000c58                uwTick
 .bss.Last_Data1.8
                0x0000000020000c5c        0x1 CMakeFiles/Car.elf.dir/Task/Control.c.obj
 .bss.Running_Flag
                0x0000000020000c5d        0x1 CMakeFiles/Car.elf.dir/Task/Control.c.obj
                0x0000000020000c5d                Running_Flag
 .bss.Running_Mode
                0x0000000020000c5e        0x1 CMakeFiles/Car.elf.dir/Task/Control.c.obj
                0x0000000020000c5e                Running_Mode
 *fill*         0x0000000020000c5f        0x1 
 .bss.Task_Data1
                0x0000000020000c60       0xc8 CMakeFiles/Car.elf.dir/Task/Control.c.obj
                0x0000000020000c60                Task_Data1
 .bss.Task_Data2
                0x0000000020000d28       0xc8 CMakeFiles/Car.elf.dir/Task/Control.c.obj
                0x0000000020000d28                Task_Data2
 .bss.Task_Flag
                0x0000000020000df0       0x64 CMakeFiles/Car.elf.dir/Task/Control.c.obj
                0x0000000020000df0                Task_Flag
 .bss.Task_Num_0
                0x0000000020000e54        0x1 CMakeFiles/Car.elf.dir/Task/Control.c.obj
                0x0000000020000e54                Task_Num_0
 *fill*         0x0000000020000e55        0x1 
 .bss.Task_Num_1
                0x0000000020000e56        0x2 CMakeFiles/Car.elf.dir/Task/Control.c.obj
                0x0000000020000e56                Task_Num_1
 .bss.Task_Num_2
                0x0000000020000e58        0x2 CMakeFiles/Car.elf.dir/Task/Control.c.obj
                0x0000000020000e58                Task_Num_2
 .bss.temp.0    0x0000000020000e5a        0x1 CMakeFiles/Car.elf.dir/Task/Control.c.obj
 .bss.temp.1    0x0000000020000e5b        0x1 CMakeFiles/Car.elf.dir/Task/Control.c.obj
 .bss.temp.10   0x0000000020000e5c        0x1 CMakeFiles/Car.elf.dir/Task/Control.c.obj
 .bss.temp.11   0x0000000020000e5d        0x1 CMakeFiles/Car.elf.dir/Task/Control.c.obj
 .bss.temp.4    0x0000000020000e5e        0x1 CMakeFiles/Car.elf.dir/Task/Control.c.obj
 .bss.temp.7    0x0000000020000e5f        0x1 CMakeFiles/Car.elf.dir/Task/Control.c.obj
 .bss.temp.9    0x0000000020000e60        0x1 CMakeFiles/Car.elf.dir/Task/Control.c.obj
 .bss.temp1.3   0x0000000020000e61        0x1 CMakeFiles/Car.elf.dir/Task/Control.c.obj
 .bss.temp1.6   0x0000000020000e62        0x1 CMakeFiles/Car.elf.dir/Task/Control.c.obj
 .bss.temp2.2   0x0000000020000e63        0x1 CMakeFiles/Car.elf.dir/Task/Control.c.obj
 .bss.temp2.5   0x0000000020000e64        0x1 CMakeFiles/Car.elf.dir/Task/Control.c.obj
 .bss.Car_Task_Data_0
                0x0000000020000e65        0x1 CMakeFiles/Car.elf.dir/Task/Control_Logic.c.obj
                0x0000000020000e65                Car_Task_Data_0
 .bss.Car_Task_Data_1
                0x0000000020000e66        0x2 CMakeFiles/Car.elf.dir/Task/Control_Logic.c.obj
                0x0000000020000e66                Car_Task_Data_1
 .bss.Car_Task_Data_2
                0x0000000020000e68        0x2 CMakeFiles/Car.elf.dir/Task/Control_Logic.c.obj
                0x0000000020000e68                Car_Task_Data_2
 .bss.HuaGui_Motor_State
                0x0000000020000e6a        0x1 CMakeFiles/Car.elf.dir/Task/Motor.c.obj
                0x0000000020000e6a                HuaGui_Motor_State
 *fill*         0x0000000020000e6b        0x1 
 .bss.Last_Yaw.5
                0x0000000020000e6c        0x4 CMakeFiles/Car.elf.dir/Task/Motor.c.obj
 .bss.Motor_HuaGui_Current_amount
                0x0000000020000e70        0x2 CMakeFiles/Car.elf.dir/Task/Motor.c.obj
                0x0000000020000e70                Motor_HuaGui_Current_amount
 .bss.Motor_RxBuff
                0x0000000020000e72        0x1 CMakeFiles/Car.elf.dir/Task/Motor.c.obj
                0x0000000020000e72                Motor_RxBuff
 .bss.Motor_Stop_Flag_Car
                0x0000000020000e73        0x1 CMakeFiles/Car.elf.dir/Task/Motor.c.obj
                0x0000000020000e73                Motor_Stop_Flag_Car
 .bss.RxBuffer1
                0x0000000020000e74       0x14 CMakeFiles/Car.elf.dir/Task/Motor.c.obj
                0x0000000020000e74                RxBuffer1
 .bss.RxCounter1.9
                0x0000000020000e88        0x1 CMakeFiles/Car.elf.dir/Task/Motor.c.obj
 .bss.RxState.10
                0x0000000020000e89        0x1 CMakeFiles/Car.elf.dir/Task/Motor.c.obj
 *fill*         0x0000000020000e8a        0x2 
 .bss.Send_Data
                0x0000000020000e8c       0x14 CMakeFiles/Car.elf.dir/Task/Motor.c.obj
                0x0000000020000e8c                Send_Data
 .bss.Stop_Counter.2
                0x0000000020000ea0        0x1 CMakeFiles/Car.elf.dir/Task/Motor.c.obj
 .bss.Temp_State.1
                0x0000000020000ea1        0x1 CMakeFiles/Car.elf.dir/Task/Motor.c.obj
 .bss.Temp_State.6
                0x0000000020000ea2        0x1 CMakeFiles/Car.elf.dir/Task/Motor.c.obj
 *fill*         0x0000000020000ea3        0x1 
 .bss.Temp_Yaw.0
                0x0000000020000ea4        0x4 CMakeFiles/Car.elf.dir/Task/Motor.c.obj
 .bss.Temp_Yaw.4
                0x0000000020000ea8        0x4 CMakeFiles/Car.elf.dir/Task/Motor.c.obj
 .bss.Car_Counter
                0x0000000020000eac        0x2 CMakeFiles/Car.elf.dir/Task/Move.c.obj
                0x0000000020000eac                Car_Counter
 .bss.Car_Counter_Enable
                0x0000000020000eae        0x1 CMakeFiles/Car.elf.dir/Task/Move.c.obj
                0x0000000020000eae                Car_Counter_Enable
 *fill*         0x0000000020000eaf        0x1 
 .bss.Car_Counter_Times
                0x0000000020000eb0        0x2 CMakeFiles/Car.elf.dir/Task/Move.c.obj
                0x0000000020000eb0                Car_Counter_Times
 .bss.Car_Task_Time
                0x0000000020000eb2        0x2 CMakeFiles/Car.elf.dir/Task/Move.c.obj
                0x0000000020000eb2                Car_Task_Time
 .bss.Counter   0x0000000020000eb4        0x2 CMakeFiles/Car.elf.dir/Task/Move.c.obj
                0x0000000020000eb4                Counter
 .bss.Counter_Enable
                0x0000000020000eb6        0x1 CMakeFiles/Car.elf.dir/Task/Move.c.obj
                0x0000000020000eb6                Counter_Enable
 *fill*         0x0000000020000eb7        0x1 
 .bss.Counter_Times
                0x0000000020000eb8        0x2 CMakeFiles/Car.elf.dir/Task/Move.c.obj
                0x0000000020000eb8                Counter_Times
 .bss.Get_Loads_State.1
                0x0000000020000eba        0x1 CMakeFiles/Car.elf.dir/Task/Move.c.obj
 .bss.Put_Loads_State.0
                0x0000000020000ebb        0x1 CMakeFiles/Car.elf.dir/Task/Move.c.obj
 *fill*         0x0000000020000ebc        0x4 
 .bss.Yaw_Compensate
                0x0000000020000ec0        0x8 CMakeFiles/Car.elf.dir/Task/Move.c.obj
                0x0000000020000ec0                Yaw_Compensate
 .bss.u10ms     0x0000000020000ec8        0x2 CMakeFiles/Car.elf.dir/Task/Move.c.obj
                0x0000000020000ec8                u10ms
 .bss.HuaGui_Servo_Flag
                0x0000000020000eca        0x1 CMakeFiles/Car.elf.dir/Task/Servo.c.obj
                0x0000000020000eca                HuaGui_Servo_Flag
 .bss.JiaZhua_Servo_Flag
                0x0000000020000ecb        0x1 CMakeFiles/Car.elf.dir/Task/Servo.c.obj
                0x0000000020000ecb                JiaZhua_Servo_Flag
 .bss.ZaiWu_Servo_Flag
                0x0000000020000ecc        0x1 CMakeFiles/Car.elf.dir/Task/Servo.c.obj
                0x0000000020000ecc                ZaiWu_Servo_Flag
 *fill*         0x0000000020000ecd        0x3 
 .bss.__lock___malloc_recursive_mutex
                0x0000000020000ed0        0x1 /usr/local/arm/10.3/bin/../lib/gcc/arm-none-eabi/10.3.1/../../../../arm-none-eabi/lib/thumb/v7e-m/nofp/libg.a(lib_a-lock.o)
                0x0000000020000ed0                __lock___malloc_recursive_mutex
 *fill*         0x0000000020000ed1        0x3 
 .bss.__lock___sfp_recursive_mutex
                0x0000000020000ed4        0x1 /usr/local/arm/10.3/bin/../lib/gcc/arm-none-eabi/10.3.1/../../../../arm-none-eabi/lib/thumb/v7e-m/nofp/libg.a(lib_a-lock.o)
                0x0000000020000ed4                __lock___sfp_recursive_mutex
 *fill*         0x0000000020000ed5        0x3 
 .bss.__lock___sinit_recursive_mutex
                0x0000000020000ed8        0x1 /usr/local/arm/10.3/bin/../lib/gcc/arm-none-eabi/10.3.1/../../../../arm-none-eabi/lib/thumb/v7e-m/nofp/libg.a(lib_a-lock.o)
                0x0000000020000ed8                __lock___sinit_recursive_mutex
 *fill*         0x0000000020000ed9        0x3 
 .bss.__malloc_current_mallinfo
                0x0000000020000edc       0x28 /usr/local/arm/10.3/bin/../lib/gcc/arm-none-eabi/10.3.1/../../../../arm-none-eabi/lib/thumb/v7e-m/nofp/libg.a(lib_a-mallocr.o)
                0x0000000020000edc                __malloc_current_mallinfo
 .bss.__malloc_max_sbrked_mem
                0x0000000020000f04        0x4 /usr/local/arm/10.3/bin/../lib/gcc/arm-none-eabi/10.3.1/../../../../arm-none-eabi/lib/thumb/v7e-m/nofp/libg.a(lib_a-mallocr.o)
                0x0000000020000f04                __malloc_max_sbrked_mem
 .bss.__malloc_max_total_mem
                0x0000000020000f08        0x4 /usr/local/arm/10.3/bin/../lib/gcc/arm-none-eabi/10.3.1/../../../../arm-none-eabi/lib/thumb/v7e-m/nofp/libg.a(lib_a-mallocr.o)
                0x0000000020000f08                __malloc_max_total_mem
 .bss.__malloc_top_pad
                0x0000000020000f0c        0x4 /usr/local/arm/10.3/bin/../lib/gcc/arm-none-eabi/10.3.1/../../../../arm-none-eabi/lib/thumb/v7e-m/nofp/libg.a(lib_a-mallocr.o)
                0x0000000020000f0c                __malloc_top_pad
 .bss.errno     0x0000000020000f10        0x4 /usr/local/arm/10.3/bin/../lib/gcc/arm-none-eabi/10.3.1/../../../../arm-none-eabi/lib/thumb/v7e-m/nofp/libg.a(lib_a-reent.o)
                0x0000000020000f10                errno
 *(COMMON)
                0x0000000020000f14                . = ALIGN (0x4)
                0x0000000020000f14                _ebss = .
                0x0000000020000f14                __bss_end__ = _ebss

._user_heap_stack
                0x0000000020000f14      0x604
                0x0000000020000f18                . = ALIGN (0x8)
 *fill*         0x0000000020000f14        0x4 
                [!provide]                        PROVIDE (end = .)
                0x0000000020000f18                PROVIDE (_end = .)
                0x0000000020001118                . = (. + _Min_Heap_Size)
 *fill*         0x0000000020000f18      0x200 
                0x0000000020001518                . = (. + _Min_Stack_Size)
 *fill*         0x0000000020001118      0x400 
                0x0000000020001518                . = ALIGN (0x8)

/DISCARD/
 libc.a(*)
 libm.a(*)
 libgcc.a(*)

.ARM.attributes
                0x0000000000000000       0x2a
 *(.ARM.attributes)
 .ARM.attributes
                0x0000000000000000       0x1e /usr/local/arm/10.3/bin/../lib/gcc/arm-none-eabi/10.3.1/thumb/v7e-m/nofp/crti.o
 .ARM.attributes
                0x000000000000001e       0x2e CMakeFiles/Car.elf.dir/Bsp/Bsp.c.obj
 .ARM.attributes
                0x000000000000004c       0x2e CMakeFiles/Car.elf.dir/Bsp/JY901.c.obj
 .ARM.attributes
                0x000000000000007a       0x2e CMakeFiles/Car.elf.dir/Bsp/My_Delay.c.obj
 .ARM.attributes
                0x00000000000000a8       0x2e CMakeFiles/Car.elf.dir/Bsp/Uart_Bsp.c.obj
 .ARM.attributes
                0x00000000000000d6       0x2e CMakeFiles/Car.elf.dir/Bsp/retarget.c.obj
 .ARM.attributes
                0x0000000000000104       0x2e CMakeFiles/Car.elf.dir/Core/Src/dma.c.obj
 .ARM.attributes
                0x0000000000000132       0x2e CMakeFiles/Car.elf.dir/Core/Src/gpio.c.obj
 .ARM.attributes
                0x0000000000000160       0x2e CMakeFiles/Car.elf.dir/Core/Src/main.c.obj
 .ARM.attributes
                0x000000000000018e       0x2e CMakeFiles/Car.elf.dir/Core/Src/stm32f4xx_hal_msp.c.obj
 .ARM.attributes
                0x00000000000001bc       0x2e CMakeFiles/Car.elf.dir/Core/Src/stm32f4xx_it.c.obj
 .ARM.attributes
                0x00000000000001ea       0x2e CMakeFiles/Car.elf.dir/Core/Src/syscalls.c.obj
 .ARM.attributes
                0x0000000000000218       0x2e CMakeFiles/Car.elf.dir/Core/Src/sysmem.c.obj
 .ARM.attributes
                0x0000000000000246       0x2e CMakeFiles/Car.elf.dir/Core/Src/system_stm32f4xx.c.obj
 .ARM.attributes
                0x0000000000000274       0x2e CMakeFiles/Car.elf.dir/Core/Src/tim.c.obj
 .ARM.attributes
                0x00000000000002a2       0x2e CMakeFiles/Car.elf.dir/Core/Src/usart.c.obj
 .ARM.attributes
                0x00000000000002d0       0x21 CMakeFiles/Car.elf.dir/Core/Startup/startup_stm32f407zetx.s.obj
 .ARM.attributes
                0x00000000000002f1       0x2e CMakeFiles/Car.elf.dir/Drivers/STM32F4xx_HAL_Driver/Src/stm32f4xx_hal.c.obj
 .ARM.attributes
                0x000000000000031f       0x2e CMakeFiles/Car.elf.dir/Drivers/STM32F4xx_HAL_Driver/Src/stm32f4xx_hal_cortex.c.obj
 .ARM.attributes
                0x000000000000034d       0x2e CMakeFiles/Car.elf.dir/Drivers/STM32F4xx_HAL_Driver/Src/stm32f4xx_hal_dma.c.obj
 .ARM.attributes
                0x000000000000037b       0x2e CMakeFiles/Car.elf.dir/Drivers/STM32F4xx_HAL_Driver/Src/stm32f4xx_hal_gpio.c.obj
 .ARM.attributes
                0x00000000000003a9       0x2e CMakeFiles/Car.elf.dir/Drivers/STM32F4xx_HAL_Driver/Src/stm32f4xx_hal_rcc.c.obj
 .ARM.attributes
                0x00000000000003d7       0x2e CMakeFiles/Car.elf.dir/Drivers/STM32F4xx_HAL_Driver/Src/stm32f4xx_hal_tim.c.obj
 .ARM.attributes
                0x0000000000000405       0x2e CMakeFiles/Car.elf.dir/Drivers/STM32F4xx_HAL_Driver/Src/stm32f4xx_hal_tim_ex.c.obj
 .ARM.attributes
                0x0000000000000433       0x2e CMakeFiles/Car.elf.dir/Drivers/STM32F4xx_HAL_Driver/Src/stm32f4xx_hal_uart.c.obj
 .ARM.attributes
                0x0000000000000461       0x2e CMakeFiles/Car.elf.dir/Task/Control.c.obj
 .ARM.attributes
                0x000000000000048f       0x2e CMakeFiles/Car.elf.dir/Task/Control_Logic.c.obj
 .ARM.attributes
                0x00000000000004bd       0x2e CMakeFiles/Car.elf.dir/Task/Motor.c.obj