Archive member included to satisfy reference by file (symbol)

/usr/local/arm/10.3/bin/../lib/gcc/arm-none-eabi/10.3.1/thumb/v7e-m/nofp/libgcc.a(_arm_muldf3.o)
                              CMakeFiles/Car.elf.dir/Task/Motor.c.obj (__aeabi_dmul)
/usr/local/arm/10.3/bin/../lib/gcc/arm-none-eabi/10.3.1/thumb/v7e-m/nofp/libgcc.a(_arm_mulsf3.o)
                              CMakeFiles/Car.elf.dir/Bsp/JY901.c.obj (__aeabi_fmul)
/usr/local/arm/10.3/bin/../lib/gcc/arm-none-eabi/10.3.1/thumb/v7e-m/nofp/libgcc.a(_arm_addsubdf3.o)
                              CMakeFiles/Car.elf.dir/Task/Move.c.obj (__aeabi_dadd)
/usr/local/arm/10.3/bin/../lib/gcc/arm-none-eabi/10.3.1/thumb/v7e-m/nofp/libgcc.a(_arm_muldivdf3.o)
                              CMakeFiles/Car.elf.dir/Task/Motor.c.obj (__aeabi_ddiv)
/usr/local/arm/10.3/bin/../lib/gcc/arm-none-eabi/10.3.1/thumb/v7e-m/nofp/libgcc.a(_arm_cmpdf2.o)
                              CMakeFiles/Car.elf.dir/Bsp/JY901.c.obj (__aeabi_dcmple)
/usr/local/arm/10.3/bin/../lib/gcc/arm-none-eabi/10.3.1/thumb/v7e-m/nofp/libgcc.a(_arm_fixdfsi.o)
                              CMakeFiles/Car.elf.dir/Task/Motor.c.obj (__aeabi_d2iz)
/usr/local/arm/10.3/bin/../lib/gcc/arm-none-eabi/10.3.1/thumb/v7e-m/nofp/libgcc.a(_arm_addsubsf3.o)
                              CMakeFiles/Car.elf.dir/Bsp/JY901.c.obj (__aeabi_fsub)
/usr/local/arm/10.3/bin/../lib/gcc/arm-none-eabi/10.3.1/thumb/v7e-m/nofp/libgcc.a(_arm_muldivsf3.o)
                              CMakeFiles/Car.elf.dir/Bsp/JY901.c.obj (__aeabi_fdiv)
/usr/local/arm/10.3/bin/../lib/gcc/arm-none-eabi/10.3.1/thumb/v7e-m/nofp/libgcc.a(_arm_cmpsf2.o)
                              CMakeFiles/Car.elf.dir/Bsp/JY901.c.obj (__aeabi_fcmplt)
/usr/local/arm/10.3/bin/../lib/gcc/arm-none-eabi/10.3.1/thumb/v7e-m/nofp/libgcc.a(_arm_fixsfsi.o)
                              CMakeFiles/Car.elf.dir/Task/Motor.c.obj (__aeabi_f2iz)
/usr/local/arm/10.3/bin/../lib/gcc/arm-none-eabi/10.3.1/thumb/v7e-m/nofp/libgcc.a(_arm_fixunssfsi.o)
                              CMakeFiles/Car.elf.dir/Task/Motor.c.obj (__aeabi_f2uiz)
/usr/local/arm/10.3/bin/../lib/gcc/arm-none-eabi/10.3.1/thumb/v7e-m/nofp/libgcc.a(_aeabi_uldivmod.o)
                              CMakeFiles/Car.elf.dir/Drivers/STM32F4xx_HAL_Driver/Src/stm32f4xx_hal_rcc.c.obj (__aeabi_uldivmod)
/usr/local/arm/10.3/bin/../lib/gcc/arm-none-eabi/10.3.1/thumb/v7e-m/nofp/libgcc.a(_udivmoddi4.o)
                              /usr/local/arm/10.3/bin/../lib/gcc/arm-none-eabi/10.3.1/thumb/v7e-m/nofp/libgcc.a(_aeabi_uldivmod.o) (__udivmoddi4)
/usr/local/arm/10.3/bin/../lib/gcc/arm-none-eabi/10.3.1/thumb/v7e-m/nofp/libgcc.a(_dvmd_tls.o)
                              /usr/local/arm/10.3/bin/../lib/gcc/arm-none-eabi/10.3.1/thumb/v7e-m/nofp/libgcc.a(_aeabi_uldivmod.o) (__aeabi_ldiv0)
/usr/local/arm/10.3/bin/../lib/gcc/arm-none-eabi/10.3.1/../../../../arm-none-eabi/lib/thumb/v7e-m/nofp/libg.a(lib_a-errno.o)
                              CMakeFiles/Car.elf.dir/Bsp/retarget.c.obj (__errno)
/usr/local/arm/10.3/bin/../lib/gcc/arm-none-eabi/10.3.1/../../../../arm-none-eabi/lib/thumb/v7e-m/nofp/libg.a(lib_a-exit.o)
                              /usr/local/arm/10.3/bin/../lib/gcc/arm-none-eabi/10.3.1/../../../../arm-none-eabi/lib/thumb/v7e-m/nofp/crt0.o (exit)
/usr/local/arm/10.3/bin/../lib/gcc/arm-none-eabi/10.3.1/../../../../arm-none-eabi/lib/thumb/v7e-m/nofp/libg.a(lib_a-impure.o)
                              /usr/local/arm/10.3/bin/../lib/gcc/arm-none-eabi/10.3.1/../../../../arm-none-eabi/lib/thumb/v7e-m/nofp/libg.a(lib_a-exit.o) (_global_impure_ptr)
/usr/local/arm/10.3/bin/../lib/gcc/arm-none-eabi/10.3.1/../../../../arm-none-eabi/lib/thumb/v7e-m/nofp/libg.a(lib_a-init.o)
                              /usr/local/arm/10.3/bin/../lib/gcc/arm-none-eabi/10.3.1/../../../../arm-none-eabi/lib/thumb/v7e-m/nofp/crt0.o (__libc_init_array)
/usr/local/arm/10.3/bin/../lib/gcc/arm-none-eabi/10.3.1/../../../../arm-none-eabi/lib/thumb/v7e-m/nofp/libg.a(lib_a-memset.o)
                              /usr/local/arm/10.3/bin/../lib/gcc/arm-none-eabi/10.3.1/../../../../arm-none-eabi/lib/thumb/v7e-m/nofp/crt0.o (memset)
/usr/local/arm/10.3/bin/../lib/gcc/arm-none-eabi/10.3.1/../../../../arm-none-eabi/lib/thumb/v7e-m/nofp/libg.a(lib_a-printf.o)
                              CMakeFiles/Car.elf.dir/Core/Src/main.c.obj (printf)
/usr/local/arm/10.3/bin/../lib/gcc/arm-none-eabi/10.3.1/../../../../arm-none-eabi/lib/thumb/v7e-m/nofp/libg.a(lib_a-puts.o)
                              CMakeFiles/Car.elf.dir/Bsp/JY901.c.obj (puts)
/usr/local/arm/10.3/bin/../lib/gcc/arm-none-eabi/10.3.1/../../../../arm-none-eabi/lib/thumb/v7e-m/nofp/libg.a(lib_a-setvbuf.o)
                              CMakeFiles/Car.elf.dir/Bsp/retarget.c.obj (setvbuf)
/usr/local/arm/10.3/bin/../lib/gcc/arm-none-eabi/10.3.1/../../../../arm-none-eabi/lib/thumb/v7e-m/nofp/libg.a(lib_a-strlen.o)
[...]
Memory Configuration

Name             Origin             Length             Attributes
CCMRAM           0x0000000010000000 0x0000000000010000 xrw
RAM              0x0000000020000000 0x0000000000020000 xrw
FLASH            0x0000000008000000 0x0000000000080000 xr
*default*        0x0000000000000000 0xffffffffffffffff

Linker script and memory map

LOAD /usr/local/arm/10.3/bin/../lib/gcc/arm-none-eabi/10.3.1/thumb/v7e-m/nofp/crti.o
LOAD /usr/local/arm/10.3/bin/../lib/gcc/arm-none-eabi/10.3.1/thumb/v7e-m/nofp/crtbegin.o
LOAD /usr/local/arm/10.3/bin/../lib/gcc/arm-none-eabi/10.3.1/../../../../arm-none-eabi/lib/thumb/v7e-m/nofp/crt0.o
LOAD CMakeFiles/Car.elf.dir/Bsp/Bsp.c.obj
LOAD CMakeFiles/Car.elf.dir/Bsp/JY901.c.obj
LOAD CMakeFiles/Car.elf.dir/Bsp/My_Delay.c.obj
LOAD CMakeFiles/Car.elf.dir/Bsp/Uart_Bsp.c.obj
LOAD CMakeFiles/Car.elf.dir/Bsp/retarget.c.obj
LOAD CMakeFiles/Car.elf.dir/Core/Src/dma.c.obj
LOAD CMakeFiles/Car.elf.dir/Core/Src/gpio.c.obj
LOAD CMakeFiles/Car.elf.dir/Core/Src/main.c.obj
LOAD CMakeFiles/Car.elf.dir/Core/Src/stm32f4xx_hal_msp.c.obj
LOAD CMakeFiles/Car.elf.dir/Core/Src/stm32f4xx_it.c.obj
LOAD CMakeFiles/Car.elf.dir/Core/Src/syscalls.c.obj
LOAD CMakeFiles/Car.elf.dir/Core/Src/sysmem.c.obj
LOAD CMakeFiles/Car.elf.dir/Core/Src/system_stm32f4xx.c.obj
LOAD CMakeFiles/Car.elf.dir/Core/Src/tim.c.obj
LOAD CMakeFiles/Car.elf.dir/Core/Src/usart.c.obj
LOAD CMakeFiles/Car.elf.dir/Core/Startup/startup_stm32f407zetx.s.obj
LOAD CMakeFiles/Car.elf.dir/Drivers/STM32F4xx_HAL_Driver/Src/stm32f4xx_hal.c.obj
LOAD CMakeFiles/Car.elf.dir/Drivers/STM32F4xx_HAL_Driver/Src/stm32f4xx_hal_cortex.c.obj
LOAD CMakeFiles/Car.elf.dir/Drivers/STM32F4xx_HAL_Driver/Src/stm32f4xx_hal_dma.c.obj
LOAD CMakeFiles/Car.elf.dir/Drivers/STM32F4xx_HAL_Driver/Src/stm32f4xx_hal_dma_ex.c.obj
LOAD CMakeFiles/Car.elf.dir/Drivers/STM32F4xx_HAL_Driver/Src/stm32f4xx_hal_exti.c.obj
LOAD CMakeFiles/Car.elf.dir/Drivers/STM32F4xx_HAL_Driver/Src/stm32f4xx_hal_flash.c.obj
LOAD CMakeFiles/Car.elf.dir/Drivers/STM32F4xx_HAL_Driver/Src/stm32f4xx_hal_flash_ex.c.obj
LOAD CMakeFiles/Car.elf.dir/Drivers/STM32F4xx_HAL_Driver/Src/stm32f4xx_hal_flash_ramfunc.c.obj
LOAD CMakeFiles/Car.elf.dir/Drivers/STM32F4xx_HAL_Driver/Src/stm32f4xx_hal_gpio.c.obj
LOAD CMakeFiles/Car.elf.dir/Drivers/STM32F4xx_HAL_Driver/Src/stm32f4xx_hal_pwr.c.obj
LOAD CMakeFiles/Car.elf.dir/Drivers/STM32F4xx_HAL_Driver/Src/stm32f4xx_hal_pwr_ex.c.obj
LOAD CMakeFiles/Car.elf.dir/Drivers/STM32F4xx_HAL_Driver/Src/stm32f4xx_hal_rcc.c.obj
LOAD CMakeFiles/Car.elf.dir/Drivers/STM32F4xx_HAL_Driver/Src/stm32f4xx_hal_rcc_ex.c.obj
LOAD CMakeFiles/Car.elf.dir/Drivers/STM32F4xx_HAL_Driver/Src/stm32f4xx_hal_tim.c.obj
LOAD CMakeFiles/Car.elf.dir/Drivers/STM32F4xx_HAL_Driver/Src/stm32f4xx_hal_tim_ex.c.obj
LOAD CMakeFiles/Car.elf.dir/Drivers/STM32F4xx_HAL_Driver/Src/stm32f4xx_hal_uart.c.obj
LOAD CMakeFiles/Car.elf.dir/Task/Control.c.obj
LOAD CMakeFiles/Car.elf.dir/Task/Control_Logic.c.obj
LOAD CMakeFiles/Car.elf.dir/Task/Motor.c.obj
LOAD CMakeFiles/Car.elf.dir/Task/Move.c.obj
LOAD CMakeFiles/Car.elf.dir/Task/Servo.c.obj
START GROUP
LOAD /usr/local/arm/10.3/bin/../lib/gcc/arm-none-eabi/10.3.1/thumb/v7e-m/nofp/libgcc.a
LOAD /usr/local/arm/10.3/bin/../lib/gcc/arm-none-eabi/10.3.1/../../../../arm-none-eabi/lib/thumb/v7e-m/nofp/libg.a
LOAD /usr/local/arm/10.3/bin/../lib/gcc/arm-none-eabi/10.3.1/../../../../arm-none-eabi/lib/thumb/v7e-m/nofp/libc.a
END GROUP
LOAD /usr/local/arm/10.3/bin/../lib/gcc/arm-none-eabi/10.3.1/thumb/v7e-m/nofp/crtend.o
LOAD /usr/local/arm/10.3/bin/../lib/gcc/arm-none-eabi/10.3.1/thumb/v7e-m/nofp/crtn.o
                0x0000000020020000                _estack = (ORIGIN (RAM) + LENGTH (RAM))
                0x0000000000000200                _Min_Heap_Size = 0x200
                0x0000000000000400                _Min_Stack_Size = 0x400

.isr_vector     0x0000000008000000      0x188
                0x0000000008000000                . = ALIGN (0x4)
 *(.isr_vector)
 .isr_vector    0x0000000008000000      0x188 CMakeFiles/Car.elf.dir/Core/Startup/startup_stm32f407zetx.s.obj
                0x0000000008000000                g_pfnVectors
                0x0000000008000188                . = ALIGN (0x4)

.text           0x00000000080001c0     0xc4cc
                0x00000000080001c0                . = ALIGN (0x4)
 *(.text)
 .text          0x00000000080001c0      0x378 /usr/local/arm/10.3/bin/../lib/gcc/arm-none-eabi/10.3.1/thumb/v7e-m/nofp/libgcc.a(_arm_addsubdf3.o)
                0x00000000080001c0                __aeabi_drsub
                0x00000000080001c8                __aeabi_dsub
                0x00000000080001c8                __subdf3
                0x00000000080001cc                __adddf3
                0x00000000080001cc                __aeabi_dadd
                0x0000000008000444                __aeabi_ui2d
                0x0000000008000444                __floatunsidf
                0x0000000008000464                __floatsidf
                0x0000000008000464                __aeabi_i2d
                0x0000000008000488                __extendsfdf2
                0x0000000008000488                __aeabi_f2d
                0x00000000080004cc                __aeabi_ul2d
                0x00000000080004cc                __floatundidf
                0x00000000080004dc                __floatdidf
                0x00000000080004dc                __aeabi_l2d
 .text          0x0000000008000538      0x424 /usr/local/arm/10.3/bin/../lib/gcc/arm-none-eabi/10.3.1/thumb/v7e-m/nofp/libgcc.a(_arm_muldivdf3.o)
                0x0000000008000538                __aeabi_dmul
                0x0000000008000538                __muldf3
                0x000000000800078c                __aeabi_ddiv
                0x000000000800078c                __divdf3
 .text          0x000000000800095c      0x110 /usr/local/arm/10.3/bin/../lib/gcc/arm-none-eabi/10.3.1/thumb/v7e-m/nofp/libgcc.a(_arm_cmpdf2.o)
                0x000000000800095c                __gtdf2
                0x000000000800095c                __gedf2
                0x0000000008000964                __ltdf2
                0x0000000008000964                __ledf2
                0x000000000800096c                __cmpdf2
                0x000000000800096c                __eqdf2
                0x000000000800096c                __nedf2
                0x00000000080009e8                __aeabi_cdrcmple
                0x00000000080009f8                __aeabi_cdcmple
                0x00000000080009f8                __aeabi_cdcmpeq
                0x0000000008000a08                __aeabi_dcmpeq
                0x0000000008000a1c                __aeabi_dcmplt
                0x0000000008000a30                __aeabi_dcmple
                0x0000000008000a44                __aeabi_dcmpge
                0x0000000008000a58                __aeabi_dcmpgt
 .text          0x0000000008000a6c       0x50 /usr/local/arm/10.3/bin/../lib/gcc/arm-none-eabi/10.3.1/thumb/v7e-m/nofp/libgcc.a(_arm_fixdfsi.o)
                0x0000000008000a6c                __fixdfsi
                0x0000000008000a6c                __aeabi_d2iz
 .text          0x0000000008000abc      0x21c /usr/local/arm/10.3/bin/../lib/gcc/arm-none-eabi/10.3.1/thumb/v7e-m/nofp/libgcc.a(_arm_addsubsf3.o)
                0x0000000008000abc                __aeabi_frsub
                0x0000000008000ac4                __subsf3
                0x0000000008000ac4                __aeabi_fsub
                0x0000000008000ac8                __aeabi_fadd
                0x0000000008000ac8                __addsf3
                0x0000000008000c28                __aeabi_ui2f
                0x0000000008000c28                __floatunsisf
                0x0000000008000c30                __aeabi_i2f
                0x0000000008000c30                __floatsisf
                0x0000000008000c4c                __floatundisf
                0x0000000008000c4c                __aeabi_ul2f
                0x0000000008000c5c                __floatdisf
                0x0000000008000c5c                __aeabi_l2f
 .text          0x0000000008000cd8      0x2a0 /usr/local/arm/10.3/bin/../lib/gcc/arm-none-eabi/10.3.1/thumb/v7e-m/nofp/libgcc.a(_arm_muldivsf3.o)
                0x0000000008000cd8                __mulsf3
                0x0000000008000cd8                __aeabi_fmul
                0x0000000008000e40                __divsf3
                0x0000000008000e40                __aeabi_fdiv
 .text          0x0000000008000f78       0xec /usr/local/arm/10.3/bin/../lib/gcc/arm-none-eabi/10.3.1/thumb/v7e-m/nofp/libgcc.a(_arm_cmpsf2.o)
                0x0000000008000f78                __gtsf2
                0x0000000008000f78                __gesf2
                0x0000000008000f80                __lesf2
                0x0000000008000f80                __ltsf2
                0x0000000008000f88                __nesf2
                0x0000000008000f88                __eqsf2
                0x0000000008000f88                __cmpsf2
                0x0000000008000fe8                __aeabi_cfrcmple
                0x0000000008000ff0                __aeabi_cfcmple
                0x0000000008000ff0                __aeabi_cfcmpeq
                0x0000000008001000                __aeabi_fcmpeq
                0x0000000008001014                __aeabi_fcmplt
                0x0000000008001028                __aeabi_fcmple
                0x000000000800103c                __aeabi_fcmpge
                0x0000000008001050                __aeabi_fcmpgt
 .text          0x0000000008001064       0x4c /usr/local/arm/10.3/bin/../lib/gcc/arm-none-eabi/10.3.1/thumb/v7e-m/nofp/libgcc.a(_arm_fixsfsi.o)
                0x0000000008001064                __fixsfsi
                0x0000000008001064                __aeabi_f2iz
 .text          0x00000000080010b0       0x40 /usr/local/arm/10.3/bin/../lib/gcc/arm-none-eabi/10.3.1/thumb/v7e-m/nofp/libgcc.a(_arm_fixunssfsi.o)
                0x00000000080010b0                __aeabi_f2uiz
                0x00000000080010b0                __fixunssfsi
 .text          0x00000000080010f0       0x30 /usr/local/arm/10.3/bin/../lib/gcc/arm-none-eabi/10.3.1/thumb/v7e-m/nofp/libgcc.a(_aeabi_uldivmod.o)
                0x00000000080010f0                __aeabi_uldivmod
 .text          0x0000000008001120      0x2d0 /usr/local/arm/10.3/bin/../lib/gcc/arm-none-eabi/10.3.1/thumb/v7e-m/nofp/libgcc.a(_udivmoddi4.o)
                0x0000000008001120                __udivmoddi4
 .text          0x00000000080013f0        0x4 /usr/local/arm/10.3/bin/../lib/gcc/arm-none-eabi/10.3.1/thumb/v7e-m/nofp/libgcc.a(_dvmd_tls.o)
                0x00000000080013f0                __aeabi_ldiv0
                0x00000000080013f0                __aeabi_idiv0
 *fill*         0x00000000080013f4        0xc 
 .text          0x0000000008001400       0xdc /usr/local/arm/10.3/bin/../lib/gcc/arm-none-eabi/10.3.1/../../../../arm-none-eabi/lib/thumb/v7e-m/nofp/libg.a(lib_a-strlen.o)
                0x0000000008001400                strlen
 *fill*         0x00000000080014dc        0x4 
 .text          0x00000000080014e0       0xa0 /usr/local/arm/10.3/bin/../lib/gcc/arm-none-eabi/10.3.1/../../../../arm-none-eabi/lib/thumb/v7e-m/nofp/libg.a(lib_a-memchr.o)
                0x00000000080014e0                memchr
 .text          0x0000000008001580      0x134 /usr/local/arm/10.3/bin/../lib/gcc/arm-none-eabi/10.3.1/../../../../arm-none-eabi/lib/thumb/v7e-m/nofp/libg.a(lib_a-memcpy.o)
                0x0000000008001580                memcpy
 .text          0x00000000080016b4       0x2c /usr/local/arm/10.3/bin/../lib/gcc/arm-none-eabi/10.3.1/thumb/v7e-m/nofp/libgcc.a(_arm_unorddf2.o)
                0x00000000080016b4                __aeabi_dcmpun
                0x00000000080016b4                __unorddf2
 *(.text*)
 .text.Bsp_Init
                0x00000000080016e0       0x24 CMakeFiles/Car.elf.dir/Bsp/Bsp.c.obj
                0x00000000080016e0                Bsp_Init
 .text.User_USART_Init
                0x0000000008001704       0x1e CMakeFiles/Car.elf.dir/Bsp/JY901.c.obj
                0x0000000008001704                User_USART_Init
 *fill*         0x0000000008001722        0x2 
 .text.JY901_Process
                0x0000000008001724      0x130 CMakeFiles/Car.elf.dir/Bsp/JY901.c.obj
                0x0000000008001724                JY901_Process
 .text.my_abs_float
                0x0000000008001854       0x16 CMakeFiles/Car.elf.dir/Bsp/JY901.c.obj
                0x0000000008001854                my_abs_float
 *fill*         0x000000000800186a        0x6 
 .text.process_kalman_filter
                0x0000000008001870      0x138 CMakeFiles/Car.elf.dir/Bsp/JY901.c.obj
                0x0000000008001870                process_kalman_filter
 .text.JY901S_send_command
                0x00000000080019a8       0x34 CMakeFiles/Car.elf.dir/Bsp/JY901.c.obj
                0x00000000080019a8                JY901S_send_command
 .text.Reset_JY901S_Command
                0x00000000080019dc       0x5c CMakeFiles/Car.elf.dir/Bsp/JY901.c.obj
                0x00000000080019dc                Reset_JY901S_Command
 .text.Delay_Init
                0x0000000008001a38       0x18 CMakeFiles/Car.elf.dir/Bsp/My_Delay.c.obj
                0x0000000008001a38                Delay_Init
 .text.Delay_us
                0x0000000008001a50       0x40 CMakeFiles/Car.elf.dir/Bsp/My_Delay.c.obj
                0x0000000008001a50                Delay_us
 .text.Delay_ms
                0x0000000008001a90       0x3c CMakeFiles/Car.elf.dir/Bsp/My_Delay.c.obj
                0x0000000008001a90                Delay_ms
 .text.JY901S_Init
                0x0000000008001acc       0x2c CMakeFiles/Car.elf.dir/Bsp/Uart_Bsp.c.obj
                0x0000000008001acc                JY901S_Init
 .text.Usart_Init
                0x0000000008001af8        0x8 CMakeFiles/Car.elf.dir/Bsp/Uart_Bsp.c.obj
                0x0000000008001af8                Usart_Init
 .text.RetargetInit
                0x0000000008001b00       0x20 CMakeFiles/Car.elf.dir/Bsp/retarget.c.obj
                0x0000000008001b00                RetargetInit
 .text._isatty  0x0000000008001b20       0x16 CMakeFiles/Car.elf.dir/Bsp/retarget.c.obj
                0x0000000008001b20                _isatty
 *fill*         0x0000000008001b36        0x2 
 .text._write   0x0000000008001b38       0x34 CMakeFiles/Car.elf.dir/Bsp/retarget.c.obj
                0x0000000008001b38                _write
 .text._close   0x0000000008001b6c       0x18 CMakeFiles/Car.elf.dir/Bsp/retarget.c.obj
                0x0000000008001b6c                _close
 .text._lseek   0x0000000008001b84       0x10 CMakeFiles/Car.elf.dir/Bsp/retarget.c.obj
                0x0000000008001b84                _lseek
 .text._read    0x0000000008001b94       0x30 CMakeFiles/Car.elf.dir/Bsp/retarget.c.obj
                0x0000000008001b94                _read
 .text._fstat   0x0000000008001bc4       0x1a CMakeFiles/Car.elf.dir/Bsp/retarget.c.obj
                0x0000000008001bc4                _fstat
 *fill*         0x0000000008001bde        0x2 
 .text.MX_DMA_Init
                0x0000000008001be0       0x34 CMakeFiles/Car.elf.dir/Core/Src/dma.c.obj
                0x0000000008001be0                MX_DMA_Init
 .text.MX_GPIO_Init
                0x0000000008001c14       0xbc CMakeFiles/Car.elf.dir/Core/Src/gpio.c.obj
                0x0000000008001c14                MX_GPIO_Init
 .text.Error_Handler
                0x0000000008001cd0        0x4 CMakeFiles/Car.elf.dir/Core/Src/main.c.obj
                0x0000000008001cd0                Error_Handler
 .text.SystemClock_Config
                0x0000000008001cd4       0xac CMakeFiles/Car.elf.dir/Core/Src/main.c.obj
                0x0000000008001cd4                SystemClock_Config
 .text.main     0x0000000008001d80       0xb4 CMakeFiles/Car.elf.dir/Core/Src/main.c.obj
                0x0000000008001d80                main
 .text.HAL_MspInit
                0x0000000008001e34       0x38 CMakeFiles/Car.elf.dir/Core/Src/stm32f4xx_hal_msp.c.obj
                0x0000000008001e34                HAL_MspInit
 .text.NMI_Handler
                0x0000000008001e6c        0x2 CMakeFiles/Car.elf.dir/Core/Src/stm32f4xx_it.c.obj
                0x0000000008001e6c                NMI_Handler
 .text.HardFault_Handler
                0x0000000008001e6e        0x2 CMakeFiles/Car.elf.dir/Core/Src/stm32f4xx_it.c.obj
                0x0000000008001e6e                HardFault_Handler
 .text.MemManage_Handler
                0x0000000008001e70        0x2 CMakeFiles/Car.elf.dir/Core/Src/stm32f4xx_it.c.obj
                0x0000000008001e70                MemManage_Handler
 .text.BusFault_Handler
                0x0000000008001e72        0x2 CMakeFiles/Car.elf.dir/Core/Src/stm32f4xx_it.c.obj
                0x0000000008001e72                BusFault_Handler
 .text.UsageFault_Handler
                0x0000000008001e74        0x2 CMakeFiles/Car.elf.dir/Core/Src/stm32f4xx_it.c.obj
                0x0000000008001e74                UsageFault_Handler
 .text.SVC_Handler
                0x0000000008001e76        0x2 CMakeFiles/Car.elf.dir/Core/Src/stm32f4xx_it.c.obj
                0x0000000008001e76                SVC_Handler
 .text.DebugMon_Handler
                0x0000000008001e78        0x2 CMakeFiles/Car.elf.dir/Core/Src/stm32f4xx_it.c.obj
                0x0000000008001e78                DebugMon_Handler
 .text.PendSV_Handler
                0x0000000008001e7a        0x2 CMakeFiles/Car.elf.dir/Core/Src/stm32f4xx_it.c.obj
                0x0000000008001e7a                PendSV_Handler
 .text.SysTick_Handler
                0x0000000008001e7c        0x8 CMakeFiles/Car.elf.dir/Core/Src/stm32f4xx_it.c.obj
                0x0000000008001e7c                SysTick_Handler
 .text.DMA1_Stream1_IRQHandler
                0x0000000008001e84       0x10 CMakeFiles/Car.elf.dir/Core/Src/stm32f4xx_it.c.obj
                0x0000000008001e84                DMA1_Stream1_IRQHandler
 .text.USART1_IRQHandler
                0x0000000008001e94       0x10 CMakeFiles/Car.elf.dir/Core/Src/stm32f4xx_it.c.obj
                0x0000000008001e94                USART1_IRQHandler
 .text.USART3_IRQHandler
                0x0000000008001ea4       0x6c CMakeFiles/Car.elf.dir/Core/Src/stm32f4xx_it.c.obj
                0x0000000008001ea4                USART3_IRQHandler
 .text.TIM6_DAC_IRQHandler
                0x0000000008001f10       0x10 CMakeFiles/Car.elf.dir/Core/Src/stm32f4xx_it.c.obj
                0x0000000008001f10                TIM6_DAC_IRQHandler
 .text.HAL_UART_RxCpltCallback
                0x0000000008001f20       0x2c CMakeFiles/Car.elf.dir/Core/Src/stm32f4xx_it.c.obj
                0x0000000008001f20                HAL_UART_RxCpltCallback
 .text._getpid  0x0000000008001f4c        0x4 CMakeFiles/Car.elf.dir/Core/Src/syscalls.c.obj
                0x0000000008001f4c                _getpid
 .text._kill    0x0000000008001f50       0x10 CMakeFiles/Car.elf.dir/Core/Src/syscalls.c.obj
                0x0000000008001f50                _kill
 .text._exit    0x0000000008001f60        0xc CMakeFiles/Car.elf.dir/Core/Src/syscalls.c.obj
                0x0000000008001f60                _exit
 .text._sbrk    0x0000000008001f6c       0x48 CMakeFiles/Car.elf.dir/Core/Src/sysmem.c.obj
                0x0000000008001f6c                _sbrk
 .text.SystemInit
                0x0000000008001fb4        0x2 CMakeFiles/Car.elf.dir/Core/Src/system_stm32f4xx.c.obj
                0x0000000008001fb4                SystemInit
 *fill*         0x0000000008001fb6        0x2 
 .text.MX_TIM6_Init
                0x0000000008001fb8       0x50 CMakeFiles/Car.elf.dir/Core/Src/tim.c.obj
                0x0000000008001fb8                MX_TIM6_Init
 .text.MX_TIM7_Init
                0x0000000008002008       0x50 CMakeFiles/Car.elf.dir/Core/Src/tim.c.obj
                0x0000000008002008                MX_TIM7_Init
 .text.HAL_TIM_Base_MspInit
                0x0000000008002058       0x8c CMakeFiles/Car.elf.dir/Core/Src/tim.c.obj
                0x0000000008002058                HAL_TIM_Base_MspInit
 .text.HAL_TIM_MspPostInit
                0x00000000080020e4       0x80 CMakeFiles/Car.elf.dir/Core/Src/tim.c.obj
                0x00000000080020e4                HAL_TIM_MspPostInit
 .text.MX_TIM3_Init
                0x0000000008002164       0xec CMakeFiles/Car.elf.dir/Core/Src/tim.c.obj
                0x0000000008002164                MX_TIM3_Init
 .text.MX_UART5_Init
                0x0000000008002250       0x34 CMakeFiles/Car.elf.dir/Core/Src/usart.c.obj
                0x0000000008002250                MX_UART5_Init
 .text.MX_USART1_UART_Init
                0x0000000008002284       0x34 CMakeFiles/Car.elf.dir/Core/Src/usart.c.obj
                0x0000000008002284                MX_USART1_UART_Init
 .text.MX_USART3_UART_Init
                0x00000000080022b8       0x34 CMakeFiles/Car.elf.dir/Core/Src/usart.c.obj
                0x00000000080022b8                MX_USART3_UART_Init
 .text.HAL_UART_MspInit
                0x00000000080022ec      0x1a4 CMakeFiles/Car.elf.dir/Core/Src/usart.c.obj
                0x00000000080022ec                HAL_UART_MspInit
 .text.Reset_Handler
                0x0000000008002490       0x50 CMakeFiles/Car.elf.dir/Core/Startup/startup_stm32f407zetx.s.obj
                0x0000000008002490                Reset_Handler
 .text.Default_Handler
                0x00000000080024e0        0x2 CMakeFiles/Car.elf.dir/Core/Startup/startup_stm32f407zetx.s.obj
                0x00000000080024e0                RTC_Alarm_IRQHandler
                0x00000000080024e0                HASH_RNG_IRQHandler
                0x00000000080024e0                EXTI2_IRQHandler
                0x00000000080024e0                TIM8_CC_IRQHandler
                0x00000000080024e0                TIM1_CC_IRQHandler
                0x00000000080024e0                DMA2_Stream5_IRQHandler
                0x00000000080024e0                DMA1_Stream5_IRQHandler
                0x00000000080024e0                PVD_IRQHandler
                0x00000000080024e0                SDIO_IRQHandler
                0x00000000080024e0                TAMP_STAMP_IRQHandler
                0x00000000080024e0                CAN2_RX1_IRQHandler
                0x00000000080024e0                EXTI3_IRQHandler
                0x00000000080024e0                TIM8_TRG_COM_TIM14_IRQHandler
                0x00000000080024e0                TIM1_UP_TIM10_IRQHandler
                0x00000000080024e0                TIM8_UP_TIM13_IRQHandler
                0x00000000080024e0                I2C3_ER_IRQHandler
                0x00000000080024e0                EXTI0_IRQHandler
                0x00000000080024e0                I2C2_EV_IRQHandler
                0x00000000080024e0                DMA1_Stream2_IRQHandler
                0x00000000080024e0                CAN1_RX0_IRQHandler
                0x00000000080024e0                FPU_IRQHandler
                0x00000000080024e0                OTG_HS_WKUP_IRQHandler
                0x00000000080024e0                CAN2_SCE_IRQHandler
                0x00000000080024e0                DMA2_Stream2_IRQHandler
                0x00000000080024e0                SPI1_IRQHandler
                0x00000000080024e0                TIM1_BRK_TIM9_IRQHandler
                0x00000000080024e0                DCMI_IRQHandler
                0x00000000080024e0                CAN2_RX0_IRQHandler
                0x00000000080024e0                DMA2_Stream3_IRQHandler
                0x00000000080024e0                USART6_IRQHandler
                0x00000000080024e0                CAN1_RX1_IRQHandler
                0x00000000080024e0                UART5_IRQHandler
                0x00000000080024e0                DMA2_Stream0_IRQHandler
                0x00000000080024e0                TIM4_IRQHandler
                0x00000000080024e0                I2C1_EV_IRQHandler
                0x00000000080024e0                DMA1_Stream6_IRQHandler
                0x00000000080024e0                UART4_IRQHandler
                0x00000000080024e0                TIM3_IRQHandler
                0x00000000080024e0                RCC_IRQHandler
                0x00000000080024e0                TIM8_BRK_TIM12_IRQHandler
                0x00000000080024e0                Default_Handler
                0x00000000080024e0                EXTI15_10_IRQHandler
                0x00000000080024e0                ADC_IRQHandler
                0x00000000080024e0                DMA1_Stream7_IRQHandler
                0x00000000080024e0                TIM7_IRQHandler
                0x00000000080024e0                CAN2_TX_IRQHandler
                0x00000000080024e0                TIM5_IRQHandler
                0x00000000080024e0                DMA2_Stream7_IRQHandler
                0x00000000080024e0                I2C3_EV_IRQHandler
                0x00000000080024e0                EXTI9_5_IRQHandler
                0x00000000080024e0                RTC_WKUP_IRQHandler
                0x00000000080024e0                ETH_WKUP_IRQHandler
                0x00000000080024e0                SPI2_IRQHandler
                0x00000000080024e0                OTG_HS_EP1_IN_IRQHandler
                0x00000000080024e0                DMA1_Stream0_IRQHandler
                0x00000000080024e0                CAN1_TX_IRQHandler
                0x00000000080024e0                EXTI4_IRQHandler
                0x00000000080024e0                FSMC_IRQHandler
                0x00000000080024e0                ETH_IRQHandler
                0x00000000080024e0                OTG_HS_EP1_OUT_IRQHandler
                0x00000000080024e0                WWDG_IRQHandler
                0x00000000080024e0                TIM2_IRQHandler
                0x00000000080024e0                OTG_FS_WKUP_IRQHandler
                0x00000000080024e0                TIM1_TRG_COM_TIM11_IRQHandler
                0x00000000080024e0                OTG_HS_IRQHandler
                0x00000000080024e0                EXTI1_IRQHandler
                0x00000000080024e0                USART2_IRQHandler
                0x00000000080024e0                I2C2_ER_IRQHandler
                0x00000000080024e0                DMA2_Stream1_IRQHandler
                0x00000000080024e0                CAN1_SCE_IRQHandler
                0x00000000080024e0                FLASH_IRQHandler
                0x00000000080024e0                DMA2_Stream4_IRQHandler
                0x00000000080024e0                OTG_FS_IRQHandler
                0x00000000080024e0                SPI3_IRQHandler
                0x00000000080024e0                DMA1_Stream4_IRQHandler
                0x00000000080024e0                I2C1_ER_IRQHandler
                0x00000000080024e0                DMA2_Stream6_IRQHandler
                0x00000000080024e0                DMA1_Stream3_IRQHandler
 *fill*         0x00000000080024e2        0x2 
 .text.HAL_InitTick
                0x00000000080024e4       0x4c CMakeFiles/Car.elf.dir/Drivers/STM32F4xx_HAL_Driver/Src/stm32f4xx_hal.c.obj
                0x00000000080024e4                HAL_InitTick
 .text.HAL_Init
                0x0000000008002530       0x34 CMakeFiles/Car.elf.dir/Drivers/STM32F4xx_HAL_Driver/Src/stm32f4xx_hal.c.obj
                0x0000000008002530                HAL_Init
 .text.HAL_IncTick
                0x0000000008002564       0x18 CMakeFiles/Car.elf.dir/Drivers/STM32F4xx_HAL_Driver/Src/stm32f4xx_hal.c.obj
                0x0000000008002564                HAL_IncTick
 .text.HAL_GetTick
                0x000000000800257c        0xc CMakeFiles/Car.elf.dir/Drivers/STM32F4xx_HAL_Driver/Src/stm32f4xx_hal.c.obj
                0x000000000800257c                HAL_GetTick
 .text.HAL_NVIC_SetPriorityGrouping
                0x0000000008002588       0x24 CMakeFiles/Car.elf.dir/Drivers/STM32F4xx_HAL_Driver/Src/stm32f4xx_hal_cortex.c.obj
                0x0000000008002588                HAL_NVIC_SetPriorityGrouping
 .text.HAL_NVIC_SetPriority
                0x00000000080025ac       0x70 CMakeFiles/Car.elf.dir/Drivers/STM32F4xx_HAL_Driver/Src/stm32f4xx_hal_cortex.c.obj
                0x00000000080025ac                HAL_NVIC_SetPriority
 .text.HAL_NVIC_EnableIRQ
                0x000000000800261c       0x1c CMakeFiles/Car.elf.dir/Drivers/STM32F4xx_HAL_Driver/Src/stm32f4xx_hal_cortex.c.obj
                0x000000000800261c                HAL_NVIC_EnableIRQ
 .text.HAL_SYSTICK_Config
                0x0000000008002638       0x28 CMakeFiles/Car.elf.dir/Drivers/STM32F4xx_HAL_Driver/Src/stm32f4xx_hal_cortex.c.obj
                0x0000000008002638                HAL_SYSTICK_Config
 .text.HAL_SYSTICK_CLKSourceConfig
                0x0000000008002660       0x20 CMakeFiles/Car.elf.dir/Drivers/STM32F4xx_HAL_Driver/Src/stm32f4xx_hal_cortex.c.obj
                0x0000000008002660                HAL_SYSTICK_CLKSourceConfig
 .text.DMA_SetConfig
                0x0000000008002680       0x2c CMakeFiles/Car.elf.dir/Drivers/STM32F4xx_HAL_Driver/Src/stm32f4xx_hal_dma.c.obj
 .text.DMA_CalcBaseAndBitshift
                0x00000000080026ac       0x40 CMakeFiles/Car.elf.dir/Drivers/STM32F4xx_HAL_Driver/Src/stm32f4xx_hal_dma.c.obj
 .text.DMA_CheckFifoParam
                0x00000000080026ec       0x8e CMakeFiles/Car.elf.dir/Drivers/STM32F4xx_HAL_Driver/Src/stm32f4xx_hal_dma.c.obj
 *fill*         0x000000000800277a        0x2 
 .text.HAL_DMA_Init
                0x000000000800277c       0xcc CMakeFiles/Car.elf.dir/Drivers/STM32F4xx_HAL_Driver/Src/stm32f4xx_hal_dma.c.obj
                0x000000000800277c                HAL_DMA_Init
 .text.HAL_DMA_Start_IT
                0x0000000008002848       0x6a CMakeFiles/Car.elf.dir/Drivers/STM32F4xx_HAL_Driver/Src/stm32f4xx_hal_dma.c.obj
                0x0000000008002848                HAL_DMA_Start_IT
 .text.HAL_DMA_Abort
                0x00000000080028b2       0x94 CMakeFiles/Car.elf.dir/Drivers/STM32F4xx_HAL_Driver/Src/stm32f4xx_hal_dma.c.obj
                0x00000000080028b2                HAL_DMA_Abort
 .text.HAL_DMA_Abort_IT
                0x0000000008002946       0x26 CMakeFiles/Car.elf.dir/Drivers/STM32F4xx_HAL_Driver/Src/stm32f4xx_hal_dma.c.obj
                0x0000000008002946                HAL_DMA_Abort_IT
 .text.HAL_DMA_IRQHandler
                0x000000000800296c      0x1dc CMakeFiles/Car.elf.dir/Drivers/STM32F4xx_HAL_Driver/Src/stm32f4xx_hal_dma.c.obj
                0x000000000800296c                HAL_DMA_IRQHandler
 .text.HAL_GPIO_Init
                0x0000000008002b48      0x1e4 CMakeFiles/Car.elf.dir/Drivers/STM32F4xx_HAL_Driver/Src/stm32f4xx_hal_gpio.c.obj
                0x0000000008002b48                HAL_GPIO_Init
 .text.HAL_GPIO_WritePin
                0x0000000008002d2c        0xc CMakeFiles/Car.elf.dir/Drivers/STM32F4xx_HAL_Driver/Src/stm32f4xx_hal_gpio.c.obj
                0x0000000008002d2c                HAL_GPIO_WritePin
 .text.HAL_GPIO_TogglePin
                0x0000000008002d38       0x12 CMakeFiles/Car.elf.dir/Drivers/STM32F4xx_HAL_Driver/Src/stm32f4xx_hal_gpio.c.obj
                0x0000000008002d38                HAL_GPIO_TogglePin
 *fill*         0x0000000008002d4a        0x2 
 .text.HAL_RCC_OscConfig
                0x0000000008002d4c      0x3f8 CMakeFiles/Car.elf.dir/Drivers/STM32F4xx_HAL_Driver/Src/stm32f4xx_hal_rcc.c.obj
                0x0000000008002d4c                HAL_RCC_OscConfig
 .text.HAL_RCC_GetSysClockFreq
                0x0000000008003144       0xd4 CMakeFiles/Car.elf.dir/Drivers/STM32F4xx_HAL_Driver/Src/stm32f4xx_hal_rcc.c.obj
                0x0000000008003144                HAL_RCC_GetSysClockFreq
 .text.HAL_RCC_ClockConfig
                0x0000000008003218      0x160 CMakeFiles/Car.elf.dir/Drivers/STM32F4xx_HAL_Driver/Src/stm32f4xx_hal_rcc.c.obj
                0x0000000008003218                HAL_RCC_ClockConfig
 .text.HAL_RCC_GetHCLKFreq
                0x0000000008003378        0xc CMakeFiles/Car.elf.dir/Drivers/STM32F4xx_HAL_Driver/Src/stm32f4xx_hal_rcc.c.obj
                0x0000000008003378                HAL_RCC_GetHCLKFreq
 .text.HAL_RCC_GetPCLK1Freq
                0x0000000008003384       0x20 CMakeFiles/Car.elf.dir/Drivers/STM32F4xx_HAL_Driver/Src/stm32f4xx_hal_rcc.c.obj
                0x0000000008003384                HAL_RCC_GetPCLK1Freq
 .text.HAL_RCC_GetPCLK2Freq
                0x00000000080033a4       0x20 CMakeFiles/Car.elf.dir/Drivers/STM32F4xx_HAL_Driver/Src/stm32f4xx_hal_rcc.c.obj
                0x00000000080033a4                HAL_RCC_GetPCLK2Freq
 .text.TIM_OC1_SetConfig
                0x00000000080033c4       0x68 CMakeFiles/Car.elf.dir/Drivers/STM32F4xx_HAL_Driver/Src/stm32f4xx_hal_tim.c.obj
 .text.TIM_OC3_SetConfig
                0x000000000800342c       0x70 CMakeFiles/Car.elf.dir/Drivers/STM32F4xx_HAL_Driver/Src/stm32f4xx_hal_tim.c.obj
 .text.TIM_OC4_SetConfig
                0x000000000800349c       0x50 CMakeFiles/Car.elf.dir/Drivers/STM32F4xx_HAL_Driver/Src/stm32f4xx_hal_tim.c.obj
 .text.TIM_TI1_ConfigInputStage
                0x00000000080034ec       0x24 CMakeFiles/Car.elf.dir/Drivers/STM32F4xx_HAL_Driver/Src/stm32f4xx_hal_tim.c.obj
 .text.TIM_TI2_ConfigInputStage
                0x0000000008003510       0x26 CMakeFiles/Car.elf.dir/Drivers/STM32F4xx_HAL_Driver/Src/stm32f4xx_hal_tim.c.obj
 .text.TIM_ITRx_SetConfig
                0x0000000008003536       0x10 CMakeFiles/Car.elf.dir/Drivers/STM32F4xx_HAL_Driver/Src/stm32f4xx_hal_tim.c.obj
 *fill*         0x0000000008003546        0x2 
 .text.HAL_TIM_Base_Start_IT
                0x0000000008003548       0x88 CMakeFiles/Car.elf.dir/Drivers/STM32F4xx_HAL_Driver/Src/stm32f4xx_hal_tim.c.obj
                0x0000000008003548                HAL_TIM_Base_Start_IT
 .text.HAL_TIM_PWM_MspInit
                0x00000000080035d0        0x2 CMakeFiles/Car.elf.dir/Drivers/STM32F4xx_HAL_Driver/Src/stm32f4xx_hal_tim.c.obj
                0x00000000080035d0                HAL_TIM_PWM_MspInit
 .text.HAL_TIM_OC_DelayElapsedCallback
                0x00000000080035d2        0x2 CMakeFiles/Car.elf.dir/Drivers/STM32F4xx_HAL_Driver/Src/stm32f4xx_hal_tim.c.obj
                0x00000000080035d2                HAL_TIM_OC_DelayElapsedCallback
 .text.HAL_TIM_IC_CaptureCallback
                0x00000000080035d4        0x2 CMakeFiles/Car.elf.dir/Drivers/STM32F4xx_HAL_Driver/Src/stm32f4xx_hal_tim.c.obj
                0x00000000080035d4                HAL_TIM_IC_CaptureCallback
 .text.HAL_TIM_PWM_PulseFinishedCallback
                0x00000000080035d6        0x2 CMakeFiles/Car.elf.dir/Drivers/STM32F4xx_HAL_Driver/Src/stm32f4xx_hal_tim.c.obj
                0x00000000080035d6                HAL_TIM_PWM_PulseFinishedCallback
 .text.HAL_TIM_TriggerCallback
                0x00000000080035d8        0x2 CMakeFiles/Car.elf.dir/Drivers/STM32F4xx_HAL_Driver/Src/stm32f4xx_hal_tim.c.obj
                0x00000000080035d8                HAL_TIM_TriggerCallback
 .text.HAL_TIM_IRQHandler
                0x00000000080035da      0x15e CMakeFiles/Car.elf.dir/Drivers/STM32F4xx_HAL_Driver/Src/stm32f4xx_hal_tim.c.obj
                0x00000000080035da                HAL_TIM_IRQHandler
 .text.TIM_Base_SetConfig
                0x0000000008003738       0xd8 CMakeFiles/Car.elf.dir/Drivers/STM32F4xx_HAL_Driver/Src/stm32f4xx_hal_tim.c.obj
                0x0000000008003738                TIM_Base_SetConfig
 .text.HAL_TIM_Base_Init
                0x0000000008003810       0x58 CMakeFiles/Car.elf.dir/Drivers/STM32F4xx_HAL_Driver/Src/stm32f4xx_hal_tim.c.obj
                0x0000000008003810                HAL_TIM_Base_Init
 .text.HAL_TIM_PWM_Init
                0x0000000008003868       0x58 CMakeFiles/Car.elf.dir/Drivers/STM32F4xx_HAL_Driver/Src/stm32f4xx_hal_tim.c.obj
                0x0000000008003868                HAL_TIM_PWM_Init
 .text.TIM_OC2_SetConfig
                0x00000000080038c0       0x70 CMakeFiles/Car.elf.dir/Drivers/STM32F4xx_HAL_Driver/Src/stm32f4xx_hal_tim.c.obj
                0x00000000080038c0                TIM_OC2_SetConfig
 .text.HAL_TIM_PWM_ConfigChannel
                0x0000000008003930       0xdc CMakeFiles/Car.elf.dir/Drivers/STM32F4xx_HAL_Driver/Src/stm32f4xx_hal_tim.c.obj
                0x0000000008003930                HAL_TIM_PWM_ConfigChannel
 .text.TIM_ETR_SetConfig
                0x0000000008003a0c       0x18 CMakeFiles/Car.elf.dir/Drivers/STM32F4xx_HAL_Driver/Src/stm32f4xx_hal_tim.c.obj
                0x0000000008003a0c                TIM_ETR_SetConfig
 .text.HAL_TIM_ConfigClockSource
                0x0000000008003a24       0xfe CMakeFiles/Car.elf.dir/Drivers/STM32F4xx_HAL_Driver/Src/stm32f4xx_hal_tim.c.obj
                0x0000000008003a24                HAL_TIM_ConfigClockSource
 *fill*         0x0000000008003b22        0x2 
 .text.HAL_TIMEx_MasterConfigSynchronization
                0x0000000008003b24       0x8c CMakeFiles/Car.elf.dir/Drivers/STM32F4xx_HAL_Driver/Src/stm32f4xx_hal_tim_ex.c.obj
                0x0000000008003b24                HAL_TIMEx_MasterConfigSynchronization
 .text.HAL_TIMEx_CommutCallback
                0x0000000008003bb0        0x2 CMakeFiles/Car.elf.dir/Drivers/STM32F4xx_HAL_Driver/Src/stm32f4xx_hal_tim_ex.c.obj
                0x0000000008003bb0                HAL_TIMEx_CommutCallback
 .text.HAL_TIMEx_BreakCallback
                0x0000000008003bb2        0x2 CMakeFiles/Car.elf.dir/Drivers/STM32F4xx_HAL_Driver/Src/stm32f4xx_hal_tim_ex.c.obj
                0x0000000008003bb2                HAL_TIMEx_BreakCallback
 .text.UART_EndTxTransfer
                0x0000000008003bb4       0x20 CMakeFiles/Car.elf.dir/Drivers/STM32F4xx_HAL_Driver/Src/stm32f4xx_hal_uart.c.obj
 .text.UART_EndRxTransfer
                0x0000000008003bd4       0x5c CMakeFiles/Car.elf.dir/Drivers/STM32F4xx_HAL_Driver/Src/stm32f4xx_hal_uart.c.obj
 .text.UART_Transmit_IT
                0x0000000008003c30       0x60 CMakeFiles/Car.elf.dir/Drivers/STM32F4xx_HAL_Driver/Src/stm32f4xx_hal_uart.c.obj
 .text.UART_SetConfig
                0x0000000008003c90      0x110 CMakeFiles/Car.elf.dir/Drivers/STM32F4xx_HAL_Driver/Src/stm32f4xx_hal_uart.c.obj
 .text.UART_WaitOnFlagUntilTimeout
                0x0000000008003da0       0x8a CMakeFiles/Car.elf.dir/Drivers/STM32F4xx_HAL_Driver/Src/stm32f4xx_hal_uart.c.obj
 .text.HAL_UART_Init
                0x0000000008003e2a       0x60 CMakeFiles/Car.elf.dir/Drivers/STM32F4xx_HAL_Driver/Src/stm32f4xx_hal_uart.c.obj
                0x0000000008003e2a                HAL_UART_Init
 .text.HAL_UART_Transmit
                0x0000000008003e8a       0xcc CMakeFiles/Car.elf.dir/Drivers/STM32F4xx_HAL_Driver/Src/stm32f4xx_hal_uart.c.obj
                0x0000000008003e8a                HAL_UART_Transmit
 .text.HAL_UART_Receive
                0x0000000008003f56       0xd2 CMakeFiles/Car.elf.dir/Drivers/STM32F4xx_HAL_Driver/Src/stm32f4xx_hal_uart.c.obj
                0x0000000008003f56                HAL_UART_Receive
 .text.HAL_UART_DMAStop
                0x0000000008004028       0x84 CMakeFiles/Car.elf.dir/Drivers/STM32F4xx_HAL_Driver/Src/stm32f4xx_hal_uart.c.obj
                0x0000000008004028                HAL_UART_DMAStop
 .text.HAL_UART_TxCpltCallback
                0x00000000080040ac        0x2 CMakeFiles/Car.elf.dir/Drivers/STM32F4xx_HAL_Driver/Src/stm32f4xx_hal_uart.c.obj
                0x00000000080040ac                HAL_UART_TxCpltCallback
 .text.UART_EndTransmit_IT
                0x00000000080040ae       0x1a CMakeFiles/Car.elf.dir/Drivers/STM32F4xx_HAL_Driver/Src/stm32f4xx_hal_uart.c.obj
 .text.HAL_UART_RxHalfCpltCallback
                0x00000000080040c8        0x2 CMakeFiles/Car.elf.dir/Drivers/STM32F4xx_HAL_Driver/Src/stm32f4xx_hal_uart.c.obj
                0x00000000080040c8                HAL_UART_RxHalfCpltCallback
 .text.HAL_UART_ErrorCallback
                0x00000000080040ca        0x2 CMakeFiles/Car.elf.dir/Drivers/STM32F4xx_HAL_Driver/Src/stm32f4xx_hal_uart.c.obj
                0x00000000080040ca                HAL_UART_ErrorCallback
 .text.UART_DMAError
                0x00000000080040cc       0x58 CMakeFiles/Car.elf.dir/Drivers/STM32F4xx_HAL_Driver/Src/stm32f4xx_hal_uart.c.obj
 .text.UART_DMAAbortOnError
                0x0000000008004124       0x10 CMakeFiles/Car.elf.dir/Drivers/STM32F4xx_HAL_Driver/Src/stm32f4xx_hal_uart.c.obj
 .text.HAL_UARTEx_RxEventCallback
                0x0000000008004134        0x2 CMakeFiles/Car.elf.dir/Drivers/STM32F4xx_HAL_Driver/Src/stm32f4xx_hal_uart.c.obj
                0x0000000008004134                HAL_UARTEx_RxEventCallback
 .text.UART_Receive_IT
                0x0000000008004136       0xe6 CMakeFiles/Car.elf.dir/Drivers/STM32F4xx_HAL_Driver/Src/stm32f4xx_hal_uart.c.obj
 .text.HAL_UART_IRQHandler
                0x000000000800421c      0x288 CMakeFiles/Car.elf.dir/Drivers/STM32F4xx_HAL_Driver/Src/stm32f4xx_hal_uart.c.obj
                0x000000000800421c                HAL_UART_IRQHandler
 .text.UART_DMARxHalfCplt
                0x00000000080044a4       0x1e CMakeFiles/Car.elf.dir/Drivers/STM32F4xx_HAL_Driver/Src/stm32f4xx_hal_uart.c.obj
 .text.UART_DMAReceiveCplt
                0x00000000080044c2       0x9a CMakeFiles/Car.elf.dir/Drivers/STM32F4xx_HAL_Driver/Src/stm32f4xx_hal_uart.c.obj
 .text.UART_Start_Receive_IT
                0x000000000800455c       0x36 CMakeFiles/Car.elf.dir/Drivers/STM32F4xx_HAL_Driver/Src/stm32f4xx_hal_uart.c.obj
                0x000000000800455c                UART_Start_Receive_IT
 .text.HAL_UART_Receive_IT
                0x0000000008004592       0x26 CMakeFiles/Car.elf.dir/Drivers/STM32F4xx_HAL_Driver/Src/stm32f4xx_hal_uart.c.obj
                0x0000000008004592                HAL_UART_Receive_IT
 .text.UART_Start_Receive_DMA
                0x00000000080045b8       0xa4 CMakeFiles/Car.elf.dir/Drivers/STM32F4xx_HAL_Driver/Src/stm32f4xx_hal_uart.c.obj
                0x00000000080045b8                UART_Start_Receive_DMA
 .text.HAL_UART_Receive_DMA
                0x000000000800465c       0x26 CMakeFiles/Car.elf.dir/Drivers/STM32F4xx_HAL_Driver/Src/stm32f4xx_hal_uart.c.obj
                0x000000000800465c                HAL_UART_Receive_DMA
 *fill*         0x0000000008004682        0x2 
 .text.Control_Proc
                0x0000000008004684      0x710 CMakeFiles/Car.elf.dir/Task/Control.c.obj
                0x0000000008004684                Control_Proc
 .text.My_ABS   0x0000000008004d94        0xa CMakeFiles/Car.elf.dir/Task/Motor.c.obj
                0x0000000008004d94                My_ABS
 *fill*         0x0000000008004d9e        0x2 
 .text.Motor_Receive_Data
                0x0000000008004da0      0x1e4 CMakeFiles/Car.elf.dir/Task/Motor.c.obj
                0x0000000008004da0                Motor_Receive_Data
 .text.Motor_Enable
                0x0000000008004f84       0x38 CMakeFiles/Car.elf.dir/Task/Motor.c.obj
                0x0000000008004f84                Motor_Enable
 .text.Motor_Reset
                0x0000000008004fbc       0x58 CMakeFiles/Car.elf.dir/Task/Motor.c.obj
                0x0000000008004fbc                Motor_Reset
 .text.Motor_Enable_All
                0x0000000008005014       0x22 CMakeFiles/Car.elf.dir/Task/Motor.c.obj
                0x0000000008005014                Motor_Enable_All
 *fill*         0x0000000008005036        0x2 
 .text.Motor_Init
                0x0000000008005038       0x30 CMakeFiles/Car.elf.dir/Task/Motor.c.obj
                0x0000000008005038                Motor_Init
 .text.Motor_State_Scan
                0x0000000008005068       0x2c CMakeFiles/Car.elf.dir/Task/Motor.c.obj
                0x0000000008005068                Motor_State_Scan
 .text.Motor_Run
                0x0000000008005094       0x30 CMakeFiles/Car.elf.dir/Task/Motor.c.obj
                0x0000000008005094                Motor_Run
 .text.Motor_SetPosition
                0x00000000080050c4       0x98 CMakeFiles/Car.elf.dir/Task/Motor.c.obj
                0x00000000080050c4                Motor_SetPosition
 .text.Motor_SetPosition_Dir
                0x000000000800515c       0xb4 CMakeFiles/Car.elf.dir/Task/Motor.c.obj
                0x000000000800515c                Motor_SetPosition_Dir
 .text.Motor_SetPosition_A
                0x0000000008005210       0xc4 CMakeFiles/Car.elf.dir/Task/Motor.c.obj
                0x0000000008005210                Motor_SetPosition_A
 *fill*         0x00000000080052d4        0x4 
 .text.Car_Go_Target
                0x00000000080052d8      0x288 CMakeFiles/Car.elf.dir/Task/Motor.c.obj
                0x00000000080052d8                Car_Go_Target
 .text.Car_Turn
                0x0000000008005560      0x128 CMakeFiles/Car.elf.dir/Task/Motor.c.obj
                0x0000000008005560                Car_Turn
 .text.Car_Calibration
                0x0000000008005688      0x27c CMakeFiles/Car.elf.dir/Task/Motor.c.obj
                0x0000000008005688                Car_Calibration
 .text.HuaGui_UP
                0x0000000008005904       0x20 CMakeFiles/Car.elf.dir/Task/Motor.c.obj
                0x0000000008005904                HuaGui_UP
 .text.HuaGui_DOWN
                0x0000000008005924       0x20 CMakeFiles/Car.elf.dir/Task/Motor.c.obj
                0x0000000008005924                HuaGui_DOWN
 .text.HuaGui_DOWN2
                0x0000000008005944       0x20 CMakeFiles/Car.elf.dir/Task/Motor.c.obj
                0x0000000008005944                HuaGui_DOWN2
 .text.HuaGui_Fang
                0x0000000008005964       0x20 CMakeFiles/Car.elf.dir/Task/Motor.c.obj
                0x0000000008005964                HuaGui_Fang
 .text.HuaGui_Qu
                0x0000000008005984       0x20 CMakeFiles/Car.elf.dir/Task/Motor.c.obj
                0x0000000008005984                HuaGui_Qu
 .text.HuaGui_ZhuanPan
                0x00000000080059a4       0x20 CMakeFiles/Car.elf.dir/Task/Motor.c.obj
                0x00000000080059a4                HuaGui_ZhuanPan
 *fill*         0x00000000080059c4        0x4 
 .text.HAL_TIM_PeriodElapsedCallback
                0x00000000080059c8      0x188 CMakeFiles/Car.elf.dir/Task/Move.c.obj
                0x00000000080059c8                HAL_TIM_PeriodElapsedCallback
 .text.Get_Loads
                0x0000000008005b50      0x298 CMakeFiles/Car.elf.dir/Task/Move.c.obj
                0x0000000008005b50                Get_Loads
 .text.Put_Loads
                0x0000000008005de8      0x254 CMakeFiles/Car.elf.dir/Task/Move.c.obj
                0x0000000008005de8                Put_Loads
 .text.Servo_SetAngle
                0x000000000800603c       0xe8 CMakeFiles/Car.elf.dir/Task/Servo.c.obj
                0x000000000800603c                Servo_SetAngle
 .text.Servo_CallBack
                0x0000000008006124       0xe8 CMakeFiles/Car.elf.dir/Task/Servo.c.obj
                0x0000000008006124                Servo_CallBack
 .text.JiaZhua_Turn
                0x000000000800620c       0x6c CMakeFiles/Car.elf.dir/Task/Servo.c.obj
                0x000000000800620c                JiaZhua_Turn
 .text.HuaGui_Turn
                0x0000000008006278       0x78 CMakeFiles/Car.elf.dir/Task/Servo.c.obj
                0x0000000008006278                HuaGui_Turn
 .text.ZaiWu_Turn
                0x00000000080062f0       0xd0 CMakeFiles/Car.elf.dir/Task/Servo.c.obj
                0x00000000080062f0                ZaiWu_Turn
 .text.__errno  0x00000000080063c0        0xc /usr/local/arm/10.3/bin/../lib/gcc/arm-none-eabi/10.3.1/../../../../arm-none-eabi/lib/thumb/v7e-m/nofp/libg.a(lib_a-errno.o)
                0x00000000080063c0                __errno
 .text.__libc_init_array
                0x00000000080063cc       0x48 /usr/local/arm/10.3/bin/../lib/gcc/arm-none-eabi/10.3.1/../../../../arm-none-eabi/lib/thumb/v7e-m/nofp/libg.a(lib_a-init.o)
                0x00000000080063cc                __libc_init_array
 .text.memset   0x0000000008006414       0xa4 /usr/local/arm/10.3/bin/../lib/gcc/arm-none-eabi/10.3.1/../../../../arm-none-eabi/lib/thumb/v7e-m/nofp/libg.a(lib_a-memset.o)
                0x0000000008006414                memset
 .text.printf   0x00000000080064b8       0x28 /usr/local/arm/10.3/bin/../lib/gcc/arm-none-eabi/10.3.1/../../../../arm-none-eabi/lib/thumb/v7e-m/nofp/libg.a(lib_a-printf.o)
                0x00000000080064b8                printf
 .text._puts_r  0x00000000080064e0       0x9c /usr/local/arm/10.3/bin/../lib/gcc/arm-none-eabi/10.3.1/../../../../arm-none-eabi/lib/thumb/v7e-m/nofp/libg.a(lib_a-puts.o)
                0x00000000080064e0                _puts_r
 .text.puts     0x000000000800657c       0x10 /usr/local/arm/10.3/bin/../lib/gcc/arm-none-eabi/10.3.1/../../../../arm-none-eabi/lib/thumb/v7e-m/nofp/libg.a(lib_a-puts.o)
                0x000000000800657c                puts
 .text.setvbuf  0x000000000800658c      0x1b0 /usr/local/arm/10.3/bin/../lib/gcc/arm-none-eabi/10.3.1/../../../../arm-none-eabi/lib/thumb/v7e-m/nofp/libg.a(lib_a-setvbuf.o)
                0x000000000800658c                setvbuf
 .text._vfprintf_r
                0x000000000800673c     0x1ad4 /usr/local/arm/10.3/bin/../lib/gcc/arm-none-eabi/10.3.1/../../../../arm-none-eabi/lib/thumb/v7e-m/nofp/libg.a(lib_a-vfprintf.o)
                0x000000000800673c                _vfprintf_r
 .text.__sbprintf
                0x0000000008008210       0x80 /usr/local/arm/10.3/bin/../lib/gcc/arm-none-eabi/10.3.1/../../../../arm-none-eabi/lib/thumb/v7e-m/nofp/libg.a(lib_a-vfprintf.o)
 .text.__swsetup_r
                0x0000000008008290       0xd4 /usr/local/arm/10.3/bin/../lib/gcc/arm-none-eabi/10.3.1/../../../../arm-none-eabi/lib/thumb/v7e-m/nofp/libg.a(lib_a-wsetup.o)
                0x0000000008008290                __swsetup_r
 .text.quorem   0x0000000008008364      0x124 /usr/local/arm/10.3/bin/../lib/gcc/arm-none-eabi/10.3.1/../../../../arm-none-eabi/lib/thumb/v7e-m/nofp/libg.a(lib_a-dtoa.o)
 .text._dtoa_r  0x0000000008008488      0xec4 /usr/local/arm/10.3/bin/../lib/gcc/arm-none-eabi/10.3.1/../../../../arm-none-eabi/lib/thumb/v7e-m/nofp/libg.a(lib_a-dtoa.o)
                0x0000000008008488                _dtoa_r
 .text.__sflush_r
                0x000000000800934c      0x120 /usr/local/arm/10.3/bin/../lib/gcc/arm-none-eabi/10.3.1/../../../../arm-none-eabi/lib/thumb/v7e-m/nofp/libg.a(lib_a-fflush.o)
                0x000000000800934c                __sflush_r
 .text._fflush_r
                0x000000000800946c       0x5c /usr/local/arm/10.3/bin/../lib/gcc/arm-none-eabi/10.3.1/../../../../arm-none-eabi/lib/thumb/v7e-m/nofp/libg.a(lib_a-fflush.o)
                0x000000000800946c                _fflush_r
 .text._cleanup_r
                0x00000000080094c8        0xc /usr/local/arm/10.3/bin/../lib/gcc/arm-none-eabi/10.3.1/../../../../arm-none-eabi/lib/thumb/v7e-m/nofp/libg.a(lib_a-findfp.o)
                0x00000000080094c8                _cleanup_r
 .text.__sinit  0x00000000080094d4      0x10c /usr/local/arm/10.3/bin/../lib/gcc/arm-none-eabi/10.3.1/../../../../arm-none-eabi/lib/thumb/v7e-m/nofp/libg.a(lib_a-findfp.o)
                0x00000000080094d4                __sinit
 .text.__sfp_lock_acquire
                0x00000000080095e0        0xc /usr/local/arm/10.3/bin/../lib/gcc/arm-none-eabi/10.3.1/../../../../arm-none-eabi/lib/thumb/v7e-m/nofp/libg.a(lib_a-findfp.o)
                0x00000000080095e0                __sfp_lock_acquire
 .text.__sfp_lock_release
                0x00000000080095ec        0xc /usr/local/arm/10.3/bin/../lib/gcc/arm-none-eabi/10.3.1/../../../../arm-none-eabi/lib/thumb/v7e-m/nofp/libg.a(lib_a-findfp.o)
                0x00000000080095ec                __sfp_lock_release
 .text._malloc_trim_r
                0x00000000080095f8       0xa0 /usr/local/arm/10.3/bin/../lib/gcc/arm-none-eabi/10.3.1/../../../../arm-none-eabi/lib/thumb/v7e-m/nofp/libg.a(lib_a-freer.o)
                0x00000000080095f8                _malloc_trim_r
 .text._free_r  0x0000000008009698      0x20c /usr/local/arm/10.3/bin/../lib/gcc/arm-none-eabi/10.3.1/../../../../arm-none-eabi/lib/thumb/v7e-m/nofp/libg.a(lib_a-freer.o)
                0x0000000008009698                _free_r
 .text.__sfvwrite_r
                0x00000000080098a4      0x2e8 /usr/local/arm/10.3/bin/../lib/gcc/arm-none-eabi/10.3.1/../../../../arm-none-eabi/lib/thumb/v7e-m/nofp/libg.a(lib_a-fvwrite.o)
                0x00000000080098a4                __sfvwrite_r
 .text._fwalk_reent
                0x0000000008009b8c       0x48 /usr/local/arm/10.3/bin/../lib/gcc/arm-none-eabi/10.3.1/../../../../arm-none-eabi/lib/thumb/v7e-m/nofp/libg.a(lib_a-fwalk.o)
                0x0000000008009b8c                _fwalk_reent
 .text._localeconv_r
                0x0000000008009bd4        0x8 /usr/local/arm/10.3/bin/../lib/gcc/arm-none-eabi/10.3.1/../../../../arm-none-eabi/lib/thumb/v7e-m/nofp/libg.a(lib_a-localeconv.o)
                0x0000000008009bd4                _localeconv_r
 .text.__retarget_lock_init_recursive
                0x0000000008009bdc        0x4 /usr/local/arm/10.3/bin/../lib/gcc/arm-none-eabi/10.3.1/../../../../arm-none-eabi/lib/thumb/v7e-m/nofp/libg.a(lib_a-lock.o)
                0x0000000008009bdc                __retarget_lock_init_recursive
 .text.__retarget_lock_close_recursive
                0x0000000008009be0        0x4 /usr/local/arm/10.3/bin/../lib/gcc/arm-none-eabi/10.3.1/../../../../arm-none-eabi/lib/thumb/v7e-m/nofp/libg.a(lib_a-lock.o)
                0x0000000008009be0                __retarget_lock_close_recursive
 .text.__retarget_lock_acquire_recursive
                0x0000000008009be4        0x4 /usr/local/arm/10.3/bin/../lib/gcc/arm-none-eabi/10.3.1/../../../../arm-none-eabi/lib/thumb/v7e-m/nofp/libg.a(lib_a-lock.o)
                0x0000000008009be4                __retarget_lock_acquire_recursive
 .text.__retarget_lock_release_recursive
                0x0000000008009be8        0x4 /usr/local/arm/10.3/bin/../lib/gcc/arm-none-eabi/10.3.1/../../../../arm-none-eabi/lib/thumb/v7e-m/nofp/libg.a(lib_a-lock.o)
                0x0000000008009be8                __retarget_lock_release_recursive
 .text.__smakebuf_r
                0x0000000008009bec       0xe0 /usr/local/arm/10.3/bin/../lib/gcc/arm-none-eabi/10.3.1/../../../../arm-none-eabi/lib/thumb/v7e-m/nofp/libg.a(lib_a-makebuf.o)
                0x0000000008009bec                __smakebuf_r
 .text.__swhatbuf_r
                0x0000000008009ccc       0x60 /usr/local/arm/10.3/bin/../lib/gcc/arm-none-eabi/10.3.1/../../../../arm-none-eabi/lib/thumb/v7e-m/nofp/libg.a(lib_a-makebuf.o)
                0x0000000008009ccc                __swhatbuf_r
 .text.malloc   0x0000000008009d2c       0x10 /usr/local/arm/10.3/bin/../lib/gcc/arm-none-eabi/10.3.1/../../../../arm-none-eabi/lib/thumb/v7e-m/nofp/libg.a(lib_a-malloc.o)
                0x0000000008009d2c                malloc
 .text._malloc_r
                0x0000000008009d3c      0x560 /usr/local/arm/10.3/bin/../lib/gcc/arm-none-eabi/10.3.1/../../../../arm-none-eabi/lib/thumb/v7e-m/nofp/libg.a(lib_a-mallocr.o)
                0x0000000008009d3c                _malloc_r
 .text.memmove  0x000000000800a29c       0xf8 /usr/local/arm/10.3/bin/../lib/gcc/arm-none-eabi/10.3.1/../../../../arm-none-eabi/lib/thumb/v7e-m/nofp/libg.a(lib_a-memmove.o)
                0x000000000800a29c                memmove
 .text.__malloc_lock
                0x000000000800a394        0xc /usr/local/arm/10.3/bin/../lib/gcc/arm-none-eabi/10.3.1/../../../../arm-none-eabi/lib/thumb/v7e-m/nofp/libg.a(lib_a-mlock.o)
                0x000000000800a394                __malloc_lock
 .text.__malloc_unlock
                0x000000000800a3a0        0xc /usr/local/arm/10.3/bin/../lib/gcc/arm-none-eabi/10.3.1/../../../../arm-none-eabi/lib/thumb/v7e-m/nofp/libg.a(lib_a-mlock.o)
                0x000000000800a3a0                __malloc_unlock
 .text._Balloc  0x000000000800a3ac       0x4c /usr/local/arm/10.3/bin/../lib/gcc/arm-none-eabi/10.3.1/../../../../arm-none-eabi/lib/thumb/v7e-m/nofp/libg.a(lib_a-mprec.o)
                0x000000000800a3ac                _Balloc
 .text._Bfree   0x000000000800a3f8       0x14 /usr/local/arm/10.3/bin/../lib/gcc/arm-none-eabi/10.3.1/../../../../arm-none-eabi/lib/thumb/v7e-m/nofp/libg.a(lib_a-mprec.o)
                0x000000000800a3f8                _Bfree
 .text.__multadd
                0x000000000800a40c       0xa0 /usr/local/arm/10.3/bin/../lib/gcc/arm-none-eabi/10.3.1/../../../../arm-none-eabi/lib/thumb/v7e-m/nofp/libg.a(lib_a-mprec.o)
                0x000000000800a40c                __multadd
 .text.__hi0bits
                0x000000000800a4ac       0x40 /usr/local/arm/10.3/bin/../lib/gcc/arm-none-eabi/10.3.1/../../../../arm-none-eabi/lib/thumb/v7e-m/nofp/libg.a(lib_a-mprec.o)
                0x000000000800a4ac                __hi0bits
 .text.__lo0bits
                0x000000000800a4ec       0x5c /usr/local/arm/10.3/bin/../lib/gcc/arm-none-eabi/10.3.1/../../../../arm-none-eabi/lib/thumb/v7e-m/nofp/libg.a(lib_a-mprec.o)
                0x000000000800a4ec                __lo0bits
 .text.__i2b    0x000000000800a548       0x5c /usr/local/arm/10.3/bin/../lib/gcc/arm-none-eabi/10.3.1/../../../../arm-none-eabi/lib/thumb/v7e-m/nofp/libg.a(lib_a-mprec.o)
                0x000000000800a548                __i2b
 .text.__multiply
                0x000000000800a5a4      0x15c /usr/local/arm/10.3/bin/../lib/gcc/arm-none-eabi/10.3.1/../../../../arm-none-eabi/lib/thumb/v7e-m/nofp/libg.a(lib_a-mprec.o)
                0x000000000800a5a4                __multiply
 .text.__pow5mult
                0x000000000800a700       0xc0 /usr/local/arm/10.3/bin/../lib/gcc/arm-none-eabi/10.3.1/../../../../arm-none-eabi/lib/thumb/v7e-m/nofp/libg.a(lib_a-mprec.o)
                0x000000000800a700                __pow5mult
 .text.__lshift
                0x000000000800a7c0       0xf0 /usr/local/arm/10.3/bin/../lib/gcc/arm-none-eabi/10.3.1/../../../../arm-none-eabi/lib/thumb/v7e-m/nofp/libg.a(lib_a-mprec.o)
                0x000000000800a7c0                __lshift
 .text.__mcmp   0x000000000800a8b0       0x40 /usr/local/arm/10.3/bin/../lib/gcc/arm-none-eabi/10.3.1/../../../../arm-none-eabi/lib/thumb/v7e-m/nofp/libg.a(lib_a-mprec.o)
                0x000000000800a8b0                __mcmp
 .text.__mdiff  0x000000000800a8f0      0x14c /usr/local/arm/10.3/bin/../lib/gcc/arm-none-eabi/10.3.1/../../../../arm-none-eabi/lib/thumb/v7e-m/nofp/libg.a(lib_a-mprec.o)
                0x000000000800a8f0                __mdiff
 .text.__d2b    0x000000000800aa3c       0xc4 /usr/local/arm/10.3/bin/../lib/gcc/arm-none-eabi/10.3.1/../../../../arm-none-eabi/lib/thumb/v7e-m/nofp/libg.a(lib_a-mprec.o)
                0x000000000800aa3c                __d2b
 .text._realloc_r
                0x000000000800ab00      0x3d8 /usr/local/arm/10.3/bin/../lib/gcc/arm-none-eabi/10.3.1/../../../../arm-none-eabi/lib/thumb/v7e-m/nofp/libg.a(lib_a-reallocr.o)
                0x000000000800ab00                _realloc_r
 .text.frexp    0x000000000800aed8       0x70 /usr/local/arm/10.3/bin/../lib/gcc/arm-none-eabi/10.3.1/../../../../arm-none-eabi/lib/thumb/v7e-m/nofp/libg.a(lib_a-s_frexp.o)
                0x000000000800aed8                frexp
 .text._sbrk_r  0x000000000800af48       0x24 /usr/local/arm/10.3/bin/../lib/gcc/arm-none-eabi/10.3.1/../../../../arm-none-eabi/lib/thumb/v7e-m/nofp/libg.a(lib_a-sbrkr.o)
                0x000000000800af48                _sbrk_r
 .text.__sread  0x000000000800af6c       0x24 /usr/local/arm/10.3/bin/../lib/gcc/arm-none-eabi/10.3.1/../../../../arm-none-eabi/lib/thumb/v7e-m/nofp/libg.a(lib_a-stdio.o)
                0x000000000800af6c                __sread
 .text.__swrite
                0x000000000800af90       0x40 /usr/local/arm/10.3/bin/../lib/gcc/arm-none-eabi/10.3.1/../../../../arm-none-eabi/lib/thumb/v7e-m/nofp/libg.a(lib_a-stdio.o)
                0x000000000800af90                __swrite
 .text.__sseek  0x000000000800afd0       0x20 /usr/local/arm/10.3/bin/../lib/gcc/arm-none-eabi/10.3.1/../../../../arm-none-eabi/lib/thumb/v7e-m/nofp/libg.a(lib_a-stdio.o)
                0x000000000800afd0                __sseek
 .text.__sclose
                0x000000000800aff0        0x8 /usr/local/arm/10.3/bin/../lib/gcc/arm-none-eabi/10.3.1/../../../../arm-none-eabi/lib/thumb/v7e-m/nofp/libg.a(lib_a-stdio.o)
                0x000000000800aff0                __sclose
 .text.strncpy  0x000000000800aff8       0x64 /usr/local/arm/10.3/bin/../lib/gcc/arm-none-eabi/10.3.1/../../../../arm-none-eabi/lib/thumb/v7e-m/nofp/libg.a(lib_a-strncpy.o)
                0x000000000800aff8                strncpy
 .text.__sprint_r.part.0
                0x000000000800b05c       0x78 /usr/local/arm/10.3/bin/../lib/gcc/arm-none-eabi/10.3.1/../../../../arm-none-eabi/lib/thumb/v7e-m/nofp/libg.a(lib_a-vfiprintf.o)
 .text.__sprint_r
                0x000000000800b0d4       0x14 /usr/local/arm/10.3/bin/../lib/gcc/arm-none-eabi/10.3.1/../../../../arm-none-eabi/lib/thumb/v7e-m/nofp/libg.a(lib_a-vfiprintf.o)
                0x000000000800b0d4                __sprint_r
 .text._vfiprintf_r
                0x000000000800b0e8      0xda0 /usr/local/arm/10.3/bin/../lib/gcc/arm-none-eabi/10.3.1/../../../../arm-none-eabi/lib/thumb/v7e-m/nofp/libg.a(lib_a-vfiprintf.o)
                0x000000000800b0e8                _vfiprintf_r
 .text.__sbprintf
                0x000000000800be88       0x80 /usr/local/arm/10.3/bin/../lib/gcc/arm-none-eabi/10.3.1/../../../../arm-none-eabi/lib/thumb/v7e-m/nofp/libg.a(lib_a-vfiprintf.o)
 .text._write_r
                0x000000000800bf08       0x2c /usr/local/arm/10.3/bin/../lib/gcc/arm-none-eabi/10.3.1/../../../../arm-none-eabi/lib/thumb/v7e-m/nofp/libg.a(lib_a-writer.o)
                0x000000000800bf08                _write_r
 .text.__assert_func
                0x000000000800bf34       0x40 /usr/local/arm/10.3/bin/../lib/gcc/arm-none-eabi/10.3.1/../../../../arm-none-eabi/lib/thumb/v7e-m/nofp/libg.a(lib_a-assert.o)
                0x000000000800bf34                __assert_func
 .text._calloc_r
                0x000000000800bf74       0x78 /usr/local/arm/10.3/bin/../lib/gcc/arm-none-eabi/10.3.1/../../../../arm-none-eabi/lib/thumb/v7e-m/nofp/libg.a(lib_a-callocr.o)
                0x000000000800bf74                _calloc_r
 .text._close_r
                0x000000000800bfec       0x24 /usr/local/arm/10.3/bin/../lib/gcc/arm-none-eabi/10.3.1/../../../../arm-none-eabi/lib/thumb/v7e-m/nofp/libg.a(lib_a-closer.o)
                0x000000000800bfec                _close_r
 .text._fclose_r
                0x000000000800c010       0xcc /usr/local/arm/10.3/bin/../lib/gcc/arm-none-eabi/10.3.1/../../../../arm-none-eabi/lib/thumb/v7e-m/nofp/libg.a(lib_a-fclose.o)
                0x000000000800c010                _fclose_r
 .text.fiprintf
                0x000000000800c0dc       0x28 /usr/local/arm/10.3/bin/../lib/gcc/arm-none-eabi/10.3.1/../../../../arm-none-eabi/lib/thumb/v7e-m/nofp/libg.a(lib_a-fiprintf.o)
                0x000000000800c0dc                fiprintf
 .text.__fputwc
                0x000000000800c104       0xa8 /usr/local/arm/10.3/bin/../lib/gcc/arm-none-eabi/10.3.1/../../../../arm-none-eabi/lib/thumb/v7e-m/nofp/libg.a(lib_a-fputwc.o)
                0x000000000800c104                __fputwc
 .text._fputwc_r
                0x000000000800c1ac       0x68 /usr/local/arm/10.3/bin/../lib/gcc/arm-none-eabi/10.3.1/../../../../arm-none-eabi/lib/thumb/v7e-m/nofp/libg.a(lib_a-fputwc.o)
                0x000000000800c1ac                _fputwc_r
 .text._fstat_r
                0x000000000800c214       0x2c /usr/local/arm/10.3/bin/../lib/gcc/arm-none-eabi/10.3.1/../../../../arm-none-eabi/lib/thumb/v7e-m/nofp/libg.a(lib_a-fstatr.o)
                0x000000000800c214                _fstat_r
 .text._isatty_r
                0x000000000800c240       0x24 /usr/local/arm/10.3/bin/../lib/gcc/arm-none-eabi/10.3.1/../../../../arm-none-eabi/lib/thumb/v7e-m/nofp/libg.a(lib_a-isattyr.o)
                0x000000000800c240                _isatty_r
 .text.__locale_mb_cur_max
                0x000000000800c264        0xc /usr/local/arm/10.3/bin/../lib/gcc/arm-none-eabi/10.3.1/../../../../arm-none-eabi/lib/thumb/v7e-m/nofp/libg.a(lib_a-locale.o)
                0x000000000800c264                __locale_mb_cur_max
 .text._lseek_r
                0x000000000800c270       0x2c /usr/local/arm/10.3/bin/../lib/gcc/arm-none-eabi/10.3.1/../../../../arm-none-eabi/lib/thumb/v7e-m/nofp/libg.a(lib_a-lseekr.o)
                0x000000000800c270                _lseek_r
 .text.__ascii_mbtowc
                0x000000000800c29c       0x2c /usr/local/arm/10.3/bin/../lib/gcc/arm-none-eabi/10.3.1/../../../../arm-none-eabi/lib/thumb/v7e-m/nofp/libg.a(lib_a-mbtowc_r.o)
                0x000000000800c29c                __ascii_mbtowc
 .text._read_r  0x000000000800c2c8       0x2c /usr/local/arm/10.3/bin/../lib/gcc/arm-none-eabi/10.3.1/../../../../arm-none-eabi/lib/thumb/v7e-m/nofp/libg.a(lib_a-readr.o)
                0x000000000800c2c8                _read_r
 .text.__swbuf_r
                0x000000000800c2f4       0xb0 /usr/local/arm/10.3/bin/../lib/gcc/arm-none-eabi/10.3.1/../../../../arm-none-eabi/lib/thumb/v7e-m/nofp/libg.a(lib_a-wbuf.o)
                0x000000000800c2f4                __swbuf_r
 .text._wcrtomb_r
                0x000000000800c3a4       0x3c /usr/local/arm/10.3/bin/../lib/gcc/arm-none-eabi/10.3.1/../../../../arm-none-eabi/lib/thumb/v7e-m/nofp/libg.a(lib_a-wcrtomb.o)
                0x000000000800c3a4                _wcrtomb_r
 .text.__ascii_wctomb
                0x000000000800c3e0       0x1c /usr/local/arm/10.3/bin/../lib/gcc/arm-none-eabi/10.3.1/../../../../arm-none-eabi/lib/thumb/v7e-m/nofp/libg.a(lib_a-wctomb_r.o)
                0x000000000800c3e0                __ascii_wctomb
 .text.abort    0x000000000800c3fc       0x10 /usr/local/arm/10.3/bin/../lib/gcc/arm-none-eabi/10.3.1/../../../../arm-none-eabi/lib/thumb/v7e-m/nofp/libg.a(lib_a-abort.o)
                0x000000000800c3fc                abort
 .text.raise    0x000000000800c40c       0x5c /usr/local/arm/10.3/bin/../lib/gcc/arm-none-eabi/10.3.1/../../../../arm-none-eabi/lib/thumb/v7e-m/nofp/libg.a(lib_a-signal.o)
                0x000000000800c40c                raise
 .text._kill_r  0x000000000800c468       0x2c /usr/local/arm/10.3/bin/../lib/gcc/arm-none-eabi/10.3.1/../../../../arm-none-eabi/lib/thumb/v7e-m/nofp/libg.a(lib_a-signalr.o)
                0x000000000800c468                _kill_r
 .text._getpid_r
                0x000000000800c494        0x4 /usr/local/arm/10.3/bin/../lib/gcc/arm-none-eabi/10.3.1/../../../../arm-none-eabi/lib/thumb/v7e-m/nofp/libg.a(lib_a-signalr.o)
                0x000000000800c494                _getpid_r
 .text.sqrt     0x000000000800c498       0x50 /usr/local/arm/10.3/bin/../lib/gcc/arm-none-eabi/10.3.1/../../../../arm-none-eabi/lib/thumb/v7e-m/nofp/libm.a(lib_a-w_sqrt.o)
                0x000000000800c498                sqrt
 .text.__ieee754_sqrt
                0x000000000800c4e8      0x18c /usr/local/arm/10.3/bin/../lib/gcc/arm-none-eabi/10.3.1/../../../../arm-none-eabi/lib/thumb/v7e-m/nofp/libm.a(lib_a-e_sqrt.o)
                0x000000000800c4e8                __ieee754_sqrt
 *(.glue_7)
 .glue_7        0x000000000800c674        0x0 linker stubs
 *(.glue_7t)
 .glue_7t       0x000000000800c674        0x0 linker stubs
 *(.eh_frame)
 *(.init)
 .init          0x000000000800c674        0x4 /usr/local/arm/10.3/bin/../lib/gcc/arm-none-eabi/10.3.1/thumb/v7e-m/nofp/crti.o
                0x000000000800c674                _init
 .init          0x000000000800c678        0x8 /usr/local/arm/10.3/bin/../lib/gcc/arm-none-eabi/10.3.1/thumb/v7e-m/nofp/crtn.o
 *(.fini)
 .fini          0x000000000800c680        0x4 /usr/local/arm/10.3/bin/../lib/gcc/arm-none-eabi/10.3.1/thumb/v7e-m/nofp/crti.o
                0x000000000800c680                _fini
 .fini          0x000000000800c684        0x8 /usr/local/arm/10.3/bin/../lib/gcc/arm-none-eabi/10.3.1/thumb/v7e-m/nofp/crtn.o
                0x000000000800c68c                . = ALIGN (0x4)
                0x000000000800c68c                _etext = .

.vfp11_veneer   0x000000000800c68c        0x0
 .vfp11_veneer  0x000000000800c68c        0x0 linker stubs

.v4_bx          0x000000000800c68c        0x0
 .v4_bx         0x000000000800c68c        0x0 linker stubs

.iplt           0x000000000800c68c        0x0
 .iplt          0x000000000800c68c        0x0 CMakeFiles/Car.elf.dir/Bsp/Bsp.c.obj

.rodata         0x000000000800c690      0x570
                0x000000000800c690                . = ALIGN (0x4)
 *(.rodata)
 *(.rodata*)
 .rodata.process_kalman_filter.str1.4
                0x000000000800c690       0x28 CMakeFiles/Car.elf.dir/Bsp/JY901.c.obj
 .rodata.main.str1.4
                0x000000000800c6b8       0x25 CMakeFiles/Car.elf.dir/Core/Src/main.c.obj
 *fill*         0x000000000800c6dd        0x3 
 .rodata.AHBPrescTable
                0x000000000800c6e0       0x10 CMakeFiles/Car.elf.dir/Core/Src/system_stm32f4xx.c.obj
                0x000000000800c6e0                AHBPrescTable
 .rodata.APBPrescTable
                0x000000000800c6f0        0x8 CMakeFiles/Car.elf.dir/Core/Src/system_stm32f4xx.c.obj
                0x000000000800c6f0                APBPrescTable
 .rodata.flagBitshiftOffset.0
                0x000000000800c6f8        0x8 CMakeFiles/Car.elf.dir/Drivers/STM32F4xx_HAL_Driver/Src/stm32f4xx_hal_dma.c.obj
 .rodata.Control_Proc.str1.4
                0x000000000800c700       0xa0 CMakeFiles/Car.elf.dir/Task/Control.c.obj
 .rodata.Motor_Receive_Data.str1.4
                0x000000000800c7a0       0x41 CMakeFiles/Car.elf.dir/Task/Motor.c.obj
 *fill*         0x000000000800c7e1        0x3 
 .rodata.Car_Go_Target.str1.4
                0x000000000800c7e4       0x1f CMakeFiles/Car.elf.dir/Task/Motor.c.obj
 *fill*         0x000000000800c803        0x1 
 .rodata._puts_r.str1.4
                0x000000000800c804        0x2 /usr/local/arm/10.3/bin/../lib/gcc/arm-none-eabi/10.3.1/../../../../arm-none-eabi/lib/thumb/v7e-m/nofp/libg.a(lib_a-puts.o)
 *fill*         0x000000000800c806        0x2 
 .rodata._vfprintf_r.str1.4
                0x000000000800c808       0x42 /usr/local/arm/10.3/bin/../lib/gcc/arm-none-eabi/10.3.1/../../../../arm-none-eabi/lib/thumb/v7e-m/nofp/libg.a(lib_a-vfprintf.o)
 *fill*         0x000000000800c84a        0x2 
 .rodata.blanks.1
                0x000000000800c84c       0x10 /usr/local/arm/10.3/bin/../lib/gcc/arm-none-eabi/10.3.1/../../../../arm-none-eabi/lib/thumb/v7e-m/nofp/libg.a(lib_a-vfprintf.o)
 .rodata.zeroes.0
                0x000000000800c85c       0x10 /usr/local/arm/10.3/bin/../lib/gcc/arm-none-eabi/10.3.1/../../../../arm-none-eabi/lib/thumb/v7e-m/nofp/libg.a(lib_a-vfprintf.o)
 .rodata._dtoa_r.str1.4
                0x000000000800c86c       0xa2 /usr/local/arm/10.3/bin/../lib/gcc/arm-none-eabi/10.3.1/../../../../arm-none-eabi/lib/thumb/v7e-m/nofp/libg.a(lib_a-dtoa.o)
                                         0xa6 (size before relaxing)
 *fill*         0x000000000800c90e        0x2 
 .rodata.__multadd.str1.4
                0x000000000800c910       0x7f /usr/local/arm/10.3/bin/../lib/gcc/arm-none-eabi/10.3.1/../../../../arm-none-eabi/lib/thumb/v7e-m/nofp/libg.a(lib_a-mprec.o)
                                         0x93 (size before relaxing)
 *fill*         0x000000000800c98f        0x1 
 .rodata.__mprec_bigtens
                0x000000000800c990       0x28 /usr/local/arm/10.3/bin/../lib/gcc/arm-none-eabi/10.3.1/../../../../arm-none-eabi/lib/thumb/v7e-m/nofp/libg.a(lib_a-mprec.o)
                0x000000000800c990                __mprec_bigtens
 .rodata.__mprec_tens
                0x000000000800c9b8       0xc8 /usr/local/arm/10.3/bin/../lib/gcc/arm-none-eabi/10.3.1/../../../../arm-none-eabi/lib/thumb/v7e-m/nofp/libg.a(lib_a-mprec.o)
                0x000000000800c9b8                __mprec_tens
 .rodata.p05.0  0x000000000800ca80        0xc /usr/local/arm/10.3/bin/../lib/gcc/arm-none-eabi/10.3.1/../../../../arm-none-eabi/lib/thumb/v7e-m/nofp/libg.a(lib_a-mprec.o)
 .rodata._vfiprintf_r.str1.4
                0x000000000800ca8c       0x2f /usr/local/arm/10.3/bin/../lib/gcc/arm-none-eabi/10.3.1/../../../../arm-none-eabi/lib/thumb/v7e-m/nofp/libg.a(lib_a-vfiprintf.o)
 .rodata.blanks.1
                0x000000000800ca8c       0x10 /usr/local/arm/10.3/bin/../lib/gcc/arm-none-eabi/10.3.1/../../../../arm-none-eabi/lib/thumb/v7e-m/nofp/libg.a(lib_a-vfiprintf.o)
 .rodata.zeroes.0
                0x000000000800ca9c       0x10 /usr/local/arm/10.3/bin/../lib/gcc/arm-none-eabi/10.3.1/../../../../arm-none-eabi/lib/thumb/v7e-m/nofp/libg.a(lib_a-vfiprintf.o)
 .rodata.__assert_func.str1.4
                0x000000000800caac       0x3f /usr/local/arm/10.3/bin/../lib/gcc/arm-none-eabi/10.3.1/../../../../arm-none-eabi/lib/thumb/v7e-m/nofp/libg.a(lib_a-assert.o)
                                         0x43 (size before relaxing)
 *fill*         0x000000000800caeb        0x1 
 .rodata._setlocale_r.str1.4
                0x000000000800caec        0xa /usr/local/arm/10.3/bin/../lib/gcc/arm-none-eabi/10.3.1/../../../../arm-none-eabi/lib/thumb/v7e-m/nofp/libg.a(lib_a-locale.o)
                                          0xd (size before relaxing)
 *fill*         0x000000000800caf6        0x2 
 .rodata.str1.4
                0x000000000800caf8        0x2 /usr/local/arm/10.3/bin/../lib/gcc/arm-none-eabi/10.3.1/../../../../arm-none-eabi/lib/thumb/v7e-m/nofp/libg.a(lib_a-locale.o)
 *fill*         0x000000000800cafa        0x2 
 .rodata._ctype_
                0x000000000800cafc      0x101 /usr/local/arm/10.3/bin/../lib/gcc/arm-none-eabi/10.3.1/../../../../arm-none-eabi/lib/thumb/v7e-m/nofp/libg.a(lib_a-ctype_.o)
                0x000000000800cafc                _ctype_
                0x000000000800cc00                . = ALIGN (0x4)
 *fill*         0x000000000800cbfd        0x3 
                0x000000000800cc08                _sidata = LOADADDR (.data)

.ARM.exidx      0x000000000800cc00        0x8
 .ARM.exidx     0x000000000800cc00        0x8 /usr/local/arm/10.3/bin/../lib/gcc/arm-none-eabi/10.3.1/thumb/v7e-m/nofp/libgcc.a(_udivmoddi4.o)

.rel.dyn        0x000000000800cc08        0x0
 .rel.iplt      0x000000000800cc08        0x0 CMakeFiles/Car.elf.dir/Bsp/Bsp.c.obj

.data           0x0000000020000000      0x9d4 load address 0x000000000800cc08
                0x0000000020000000                . = ALIGN (0x4)
                0x0000000020000000                _sdata = .
 *(.data)
 *(.data*)
 .data.SystemCoreClock
                0x0000000020000000        0x4 CMakeFiles/Car.elf.dir/Core/Src/system_stm32f4xx.c.obj
                0x0000000020000000                SystemCoreClock
 .data.uwTickFreq
                0x0000000020000004        0x1 CMakeFiles/Car.elf.dir/Drivers/STM32F4xx_HAL_Driver/Src/stm32f4xx_hal.c.obj
                0x0000000020000004                uwTickFreq
 *fill*         0x0000000020000005        0x3 
 .data.uwTickPrio
                0x0000000020000008        0x4 CMakeFiles/Car.elf.dir/Drivers/STM32F4xx_HAL_Driver/Src/stm32f4xx_hal.c.obj
                0x0000000020000008                uwTickPrio
 .data.Car_Acc  0x000000002000000c        0x2 CMakeFiles/Car.elf.dir/Task/Control.c.obj
                0x000000002000000c                Car_Acc
 .data.Car_Acc_Slow
                0x000000002000000e        0x2 CMakeFiles/Car.elf.dir/Task/Control.c.obj
                0x000000002000000e                Car_Acc_Slow
 .data.Car_Speed
                0x0000000020000010        0x2 CMakeFiles/Car.elf.dir/Task/Control.c.obj
                0x0000000020000010                Car_Speed
 .data.Car_Speed_Slow
                0x0000000020000012        0x2 CMakeFiles/Car.elf.dir/Task/Control.c.obj
                0x0000000020000012                Car_Speed_Slow
 .data.Car_Turn_Speed_Limit
                0x0000000020000014        0x2 CMakeFiles/Car.elf.dir/Task/Control.c.obj
                0x0000000020000014                Car_Turn_Speed_Limit
 .data.Motor_HuaGui_ACC
                0x0000000020000016        0x2 CMakeFiles/Car.elf.dir/Task/Control.c.obj
                0x0000000020000016                Motor_HuaGui_ACC
 .data.Motor_HuaGui_Speed
                0x0000000020000018        0x2 CMakeFiles/Car.elf.dir/Task/Control.c.obj
                0x0000000020000018                Motor_HuaGui_Speed
 .data.Running_Mode
                0x000000002000001a        0x1 CMakeFiles/Car.elf.dir/Task/Control.c.obj
                0x000000002000001a                Running_Mode
 .data.Last_Motor_Stop_Flag_Car
                0x000000002000001b        0x1 CMakeFiles/Car.elf.dir/Task/Motor.c.obj
                0x000000002000001b                Last_Motor_Stop_Flag_Car
 .data.Stop_Flag_HuaGui
                0x000000002000001c        0x1 CMakeFiles/Car.elf.dir/Task/Motor.c.obj
                0x000000002000001c                Stop_Flag_HuaGui
 *fill*         0x000000002000001d        0x3 
 .data.HuaGui_Angle
                0x0000000020000020        0x4 CMakeFiles/Car.elf.dir/Task/Servo.c.obj
                0x0000000020000020                HuaGui_Angle
 .data.JiaZhua_Angle
                0x0000000020000024        0x4 CMakeFiles/Car.elf.dir/Task/Servo.c.obj
                0x0000000020000024                JiaZhua_Angle
 .data.ZaiWu_Angle
                0x0000000020000028        0x4 CMakeFiles/Car.elf.dir/Task/Servo.c.obj
                0x0000000020000028                ZaiWu_Angle
 .data._impure_ptr
                0x000000002000002c        0x4 /usr/local/arm/10.3/bin/../lib/gcc/arm-none-eabi/10.3.1/../../../../arm-none-eabi/lib/thumb/v7e-m/nofp/libg.a(lib_a-impure.o)
                0x000000002000002c                _impure_ptr
 .data.impure_data
                0x0000000020000030      0x428 /usr/local/arm/10.3/bin/../lib/gcc/arm-none-eabi/10.3.1/../../../../arm-none-eabi/lib/thumb/v7e-m/nofp/libg.a(lib_a-impure.o)
 .data.__malloc_av_
                0x0000000020000458      0x408 /usr/local/arm/10.3/bin/../lib/gcc/arm-none-eabi/10.3.1/../../../../arm-none-eabi/lib/thumb/v7e-m/nofp/libg.a(lib_a-mallocr.o)
                0x0000000020000458                __malloc_av_
 .data.__malloc_sbrk_base
                0x0000000020000860        0x4 /usr/local/arm/10.3/bin/../lib/gcc/arm-none-eabi/10.3.1/../../../../arm-none-eabi/lib/thumb/v7e-m/nofp/libg.a(lib_a-mallocr.o)
                0x0000000020000860                __malloc_sbrk_base
 .data.__malloc_trim_threshold
                0x0000000020000864        0x4 /usr/local/arm/10.3/bin/../lib/gcc/arm-none-eabi/10.3.1/../../../../arm-none-eabi/lib/thumb/v7e-m/nofp/libg.a(lib_a-mallocr.o)
                0x0000000020000864                __malloc_trim_threshold
 .data.__global_locale
                0x0000000020000868      0x16c /usr/local/arm/10.3/bin/../lib/gcc/arm-none-eabi/10.3.1/../../../../arm-none-eabi/lib/thumb/v7e-m/nofp/libg.a(lib_a-locale.o)
                0x0000000020000868                __global_locale
 *(.RamFunc)
 *(.RamFunc*)
                0x00000000200009d4                . = ALIGN (0x4)
                0x00000000200009d4                _edata = .
                0x000000000800d5dc                _siccmram = LOADADDR (.ccmram)

.igot.plt       0x00000000200009d4        0x0 load address 0x000000000800d5dc
 .igot.plt      0x00000000200009d4        0x0 CMakeFiles/Car.elf.dir/Bsp/Bsp.c.obj

.ccmram         0x0000000010000000        0x0 load address 0x000000000800d5dc
                0x0000000010000000                . = ALIGN (0x4)
                0x0000000010000000                _sccmram = .
 *(.ccmram)
 *(.ccmram*)
                0x0000000010000000                . = ALIGN (0x4)
                0x0000000010000000                _eccmram = .
                0x0000000010000000                . = ALIGN (0x4)

.bss            0x00000000200009d8      0x634
                0x00000000200009d8                _sbss = .
                0x00000000200009d8                __bss_start__ = _sbss
 *(.bss)
 *(.bss*)
 .bss.JY901_data
                0x00000000200009d8       0x48 CMakeFiles/Car.elf.dir/Bsp/JY901.c.obj
                0x00000000200009d8                JY901_data
 .bss.Kalman_Set_Data_Flag
                0x0000000020000a20        0x1 CMakeFiles/Car.elf.dir/Bsp/JY901.c.obj
                0x0000000020000a20                Kalman_Set_Data_Flag
 .bss.Kalman_count
                0x0000000020000a21        0x1 CMakeFiles/Car.elf.dir/Bsp/JY901.c.obj
                0x0000000020000a21                Kalman_count
 *fill*         0x0000000020000a22        0x2 
 .bss.kalman    0x0000000020000a24       0xf0 CMakeFiles/Car.elf.dir/Bsp/JY901.c.obj
                0x0000000020000a24                kalman
 .bss.last_Kalman
                0x0000000020000b14        0xc CMakeFiles/Car.elf.dir/Bsp/JY901.c.obj
                0x0000000020000b14                last_Kalman
 .bss.stcAcc    0x0000000020000b20        0x8 CMakeFiles/Car.elf.dir/Bsp/JY901.c.obj
                0x0000000020000b20                stcAcc
 .bss.stcAngle  0x0000000020000b28        0x8 CMakeFiles/Car.elf.dir/Bsp/JY901.c.obj
                0x0000000020000b28                stcAngle
 .bss.stcGyro   0x0000000020000b30        0x8 CMakeFiles/Car.elf.dir/Bsp/JY901.c.obj
                0x0000000020000b30                stcGyro
 .bss.fac_us    0x0000000020000b38        0x1 CMakeFiles/Car.elf.dir/Bsp/My_Delay.c.obj
 *fill*         0x0000000020000b39        0x3 
 .bss.JY_Yaw    0x0000000020000b3c        0x4 CMakeFiles/Car.elf.dir/Bsp/Uart_Bsp.c.obj
                0x0000000020000b3c                JY_Yaw
 .bss.gHuart    0x0000000020000b40        0x4 CMakeFiles/Car.elf.dir/Bsp/retarget.c.obj
                0x0000000020000b40                gHuart
 .bss.__sbrk_heap_end
                0x0000000020000b44        0x4 CMakeFiles/Car.elf.dir/Core/Src/sysmem.c.obj
 .bss.htim3     0x0000000020000b48       0x48 CMakeFiles/Car.elf.dir/Core/Src/tim.c.obj
                0x0000000020000b48                htim3
 .bss.htim6     0x0000000020000b90       0x48 CMakeFiles/Car.elf.dir/Core/Src/tim.c.obj
                0x0000000020000b90                htim6
 .bss.htim7     0x0000000020000bd8       0x48 CMakeFiles/Car.elf.dir/Core/Src/tim.c.obj
                0x0000000020000bd8                htim7
 .bss.hdma_usart3_rx
                0x0000000020000c20       0x60 CMakeFiles/Car.elf.dir/Core/Src/usart.c.obj
                0x0000000020000c20                hdma_usart3_rx
 .bss.huart1    0x0000000020000c80       0x48 CMakeFiles/Car.elf.dir/Core/Src/usart.c.obj
                0x0000000020000c80                huart1
 .bss.huart3    0x0000000020000cc8       0x48 CMakeFiles/Car.elf.dir/Core/Src/usart.c.obj
                0x0000000020000cc8                huart3
 .bss.huart5    0x0000000020000d10       0x48 CMakeFiles/Car.elf.dir/Core/Src/usart.c.obj
                0x0000000020000d10                huart5
 .bss.uwTick    0x0000000020000d58        0x4 CMakeFiles/Car.elf.dir/Drivers/STM32F4xx_HAL_Driver/Src/stm32f4xx_hal.c.obj
                0x0000000020000d58                uwTick
 .bss.Last_Data1.8
                0x0000000020000d5c        0x1 CMakeFiles/Car.elf.dir/Task/Control.c.obj
 .bss.Running_Flag
                0x0000000020000d5d        0x1 CMakeFiles/Car.elf.dir/Task/Control.c.obj
                0x0000000020000d5d                Running_Flag
 *fill*         0x0000000020000d5e        0x2 
 .bss.Task_Data1
                0x0000000020000d60       0xc8 CMakeFiles/Car.elf.dir/Task/Control.c.obj
                0x0000000020000d60                Task_Data1
 .bss.Task_Data2
                0x0000000020000e28       0xc8 CMakeFiles/Car.elf.dir/Task/Control.c.obj
                0x0000000020000e28                Task_Data2
 .bss.Task_Flag
                0x0000000020000ef0       0x64 CMakeFiles/Car.elf.dir/Task/Control.c.obj
                0x0000000020000ef0                Task_Flag
 .bss.Task_Num_0
                0x0000000020000f54        0x1 CMakeFiles/Car.elf.dir/Task/Control.c.obj
                0x0000000020000f54                Task_Num_0
 *fill*         0x0000000020000f55        0x1 
 .bss.Task_Num_1
                0x0000000020000f56        0x2 CMakeFiles/Car.elf.dir/Task/Control.c.obj
                0x0000000020000f56                Task_Num_1
 .bss.Task_Num_2
                0x0000000020000f58        0x2 CMakeFiles/Car.elf.dir/Task/Control.c.obj
                0x0000000020000f58                Task_Num_2
 .bss.temp.0    0x0000000020000f5a        0x1 CMakeFiles/Car.elf.dir/Task/Control.c.obj
 .bss.temp.1    0x0000000020000f5b        0x1 CMakeFiles/Car.elf.dir/Task/Control.c.obj
 .bss.temp.10   0x0000000020000f5c        0x1 CMakeFiles/Car.elf.dir/Task/Control.c.obj
 .bss.temp.11   0x0000000020000f5d        0x1 CMakeFiles/Car.elf.dir/Task/Control.c.obj
 .bss.temp.4    0x0000000020000f5e        0x1 CMakeFiles/Car.elf.dir/Task/Control.c.obj
 .bss.temp.7    0x0000000020000f5f        0x1 CMakeFiles/Car.elf.dir/Task/Control.c.obj
 .bss.temp.9    0x0000000020000f60        0x1 CMakeFiles/Car.elf.dir/Task/Control.c.obj
 .bss.temp1.3   0x0000000020000f61        0x1 CMakeFiles/Car.elf.dir/Task/Control.c.obj
 .bss.temp1.6   0x0000000020000f62        0x1 CMakeFiles/Car.elf.dir/Task/Control.c.obj
 .bss.temp2.2   0x0000000020000f63        0x1 CMakeFiles/Car.elf.dir/Task/Control.c.obj
 .bss.temp2.5   0x0000000020000f64        0x1 CMakeFiles/Car.elf.dir/Task/Control.c.obj
 .bss.Car_Task_Data_0
                0x0000000020000f65        0x1 CMakeFiles/Car.elf.dir/Task/Control_Logic.c.obj
                0x0000000020000f65                Car_Task_Data_0
 .bss.Car_Task_Data_1
                0x0000000020000f66        0x2 CMakeFiles/Car.elf.dir/Task/Control_Logic.c.obj
                0x0000000020000f66                Car_Task_Data_1
 .bss.Car_Task_Data_2
                0x0000000020000f68        0x2 CMakeFiles/Car.elf.dir/Task/Control_Logic.c.obj
                0x0000000020000f68                Car_Task_Data_2
 .bss.HuaGui_Motor_State
                0x0000000020000f6a        0x1 CMakeFiles/Car.elf.dir/Task/Motor.c.obj
                0x0000000020000f6a                HuaGui_Motor_State
 *fill*         0x0000000020000f6b        0x1 
 .bss.Motor_HuaGui_Current_amount
                0x0000000020000f6c        0x2 CMakeFiles/Car.elf.dir/Task/Motor.c.obj
                0x0000000020000f6c                Motor_HuaGui_Current_amount
 .bss.Motor_RxBuff
                0x0000000020000f6e        0x1 CMakeFiles/Car.elf.dir/Task/Motor.c.obj
                0x0000000020000f6e                Motor_RxBuff
 .bss.Motor_Stop_Flag_Car
                0x0000000020000f6f        0x1 CMakeFiles/Car.elf.dir/Task/Motor.c.obj
                0x0000000020000f6f                Motor_Stop_Flag_Car
 .bss.RxBuffer1
                0x0000000020000f70       0x14 CMakeFiles/Car.elf.dir/Task/Motor.c.obj
                0x0000000020000f70                RxBuffer1
 .bss.RxCounter1.6
                0x0000000020000f84        0x1 CMakeFiles/Car.elf.dir/Task/Motor.c.obj
 .bss.RxState.7
                0x0000000020000f85        0x1 CMakeFiles/Car.elf.dir/Task/Motor.c.obj
 *fill*         0x0000000020000f86        0x2 
 .bss.Send_Data
                0x0000000020000f88       0x14 CMakeFiles/Car.elf.dir/Task/Motor.c.obj
                0x0000000020000f88                Send_Data
 .bss.Temp_State.1
                0x0000000020000f9c        0x1 CMakeFiles/Car.elf.dir/Task/Motor.c.obj
 .bss.Temp_State.3
                0x0000000020000f9d        0x1 CMakeFiles/Car.elf.dir/Task/Motor.c.obj
 *fill*         0x0000000020000f9e        0x2 
 .bss.Temp_Yaw.0
                0x0000000020000fa0        0x4 CMakeFiles/Car.elf.dir/Task/Motor.c.obj
 .bss.Car_Counter
                0x0000000020000fa4        0x2 CMakeFiles/Car.elf.dir/Task/Move.c.obj
                0x0000000020000fa4                Car_Counter
 .bss.Car_Counter_Enable
                0x0000000020000fa6        0x1 CMakeFiles/Car.elf.dir/Task/Move.c.obj
                0x0000000020000fa6                Car_Counter_Enable
 *fill*         0x0000000020000fa7        0x1 
 .bss.Car_Counter_Times
                0x0000000020000fa8        0x2 CMakeFiles/Car.elf.dir/Task/Move.c.obj
                0x0000000020000fa8                Car_Counter_Times
 .bss.Car_Task_Time
                0x0000000020000faa        0x2 CMakeFiles/Car.elf.dir/Task/Move.c.obj
                0x0000000020000faa                Car_Task_Time
 .bss.Counter   0x0000000020000fac        0x2 CMakeFiles/Car.elf.dir/Task/Move.c.obj
                0x0000000020000fac                Counter
 .bss.Counter_Enable
                0x0000000020000fae        0x1 CMakeFiles/Car.elf.dir/Task/Move.c.obj
                0x0000000020000fae                Counter_Enable
 *fill*         0x0000000020000faf        0x1 
 .bss.Counter_Times
                0x0000000020000fb0        0x2 CMakeFiles/Car.elf.dir/Task/Move.c.obj
                0x0000000020000fb0                Counter_Times
 .bss.Get_Loads_State.1
                0x0000000020000fb2        0x1 CMakeFiles/Car.elf.dir/Task/Move.c.obj
 *fill*         0x0000000020000fb3        0x1 
 .bss.Kalman_time
                0x0000000020000fb4        0x2 CMakeFiles/Car.elf.dir/Task/Move.c.obj
                0x0000000020000fb4                Kalman_time
 .bss.Motor_Stop_Flag_Car_Kalman
                0x0000000020000fb6        0x1 CMakeFiles/Car.elf.dir/Task/Move.c.obj
                0x0000000020000fb6                Motor_Stop_Flag_Car_Kalman
 .bss.Put_Loads_State.0
                0x0000000020000fb7        0x1 CMakeFiles/Car.elf.dir/Task/Move.c.obj
 .bss.Yaw_Compensate
                0x0000000020000fb8        0x8 CMakeFiles/Car.elf.dir/Task/Move.c.obj
                0x0000000020000fb8                Yaw_Compensate
 .bss.u10ms     0x0000000020000fc0        0x2 CMakeFiles/Car.elf.dir/Task/Move.c.obj
                0x0000000020000fc0                u10ms
 .bss.HuaGui_Servo_Flag
                0x0000000020000fc2        0x1 CMakeFiles/Car.elf.dir/Task/Servo.c.obj
                0x0000000020000fc2                HuaGui_Servo_Flag
 .bss.JiaZhua_Servo_Flag
                0x0000000020000fc3        0x1 CMakeFiles/Car.elf.dir/Task/Servo.c.obj
                0x0000000020000fc3                JiaZhua_Servo_Flag
 .bss.ZaiWu_Servo_Flag
                0x0000000020000fc4        0x1 CMakeFiles/Car.elf.dir/Task/Servo.c.obj
                0x0000000020000fc4                ZaiWu_Servo_Flag
 *fill*         0x0000000020000fc5        0x3 
 .bss.__lock___malloc_recursive_mutex
                0x0000000020000fc8        0x1 /usr/local/arm/10.3/bin/../lib/gcc/arm-none-eabi/10.3.1/../../../../arm-none-eabi/lib/thumb/v7e-m/nofp/libg.a(lib_a-lock.o)
                0x0000000020000fc8                __lock___malloc_recursive_mutex
 *fill*         0x0000000020000fc9        0x3 
 .bss.__lock___sfp_recursive_mutex
                0x0000000020000fcc        0x1 /usr/local/arm/10.3/bin/../lib/gcc/arm-none-eabi/10.3.1/../../../../arm-none-eabi/lib/thumb/v7e-m/nofp/libg.a(lib_a-lock.o)
                0x0000000020000fcc                __lock___sfp_recursive_mutex
 *fill*         0x0000000020000fcd        0x3 
 .bss.__lock___sinit_recursive_mutex
                0x0000000020000fd0        0x1 /usr/local/arm/10.3/bin/../lib/gcc/arm-none-eabi/10.3.1/../../../../arm-none-eabi/lib/thumb/v7e-m/nofp/libg.a(lib_a-lock.o)
                0x0000000020000fd0                __lock___sinit_recursive_mutex
 *fill*         0x0000000020000fd1        0x3 
 .bss.__malloc_current_mallinfo
                0x0000000020000fd4       0x28 /usr/local/arm/10.3/bin/../lib/gcc/arm-none-eabi/10.3.1/../../../../arm-none-eabi/lib/thumb/v7e-m/nofp/libg.a(lib_a-mallocr.o)
                0x0000000020000fd4                __malloc_current_mallinfo
 .bss.__malloc_max_sbrked_mem
                0x0000000020000ffc        0x4 /usr/local/arm/10.3/bin/../lib/gcc/arm-none-eabi/10.3.1/../../../../arm-none-eabi/lib/thumb/v7e-m/nofp/libg.a(lib_a-mallocr.o)
                0x0000000020000ffc                __malloc_max_sbrked_mem
 .bss.__malloc_max_total_mem
                0x0000000020001000        0x4 /usr/local/arm/10.3/bin/../lib/gcc/arm-none-eabi/10.3.1/../../../../arm-none-eabi/lib/thumb/v7e-m/nofp/libg.a(lib_a-mallocr.o)
                0x0000000020001000                __malloc_max_total_mem
 .bss.__malloc_top_pad
                0x0000000020001004        0x4 /usr/local/arm/10.3/bin/../lib/gcc/arm-none-eabi/10.3.1/../../../../arm-none-eabi/lib/thumb/v7e-m/nofp/libg.a(lib_a-mallocr.o)
                0x0000000020001004                __malloc_top_pad
 .bss.errno     0x0000000020001008        0x4 /usr/local/arm/10.3/bin/../lib/gcc/arm-none-eabi/10.3.1/../../../../arm-none-eabi/lib/thumb/v7e-m/nofp/libg.a(lib_a-reent.o)
                0x0000000020001008                errno
 *(COMMON)
                0x000000002000100c                . = ALIGN (0x4)
                0x000000002000100c                _ebss = .
                0x000000002000100c                __bss_end__ = _ebss

._user_heap_stack
                0x000000002000100c      0x604
                0x0000000020001010                . = ALIGN (0x8)
 *fill*         0x000000002000100c        0x4 
                [!provide]                        PROVIDE (end = .)
                0x0000000020001010                PROVIDE (_end = .)
                0x0000000020001210                . = (. + _Min_Heap_Size)
 *fill*         0x0000000020001010      0x200 
                0x0000000020001610                . = (. + _Min_Stack_Size)
 *fill*         0x0000000020001210      0x400 
                0x0000000020001610                . = ALIGN (0x8)

/DISCARD/
 libc.a(*)
 libm.a(*)
 libgcc.a(*)

.ARM.attributes
                0x0000000000000000       0x2a
 *(.ARM.attributes)
 .ARM.attributes
                0x0000000000000000       0x1e /usr/local/arm/10.3/bin/../lib/gcc/arm-none-eabi/10.3.1/thumb/v7e-m/nofp/crti.o
 .ARM.attributes
                0x000000000000001e       0x2e CMakeFiles/Car.elf.dir/Bsp/Bsp.c.obj
 .ARM.attributes
                0x000000000000004c       0x2e CMakeFiles/Car.elf.dir/Bsp/JY901.c.obj
 .ARM.attributes
                0x000000000000007a       0x2e CMakeFiles/Car.elf.dir/Bsp/My_Delay.c.obj
 .ARM.attributes
                0x00000000000000a8       0x2e CMakeFiles/Car.elf.dir/Bsp/Uart_Bsp.c.obj
 .ARM.attributes
                0x00000000000000d6       0x2e CMakeFiles/Car.elf.dir/Bsp/retarget.c.obj
 .ARM.attributes
                0x0000000000000104       0x2e CMakeFiles/Car.elf.dir/Core/Src/dma.c.obj
 .ARM.attributes
                0x0000000000000132       0x2e CMakeFiles/Car.elf.dir/Core/Src/gpio.c.obj
 .ARM.attributes
                0x0000000000000160       0x2e CMakeFiles/Car.elf.dir/Core/Src/main.c.obj
 .ARM.attributes
                0x000000000000018e       0x2e CMakeFiles/Car.elf.dir/Core/Src/stm32f4xx_hal_msp.c.obj
 .ARM.attributes
                0x00000000000001bc       0x2e CMakeFiles/Car.elf.dir/Core/Src/stm32f4xx_it.c.obj
 .ARM.attributes
                0x00000000000001ea       0x2e CMakeFiles/Car.elf.dir/Core/Src/syscalls.c.obj
 .ARM.attributes