Archive member included to satisfy reference by file (symbol)

/usr/local/arm/10.3/bin/../lib/gcc/arm-none-eabi/10.3.1/thumb/v7e-m/nofp/libgcc.a(_arm_muldf3.o)
                              CMakeFiles/Car.elf.dir/Bsp/ssd1306.c.obj (__aeabi_dmul)
/usr/local/arm/10.3/bin/../lib/gcc/arm-none-eabi/10.3.1/thumb/v7e-m/nofp/libgcc.a(_arm_mulsf3.o)
                              CMakeFiles/Car.elf.dir/Bsp/JY901.c.obj (__aeabi_fmul)
/usr/local/arm/10.3/bin/../lib/gcc/arm-none-eabi/10.3.1/thumb/v7e-m/nofp/libgcc.a(_arm_addsubdf3.o)
                              CMakeFiles/Car.elf.dir/Task/Move.c.obj (__aeabi_dadd)
/usr/local/arm/10.3/bin/../lib/gcc/arm-none-eabi/10.3.1/thumb/v7e-m/nofp/libgcc.a(_arm_muldivdf3.o)
                              CMakeFiles/Car.elf.dir/Bsp/ssd1306.c.obj (__aeabi_ddiv)
/usr/local/arm/10.3/bin/../lib/gcc/arm-none-eabi/10.3.1/thumb/v7e-m/nofp/libgcc.a(_arm_cmpdf2.o)
                              CMakeFiles/Car.elf.dir/Bsp/JY901.c.obj (__aeabi_dcmple)
/usr/local/arm/10.3/bin/../lib/gcc/arm-none-eabi/10.3.1/thumb/v7e-m/nofp/libgcc.a(_arm_fixdfsi.o)
                              CMakeFiles/Car.elf.dir/Bsp/ssd1306.c.obj (__aeabi_d2iz)
/usr/local/arm/10.3/bin/../lib/gcc/arm-none-eabi/10.3.1/thumb/v7e-m/nofp/libgcc.a(_arm_truncdfsf2.o)
                              CMakeFiles/Car.elf.dir/Bsp/ssd1306.c.obj (__aeabi_d2f)
/usr/local/arm/10.3/bin/../lib/gcc/arm-none-eabi/10.3.1/thumb/v7e-m/nofp/libgcc.a(_arm_addsubsf3.o)
                              CMakeFiles/Car.elf.dir/Bsp/JY901.c.obj (__aeabi_fsub)
/usr/local/arm/10.3/bin/../lib/gcc/arm-none-eabi/10.3.1/thumb/v7e-m/nofp/libgcc.a(_arm_muldivsf3.o)
                              CMakeFiles/Car.elf.dir/Bsp/JY901.c.obj (__aeabi_fdiv)
/usr/local/arm/10.3/bin/../lib/gcc/arm-none-eabi/10.3.1/thumb/v7e-m/nofp/libgcc.a(_arm_cmpsf2.o)
                              CMakeFiles/Car.elf.dir/Bsp/JY901.c.obj (__aeabi_fcmplt)
/usr/local/arm/10.3/bin/../lib/gcc/arm-none-eabi/10.3.1/thumb/v7e-m/nofp/libgcc.a(_arm_fixsfsi.o)
                              CMakeFiles/Car.elf.dir/Task/Motor.c.obj (__aeabi_f2iz)
/usr/local/arm/10.3/bin/../lib/gcc/arm-none-eabi/10.3.1/thumb/v7e-m/nofp/libgcc.a(_arm_fixunssfsi.o)
                              CMakeFiles/Car.elf.dir/Task/Motor.c.obj (__aeabi_f2uiz)
/usr/local/arm/10.3/bin/../lib/gcc/arm-none-eabi/10.3.1/thumb/v7e-m/nofp/libgcc.a(_aeabi_uldivmod.o)
                              CMakeFiles/Car.elf.dir/Drivers/STM32F4xx_HAL_Driver/Src/stm32f4xx_hal_rcc.c.obj (__aeabi_uldivmod)
/usr/local/arm/10.3/bin/../lib/gcc/arm-none-eabi/10.3.1/thumb/v7e-m/nofp/libgcc.a(_udivmoddi4.o)
                              /usr/local/arm/10.3/bin/../lib/gcc/arm-none-eabi/10.3.1/thumb/v7e-m/nofp/libgcc.a(_aeabi_uldivmod.o) (__udivmoddi4)
/usr/local/arm/10.3/bin/../lib/gcc/arm-none-eabi/10.3.1/thumb/v7e-m/nofp/libgcc.a(_dvmd_tls.o)
                              /usr/local/arm/10.3/bin/../lib/gcc/arm-none-eabi/10.3.1/thumb/v7e-m/nofp/libgcc.a(_aeabi_uldivmod.o) (__aeabi_ldiv0)
/usr/local/arm/10.3/bin/../lib/gcc/arm-none-eabi/10.3.1/../../../../arm-none-eabi/lib/thumb/v7e-m/nofp/libg.a(lib_a-errno.o)
                              CMakeFiles/Car.elf.dir/Bsp/retarget.c.obj (__errno)
/usr/local/arm/10.3/bin/../lib/gcc/arm-none-eabi/10.3.1/../../../../arm-none-eabi/lib/thumb/v7e-m/nofp/libg.a(lib_a-exit.o)
                              /usr/local/arm/10.3/bin/../lib/gcc/arm-none-eabi/10.3.1/../../../../arm-none-eabi/lib/thumb/v7e-m/nofp/crt0.o (exit)
/usr/local/arm/10.3/bin/../lib/gcc/arm-none-eabi/10.3.1/../../../../arm-none-eabi/lib/thumb/v7e-m/nofp/libg.a(lib_a-impure.o)
                              /usr/local/arm/10.3/bin/../lib/gcc/arm-none-eabi/10.3.1/../../../../arm-none-eabi/lib/thumb/v7e-m/nofp/libg.a(lib_a-exit.o) (_global_impure_ptr)
/usr/local/arm/10.3/bin/../lib/gcc/arm-none-eabi/10.3.1/../../../../arm-none-eabi/lib/thumb/v7e-m/nofp/libg.a(lib_a-init.o)
                              /usr/local/arm/10.3/bin/../lib/gcc/arm-none-eabi/10.3.1/../../../../arm-none-eabi/lib/thumb/v7e-m/nofp/crt0.o (__libc_init_array)
/usr/local/arm/10.3/bin/../lib/gcc/arm-none-eabi/10.3.1/../../../../arm-none-eabi/lib/thumb/v7e-m/nofp/libg.a(lib_a-memcmp.o)
                              CMakeFiles/Car.elf.dir/Core/Src/stm32f4xx_it.c.obj (memcmp)
/usr/local/arm/10.3/bin/../lib/gcc/arm-none-eabi/10.3.1/../../../../arm-none-eabi/lib/thumb/v7e-m/nofp/libg.a(lib_a-memcpy.o)
                              CMakeFiles/Car.elf.dir/Bsp/ssd1306.c.obj (memcpy)
/usr/local/arm/10.3/bin/../lib/gcc/arm-none-eabi/10.3.1/../../../../arm-none-eabi/lib/thumb/v7e-m/nofp/libg.a(lib_a-memmove.o)
                              CMakeFiles/Car.elf.dir/Bsp/ssd1306_tests.c.obj (memmove)
/usr/local/arm/10.3/bin/../lib/gcc/arm-none-eabi/10.3.1/../../../../arm-none-eabi/lib/thumb/v7e-m/nofp/libg.a(lib_a-memset.o)
                              /usr/local/arm/10.3/bin/../lib/gcc/arm-none-eabi/10.3.1/../../../../arm-none-eabi/lib/thumb/v7e-m/nofp/crt0.o (memset)
[...]
Memory Configuration

Name             Origin             Length             Attributes
CCMRAM           0x0000000010000000 0x0000000000010000 xrw
RAM              0x0000000020000000 0x0000000000020000 xrw
FLASH            0x0000000008000000 0x0000000000080000 xr
*default*        0x0000000000000000 0xffffffffffffffff

Linker script and memory map

LOAD /usr/local/arm/10.3/bin/../lib/gcc/arm-none-eabi/10.3.1/thumb/v7e-m/nofp/crti.o
LOAD /usr/local/arm/10.3/bin/../lib/gcc/arm-none-eabi/10.3.1/thumb/v7e-m/nofp/crtbegin.o
LOAD /usr/local/arm/10.3/bin/../lib/gcc/arm-none-eabi/10.3.1/../../../../arm-none-eabi/lib/thumb/v7e-m/nofp/crt0.o
LOAD CMakeFiles/Car.elf.dir/Bsp/Bsp.c.obj
LOAD CMakeFiles/Car.elf.dir/Bsp/JY901.c.obj
LOAD CMakeFiles/Car.elf.dir/Bsp/My_Delay.c.obj
LOAD CMakeFiles/Car.elf.dir/Bsp/PI.c.obj
LOAD CMakeFiles/Car.elf.dir/Bsp/Uart_Bsp.c.obj
LOAD CMakeFiles/Car.elf.dir/Bsp/gm65.c.obj
LOAD CMakeFiles/Car.elf.dir/Bsp/retarget.c.obj
LOAD CMakeFiles/Car.elf.dir/Bsp/ssd1306.c.obj
LOAD CMakeFiles/Car.elf.dir/Bsp/ssd1306_fonts.c.obj
LOAD CMakeFiles/Car.elf.dir/Bsp/ssd1306_tests.c.obj
LOAD CMakeFiles/Car.elf.dir/Core/Src/dma.c.obj
LOAD CMakeFiles/Car.elf.dir/Core/Src/gpio.c.obj
LOAD CMakeFiles/Car.elf.dir/Core/Src/i2c.c.obj
LOAD CMakeFiles/Car.elf.dir/Core/Src/main.c.obj
LOAD CMakeFiles/Car.elf.dir/Core/Src/stm32f4xx_hal_msp.c.obj
LOAD CMakeFiles/Car.elf.dir/Core/Src/stm32f4xx_it.c.obj
LOAD CMakeFiles/Car.elf.dir/Core/Src/syscalls.c.obj
LOAD CMakeFiles/Car.elf.dir/Core/Src/sysmem.c.obj
LOAD CMakeFiles/Car.elf.dir/Core/Src/system_stm32f4xx.c.obj
LOAD CMakeFiles/Car.elf.dir/Core/Src/tim.c.obj
LOAD CMakeFiles/Car.elf.dir/Core/Src/usart.c.obj
LOAD CMakeFiles/Car.elf.dir/Core/Startup/startup_stm32f407zetx.s.obj
LOAD CMakeFiles/Car.elf.dir/Drivers/STM32F4xx_HAL_Driver/Src/stm32f4xx_hal.c.obj
LOAD CMakeFiles/Car.elf.dir/Drivers/STM32F4xx_HAL_Driver/Src/stm32f4xx_hal_cortex.c.obj
LOAD CMakeFiles/Car.elf.dir/Drivers/STM32F4xx_HAL_Driver/Src/stm32f4xx_hal_dma.c.obj
LOAD CMakeFiles/Car.elf.dir/Drivers/STM32F4xx_HAL_Driver/Src/stm32f4xx_hal_dma_ex.c.obj
LOAD CMakeFiles/Car.elf.dir/Drivers/STM32F4xx_HAL_Driver/Src/stm32f4xx_hal_exti.c.obj
LOAD CMakeFiles/Car.elf.dir/Drivers/STM32F4xx_HAL_Driver/Src/stm32f4xx_hal_flash.c.obj
LOAD CMakeFiles/Car.elf.dir/Drivers/STM32F4xx_HAL_Driver/Src/stm32f4xx_hal_flash_ex.c.obj
LOAD CMakeFiles/Car.elf.dir/Drivers/STM32F4xx_HAL_Driver/Src/stm32f4xx_hal_flash_ramfunc.c.obj
LOAD CMakeFiles/Car.elf.dir/Drivers/STM32F4xx_HAL_Driver/Src/stm32f4xx_hal_gpio.c.obj
LOAD CMakeFiles/Car.elf.dir/Drivers/STM32F4xx_HAL_Driver/Src/stm32f4xx_hal_i2c.c.obj
LOAD CMakeFiles/Car.elf.dir/Drivers/STM32F4xx_HAL_Driver/Src/stm32f4xx_hal_i2c_ex.c.obj
LOAD CMakeFiles/Car.elf.dir/Drivers/STM32F4xx_HAL_Driver/Src/stm32f4xx_hal_pwr.c.obj
LOAD CMakeFiles/Car.elf.dir/Drivers/STM32F4xx_HAL_Driver/Src/stm32f4xx_hal_pwr_ex.c.obj
LOAD CMakeFiles/Car.elf.dir/Drivers/STM32F4xx_HAL_Driver/Src/stm32f4xx_hal_rcc.c.obj
LOAD CMakeFiles/Car.elf.dir/Drivers/STM32F4xx_HAL_Driver/Src/stm32f4xx_hal_rcc_ex.c.obj
LOAD CMakeFiles/Car.elf.dir/Drivers/STM32F4xx_HAL_Driver/Src/stm32f4xx_hal_tim.c.obj
LOAD CMakeFiles/Car.elf.dir/Drivers/STM32F4xx_HAL_Driver/Src/stm32f4xx_hal_tim_ex.c.obj
LOAD CMakeFiles/Car.elf.dir/Drivers/STM32F4xx_HAL_Driver/Src/stm32f4xx_hal_uart.c.obj
LOAD CMakeFiles/Car.elf.dir/Task/Control.c.obj
LOAD CMakeFiles/Car.elf.dir/Task/Motor.c.obj
LOAD CMakeFiles/Car.elf.dir/Task/Move.c.obj
LOAD CMakeFiles/Car.elf.dir/Task/Servo.c.obj
LOAD CMakeFiles/Car.elf.dir/Task/Task.c.obj
START GROUP
LOAD /usr/local/arm/10.3/bin/../lib/gcc/arm-none-eabi/10.3.1/thumb/v7e-m/nofp/libgcc.a
LOAD /usr/local/arm/10.3/bin/../lib/gcc/arm-none-eabi/10.3.1/../../../../arm-none-eabi/lib/thumb/v7e-m/nofp/libg.a
LOAD /usr/local/arm/10.3/bin/../lib/gcc/arm-none-eabi/10.3.1/../../../../arm-none-eabi/lib/thumb/v7e-m/nofp/libc.a
END GROUP
LOAD /usr/local/arm/10.3/bin/../lib/gcc/arm-none-eabi/10.3.1/thumb/v7e-m/nofp/crtend.o
LOAD /usr/local/arm/10.3/bin/../lib/gcc/arm-none-eabi/10.3.1/thumb/v7e-m/nofp/crtn.o
                0x0000000020020000                _estack = (ORIGIN (RAM) + LENGTH (RAM))
                0x0000000000000200                _Min_Heap_Size = 0x200
                0x0000000000000400                _Min_Stack_Size = 0x400

.isr_vector     0x0000000008000000      0x188
                0x0000000008000000                . = ALIGN (0x4)
 *(.isr_vector)
 .isr_vector    0x0000000008000000      0x188 CMakeFiles/Car.elf.dir/Core/Startup/startup_stm32f407zetx.s.obj
                0x0000000008000000                g_pfnVectors
                0x0000000008000188                . = ALIGN (0x4)

.text           0x00000000080001c0     0xfcf4
                0x00000000080001c0                . = ALIGN (0x4)
 *(.text)
 .text          0x00000000080001c0      0x378 /usr/local/arm/10.3/bin/../lib/gcc/arm-none-eabi/10.3.1/thumb/v7e-m/nofp/libgcc.a(_arm_addsubdf3.o)
                0x00000000080001c0                __aeabi_drsub
                0x00000000080001c8                __aeabi_dsub
                0x00000000080001c8                __subdf3
                0x00000000080001cc                __adddf3
                0x00000000080001cc                __aeabi_dadd
                0x0000000008000444                __aeabi_ui2d
                0x0000000008000444                __floatunsidf
                0x0000000008000464                __floatsidf
                0x0000000008000464                __aeabi_i2d
                0x0000000008000488                __extendsfdf2
                0x0000000008000488                __aeabi_f2d
                0x00000000080004cc                __aeabi_ul2d
                0x00000000080004cc                __floatundidf
                0x00000000080004dc                __floatdidf
                0x00000000080004dc                __aeabi_l2d
 .text          0x0000000008000538      0x424 /usr/local/arm/10.3/bin/../lib/gcc/arm-none-eabi/10.3.1/thumb/v7e-m/nofp/libgcc.a(_arm_muldivdf3.o)
                0x0000000008000538                __aeabi_dmul
                0x0000000008000538                __muldf3
                0x000000000800078c                __aeabi_ddiv
                0x000000000800078c                __divdf3
 .text          0x000000000800095c      0x110 /usr/local/arm/10.3/bin/../lib/gcc/arm-none-eabi/10.3.1/thumb/v7e-m/nofp/libgcc.a(_arm_cmpdf2.o)
                0x000000000800095c                __gtdf2
                0x000000000800095c                __gedf2
                0x0000000008000964                __ltdf2
                0x0000000008000964                __ledf2
                0x000000000800096c                __cmpdf2
                0x000000000800096c                __eqdf2
                0x000000000800096c                __nedf2
                0x00000000080009e8                __aeabi_cdrcmple
                0x00000000080009f8                __aeabi_cdcmple
                0x00000000080009f8                __aeabi_cdcmpeq
                0x0000000008000a08                __aeabi_dcmpeq
                0x0000000008000a1c                __aeabi_dcmplt
                0x0000000008000a30                __aeabi_dcmple
                0x0000000008000a44                __aeabi_dcmpge
                0x0000000008000a58                __aeabi_dcmpgt
 .text          0x0000000008000a6c       0x50 /usr/local/arm/10.3/bin/../lib/gcc/arm-none-eabi/10.3.1/thumb/v7e-m/nofp/libgcc.a(_arm_fixdfsi.o)
                0x0000000008000a6c                __fixdfsi
                0x0000000008000a6c                __aeabi_d2iz
 .text          0x0000000008000abc      0x21c /usr/local/arm/10.3/bin/../lib/gcc/arm-none-eabi/10.3.1/thumb/v7e-m/nofp/libgcc.a(_arm_addsubsf3.o)
                0x0000000008000abc                __aeabi_frsub
                0x0000000008000ac4                __subsf3
                0x0000000008000ac4                __aeabi_fsub
                0x0000000008000ac8                __aeabi_fadd
                0x0000000008000ac8                __addsf3
                0x0000000008000c28                __aeabi_ui2f
                0x0000000008000c28                __floatunsisf
                0x0000000008000c30                __aeabi_i2f
                0x0000000008000c30                __floatsisf
                0x0000000008000c4c                __floatundisf
                0x0000000008000c4c                __aeabi_ul2f
                0x0000000008000c5c                __floatdisf
                0x0000000008000c5c                __aeabi_l2f
 .text          0x0000000008000cd8      0x2a0 /usr/local/arm/10.3/bin/../lib/gcc/arm-none-eabi/10.3.1/thumb/v7e-m/nofp/libgcc.a(_arm_muldivsf3.o)
                0x0000000008000cd8                __mulsf3
                0x0000000008000cd8                __aeabi_fmul
                0x0000000008000e40                __divsf3
                0x0000000008000e40                __aeabi_fdiv
 .text          0x0000000008000f78       0xec /usr/local/arm/10.3/bin/../lib/gcc/arm-none-eabi/10.3.1/thumb/v7e-m/nofp/libgcc.a(_arm_cmpsf2.o)
                0x0000000008000f78                __gtsf2
                0x0000000008000f78                __gesf2
                0x0000000008000f80                __lesf2
                0x0000000008000f80                __ltsf2
                0x0000000008000f88                __nesf2
                0x0000000008000f88                __eqsf2
                0x0000000008000f88                __cmpsf2
                0x0000000008000fe8                __aeabi_cfrcmple
                0x0000000008000ff0                __aeabi_cfcmple
                0x0000000008000ff0                __aeabi_cfcmpeq
                0x0000000008001000                __aeabi_fcmpeq
                0x0000000008001014                __aeabi_fcmplt
                0x0000000008001028                __aeabi_fcmple
                0x000000000800103c                __aeabi_fcmpge
                0x0000000008001050                __aeabi_fcmpgt
 .text          0x0000000008001064       0x4c /usr/local/arm/10.3/bin/../lib/gcc/arm-none-eabi/10.3.1/thumb/v7e-m/nofp/libgcc.a(_arm_fixsfsi.o)
                0x0000000008001064                __fixsfsi
                0x0000000008001064                __aeabi_f2iz
 .text          0x00000000080010b0       0x40 /usr/local/arm/10.3/bin/../lib/gcc/arm-none-eabi/10.3.1/thumb/v7e-m/nofp/libgcc.a(_arm_fixunssfsi.o)
                0x00000000080010b0                __aeabi_f2uiz
                0x00000000080010b0                __fixunssfsi
 .text          0x00000000080010f0       0x30 /usr/local/arm/10.3/bin/../lib/gcc/arm-none-eabi/10.3.1/thumb/v7e-m/nofp/libgcc.a(_aeabi_uldivmod.o)
                0x00000000080010f0                __aeabi_uldivmod
 .text          0x0000000008001120      0x2d0 /usr/local/arm/10.3/bin/../lib/gcc/arm-none-eabi/10.3.1/thumb/v7e-m/nofp/libgcc.a(_udivmoddi4.o)
                0x0000000008001120                __udivmoddi4
 .text          0x00000000080013f0        0x4 /usr/local/arm/10.3/bin/../lib/gcc/arm-none-eabi/10.3.1/thumb/v7e-m/nofp/libgcc.a(_dvmd_tls.o)
                0x00000000080013f0                __aeabi_ldiv0
                0x00000000080013f0                __aeabi_idiv0
 .text          0x00000000080013f4      0x134 /usr/local/arm/10.3/bin/../lib/gcc/arm-none-eabi/10.3.1/../../../../arm-none-eabi/lib/thumb/v7e-m/nofp/libg.a(lib_a-memcpy.o)
                0x00000000080013f4                memcpy
 *fill*         0x0000000008001528       0x18 
 .text          0x0000000008001540       0xdc /usr/local/arm/10.3/bin/../lib/gcc/arm-none-eabi/10.3.1/../../../../arm-none-eabi/lib/thumb/v7e-m/nofp/libg.a(lib_a-strlen.o)
                0x0000000008001540                strlen
 *fill*         0x000000000800161c        0x4 
 .text          0x0000000008001620       0xa0 /usr/local/arm/10.3/bin/../lib/gcc/arm-none-eabi/10.3.1/../../../../arm-none-eabi/lib/thumb/v7e-m/nofp/libg.a(lib_a-memchr.o)
                0x0000000008001620                memchr
 .text          0x00000000080016c0       0x2c /usr/local/arm/10.3/bin/../lib/gcc/arm-none-eabi/10.3.1/thumb/v7e-m/nofp/libgcc.a(_arm_unorddf2.o)
                0x00000000080016c0                __aeabi_dcmpun
                0x00000000080016c0                __unorddf2
 *(.text*)
 .text.Bsp_Init
                0x00000000080016ec       0x28 CMakeFiles/Car.elf.dir/Bsp/Bsp.c.obj
                0x00000000080016ec                Bsp_Init
 .text.HuaGui_Init_Proc
                0x0000000008001714      0x110 CMakeFiles/Car.elf.dir/Bsp/Bsp.c.obj
                0x0000000008001714                HuaGui_Init_Proc
 .text.Key_Proc
                0x0000000008001824      0x108 CMakeFiles/Car.elf.dir/Bsp/Bsp.c.obj
                0x0000000008001824                Key_Proc
 .text.OLED_proc
                0x000000000800192c      0x14c CMakeFiles/Car.elf.dir/Bsp/Bsp.c.obj
                0x000000000800192c                OLED_proc
 .text.User_USART_Init
                0x0000000008001a78       0x1e CMakeFiles/Car.elf.dir/Bsp/JY901.c.obj
                0x0000000008001a78                User_USART_Init
 *fill*         0x0000000008001a96        0x2 
 .text.JY901_Process
                0x0000000008001a98      0x130 CMakeFiles/Car.elf.dir/Bsp/JY901.c.obj
                0x0000000008001a98                JY901_Process
 .text.my_abs_float
                0x0000000008001bc8       0x16 CMakeFiles/Car.elf.dir/Bsp/JY901.c.obj
                0x0000000008001bc8                my_abs_float
 *fill*         0x0000000008001bde        0x2 
 .text.process_kalman_filter
                0x0000000008001be0      0x120 CMakeFiles/Car.elf.dir/Bsp/JY901.c.obj
                0x0000000008001be0                process_kalman_filter
 .text.JY901S_send_command
                0x0000000008001d00       0x34 CMakeFiles/Car.elf.dir/Bsp/JY901.c.obj
                0x0000000008001d00                JY901S_send_command
 .text.Reset_JY901S_Command
                0x0000000008001d34       0x5c CMakeFiles/Car.elf.dir/Bsp/JY901.c.obj
                0x0000000008001d34                Reset_JY901S_Command
 .text.Delay_Init
                0x0000000008001d90       0x18 CMakeFiles/Car.elf.dir/Bsp/My_Delay.c.obj
                0x0000000008001d90                Delay_Init
 .text.Delay_us
                0x0000000008001da8       0x40 CMakeFiles/Car.elf.dir/Bsp/My_Delay.c.obj
                0x0000000008001da8                Delay_us
 .text.Delay_ms
                0x0000000008001de8       0x3c CMakeFiles/Car.elf.dir/Bsp/My_Delay.c.obj
                0x0000000008001de8                Delay_ms
 .text.PI_Init  0x0000000008001e24       0x20 CMakeFiles/Car.elf.dir/Bsp/PI.c.obj
                0x0000000008001e24                PI_Init
 .text.PI_Receive_Data
                0x0000000008001e44       0xbc CMakeFiles/Car.elf.dir/Bsp/PI.c.obj
                0x0000000008001e44                PI_Receive_Data
 .text.Process_OP_Data
                0x0000000008001f00       0x5c CMakeFiles/Car.elf.dir/Bsp/PI.c.obj
                0x0000000008001f00                Process_OP_Data
 .text.Char_To_Num
                0x0000000008001f5c       0x3e CMakeFiles/Car.elf.dir/Bsp/PI.c.obj
                0x0000000008001f5c                Char_To_Num
 *fill*         0x0000000008001f9a        0x2 
 .text.PI_Data_Receive_Proc
                0x0000000008001f9c      0x160 CMakeFiles/Car.elf.dir/Bsp/PI.c.obj
                0x0000000008001f9c                PI_Data_Receive_Proc
 .text.JY901S_Init
                0x00000000080020fc       0x2c CMakeFiles/Car.elf.dir/Bsp/Uart_Bsp.c.obj
                0x00000000080020fc                JY901S_Init
 .text.Usart_Init
                0x0000000008002128        0xc CMakeFiles/Car.elf.dir/Bsp/Uart_Bsp.c.obj
                0x0000000008002128                Usart_Init
 .text.Send_QR_Data_to_RB
                0x0000000008002134       0x78 CMakeFiles/Car.elf.dir/Bsp/Uart_Bsp.c.obj
                0x0000000008002134                Send_QR_Data_to_RB
 .text.GM65_QR_Send
                0x00000000080021ac       0x2c CMakeFiles/Car.elf.dir/Bsp/gm65.c.obj
                0x00000000080021ac                GM65_QR_Send
 .text.ASC_TO_INT
                0x00000000080021d8       0x1a CMakeFiles/Car.elf.dir/Bsp/gm65.c.obj
                0x00000000080021d8                ASC_TO_INT
 *fill*         0x00000000080021f2        0x2 
 .text.RetargetInit
                0x00000000080021f4       0x20 CMakeFiles/Car.elf.dir/Bsp/retarget.c.obj
                0x00000000080021f4                RetargetInit
 .text._isatty  0x0000000008002214       0x16 CMakeFiles/Car.elf.dir/Bsp/retarget.c.obj
                0x0000000008002214                _isatty
 *fill*         0x000000000800222a        0x2 
 .text._write   0x000000000800222c       0x34 CMakeFiles/Car.elf.dir/Bsp/retarget.c.obj
                0x000000000800222c                _write
 .text._close   0x0000000008002260       0x18 CMakeFiles/Car.elf.dir/Bsp/retarget.c.obj
                0x0000000008002260                _close
 .text._lseek   0x0000000008002278       0x10 CMakeFiles/Car.elf.dir/Bsp/retarget.c.obj
                0x0000000008002278                _lseek
 .text._read    0x0000000008002288       0x30 CMakeFiles/Car.elf.dir/Bsp/retarget.c.obj
                0x0000000008002288                _read
 .text._fstat   0x00000000080022b8       0x1a CMakeFiles/Car.elf.dir/Bsp/retarget.c.obj
                0x00000000080022b8                _fstat
 *fill*         0x00000000080022d2        0x2 
 .text.ssd1306_WriteCommand
                0x00000000080022d4       0x2c CMakeFiles/Car.elf.dir/Bsp/ssd1306.c.obj
                0x00000000080022d4                ssd1306_WriteCommand
 .text.ssd1306_WriteData
                0x0000000008002300       0x28 CMakeFiles/Car.elf.dir/Bsp/ssd1306.c.obj
                0x0000000008002300                ssd1306_WriteData
 .text.ssd1306_Fill
                0x0000000008002328       0x20 CMakeFiles/Car.elf.dir/Bsp/ssd1306.c.obj
                0x0000000008002328                ssd1306_Fill
 .text.ssd1306_UpdateScreen
                0x0000000008002348       0x38 CMakeFiles/Car.elf.dir/Bsp/ssd1306.c.obj
                0x0000000008002348                ssd1306_UpdateScreen
 .text.ssd1306_DrawPixel
                0x0000000008002380       0x44 CMakeFiles/Car.elf.dir/Bsp/ssd1306.c.obj
                0x0000000008002380                ssd1306_DrawPixel
 .text.ssd1306_WriteChar
                0x00000000080023c4       0xb0 CMakeFiles/Car.elf.dir/Bsp/ssd1306.c.obj
                0x00000000080023c4                ssd1306_WriteChar
 .text.ssd1306_WriteString
                0x0000000008002474       0x2e CMakeFiles/Car.elf.dir/Bsp/ssd1306.c.obj
                0x0000000008002474                ssd1306_WriteString
 *fill*         0x00000000080024a2        0x2 
 .text.ssd1306_SetCursor
                0x00000000080024a4        0xc CMakeFiles/Car.elf.dir/Bsp/ssd1306.c.obj
                0x00000000080024a4                ssd1306_SetCursor
 .text.ssd1306_SetContrast
                0x00000000080024b0       0x12 CMakeFiles/Car.elf.dir/Bsp/ssd1306.c.obj
                0x00000000080024b0                ssd1306_SetContrast
 *fill*         0x00000000080024c2        0x2 
 .text.ssd1306_SetDisplayOn
                0x00000000080024c4       0x20 CMakeFiles/Car.elf.dir/Bsp/ssd1306.c.obj
                0x00000000080024c4                ssd1306_SetDisplayOn
 .text.ssd1306_Init
                0x00000000080024e4       0xc8 CMakeFiles/Car.elf.dir/Bsp/ssd1306.c.obj
                0x00000000080024e4                ssd1306_Init
 .text.MX_DMA_Init
                0x00000000080025ac       0x34 CMakeFiles/Car.elf.dir/Core/Src/dma.c.obj
                0x00000000080025ac                MX_DMA_Init
 .text.MX_GPIO_Init
                0x00000000080025e0      0x12c CMakeFiles/Car.elf.dir/Core/Src/gpio.c.obj
                0x00000000080025e0                MX_GPIO_Init
 .text.MX_I2C1_Init
                0x000000000800270c       0x3c CMakeFiles/Car.elf.dir/Core/Src/i2c.c.obj
                0x000000000800270c                MX_I2C1_Init
 .text.HAL_I2C_MspInit
                0x0000000008002748       0x70 CMakeFiles/Car.elf.dir/Core/Src/i2c.c.obj
                0x0000000008002748                HAL_I2C_MspInit
 .text.Error_Handler
                0x00000000080027b8        0x4 CMakeFiles/Car.elf.dir/Core/Src/main.c.obj
                0x00000000080027b8                Error_Handler
 .text.SystemClock_Config
                0x00000000080027bc       0xac CMakeFiles/Car.elf.dir/Core/Src/main.c.obj
                0x00000000080027bc                SystemClock_Config
 .text.main     0x0000000008002868       0x90 CMakeFiles/Car.elf.dir/Core/Src/main.c.obj
                0x0000000008002868                main
 .text.HAL_MspInit
                0x00000000080028f8       0x38 CMakeFiles/Car.elf.dir/Core/Src/stm32f4xx_hal_msp.c.obj
                0x00000000080028f8                HAL_MspInit
 .text.NMI_Handler
                0x0000000008002930        0x2 CMakeFiles/Car.elf.dir/Core/Src/stm32f4xx_it.c.obj
                0x0000000008002930                NMI_Handler
 .text.HardFault_Handler
                0x0000000008002932        0x2 CMakeFiles/Car.elf.dir/Core/Src/stm32f4xx_it.c.obj
                0x0000000008002932                HardFault_Handler
 .text.MemManage_Handler
                0x0000000008002934        0x2 CMakeFiles/Car.elf.dir/Core/Src/stm32f4xx_it.c.obj
                0x0000000008002934                MemManage_Handler
 .text.BusFault_Handler
                0x0000000008002936        0x2 CMakeFiles/Car.elf.dir/Core/Src/stm32f4xx_it.c.obj
                0x0000000008002936                BusFault_Handler
 .text.UsageFault_Handler
                0x0000000008002938        0x2 CMakeFiles/Car.elf.dir/Core/Src/stm32f4xx_it.c.obj
                0x0000000008002938                UsageFault_Handler
 .text.SVC_Handler
                0x000000000800293a        0x2 CMakeFiles/Car.elf.dir/Core/Src/stm32f4xx_it.c.obj
                0x000000000800293a                SVC_Handler
 .text.DebugMon_Handler
                0x000000000800293c        0x2 CMakeFiles/Car.elf.dir/Core/Src/stm32f4xx_it.c.obj
                0x000000000800293c                DebugMon_Handler
 .text.PendSV_Handler
                0x000000000800293e        0x2 CMakeFiles/Car.elf.dir/Core/Src/stm32f4xx_it.c.obj
                0x000000000800293e                PendSV_Handler
 .text.SysTick_Handler
                0x0000000008002940        0x8 CMakeFiles/Car.elf.dir/Core/Src/stm32f4xx_it.c.obj
                0x0000000008002940                SysTick_Handler
 .text.DMA1_Stream1_IRQHandler
                0x0000000008002948       0x10 CMakeFiles/Car.elf.dir/Core/Src/stm32f4xx_it.c.obj
                0x0000000008002948                DMA1_Stream1_IRQHandler
 .text.USART1_IRQHandler
                0x0000000008002958       0x10 CMakeFiles/Car.elf.dir/Core/Src/stm32f4xx_it.c.obj
                0x0000000008002958                USART1_IRQHandler
 .text.USART2_IRQHandler
                0x0000000008002968       0x10 CMakeFiles/Car.elf.dir/Core/Src/stm32f4xx_it.c.obj
                0x0000000008002968                USART2_IRQHandler
 .text.USART3_IRQHandler
                0x0000000008002978       0x6c CMakeFiles/Car.elf.dir/Core/Src/stm32f4xx_it.c.obj
                0x0000000008002978                USART3_IRQHandler
 .text.UART4_IRQHandler
                0x00000000080029e4       0x10 CMakeFiles/Car.elf.dir/Core/Src/stm32f4xx_it.c.obj
                0x00000000080029e4                UART4_IRQHandler
 .text.TIM6_DAC_IRQHandler
                0x00000000080029f4       0x10 CMakeFiles/Car.elf.dir/Core/Src/stm32f4xx_it.c.obj
                0x00000000080029f4                TIM6_DAC_IRQHandler
 .text.USART6_IRQHandler
                0x0000000008002a04       0x10 CMakeFiles/Car.elf.dir/Core/Src/stm32f4xx_it.c.obj
                0x0000000008002a04                USART6_IRQHandler
 .text.HAL_UART_RxCpltCallback
                0x0000000008002a14       0xcc CMakeFiles/Car.elf.dir/Core/Src/stm32f4xx_it.c.obj
                0x0000000008002a14                HAL_UART_RxCpltCallback
 .text.HAL_UART_TxCpltCallback
                0x0000000008002ae0       0x20 CMakeFiles/Car.elf.dir/Core/Src/stm32f4xx_it.c.obj
                0x0000000008002ae0                HAL_UART_TxCpltCallback
 .text._getpid  0x0000000008002b00        0x4 CMakeFiles/Car.elf.dir/Core/Src/syscalls.c.obj
                0x0000000008002b00                _getpid
 .text._kill    0x0000000008002b04       0x10 CMakeFiles/Car.elf.dir/Core/Src/syscalls.c.obj
                0x0000000008002b04                _kill
 .text._exit    0x0000000008002b14        0xc CMakeFiles/Car.elf.dir/Core/Src/syscalls.c.obj
                0x0000000008002b14                _exit
 .text._sbrk    0x0000000008002b20       0x48 CMakeFiles/Car.elf.dir/Core/Src/sysmem.c.obj
                0x0000000008002b20                _sbrk
 .text.SystemInit
                0x0000000008002b68        0x2 CMakeFiles/Car.elf.dir/Core/Src/system_stm32f4xx.c.obj
                0x0000000008002b68                SystemInit
 *fill*         0x0000000008002b6a        0x2 
 .text.MX_TIM6_Init
                0x0000000008002b6c       0x50 CMakeFiles/Car.elf.dir/Core/Src/tim.c.obj
                0x0000000008002b6c                MX_TIM6_Init
 .text.MX_TIM7_Init
                0x0000000008002bbc       0x50 CMakeFiles/Car.elf.dir/Core/Src/tim.c.obj
                0x0000000008002bbc                MX_TIM7_Init
 .text.HAL_TIM_Base_MspInit
                0x0000000008002c0c       0x8c CMakeFiles/Car.elf.dir/Core/Src/tim.c.obj
                0x0000000008002c0c                HAL_TIM_Base_MspInit
 .text.HAL_TIM_MspPostInit
                0x0000000008002c98       0x80 CMakeFiles/Car.elf.dir/Core/Src/tim.c.obj
                0x0000000008002c98                HAL_TIM_MspPostInit
 .text.MX_TIM3_Init
                0x0000000008002d18       0xec CMakeFiles/Car.elf.dir/Core/Src/tim.c.obj
                0x0000000008002d18                MX_TIM3_Init
 .text.MX_UART4_Init
                0x0000000008002e04       0x34 CMakeFiles/Car.elf.dir/Core/Src/usart.c.obj
                0x0000000008002e04                MX_UART4_Init
 .text.MX_UART5_Init
                0x0000000008002e38       0x34 CMakeFiles/Car.elf.dir/Core/Src/usart.c.obj
                0x0000000008002e38                MX_UART5_Init
 .text.MX_USART1_UART_Init
                0x0000000008002e6c       0x34 CMakeFiles/Car.elf.dir/Core/Src/usart.c.obj
                0x0000000008002e6c                MX_USART1_UART_Init
 .text.MX_USART2_UART_Init
                0x0000000008002ea0       0x34 CMakeFiles/Car.elf.dir/Core/Src/usart.c.obj
                0x0000000008002ea0                MX_USART2_UART_Init
 .text.MX_USART3_UART_Init
                0x0000000008002ed4       0x34 CMakeFiles/Car.elf.dir/Core/Src/usart.c.obj
                0x0000000008002ed4                MX_USART3_UART_Init
 .text.MX_USART6_UART_Init
                0x0000000008002f08       0x34 CMakeFiles/Car.elf.dir/Core/Src/usart.c.obj
                0x0000000008002f08                MX_USART6_UART_Init
 .text.HAL_UART_MspInit
                0x0000000008002f3c      0x2c8 CMakeFiles/Car.elf.dir/Core/Src/usart.c.obj
                0x0000000008002f3c                HAL_UART_MspInit
 .text.Reset_Handler
                0x0000000008003204       0x50 CMakeFiles/Car.elf.dir/Core/Startup/startup_stm32f407zetx.s.obj
                0x0000000008003204                Reset_Handler
 .text.Default_Handler
                0x0000000008003254        0x2 CMakeFiles/Car.elf.dir/Core/Startup/startup_stm32f407zetx.s.obj
                0x0000000008003254                RTC_Alarm_IRQHandler
                0x0000000008003254                HASH_RNG_IRQHandler
                0x0000000008003254                EXTI2_IRQHandler
                0x0000000008003254                TIM8_CC_IRQHandler
                0x0000000008003254                TIM1_CC_IRQHandler
                0x0000000008003254                DMA2_Stream5_IRQHandler
                0x0000000008003254                DMA1_Stream5_IRQHandler
                0x0000000008003254                PVD_IRQHandler
                0x0000000008003254                SDIO_IRQHandler
                0x0000000008003254                TAMP_STAMP_IRQHandler
                0x0000000008003254                CAN2_RX1_IRQHandler
                0x0000000008003254                EXTI3_IRQHandler
                0x0000000008003254                TIM8_TRG_COM_TIM14_IRQHandler
                0x0000000008003254                TIM1_UP_TIM10_IRQHandler
                0x0000000008003254                TIM8_UP_TIM13_IRQHandler
                0x0000000008003254                I2C3_ER_IRQHandler
                0x0000000008003254                EXTI0_IRQHandler
                0x0000000008003254                I2C2_EV_IRQHandler
                0x0000000008003254                DMA1_Stream2_IRQHandler
                0x0000000008003254                CAN1_RX0_IRQHandler
                0x0000000008003254                FPU_IRQHandler
                0x0000000008003254                OTG_HS_WKUP_IRQHandler
                0x0000000008003254                CAN2_SCE_IRQHandler
                0x0000000008003254                DMA2_Stream2_IRQHandler
                0x0000000008003254                SPI1_IRQHandler
                0x0000000008003254                TIM1_BRK_TIM9_IRQHandler
                0x0000000008003254                DCMI_IRQHandler
                0x0000000008003254                CAN2_RX0_IRQHandler
                0x0000000008003254                DMA2_Stream3_IRQHandler
                0x0000000008003254                CAN1_RX1_IRQHandler
                0x0000000008003254                UART5_IRQHandler
                0x0000000008003254                DMA2_Stream0_IRQHandler
                0x0000000008003254                TIM4_IRQHandler
                0x0000000008003254                I2C1_EV_IRQHandler
                0x0000000008003254                DMA1_Stream6_IRQHandler
                0x0000000008003254                TIM3_IRQHandler
                0x0000000008003254                RCC_IRQHandler
                0x0000000008003254                TIM8_BRK_TIM12_IRQHandler
                0x0000000008003254                Default_Handler
                0x0000000008003254                EXTI15_10_IRQHandler
                0x0000000008003254                ADC_IRQHandler
                0x0000000008003254                DMA1_Stream7_IRQHandler
                0x0000000008003254                TIM7_IRQHandler
                0x0000000008003254                CAN2_TX_IRQHandler
                0x0000000008003254                TIM5_IRQHandler
                0x0000000008003254                DMA2_Stream7_IRQHandler
                0x0000000008003254                I2C3_EV_IRQHandler
                0x0000000008003254                EXTI9_5_IRQHandler
                0x0000000008003254                RTC_WKUP_IRQHandler
                0x0000000008003254                ETH_WKUP_IRQHandler
                0x0000000008003254                SPI2_IRQHandler
                0x0000000008003254                OTG_HS_EP1_IN_IRQHandler
                0x0000000008003254                DMA1_Stream0_IRQHandler
                0x0000000008003254                CAN1_TX_IRQHandler
                0x0000000008003254                EXTI4_IRQHandler
                0x0000000008003254                FSMC_IRQHandler
                0x0000000008003254                ETH_IRQHandler
                0x0000000008003254                OTG_HS_EP1_OUT_IRQHandler
                0x0000000008003254                WWDG_IRQHandler
                0x0000000008003254                TIM2_IRQHandler
                0x0000000008003254                OTG_FS_WKUP_IRQHandler
                0x0000000008003254                TIM1_TRG_COM_TIM11_IRQHandler
                0x0000000008003254                OTG_HS_IRQHandler
                0x0000000008003254                EXTI1_IRQHandler
                0x0000000008003254                I2C2_ER_IRQHandler
                0x0000000008003254                DMA2_Stream1_IRQHandler
                0x0000000008003254                CAN1_SCE_IRQHandler
                0x0000000008003254                FLASH_IRQHandler
                0x0000000008003254                DMA2_Stream4_IRQHandler
                0x0000000008003254                OTG_FS_IRQHandler
                0x0000000008003254                SPI3_IRQHandler
                0x0000000008003254                DMA1_Stream4_IRQHandler
                0x0000000008003254                I2C1_ER_IRQHandler
                0x0000000008003254                DMA2_Stream6_IRQHandler
                0x0000000008003254                DMA1_Stream3_IRQHandler
 *fill*         0x0000000008003256        0x2 
 .text.HAL_InitTick
                0x0000000008003258       0x4c CMakeFiles/Car.elf.dir/Drivers/STM32F4xx_HAL_Driver/Src/stm32f4xx_hal.c.obj
                0x0000000008003258                HAL_InitTick
 .text.HAL_Init
                0x00000000080032a4       0x34 CMakeFiles/Car.elf.dir/Drivers/STM32F4xx_HAL_Driver/Src/stm32f4xx_hal.c.obj
                0x00000000080032a4                HAL_Init
 .text.HAL_IncTick
                0x00000000080032d8       0x18 CMakeFiles/Car.elf.dir/Drivers/STM32F4xx_HAL_Driver/Src/stm32f4xx_hal.c.obj
                0x00000000080032d8                HAL_IncTick
 .text.HAL_GetTick
                0x00000000080032f0        0xc CMakeFiles/Car.elf.dir/Drivers/STM32F4xx_HAL_Driver/Src/stm32f4xx_hal.c.obj
                0x00000000080032f0                HAL_GetTick
 .text.HAL_Delay
                0x00000000080032fc       0x28 CMakeFiles/Car.elf.dir/Drivers/STM32F4xx_HAL_Driver/Src/stm32f4xx_hal.c.obj
                0x00000000080032fc                HAL_Delay
 .text.HAL_NVIC_SetPriorityGrouping
                0x0000000008003324       0x24 CMakeFiles/Car.elf.dir/Drivers/STM32F4xx_HAL_Driver/Src/stm32f4xx_hal_cortex.c.obj
                0x0000000008003324                HAL_NVIC_SetPriorityGrouping
 .text.HAL_NVIC_SetPriority
                0x0000000008003348       0x70 CMakeFiles/Car.elf.dir/Drivers/STM32F4xx_HAL_Driver/Src/stm32f4xx_hal_cortex.c.obj
                0x0000000008003348                HAL_NVIC_SetPriority
 .text.HAL_NVIC_EnableIRQ
                0x00000000080033b8       0x1c CMakeFiles/Car.elf.dir/Drivers/STM32F4xx_HAL_Driver/Src/stm32f4xx_hal_cortex.c.obj
                0x00000000080033b8                HAL_NVIC_EnableIRQ
 .text.HAL_SYSTICK_Config
                0x00000000080033d4       0x28 CMakeFiles/Car.elf.dir/Drivers/STM32F4xx_HAL_Driver/Src/stm32f4xx_hal_cortex.c.obj
                0x00000000080033d4                HAL_SYSTICK_Config
 .text.HAL_SYSTICK_CLKSourceConfig
                0x00000000080033fc       0x20 CMakeFiles/Car.elf.dir/Drivers/STM32F4xx_HAL_Driver/Src/stm32f4xx_hal_cortex.c.obj
                0x00000000080033fc                HAL_SYSTICK_CLKSourceConfig
 .text.DMA_SetConfig
                0x000000000800341c       0x2c CMakeFiles/Car.elf.dir/Drivers/STM32F4xx_HAL_Driver/Src/stm32f4xx_hal_dma.c.obj
 .text.DMA_CalcBaseAndBitshift
                0x0000000008003448       0x40 CMakeFiles/Car.elf.dir/Drivers/STM32F4xx_HAL_Driver/Src/stm32f4xx_hal_dma.c.obj
 .text.DMA_CheckFifoParam
                0x0000000008003488       0x8e CMakeFiles/Car.elf.dir/Drivers/STM32F4xx_HAL_Driver/Src/stm32f4xx_hal_dma.c.obj
 *fill*         0x0000000008003516        0x2 
 .text.HAL_DMA_Init
                0x0000000008003518       0xcc CMakeFiles/Car.elf.dir/Drivers/STM32F4xx_HAL_Driver/Src/stm32f4xx_hal_dma.c.obj
                0x0000000008003518                HAL_DMA_Init
 .text.HAL_DMA_Start_IT
                0x00000000080035e4       0x6a CMakeFiles/Car.elf.dir/Drivers/STM32F4xx_HAL_Driver/Src/stm32f4xx_hal_dma.c.obj
                0x00000000080035e4                HAL_DMA_Start_IT
 .text.HAL_DMA_Abort
                0x000000000800364e       0x94 CMakeFiles/Car.elf.dir/Drivers/STM32F4xx_HAL_Driver/Src/stm32f4xx_hal_dma.c.obj
                0x000000000800364e                HAL_DMA_Abort
 .text.HAL_DMA_Abort_IT
                0x00000000080036e2       0x26 CMakeFiles/Car.elf.dir/Drivers/STM32F4xx_HAL_Driver/Src/stm32f4xx_hal_dma.c.obj
                0x00000000080036e2                HAL_DMA_Abort_IT
 .text.HAL_DMA_IRQHandler
                0x0000000008003708      0x1dc CMakeFiles/Car.elf.dir/Drivers/STM32F4xx_HAL_Driver/Src/stm32f4xx_hal_dma.c.obj
                0x0000000008003708                HAL_DMA_IRQHandler
 .text.HAL_GPIO_Init
                0x00000000080038e4      0x1e4 CMakeFiles/Car.elf.dir/Drivers/STM32F4xx_HAL_Driver/Src/stm32f4xx_hal_gpio.c.obj
                0x00000000080038e4                HAL_GPIO_Init
 .text.HAL_GPIO_ReadPin
                0x0000000008003ac8        0xe CMakeFiles/Car.elf.dir/Drivers/STM32F4xx_HAL_Driver/Src/stm32f4xx_hal_gpio.c.obj
                0x0000000008003ac8                HAL_GPIO_ReadPin
 .text.HAL_GPIO_WritePin
                0x0000000008003ad6        0xc CMakeFiles/Car.elf.dir/Drivers/STM32F4xx_HAL_Driver/Src/stm32f4xx_hal_gpio.c.obj
                0x0000000008003ad6                HAL_GPIO_WritePin
 .text.HAL_GPIO_TogglePin
                0x0000000008003ae2       0x12 CMakeFiles/Car.elf.dir/Drivers/STM32F4xx_HAL_Driver/Src/stm32f4xx_hal_gpio.c.obj
                0x0000000008003ae2                HAL_GPIO_TogglePin
 .text.I2C_IsAcknowledgeFailed
                0x0000000008003af4       0x32 CMakeFiles/Car.elf.dir/Drivers/STM32F4xx_HAL_Driver/Src/stm32f4xx_hal_i2c.c.obj
 .text.I2C_WaitOnFlagUntilTimeout
                0x0000000008003b26       0xaa CMakeFiles/Car.elf.dir/Drivers/STM32F4xx_HAL_Driver/Src/stm32f4xx_hal_i2c.c.obj
 .text.I2C_WaitOnMasterAddressFlagUntilTimeout
                0x0000000008003bd0       0xd6 CMakeFiles/Car.elf.dir/Drivers/STM32F4xx_HAL_Driver/Src/stm32f4xx_hal_i2c.c.obj
 .text.I2C_WaitOnTXEFlagUntilTimeout
                0x0000000008003ca6       0x5e CMakeFiles/Car.elf.dir/Drivers/STM32F4xx_HAL_Driver/Src/stm32f4xx_hal_i2c.c.obj
 .text.I2C_RequestMemoryWrite
                0x0000000008003d04       0xd8 CMakeFiles/Car.elf.dir/Drivers/STM32F4xx_HAL_Driver/Src/stm32f4xx_hal_i2c.c.obj
 .text.I2C_WaitOnBTFFlagUntilTimeout
                0x0000000008003ddc       0x5e CMakeFiles/Car.elf.dir/Drivers/STM32F4xx_HAL_Driver/Src/stm32f4xx_hal_i2c.c.obj
 *fill*         0x0000000008003e3a        0x2 
 .text.HAL_I2C_Init
                0x0000000008003e3c      0x1bc CMakeFiles/Car.elf.dir/Drivers/STM32F4xx_HAL_Driver/Src/stm32f4xx_hal_i2c.c.obj
                0x0000000008003e3c                HAL_I2C_Init
 .text.HAL_I2C_Mem_Write
                0x0000000008003ff8      0x164 CMakeFiles/Car.elf.dir/Drivers/STM32F4xx_HAL_Driver/Src/stm32f4xx_hal_i2c.c.obj
                0x0000000008003ff8                HAL_I2C_Mem_Write
 .text.HAL_RCC_OscConfig
                0x000000000800415c      0x3f8 CMakeFiles/Car.elf.dir/Drivers/STM32F4xx_HAL_Driver/Src/stm32f4xx_hal_rcc.c.obj
                0x000000000800415c                HAL_RCC_OscConfig
 .text.HAL_RCC_GetSysClockFreq
                0x0000000008004554       0xd4 CMakeFiles/Car.elf.dir/Drivers/STM32F4xx_HAL_Driver/Src/stm32f4xx_hal_rcc.c.obj
                0x0000000008004554                HAL_RCC_GetSysClockFreq
 .text.HAL_RCC_ClockConfig
                0x0000000008004628      0x160 CMakeFiles/Car.elf.dir/Drivers/STM32F4xx_HAL_Driver/Src/stm32f4xx_hal_rcc.c.obj
                0x0000000008004628                HAL_RCC_ClockConfig
 .text.HAL_RCC_GetHCLKFreq
                0x0000000008004788        0xc CMakeFiles/Car.elf.dir/Drivers/STM32F4xx_HAL_Driver/Src/stm32f4xx_hal_rcc.c.obj
                0x0000000008004788                HAL_RCC_GetHCLKFreq
 .text.HAL_RCC_GetPCLK1Freq
                0x0000000008004794       0x20 CMakeFiles/Car.elf.dir/Drivers/STM32F4xx_HAL_Driver/Src/stm32f4xx_hal_rcc.c.obj
                0x0000000008004794                HAL_RCC_GetPCLK1Freq
 .text.HAL_RCC_GetPCLK2Freq
                0x00000000080047b4       0x20 CMakeFiles/Car.elf.dir/Drivers/STM32F4xx_HAL_Driver/Src/stm32f4xx_hal_rcc.c.obj
                0x00000000080047b4                HAL_RCC_GetPCLK2Freq
 .text.TIM_OC1_SetConfig
                0x00000000080047d4       0x68 CMakeFiles/Car.elf.dir/Drivers/STM32F4xx_HAL_Driver/Src/stm32f4xx_hal_tim.c.obj
 .text.TIM_OC3_SetConfig
                0x000000000800483c       0x70 CMakeFiles/Car.elf.dir/Drivers/STM32F4xx_HAL_Driver/Src/stm32f4xx_hal_tim.c.obj
 .text.TIM_OC4_SetConfig
                0x00000000080048ac       0x50 CMakeFiles/Car.elf.dir/Drivers/STM32F4xx_HAL_Driver/Src/stm32f4xx_hal_tim.c.obj
 .text.TIM_TI1_ConfigInputStage
                0x00000000080048fc       0x24 CMakeFiles/Car.elf.dir/Drivers/STM32F4xx_HAL_Driver/Src/stm32f4xx_hal_tim.c.obj
 .text.TIM_TI2_ConfigInputStage
                0x0000000008004920       0x26 CMakeFiles/Car.elf.dir/Drivers/STM32F4xx_HAL_Driver/Src/stm32f4xx_hal_tim.c.obj
 .text.TIM_ITRx_SetConfig
                0x0000000008004946       0x10 CMakeFiles/Car.elf.dir/Drivers/STM32F4xx_HAL_Driver/Src/stm32f4xx_hal_tim.c.obj
 *fill*         0x0000000008004956        0x2 
 .text.HAL_TIM_Base_Start_IT
                0x0000000008004958       0x88 CMakeFiles/Car.elf.dir/Drivers/STM32F4xx_HAL_Driver/Src/stm32f4xx_hal_tim.c.obj
                0x0000000008004958                HAL_TIM_Base_Start_IT
 .text.HAL_TIM_PWM_MspInit
                0x00000000080049e0        0x2 CMakeFiles/Car.elf.dir/Drivers/STM32F4xx_HAL_Driver/Src/stm32f4xx_hal_tim.c.obj
                0x00000000080049e0                HAL_TIM_PWM_MspInit
 .text.HAL_TIM_OC_DelayElapsedCallback
                0x00000000080049e2        0x2 CMakeFiles/Car.elf.dir/Drivers/STM32F4xx_HAL_Driver/Src/stm32f4xx_hal_tim.c.obj
                0x00000000080049e2                HAL_TIM_OC_DelayElapsedCallback
 .text.HAL_TIM_IC_CaptureCallback
                0x00000000080049e4        0x2 CMakeFiles/Car.elf.dir/Drivers/STM32F4xx_HAL_Driver/Src/stm32f4xx_hal_tim.c.obj
                0x00000000080049e4                HAL_TIM_IC_CaptureCallback
 .text.HAL_TIM_PWM_PulseFinishedCallback
                0x00000000080049e6        0x2 CMakeFiles/Car.elf.dir/Drivers/STM32F4xx_HAL_Driver/Src/stm32f4xx_hal_tim.c.obj
                0x00000000080049e6                HAL_TIM_PWM_PulseFinishedCallback
 .text.HAL_TIM_TriggerCallback
                0x00000000080049e8        0x2 CMakeFiles/Car.elf.dir/Drivers/STM32F4xx_HAL_Driver/Src/stm32f4xx_hal_tim.c.obj
                0x00000000080049e8                HAL_TIM_TriggerCallback
 .text.HAL_TIM_IRQHandler
                0x00000000080049ea      0x15e CMakeFiles/Car.elf.dir/Drivers/STM32F4xx_HAL_Driver/Src/stm32f4xx_hal_tim.c.obj
                0x00000000080049ea                HAL_TIM_IRQHandler
 .text.TIM_Base_SetConfig
                0x0000000008004b48       0xd8 CMakeFiles/Car.elf.dir/Drivers/STM32F4xx_HAL_Driver/Src/stm32f4xx_hal_tim.c.obj
                0x0000000008004b48                TIM_Base_SetConfig
 .text.HAL_TIM_Base_Init
                0x0000000008004c20       0x58 CMakeFiles/Car.elf.dir/Drivers/STM32F4xx_HAL_Driver/Src/stm32f4xx_hal_tim.c.obj
                0x0000000008004c20                HAL_TIM_Base_Init
 .text.HAL_TIM_PWM_Init
                0x0000000008004c78       0x58 CMakeFiles/Car.elf.dir/Drivers/STM32F4xx_HAL_Driver/Src/stm32f4xx_hal_tim.c.obj
                0x0000000008004c78                HAL_TIM_PWM_Init
 .text.TIM_OC2_SetConfig
                0x0000000008004cd0       0x70 CMakeFiles/Car.elf.dir/Drivers/STM32F4xx_HAL_Driver/Src/stm32f4xx_hal_tim.c.obj
                0x0000000008004cd0                TIM_OC2_SetConfig
 .text.HAL_TIM_PWM_ConfigChannel
                0x0000000008004d40       0xdc CMakeFiles/Car.elf.dir/Drivers/STM32F4xx_HAL_Driver/Src/stm32f4xx_hal_tim.c.obj
                0x0000000008004d40                HAL_TIM_PWM_ConfigChannel
 .text.TIM_ETR_SetConfig
                0x0000000008004e1c       0x18 CMakeFiles/Car.elf.dir/Drivers/STM32F4xx_HAL_Driver/Src/stm32f4xx_hal_tim.c.obj
                0x0000000008004e1c                TIM_ETR_SetConfig
 .text.HAL_TIM_ConfigClockSource
                0x0000000008004e34       0xfe CMakeFiles/Car.elf.dir/Drivers/STM32F4xx_HAL_Driver/Src/stm32f4xx_hal_tim.c.obj
                0x0000000008004e34                HAL_TIM_ConfigClockSource
 .text.TIM_CCxChannelCmd
                0x0000000008004f32       0x1e CMakeFiles/Car.elf.dir/Drivers/STM32F4xx_HAL_Driver/Src/stm32f4xx_hal_tim.c.obj
                0x0000000008004f32                TIM_CCxChannelCmd
 .text.HAL_TIM_PWM_Start
                0x0000000008004f50      0x104 CMakeFiles/Car.elf.dir/Drivers/STM32F4xx_HAL_Driver/Src/stm32f4xx_hal_tim.c.obj
                0x0000000008004f50                HAL_TIM_PWM_Start
 .text.HAL_TIMEx_MasterConfigSynchronization
                0x0000000008005054       0x8c CMakeFiles/Car.elf.dir/Drivers/STM32F4xx_HAL_Driver/Src/stm32f4xx_hal_tim_ex.c.obj
                0x0000000008005054                HAL_TIMEx_MasterConfigSynchronization
 .text.HAL_TIMEx_CommutCallback
                0x00000000080050e0        0x2 CMakeFiles/Car.elf.dir/Drivers/STM32F4xx_HAL_Driver/Src/stm32f4xx_hal_tim_ex.c.obj
                0x00000000080050e0                HAL_TIMEx_CommutCallback
 .text.HAL_TIMEx_BreakCallback
                0x00000000080050e2        0x2 CMakeFiles/Car.elf.dir/Drivers/STM32F4xx_HAL_Driver/Src/stm32f4xx_hal_tim_ex.c.obj
                0x00000000080050e2                HAL_TIMEx_BreakCallback
 .text.UART_EndTxTransfer
                0x00000000080050e4       0x20 CMakeFiles/Car.elf.dir/Drivers/STM32F4xx_HAL_Driver/Src/stm32f4xx_hal_uart.c.obj
 .text.UART_EndRxTransfer
                0x0000000008005104       0x5c CMakeFiles/Car.elf.dir/Drivers/STM32F4xx_HAL_Driver/Src/stm32f4xx_hal_uart.c.obj
 .text.UART_Transmit_IT
                0x0000000008005160       0x60 CMakeFiles/Car.elf.dir/Drivers/STM32F4xx_HAL_Driver/Src/stm32f4xx_hal_uart.c.obj
 .text.UART_SetConfig
                0x00000000080051c0      0x110 CMakeFiles/Car.elf.dir/Drivers/STM32F4xx_HAL_Driver/Src/stm32f4xx_hal_uart.c.obj
 .text.UART_WaitOnFlagUntilTimeout
                0x00000000080052d0       0x8a CMakeFiles/Car.elf.dir/Drivers/STM32F4xx_HAL_Driver/Src/stm32f4xx_hal_uart.c.obj
 .text.HAL_UART_Init
                0x000000000800535a       0x60 CMakeFiles/Car.elf.dir/Drivers/STM32F4xx_HAL_Driver/Src/stm32f4xx_hal_uart.c.obj
                0x000000000800535a                HAL_UART_Init
 .text.HAL_UART_Transmit
                0x00000000080053ba       0xcc CMakeFiles/Car.elf.dir/Drivers/STM32F4xx_HAL_Driver/Src/stm32f4xx_hal_uart.c.obj
                0x00000000080053ba                HAL_UART_Transmit
 .text.HAL_UART_Receive
                0x0000000008005486       0xd2 CMakeFiles/Car.elf.dir/Drivers/STM32F4xx_HAL_Driver/Src/stm32f4xx_hal_uart.c.obj
                0x0000000008005486                HAL_UART_Receive
 .text.HAL_UART_Transmit_IT
                0x0000000008005558       0x38 CMakeFiles/Car.elf.dir/Drivers/STM32F4xx_HAL_Driver/Src/stm32f4xx_hal_uart.c.obj
                0x0000000008005558                HAL_UART_Transmit_IT
 .text.HAL_UART_DMAStop
                0x0000000008005590       0x84 CMakeFiles/Car.elf.dir/Drivers/STM32F4xx_HAL_Driver/Src/stm32f4xx_hal_uart.c.obj
                0x0000000008005590                HAL_UART_DMAStop
 .text.UART_EndTransmit_IT
                0x0000000008005614       0x1a CMakeFiles/Car.elf.dir/Drivers/STM32F4xx_HAL_Driver/Src/stm32f4xx_hal_uart.c.obj
 .text.HAL_UART_RxHalfCpltCallback
                0x000000000800562e        0x2 CMakeFiles/Car.elf.dir/Drivers/STM32F4xx_HAL_Driver/Src/stm32f4xx_hal_uart.c.obj
                0x000000000800562e                HAL_UART_RxHalfCpltCallback
 .text.HAL_UART_ErrorCallback
                0x0000000008005630        0x2 CMakeFiles/Car.elf.dir/Drivers/STM32F4xx_HAL_Driver/Src/stm32f4xx_hal_uart.c.obj
                0x0000000008005630                HAL_UART_ErrorCallback
 .text.UART_DMAError
                0x0000000008005632       0x58 CMakeFiles/Car.elf.dir/Drivers/STM32F4xx_HAL_Driver/Src/stm32f4xx_hal_uart.c.obj
 .text.UART_DMAAbortOnError
                0x000000000800568a       0x10 CMakeFiles/Car.elf.dir/Drivers/STM32F4xx_HAL_Driver/Src/stm32f4xx_hal_uart.c.obj
 .text.HAL_UARTEx_RxEventCallback
                0x000000000800569a        0x2 CMakeFiles/Car.elf.dir/Drivers/STM32F4xx_HAL_Driver/Src/stm32f4xx_hal_uart.c.obj
                0x000000000800569a                HAL_UARTEx_RxEventCallback
 .text.UART_Receive_IT
                0x000000000800569c       0xe6 CMakeFiles/Car.elf.dir/Drivers/STM32F4xx_HAL_Driver/Src/stm32f4xx_hal_uart.c.obj
 *fill*         0x0000000008005782        0x2 
 .text.HAL_UART_IRQHandler
                0x0000000008005784      0x288 CMakeFiles/Car.elf.dir/Drivers/STM32F4xx_HAL_Driver/Src/stm32f4xx_hal_uart.c.obj
                0x0000000008005784                HAL_UART_IRQHandler
 .text.UART_DMARxHalfCplt
                0x0000000008005a0c       0x1e CMakeFiles/Car.elf.dir/Drivers/STM32F4xx_HAL_Driver/Src/stm32f4xx_hal_uart.c.obj
 .text.UART_DMAReceiveCplt
                0x0000000008005a2a       0x9a CMakeFiles/Car.elf.dir/Drivers/STM32F4xx_HAL_Driver/Src/stm32f4xx_hal_uart.c.obj
 .text.UART_Start_Receive_IT
                0x0000000008005ac4       0x36 CMakeFiles/Car.elf.dir/Drivers/STM32F4xx_HAL_Driver/Src/stm32f4xx_hal_uart.c.obj
                0x0000000008005ac4                UART_Start_Receive_IT
 .text.HAL_UART_Receive_IT
                0x0000000008005afa       0x26 CMakeFiles/Car.elf.dir/Drivers/STM32F4xx_HAL_Driver/Src/stm32f4xx_hal_uart.c.obj
                0x0000000008005afa                HAL_UART_Receive_IT
 .text.UART_Start_Receive_DMA
                0x0000000008005b20       0xa4 CMakeFiles/Car.elf.dir/Drivers/STM32F4xx_HAL_Driver/Src/stm32f4xx_hal_uart.c.obj
                0x0000000008005b20                UART_Start_Receive_DMA
 .text.HAL_UART_Receive_DMA
                0x0000000008005bc4       0x26 CMakeFiles/Car.elf.dir/Drivers/STM32F4xx_HAL_Driver/Src/stm32f4xx_hal_uart.c.obj
                0x0000000008005bc4                HAL_UART_Receive_DMA
 *fill*         0x0000000008005bea        0x2 
 .text.Control_Proc
                0x0000000008005bec      0xa6c CMakeFiles/Car.elf.dir/Task/Control.c.obj
                0x0000000008005bec                Control_Proc
 .text.My_ABS   0x0000000008006658        0xa CMakeFiles/Car.elf.dir/Task/Motor.c.obj
                0x0000000008006658                My_ABS
 *fill*         0x0000000008006662        0x2 
 .text.Motor_Receive_Data
                0x0000000008006664      0x20c CMakeFiles/Car.elf.dir/Task/Motor.c.obj
                0x0000000008006664                Motor_Receive_Data
 .text.Motor_Enable
                0x0000000008006870       0x38 CMakeFiles/Car.elf.dir/Task/Motor.c.obj
                0x0000000008006870                Motor_Enable
 .text.Motor_Disable
                0x00000000080068a8       0x34 CMakeFiles/Car.elf.dir/Task/Motor.c.obj
                0x00000000080068a8                Motor_Disable
 .text.Motor_Reset
                0x00000000080068dc       0x58 CMakeFiles/Car.elf.dir/Task/Motor.c.obj
                0x00000000080068dc                Motor_Reset
 .text.Motor_Enable_All
                0x0000000008006934       0x22 CMakeFiles/Car.elf.dir/Task/Motor.c.obj
                0x0000000008006934                Motor_Enable_All
 *fill*         0x0000000008006956        0x2 
 .text.Motor_Init
                0x0000000008006958       0x30 CMakeFiles/Car.elf.dir/Task/Motor.c.obj
                0x0000000008006958                Motor_Init
 .text.Motor_Disable_All
                0x0000000008006988       0x22 CMakeFiles/Car.elf.dir/Task/Motor.c.obj
                0x0000000008006988                Motor_Disable_All
 *fill*         0x00000000080069aa        0x2 
 .text.Motor_State_Scan
                0x00000000080069ac       0x2c CMakeFiles/Car.elf.dir/Task/Motor.c.obj
                0x00000000080069ac                Motor_State_Scan
 .text.Motor_Read_Current
                0x00000000080069d8       0x2c CMakeFiles/Car.elf.dir/Task/Motor.c.obj
                0x00000000080069d8                Motor_Read_Current
 .text.Motor_Run
                0x0000000008006a04       0x30 CMakeFiles/Car.elf.dir/Task/Motor.c.obj
                0x0000000008006a04                Motor_Run
 .text.Motor_SetPosition
                0x0000000008006a34       0x98 CMakeFiles/Car.elf.dir/Task/Motor.c.obj
                0x0000000008006a34                Motor_SetPosition
 .text.Motor_SetPosition_Dir
                0x0000000008006acc       0xb4 CMakeFiles/Car.elf.dir/Task/Motor.c.obj
                0x0000000008006acc                Motor_SetPosition_Dir
 .text.Motor_SetPosition_A
                0x0000000008006b80       0xc4 CMakeFiles/Car.elf.dir/Task/Motor.c.obj
                0x0000000008006b80                Motor_SetPosition_A
 *fill*         0x0000000008006c44        0x4 
 .text.Car_Go_Target
                0x0000000008006c48      0x288 CMakeFiles/Car.elf.dir/Task/Motor.c.obj
                0x0000000008006c48                Car_Go_Target
 .text.Car_Turn
                0x0000000008006ed0      0x128 CMakeFiles/Car.elf.dir/Task/Motor.c.obj
                0x0000000008006ed0                Car_Turn
 .text.Car_Calibration
                0x0000000008006ff8      0x290 CMakeFiles/Car.elf.dir/Task/Motor.c.obj
                0x0000000008006ff8                Car_Calibration
 .text.HuaGui_UP
                0x0000000008007288       0x20 CMakeFiles/Car.elf.dir/Task/Motor.c.obj
                0x0000000008007288                HuaGui_UP
 .text.HuaGui_DOWN
                0x00000000080072a8       0x20 CMakeFiles/Car.elf.dir/Task/Motor.c.obj
                0x00000000080072a8                HuaGui_DOWN
 .text.HuaGui_DOWN2
                0x00000000080072c8       0x20 CMakeFiles/Car.elf.dir/Task/Motor.c.obj
                0x00000000080072c8                HuaGui_DOWN2
 .text.HuaGui_Fang
                0x00000000080072e8       0x20 CMakeFiles/Car.elf.dir/Task/Motor.c.obj
                0x00000000080072e8                HuaGui_Fang
 .text.HuaGui_Qu
                0x0000000008007308       0x20 CMakeFiles/Car.elf.dir/Task/Motor.c.obj
                0x0000000008007308                HuaGui_Qu
 .text.HuaGui_ZhuanPan
                0x0000000008007328       0x20 CMakeFiles/Car.elf.dir/Task/Motor.c.obj
                0x0000000008007328                HuaGui_ZhuanPan
 .text.HAL_TIM_PeriodElapsedCallback
                0x0000000008007348      0x1d8 CMakeFiles/Car.elf.dir/Task/Move.c.obj
                0x0000000008007348                HAL_TIM_PeriodElapsedCallback
 .text.Get_Loads
                0x0000000008007520      0x324 CMakeFiles/Car.elf.dir/Task/Move.c.obj
                0x0000000008007520                Get_Loads
 .text.Put_Loads
                0x0000000008007844      0x388 CMakeFiles/Car.elf.dir/Task/Move.c.obj
                0x0000000008007844                Put_Loads
 *fill*         0x0000000008007bcc        0x4 
 .text.Servo_SetAngle
                0x0000000008007bd0       0xf8 CMakeFiles/Car.elf.dir/Task/Servo.c.obj
                0x0000000008007bd0                Servo_SetAngle
 .text.Servo_Init
                0x0000000008007cc8       0x48 CMakeFiles/Car.elf.dir/Task/Servo.c.obj
                0x0000000008007cc8                Servo_Init
 .text.Servo_CallBack
                0x0000000008007d10       0xe8 CMakeFiles/Car.elf.dir/Task/Servo.c.obj
                0x0000000008007d10                Servo_CallBack
 .text.JiaZhua_Turn
                0x0000000008007df8       0x6c CMakeFiles/Car.elf.dir/Task/Servo.c.obj
                0x0000000008007df8                JiaZhua_Turn
 *fill*         0x0000000008007e64        0x4 
 .text.HuaGui_Turn
                0x0000000008007e68       0x8c CMakeFiles/Car.elf.dir/Task/Servo.c.obj
                0x0000000008007e68                HuaGui_Turn
 .text.ZaiWu_Turn
                0x0000000008007ef4       0xd0 CMakeFiles/Car.elf.dir/Task/Servo.c.obj
                0x0000000008007ef4                ZaiWu_Turn
 .text.__errno  0x0000000008007fc4        0xc /usr/local/arm/10.3/bin/../lib/gcc/arm-none-eabi/10.3.1/../../../../arm-none-eabi/lib/thumb/v7e-m/nofp/libg.a(lib_a-errno.o)
                0x0000000008007fc4                __errno
 .text.__libc_init_array
                0x0000000008007fd0       0x48 /usr/local/arm/10.3/bin/../lib/gcc/arm-none-eabi/10.3.1/../../../../arm-none-eabi/lib/thumb/v7e-m/nofp/libg.a(lib_a-init.o)
                0x0000000008007fd0                __libc_init_array
 .text.memcmp   0x0000000008008018       0x68 /usr/local/arm/10.3/bin/../lib/gcc/arm-none-eabi/10.3.1/../../../../arm-none-eabi/lib/thumb/v7e-m/nofp/libg.a(lib_a-memcmp.o)
                0x0000000008008018                memcmp
 .text.memmove  0x0000000008008080       0xf8 /usr/local/arm/10.3/bin/../lib/gcc/arm-none-eabi/10.3.1/../../../../arm-none-eabi/lib/thumb/v7e-m/nofp/libg.a(lib_a-memmove.o)
                0x0000000008008080                memmove
 .text.memset   0x0000000008008178       0xa4 /usr/local/arm/10.3/bin/../lib/gcc/arm-none-eabi/10.3.1/../../../../arm-none-eabi/lib/thumb/v7e-m/nofp/libg.a(lib_a-memset.o)
                0x0000000008008178                memset
 .text.printf   0x000000000800821c       0x28 /usr/local/arm/10.3/bin/../lib/gcc/arm-none-eabi/10.3.1/../../../../arm-none-eabi/lib/thumb/v7e-m/nofp/libg.a(lib_a-printf.o)
                0x000000000800821c                printf
 .text._puts_r  0x0000000008008244       0x9c /usr/local/arm/10.3/bin/../lib/gcc/arm-none-eabi/10.3.1/../../../../arm-none-eabi/lib/thumb/v7e-m/nofp/libg.a(lib_a-puts.o)
                0x0000000008008244                _puts_r
 .text.puts     0x00000000080082e0       0x10 /usr/local/arm/10.3/bin/../lib/gcc/arm-none-eabi/10.3.1/../../../../arm-none-eabi/lib/thumb/v7e-m/nofp/libg.a(lib_a-puts.o)
                0x00000000080082e0                puts
 .text.setvbuf  0x00000000080082f0      0x1b0 /usr/local/arm/10.3/bin/../lib/gcc/arm-none-eabi/10.3.1/../../../../arm-none-eabi/lib/thumb/v7e-m/nofp/libg.a(lib_a-setvbuf.o)
                0x00000000080082f0                setvbuf
 .text.snprintf
                0x00000000080084a0       0x88 /usr/local/arm/10.3/bin/../lib/gcc/arm-none-eabi/10.3.1/../../../../arm-none-eabi/lib/thumb/v7e-m/nofp/libg.a(lib_a-snprintf.o)
                0x00000000080084a0                snprintf
 .text._svfprintf_r
                0x0000000008008528     0x1a3c /usr/local/arm/10.3/bin/../lib/gcc/arm-none-eabi/10.3.1/../../../../arm-none-eabi/lib/thumb/v7e-m/nofp/libg.a(lib_a-svfprintf.o)
                0x0000000008008528                _svfprintf_r
 .text._vfprintf_r
                0x0000000008009f64     0x1ad4 /usr/local/arm/10.3/bin/../lib/gcc/arm-none-eabi/10.3.1/../../../../arm-none-eabi/lib/thumb/v7e-m/nofp/libg.a(lib_a-vfprintf.o)
                0x0000000008009f64                _vfprintf_r
 .text.__sbprintf
                0x000000000800ba38       0x80 /usr/local/arm/10.3/bin/../lib/gcc/arm-none-eabi/10.3.1/../../../../arm-none-eabi/lib/thumb/v7e-m/nofp/libg.a(lib_a-vfprintf.o)
 .text.__swsetup_r
                0x000000000800bab8       0xd4 /usr/local/arm/10.3/bin/../lib/gcc/arm-none-eabi/10.3.1/../../../../arm-none-eabi/lib/thumb/v7e-m/nofp/libg.a(lib_a-wsetup.o)
                0x000000000800bab8                __swsetup_r
 .text.quorem   0x000000000800bb8c      0x124 /usr/local/arm/10.3/bin/../lib/gcc/arm-none-eabi/10.3.1/../../../../arm-none-eabi/lib/thumb/v7e-m/nofp/libg.a(lib_a-dtoa.o)
 .text._dtoa_r  0x000000000800bcb0      0xec4 /usr/local/arm/10.3/bin/../lib/gcc/arm-none-eabi/10.3.1/../../../../arm-none-eabi/lib/thumb/v7e-m/nofp/libg.a(lib_a-dtoa.o)
                0x000000000800bcb0                _dtoa_r
 .text.__sflush_r
                0x000000000800cb74      0x120 /usr/local/arm/10.3/bin/../lib/gcc/arm-none-eabi/10.3.1/../../../../arm-none-eabi/lib/thumb/v7e-m/nofp/libg.a(lib_a-fflush.o)
                0x000000000800cb74                __sflush_r
 .text._fflush_r
                0x000000000800cc94       0x5c /usr/local/arm/10.3/bin/../lib/gcc/arm-none-eabi/10.3.1/../../../../arm-none-eabi/lib/thumb/v7e-m/nofp/libg.a(lib_a-fflush.o)
                0x000000000800cc94                _fflush_r
 .text._cleanup_r
                0x000000000800ccf0        0xc /usr/local/arm/10.3/bin/../lib/gcc/arm-none-eabi/10.3.1/../../../../arm-none-eabi/lib/thumb/v7e-m/nofp/libg.a(lib_a-findfp.o)
                0x000000000800ccf0                _cleanup_r
 .text.__sinit  0x000000000800ccfc      0x10c /usr/local/arm/10.3/bin/../lib/gcc/arm-none-eabi/10.3.1/../../../../arm-none-eabi/lib/thumb/v7e-m/nofp/libg.a(lib_a-findfp.o)
                0x000000000800ccfc                __sinit
 .text.__sfp_lock_acquire
                0x000000000800ce08        0xc /usr/local/arm/10.3/bin/../lib/gcc/arm-none-eabi/10.3.1/../../../../arm-none-eabi/lib/thumb/v7e-m/nofp/libg.a(lib_a-findfp.o)
                0x000000000800ce08                __sfp_lock_acquire
 .text.__sfp_lock_release
                0x000000000800ce14        0xc /usr/local/arm/10.3/bin/../lib/gcc/arm-none-eabi/10.3.1/../../../../arm-none-eabi/lib/thumb/v7e-m/nofp/libg.a(lib_a-findfp.o)
                0x000000000800ce14                __sfp_lock_release
 .text._malloc_trim_r
                0x000000000800ce20       0xa0 /usr/local/arm/10.3/bin/../lib/gcc/arm-none-eabi/10.3.1/../../../../arm-none-eabi/lib/thumb/v7e-m/nofp/libg.a(lib_a-freer.o)
                0x000000000800ce20                _malloc_trim_r
 .text._free_r  0x000000000800cec0      0x20c /usr/local/arm/10.3/bin/../lib/gcc/arm-none-eabi/10.3.1/../../../../arm-none-eabi/lib/thumb/v7e-m/nofp/libg.a(lib_a-freer.o)
                0x000000000800cec0                _free_r
 .text.__sfvwrite_r
                0x000000000800d0cc      0x2e8 /usr/local/arm/10.3/bin/../lib/gcc/arm-none-eabi/10.3.1/../../../../arm-none-eabi/lib/thumb/v7e-m/nofp/libg.a(lib_a-fvwrite.o)
                0x000000000800d0cc                __sfvwrite_r
 .text._fwalk_reent
                0x000000000800d3b4       0x48 /usr/local/arm/10.3/bin/../lib/gcc/arm-none-eabi/10.3.1/../../../../arm-none-eabi/lib/thumb/v7e-m/nofp/libg.a(lib_a-fwalk.o)
                0x000000000800d3b4                _fwalk_reent
 .text._localeconv_r
                0x000000000800d3fc        0x8 /usr/local/arm/10.3/bin/../lib/gcc/arm-none-eabi/10.3.1/../../../../arm-none-eabi/lib/thumb/v7e-m/nofp/libg.a(lib_a-localeconv.o)
                0x000000000800d3fc                _localeconv_r
 .text.__retarget_lock_init_recursive
                0x000000000800d404        0x4 /usr/local/arm/10.3/bin/../lib/gcc/arm-none-eabi/10.3.1/../../../../arm-none-eabi/lib/thumb/v7e-m/nofp/libg.a(lib_a-lock.o)
                0x000000000800d404                __retarget_lock_init_recursive
 .text.__retarget_lock_close_recursive
                0x000000000800d408        0x4 /usr/local/arm/10.3/bin/../lib/gcc/arm-none-eabi/10.3.1/../../../../arm-none-eabi/lib/thumb/v7e-m/nofp/libg.a(lib_a-lock.o)
                0x000000000800d408                __retarget_lock_close_recursive
 .text.__retarget_lock_acquire_recursive
                0x000000000800d40c        0x4 /usr/local/arm/10.3/bin/../lib/gcc/arm-none-eabi/10.3.1/../../../../arm-none-eabi/lib/thumb/v7e-m/nofp/libg.a(lib_a-lock.o)
                0x000000000800d40c                __retarget_lock_acquire_recursive
 .text.__retarget_lock_release_recursive
                0x000000000800d410        0x4 /usr/local/arm/10.3/bin/../lib/gcc/arm-none-eabi/10.3.1/../../../../arm-none-eabi/lib/thumb/v7e-m/nofp/libg.a(lib_a-lock.o)
                0x000000000800d410                __retarget_lock_release_recursive
 .text.__smakebuf_r
                0x000000000800d414       0xe0 /usr/local/arm/10.3/bin/../lib/gcc/arm-none-eabi/10.3.1/../../../../arm-none-eabi/lib/thumb/v7e-m/nofp/libg.a(lib_a-makebuf.o)
                0x000000000800d414                __smakebuf_r
 .text.__swhatbuf_r
                0x000000000800d4f4       0x60 /usr/local/arm/10.3/bin/../lib/gcc/arm-none-eabi/10.3.1/../../../../arm-none-eabi/lib/thumb/v7e-m/nofp/libg.a(lib_a-makebuf.o)
                0x000000000800d4f4                __swhatbuf_r
 .text.malloc   0x000000000800d554       0x10 /usr/local/arm/10.3/bin/../lib/gcc/arm-none-eabi/10.3.1/../../../../arm-none-eabi/lib/thumb/v7e-m/nofp/libg.a(lib_a-malloc.o)
                0x000000000800d554                malloc
 .text._malloc_r
                0x000000000800d564      0x560 /usr/local/arm/10.3/bin/../lib/gcc/arm-none-eabi/10.3.1/../../../../arm-none-eabi/lib/thumb/v7e-m/nofp/libg.a(lib_a-mallocr.o)
                0x000000000800d564                _malloc_r
 .text.__malloc_lock
                0x000000000800dac4        0xc /usr/local/arm/10.3/bin/../lib/gcc/arm-none-eabi/10.3.1/../../../../arm-none-eabi/lib/thumb/v7e-m/nofp/libg.a(lib_a-mlock.o)
                0x000000000800dac4                __malloc_lock
 .text.__malloc_unlock
                0x000000000800dad0        0xc /usr/local/arm/10.3/bin/../lib/gcc/arm-none-eabi/10.3.1/../../../../arm-none-eabi/lib/thumb/v7e-m/nofp/libg.a(lib_a-mlock.o)
                0x000000000800dad0                __malloc_unlock
 .text._Balloc  0x000000000800dadc       0x4c /usr/local/arm/10.3/bin/../lib/gcc/arm-none-eabi/10.3.1/../../../../arm-none-eabi/lib/thumb/v7e-m/nofp/libg.a(lib_a-mprec.o)
                0x000000000800dadc                _Balloc
 .text._Bfree   0x000000000800db28       0x14 /usr/local/arm/10.3/bin/../lib/gcc/arm-none-eabi/10.3.1/../../../../arm-none-eabi/lib/thumb/v7e-m/nofp/libg.a(lib_a-mprec.o)
                0x000000000800db28                _Bfree
 .text.__multadd
                0x000000000800db3c       0xa0 /usr/local/arm/10.3/bin/../lib/gcc/arm-none-eabi/10.3.1/../../../../arm-none-eabi/lib/thumb/v7e-m/nofp/libg.a(lib_a-mprec.o)
                0x000000000800db3c                __multadd
 .text.__hi0bits
                0x000000000800dbdc       0x40 /usr/local/arm/10.3/bin/../lib/gcc/arm-none-eabi/10.3.1/../../../../arm-none-eabi/lib/thumb/v7e-m/nofp/libg.a(lib_a-mprec.o)
                0x000000000800dbdc                __hi0bits
 .text.__lo0bits
                0x000000000800dc1c       0x5c /usr/local/arm/10.3/bin/../lib/gcc/arm-none-eabi/10.3.1/../../../../arm-none-eabi/lib/thumb/v7e-m/nofp/libg.a(lib_a-mprec.o)
                0x000000000800dc1c                __lo0bits
 .text.__i2b    0x000000000800dc78       0x5c /usr/local/arm/10.3/bin/../lib/gcc/arm-none-eabi/10.3.1/../../../../arm-none-eabi/lib/thumb/v7e-m/nofp/libg.a(lib_a-mprec.o)
                0x000000000800dc78                __i2b
 .text.__multiply
                0x000000000800dcd4      0x15c /usr/local/arm/10.3/bin/../lib/gcc/arm-none-eabi/10.3.1/../../../../arm-none-eabi/lib/thumb/v7e-m/nofp/libg.a(lib_a-mprec.o)
                0x000000000800dcd4                __multiply
 .text.__pow5mult
                0x000000000800de30       0xc0 /usr/local/arm/10.3/bin/../lib/gcc/arm-none-eabi/10.3.1/../../../../arm-none-eabi/lib/thumb/v7e-m/nofp/libg.a(lib_a-mprec.o)
                0x000000000800de30                __pow5mult
 .text.__lshift
                0x000000000800def0       0xf0 /usr/local/arm/10.3/bin/../lib/gcc/arm-none-eabi/10.3.1/../../../../arm-none-eabi/lib/thumb/v7e-m/nofp/libg.a(lib_a-mprec.o)
                0x000000000800def0                __lshift
 .text.__mcmp   0x000000000800dfe0       0x40 /usr/local/arm/10.3/bin/../lib/gcc/arm-none-eabi/10.3.1/../../../../arm-none-eabi/lib/thumb/v7e-m/nofp/libg.a(lib_a-mprec.o)
                0x000000000800dfe0                __mcmp
 .text.__mdiff  0x000000000800e020      0x14c /usr/local/arm/10.3/bin/../lib/gcc/arm-none-eabi/10.3.1/../../../../arm-none-eabi/lib/thumb/v7e-m/nofp/libg.a(lib_a-mprec.o)
                0x000000000800e020                __mdiff
 .text.__d2b    0x000000000800e16c       0xc4 /usr/local/arm/10.3/bin/../lib/gcc/arm-none-eabi/10.3.1/../../../../arm-none-eabi/lib/thumb/v7e-m/nofp/libg.a(lib_a-mprec.o)
                0x000000000800e16c                __d2b
 .text._realloc_r
                0x000000000800e230      0x3d8 /usr/local/arm/10.3/bin/../lib/gcc/arm-none-eabi/10.3.1/../../../../arm-none-eabi/lib/thumb/v7e-m/nofp/libg.a(lib_a-reallocr.o)
                0x000000000800e230                _realloc_r
 .text.frexp    0x000000000800e608       0x70 /usr/local/arm/10.3/bin/../lib/gcc/arm-none-eabi/10.3.1/../../../../arm-none-eabi/lib/thumb/v7e-m/nofp/libg.a(lib_a-s_frexp.o)
                0x000000000800e608                frexp
 .text._sbrk_r  0x000000000800e678       0x24 /usr/local/arm/10.3/bin/../lib/gcc/arm-none-eabi/10.3.1/../../../../arm-none-eabi/lib/thumb/v7e-m/nofp/libg.a(lib_a-sbrkr.o)
                0x000000000800e678                _sbrk_r
 .text.__sread  0x000000000800e69c       0x24 /usr/local/arm/10.3/bin/../lib/gcc/arm-none-eabi/10.3.1/../../../../arm-none-eabi/lib/thumb/v7e-m/nofp/libg.a(lib_a-stdio.o)
                0x000000000800e69c                __sread
 .text.__swrite
                0x000000000800e6c0       0x40 /usr/local/arm/10.3/bin/../lib/gcc/arm-none-eabi/10.3.1/../../../../arm-none-eabi/lib/thumb/v7e-m/nofp/libg.a(lib_a-stdio.o)
                0x000000000800e6c0                __swrite
 .text.__sseek  0x000000000800e700       0x20 /usr/local/arm/10.3/bin/../lib/gcc/arm-none-eabi/10.3.1/../../../../arm-none-eabi/lib/thumb/v7e-m/nofp/libg.a(lib_a-stdio.o)
                0x000000000800e700                __sseek
 .text.__sclose
                0x000000000800e720        0x8 /usr/local/arm/10.3/bin/../lib/gcc/arm-none-eabi/10.3.1/../../../../arm-none-eabi/lib/thumb/v7e-m/nofp/libg.a(lib_a-stdio.o)
                0x000000000800e720                __sclose
 .text.strncpy  0x000000000800e728       0x64 /usr/local/arm/10.3/bin/../lib/gcc/arm-none-eabi/10.3.1/../../../../arm-none-eabi/lib/thumb/v7e-m/nofp/libg.a(lib_a-strncpy.o)
                0x000000000800e728                strncpy
 .text.__ssprint_r
                0x000000000800e78c       0xf8 /usr/local/arm/10.3/bin/../lib/gcc/arm-none-eabi/10.3.1/../../../../arm-none-eabi/lib/thumb/v7e-m/nofp/libg.a(lib_a-svfiprintf.o)
                0x000000000800e78c                __ssprint_r
 .text.__sprint_r.part.0
                0x000000000800e884       0x78 /usr/local/arm/10.3/bin/../lib/gcc/arm-none-eabi/10.3.1/../../../../arm-none-eabi/lib/thumb/v7e-m/nofp/libg.a(lib_a-vfiprintf.o)
 .text.__sprint_r
                0x000000000800e8fc       0x14 /usr/local/arm/10.3/bin/../lib/gcc/arm-none-eabi/10.3.1/../../../../arm-none-eabi/lib/thumb/v7e-m/nofp/libg.a(lib_a-vfiprintf.o)
                0x000000000800e8fc                __sprint_r
 .text._vfiprintf_r
                0x000000000800e910      0xda0 /usr/local/arm/10.3/bin/../lib/gcc/arm-none-eabi/10.3.1/../../../../arm-none-eabi/lib/thumb/v7e-m/nofp/libg.a(lib_a-vfiprintf.o)
                0x000000000800e910                _vfiprintf_r
 .text.__sbprintf
                0x000000000800f6b0       0x80 /usr/local/arm/10.3/bin/../lib/gcc/arm-none-eabi/10.3.1/../../../../arm-none-eabi/lib/thumb/v7e-m/nofp/libg.a(lib_a-vfiprintf.o)
 .text._write_r
                0x000000000800f730       0x2c /usr/local/arm/10.3/bin/../lib/gcc/arm-none-eabi/10.3.1/../../../../arm-none-eabi/lib/thumb/v7e-m/nofp/libg.a(lib_a-writer.o)
                0x000000000800f730                _write_r
 .text.__assert_func
                0x000000000800f75c       0x40 /usr/local/arm/10.3/bin/../lib/gcc/arm-none-eabi/10.3.1/../../../../arm-none-eabi/lib/thumb/v7e-m/nofp/libg.a(lib_a-assert.o)
                0x000000000800f75c                __assert_func
 .text._calloc_r
                0x000000000800f79c       0x78 /usr/local/arm/10.3/bin/../lib/gcc/arm-none-eabi/10.3.1/../../../../arm-none-eabi/lib/thumb/v7e-m/nofp/libg.a(lib_a-callocr.o)
                0x000000000800f79c                _calloc_r
 .text._close_r
                0x000000000800f814       0x24 /usr/local/arm/10.3/bin/../lib/gcc/arm-none-eabi/10.3.1/../../../../arm-none-eabi/lib/thumb/v7e-m/nofp/libg.a(lib_a-closer.o)
                0x000000000800f814                _close_r
 .text._fclose_r
                0x000000000800f838       0xcc /usr/local/arm/10.3/bin/../lib/gcc/arm-none-eabi/10.3.1/../../../../arm-none-eabi/lib/thumb/v7e-m/nofp/libg.a(lib_a-fclose.o)
                0x000000000800f838                _fclose_r
 .text.fiprintf
                0x000000000800f904       0x28 /usr/local/arm/10.3/bin/../lib/gcc/arm-none-eabi/10.3.1/../../../../arm-none-eabi/lib/thumb/v7e-m/nofp/libg.a(lib_a-fiprintf.o)
                0x000000000800f904                fiprintf
 .text.__fputwc
                0x000000000800f92c       0xa8 /usr/local/arm/10.3/bin/../lib/gcc/arm-none-eabi/10.3.1/../../../../arm-none-eabi/lib/thumb/v7e-m/nofp/libg.a(lib_a-fputwc.o)
                0x000000000800f92c                __fputwc
 .text._fputwc_r
                0x000000000800f9d4       0x68 /usr/local/arm/10.3/bin/../lib/gcc/arm-none-eabi/10.3.1/../../../../arm-none-eabi/lib/thumb/v7e-m/nofp/libg.a(lib_a-fputwc.o)
                0x000000000800f9d4                _fputwc_r
 .text._fstat_r
                0x000000000800fa3c       0x2c /usr/local/arm/10.3/bin/../lib/gcc/arm-none-eabi/10.3.1/../../../../arm-none-eabi/lib/thumb/v7e-m/nofp/libg.a(lib_a-fstatr.o)
                0x000000000800fa3c                _fstat_r
 .text._isatty_r
                0x000000000800fa68       0x24 /usr/local/arm/10.3/bin/../lib/gcc/arm-none-eabi/10.3.1/../../../../arm-none-eabi/lib/thumb/v7e-m/nofp/libg.a(lib_a-isattyr.o)
                0x000000000800fa68                _isatty_r
 .text.__locale_mb_cur_max
                0x000000000800fa8c        0xc /usr/local/arm/10.3/bin/../lib/gcc/arm-none-eabi/10.3.1/../../../../arm-none-eabi/lib/thumb/v7e-m/nofp/libg.a(lib_a-locale.o)
                0x000000000800fa8c                __locale_mb_cur_max
 .text._lseek_r
                0x000000000800fa98       0x2c /usr/local/arm/10.3/bin/../lib/gcc/arm-none-eabi/10.3.1/../../../../arm-none-eabi/lib/thumb/v7e-m/nofp/libg.a(lib_a-lseekr.o)
                0x000000000800fa98                _lseek_r
 .text.__ascii_mbtowc
                0x000000000800fac4       0x2c /usr/local/arm/10.3/bin/../lib/gcc/arm-none-eabi/10.3.1/../../../../arm-none-eabi/lib/thumb/v7e-m/nofp/libg.a(lib_a-mbtowc_r.o)
                0x000000000800fac4                __ascii_mbtowc
 .text._read_r  0x000000000800faf0       0x2c /usr/local/arm/10.3/bin/../lib/gcc/arm-none-eabi/10.3.1/../../../../arm-none-eabi/lib/thumb/v7e-m/nofp/libg.a(lib_a-readr.o)
                0x000000000800faf0                _read_r
 .text.__swbuf_r
                0x000000000800fb1c       0xb0 /usr/local/arm/10.3/bin/../lib/gcc/arm-none-eabi/10.3.1/../../../../arm-none-eabi/lib/thumb/v7e-m/nofp/libg.a(lib_a-wbuf.o)
                0x000000000800fb1c                __swbuf_r
 .text._wcrtomb_r
                0x000000000800fbcc       0x3c /usr/local/arm/10.3/bin/../lib/gcc/arm-none-eabi/10.3.1/../../../../arm-none-eabi/lib/thumb/v7e-m/nofp/libg.a(lib_a-wcrtomb.o)
                0x000000000800fbcc                _wcrtomb_r
 .text.__ascii_wctomb
                0x000000000800fc08       0x1c /usr/local/arm/10.3/bin/../lib/gcc/arm-none-eabi/10.3.1/../../../../arm-none-eabi/lib/thumb/v7e-m/nofp/libg.a(lib_a-wctomb_r.o)
                0x000000000800fc08                __ascii_wctomb
 .text.abort    0x000000000800fc24       0x10 /usr/local/arm/10.3/bin/../lib/gcc/arm-none-eabi/10.3.1/../../../../arm-none-eabi/lib/thumb/v7e-m/nofp/libg.a(lib_a-abort.o)
                0x000000000800fc24                abort
 .text.raise    0x000000000800fc34       0x5c /usr/local/arm/10.3/bin/../lib/gcc/arm-none-eabi/10.3.1/../../../../arm-none-eabi/lib/thumb/v7e-m/nofp/libg.a(lib_a-signal.o)
                0x000000000800fc34                raise
 .text._kill_r  0x000000000800fc90       0x2c /usr/local/arm/10.3/bin/../lib/gcc/arm-none-eabi/10.3.1/../../../../arm-none-eabi/lib/thumb/v7e-m/nofp/libg.a(lib_a-signalr.o)
                0x000000000800fc90                _kill_r
 .text._getpid_r
                0x000000000800fcbc        0x4 /usr/local/arm/10.3/bin/../lib/gcc/arm-none-eabi/10.3.1/../../../../arm-none-eabi/lib/thumb/v7e-m/nofp/libg.a(lib_a-signalr.o)
                0x000000000800fcbc                _getpid_r
 .text.sqrt     0x000000000800fcc0       0x50 /usr/local/arm/10.3/bin/../lib/gcc/arm-none-eabi/10.3.1/../../../../arm-none-eabi/lib/thumb/v7e-m/nofp/libm.a(lib_a-w_sqrt.o)
                0x000000000800fcc0                sqrt
 .text.__ieee754_sqrt
                0x000000000800fd10      0x18c /usr/local/arm/10.3/bin/../lib/gcc/arm-none-eabi/10.3.1/../../../../arm-none-eabi/lib/thumb/v7e-m/nofp/libm.a(lib_a-e_sqrt.o)
                0x000000000800fd10                __ieee754_sqrt
 *(.glue_7)
 .glue_7        0x000000000800fe9c        0x0 linker stubs
 *(.glue_7t)
 .glue_7t       0x000000000800fe9c        0x0 linker stubs
 *(.eh_frame)
 *(.init)
 .init          0x000000000800fe9c        0x4 /usr/local/arm/10.3/bin/../lib/gcc/arm-none-eabi/10.3.1/thumb/v7e-m/nofp/crti.o
                0x000000000800fe9c                _init
 .init          0x000000000800fea0        0x8 /usr/local/arm/10.3/bin/../lib/gcc/arm-none-eabi/10.3.1/thumb/v7e-m/nofp/crtn.o
 *(.fini)
 .fini          0x000000000800fea8        0x4 /usr/local/arm/10.3/bin/../lib/gcc/arm-none-eabi/10.3.1/thumb/v7e-m/nofp/crti.o
                0x000000000800fea8                _fini
 .fini          0x000000000800feac        0x8 /usr/local/arm/10.3/bin/../lib/gcc/arm-none-eabi/10.3.1/thumb/v7e-m/nofp/crtn.o
                0x000000000800feb4                . = ALIGN (0x4)
                0x000000000800feb4                _etext = .

.vfp11_veneer   0x000000000800feb4        0x0
 .vfp11_veneer  0x000000000800feb4        0x0 linker stubs

.v4_bx          0x000000000800feb4        0x0
 .v4_bx         0x000000000800feb4        0x0 linker stubs

.iplt           0x000000000800feb4        0x0
 .iplt          0x000000000800feb4        0x0 CMakeFiles/Car.elf.dir/Bsp/Bsp.c.obj

.rodata         0x000000000800feb8     0x26c8
                0x000000000800feb8                . = ALIGN (0x4)
 *(.rodata)
 .rodata        0x000000000800feb8        0x9 CMakeFiles/Car.elf.dir/Bsp/gm65.c.obj
 *(.rodata*)
 *fill*         0x000000000800fec1        0x3 
 .rodata.HuaGui_Init_Proc.str1.4
                0x000000000800fec4       0x23 CMakeFiles/Car.elf.dir/Bsp/Bsp.c.obj
 *fill*         0x000000000800fee7        0x1 
 .rodata.Key_Proc.str1.4
                0x000000000800fee8        0x9 CMakeFiles/Car.elf.dir/Bsp/Bsp.c.obj
 *fill*         0x000000000800fef1        0x3 
 .rodata.OLED_proc.str1.4
                0x000000000800fef4       0x17 CMakeFiles/Car.elf.dir/Bsp/Bsp.c.obj
                                         0x1b (size before relaxing)
 *fill*         0x000000000800ff0b        0x1 
 .rodata.Process_OP_Data.str1.4
                0x000000000800ff0c       0x26 CMakeFiles/Car.elf.dir/Bsp/PI.c.obj
 *fill*         0x000000000800ff32        0x2 
 .rodata.PI_Data_Receive_Proc.str1.4
                0x000000000800ff34       0x15 CMakeFiles/Car.elf.dir/Bsp/PI.c.obj
 *fill*         0x000000000800ff49        0x3 
 .rodata.Font11x18
                0x000000000800ff4c      0xd5c CMakeFiles/Car.elf.dir/Bsp/ssd1306_fonts.c.obj
 .rodata.Font16x24
                0x0000000008010ca8     0x11d0 CMakeFiles/Car.elf.dir/Bsp/ssd1306_fonts.c.obj
 .rodata.main.str1.4
                0x0000000008011e78       0x24 CMakeFiles/Car.elf.dir/Core/Src/main.c.obj
 .rodata.HAL_UART_RxCpltCallback.str1.4
                0x0000000008011e9c       0x1c CMakeFiles/Car.elf.dir/Core/Src/stm32f4xx_it.c.obj
 .rodata.AHBPrescTable
                0x0000000008011eb8       0x10 CMakeFiles/Car.elf.dir/Core/Src/system_stm32f4xx.c.obj
                0x0000000008011eb8                AHBPrescTable
 .rodata.APBPrescTable
                0x0000000008011ec8        0x8 CMakeFiles/Car.elf.dir/Core/Src/system_stm32f4xx.c.obj
                0x0000000008011ec8                APBPrescTable
 .rodata.flagBitshiftOffset.0
                0x0000000008011ed0        0x8 CMakeFiles/Car.elf.dir/Drivers/STM32F4xx_HAL_Driver/Src/stm32f4xx_hal_dma.c.obj
 .rodata.Control_Proc.str1.4
                0x0000000008011ed8      0x12b CMakeFiles/Car.elf.dir/Task/Control.c.obj
 *fill*         0x0000000008012003        0x1 
 .rodata.Motor_Receive_Data.str1.4
                0x0000000008012004       0x67 CMakeFiles/Car.elf.dir/Task/Motor.c.obj
 *fill*         0x000000000801206b        0x1 
 .rodata.Car_Go_Target.str1.4
                0x000000000801206c       0x1f CMakeFiles/Car.elf.dir/Task/Motor.c.obj
 *fill*         0x000000000801208b        0x1 
 .rodata.Car_Calibration.str1.4
                0x000000000801208c       0x12 CMakeFiles/Car.elf.dir/Task/Motor.c.obj
 *fill*         0x000000000801209e        0x2 
 .rodata.Put_Loads.str1.4
                0x00000000080120a0       0xc6 CMakeFiles/Car.elf.dir/Task/Move.c.obj
 .rodata._puts_r.str1.4
                0x0000000008012166       0xc6 /usr/local/arm/10.3/bin/../lib/gcc/arm-none-eabi/10.3.1/../../../../arm-none-eabi/lib/thumb/v7e-m/nofp/libg.a(lib_a-puts.o)
                                          0x2 (size before relaxing)
 *fill*         0x0000000008012166        0x2 
 .rodata._svfprintf_r.str1.4
                0x0000000008012168       0x42 /usr/local/arm/10.3/bin/../lib/gcc/arm-none-eabi/10.3.1/../../../../arm-none-eabi/lib/thumb/v7e-m/nofp/libg.a(lib_a-svfprintf.o)
 *fill*         0x00000000080121aa        0x2 
 .rodata.blanks.1
                0x00000000080121ac       0x10 /usr/local/arm/10.3/bin/../lib/gcc/arm-none-eabi/10.3.1/../../../../arm-none-eabi/lib/thumb/v7e-m/nofp/libg.a(lib_a-svfprintf.o)
 .rodata.zeroes.0
                0x00000000080121bc       0x10 /usr/local/arm/10.3/bin/../lib/gcc/arm-none-eabi/10.3.1/../../../../arm-none-eabi/lib/thumb/v7e-m/nofp/libg.a(lib_a-svfprintf.o)
 .rodata._vfprintf_r.str1.4
                0x00000000080121cc       0x42 /usr/local/arm/10.3/bin/../lib/gcc/arm-none-eabi/10.3.1/../../../../arm-none-eabi/lib/thumb/v7e-m/nofp/libg.a(lib_a-vfprintf.o)
 .rodata.blanks.1
                0x00000000080121cc       0x10 /usr/local/arm/10.3/bin/../lib/gcc/arm-none-eabi/10.3.1/../../../../arm-none-eabi/lib/thumb/v7e-m/nofp/libg.a(lib_a-vfprintf.o)
 .rodata.zeroes.0
                0x00000000080121dc       0x10 /usr/local/arm/10.3/bin/../lib/gcc/arm-none-eabi/10.3.1/../../../../arm-none-eabi/lib/thumb/v7e-m/nofp/libg.a(lib_a-vfprintf.o)
 .rodata._dtoa_r.str1.4
                0x00000000080121ec       0xa2 /usr/local/arm/10.3/bin/../lib/gcc/arm-none-eabi/10.3.1/../../../../arm-none-eabi/lib/thumb/v7e-m/nofp/libg.a(lib_a-dtoa.o)
                                         0xa6 (size before relaxing)
 *fill*         0x000000000801228e        0x2 
 .rodata.__multadd.str1.4
                0x0000000008012290       0x7f /usr/local/arm/10.3/bin/../lib/gcc/arm-none-eabi/10.3.1/../../../../arm-none-eabi/lib/thumb/v7e-m/nofp/libg.a(lib_a-mprec.o)
                                         0x93 (size before relaxing)
 *fill*         0x000000000801230f        0x1 
 .rodata.__mprec_bigtens
                0x0000000008012310       0x28 /usr/local/arm/10.3/bin/../lib/gcc/arm-none-eabi/10.3.1/../../../../arm-none-eabi/lib/thumb/v7e-m/nofp/libg.a(lib_a-mprec.o)
                0x0000000008012310                __mprec_bigtens
 .rodata.__mprec_tens
                0x0000000008012338       0xc8 /usr/local/arm/10.3/bin/../lib/gcc/arm-none-eabi/10.3.1/../../../../arm-none-eabi/lib/thumb/v7e-m/nofp/libg.a(lib_a-mprec.o)
                0x0000000008012338                __mprec_tens
 .rodata.p05.0  0x0000000008012400        0xc /usr/local/arm/10.3/bin/../lib/gcc/arm-none-eabi/10.3.1/../../../../arm-none-eabi/lib/thumb/v7e-m/nofp/libg.a(lib_a-mprec.o)
 .rodata._vfiprintf_r.str1.4
                0x000000000801240c       0x2f /usr/local/arm/10.3/bin/../lib/gcc/arm-none-eabi/10.3.1/../../../../arm-none-eabi/lib/thumb/v7e-m/nofp/libg.a(lib_a-vfiprintf.o)
 .rodata.blanks.1
                0x000000000801240c       0x10 /usr/local/arm/10.3/bin/../lib/gcc/arm-none-eabi/10.3.1/../../../../arm-none-eabi/lib/thumb/v7e-m/nofp/libg.a(lib_a-vfiprintf.o)
 .rodata.zeroes.0
                0x000000000801241c       0x10 /usr/local/arm/10.3/bin/../lib/gcc/arm-none-eabi/10.3.1/../../../../arm-none-eabi/lib/thumb/v7e-m/nofp/libg.a(lib_a-vfiprintf.o)
 .rodata.__assert_func.str1.4
                0x000000000801242c       0x3f /usr/local/arm/10.3/bin/../lib/gcc/arm-none-eabi/10.3.1/../../../../arm-none-eabi/lib/thumb/v7e-m/nofp/libg.a(lib_a-assert.o)
                                         0x43 (size before relaxing)
 *fill*         0x000000000801246b        0x1 
 .rodata._setlocale_r.str1.4
                0x000000000801246c        0xa /usr/local/arm/10.3/bin/../lib/gcc/arm-none-eabi/10.3.1/../../../../arm-none-eabi/lib/thumb/v7e-m/nofp/libg.a(lib_a-locale.o)
                                          0xd (size before relaxing)
 *fill*         0x0000000008012476        0x2 
 .rodata.str1.4
                0x0000000008012478        0x2 /usr/local/arm/10.3/bin/../lib/gcc/arm-none-eabi/10.3.1/../../../../arm-none-eabi/lib/thumb/v7e-m/nofp/libg.a(lib_a-locale.o)
 *fill*         0x000000000801247a        0x2 
 .rodata._ctype_
                0x000000000801247c      0x101 /usr/local/arm/10.3/bin/../lib/gcc/arm-none-eabi/10.3.1/../../../../arm-none-eabi/lib/thumb/v7e-m/nofp/libg.a(lib_a-ctype_.o)
                0x000000000801247c                _ctype_
                0x0000000008012580                . = ALIGN (0x4)
 *fill*         0x000000000801257d        0x3 
                0x0000000008012588                _sidata = LOADADDR (.data)

.ARM.exidx      0x0000000008012580        0x8
 .ARM.exidx     0x0000000008012580        0x8 /usr/local/arm/10.3/bin/../lib/gcc/arm-none-eabi/10.3.1/thumb/v7e-m/nofp/libgcc.a(_udivmoddi4.o)

.rel.dyn        0x0000000008012588        0x0
 .rel.iplt      0x0000000008012588        0x0 CMakeFiles/Car.elf.dir/Bsp/Bsp.c.obj

.data           0x0000000020000000      0xa14 load address 0x0000000008012588
                0x0000000020000000                . = ALIGN (0x4)
                0x0000000020000000                _sdata = .
 *(.data)
 *(.data*)
 .data.Motor_State
                0x0000000020000000        0x1 CMakeFiles/Car.elf.dir/Bsp/Bsp.c.obj
                0x0000000020000000                Motor_State
 *fill*         0x0000000020000001        0x3 
 .data.data     0x0000000020000004       0x13 CMakeFiles/Car.elf.dir/Bsp/gm65.c.obj
                0x0000000020000004                data
 *fill*         0x0000000020000017        0x1 
 .data.fssj     0x0000000020000018        0x9 CMakeFiles/Car.elf.dir/Bsp/gm65.c.obj
                0x0000000020000018                fssj
 *fill*         0x0000000020000021        0x3 
 .data.hydata   0x0000000020000024        0x7 CMakeFiles/Car.elf.dir/Bsp/gm65.c.obj
                0x0000000020000024                hydata
 *fill*         0x000000002000002b        0x1 
 .data.Font_11x18
                0x000000002000002c        0x8 CMakeFiles/Car.elf.dir/Bsp/ssd1306_fonts.c.obj
                0x000000002000002c                Font_11x18
 .data.Font_16x24
                0x0000000020000034        0x8 CMakeFiles/Car.elf.dir/Bsp/ssd1306_fonts.c.obj
                0x0000000020000034                Font_16x24
 .data.SystemCoreClock
                0x000000002000003c        0x4 CMakeFiles/Car.elf.dir/Core/Src/system_stm32f4xx.c.obj
                0x000000002000003c                SystemCoreClock
 .data.uwTickFreq
                0x0000000020000040        0x1 CMakeFiles/Car.elf.dir/Drivers/STM32F4xx_HAL_Driver/Src/stm32f4xx_hal.c.obj
                0x0000000020000040                uwTickFreq
 *fill*         0x0000000020000041        0x3 
 .data.uwTickPrio
                0x0000000020000044        0x4 CMakeFiles/Car.elf.dir/Drivers/STM32F4xx_HAL_Driver/Src/stm32f4xx_hal.c.obj
                0x0000000020000044                uwTickPrio
 .data.Car_Acc  0x0000000020000048        0x2 CMakeFiles/Car.elf.dir/Task/Control.c.obj
                0x0000000020000048                Car_Acc
 .data.Car_Acc_Slow
                0x000000002000004a        0x2 CMakeFiles/Car.elf.dir/Task/Control.c.obj
                0x000000002000004a                Car_Acc_Slow
 .data.Car_Speed
                0x000000002000004c        0x2 CMakeFiles/Car.elf.dir/Task/Control.c.obj
                0x000000002000004c                Car_Speed
 .data.Car_Speed_Slow
                0x000000002000004e        0x2 CMakeFiles/Car.elf.dir/Task/Control.c.obj
                0x000000002000004e                Car_Speed_Slow
 .data.Car_Turn_Speed_Limit
                0x0000000020000050        0x2 CMakeFiles/Car.elf.dir/Task/Control.c.obj
                0x0000000020000050                Car_Turn_Speed_Limit
 .data.Motor_HuaGui_ACC
                0x0000000020000052        0x2 CMakeFiles/Car.elf.dir/Task/Control.c.obj
                0x0000000020000052                Motor_HuaGui_ACC
 .data.Motor_HuaGui_Speed
                0x0000000020000054        0x2 CMakeFiles/Car.elf.dir/Task/Control.c.obj
                0x0000000020000054                Motor_HuaGui_Speed
 .data.Running_Mode
                0x0000000020000056        0x1 CMakeFiles/Car.elf.dir/Task/Control.c.obj
                0x0000000020000056                Running_Mode
 .data.Last_Motor_Stop_Flag_Car
                0x0000000020000057        0x1 CMakeFiles/Car.elf.dir/Task/Motor.c.obj
                0x0000000020000057                Last_Motor_Stop_Flag_Car
 .data.Motor_Stop_Flag_Car
                0x0000000020000058        0x1 CMakeFiles/Car.elf.dir/Task/Motor.c.obj
                0x0000000020000058                Motor_Stop_Flag_Car
 .data.Stop_Flag_HuaGui
                0x0000000020000059        0x1 CMakeFiles/Car.elf.dir/Task/Motor.c.obj
                0x0000000020000059                Stop_Flag_HuaGui
 *fill*         0x000000002000005a        0x2 
 .data.HuaGui_Angle
                0x000000002000005c        0x4 CMakeFiles/Car.elf.dir/Task/Servo.c.obj
                0x000000002000005c                HuaGui_Angle
 .data.JiaZhua_Angle
                0x0000000020000060        0x4 CMakeFiles/Car.elf.dir/Task/Servo.c.obj
                0x0000000020000060                JiaZhua_Angle
 .data.ZaiWu_Angle
                0x0000000020000064        0x4 CMakeFiles/Car.elf.dir/Task/Servo.c.obj
                0x0000000020000064                ZaiWu_Angle
 .data._impure_ptr
                0x0000000020000068        0x4 /usr/local/arm/10.3/bin/../lib/gcc/arm-none-eabi/10.3.1/../../../../arm-none-eabi/lib/thumb/v7e-m/nofp/libg.a(lib_a-impure.o)
                0x0000000020000068                _impure_ptr
 *fill*         0x000000002000006c        0x4 
 .data.impure_data
                0x0000000020000070      0x428 /usr/local/arm/10.3/bin/../lib/gcc/arm-none-eabi/10.3.1/../../../../arm-none-eabi/lib/thumb/v7e-m/nofp/libg.a(lib_a-impure.o)
 .data.__malloc_av_
                0x0000000020000498      0x408 /usr/local/arm/10.3/bin/../lib/gcc/arm-none-eabi/10.3.1/../../../../arm-none-eabi/lib/thumb/v7e-m/nofp/libg.a(lib_a-mallocr.o)
                0x0000000020000498                __malloc_av_
 .data.__malloc_sbrk_base
                0x00000000200008a0        0x4 /usr/local/arm/10.3/bin/../lib/gcc/arm-none-eabi/10.3.1/../../../../arm-none-eabi/lib/thumb/v7e-m/nofp/libg.a(lib_a-mallocr.o)
                0x00000000200008a0                __malloc_sbrk_base
 .data.__malloc_trim_threshold
                0x00000000200008a4        0x4 /usr/local/arm/10.3/bin/../lib/gcc/arm-none-eabi/10.3.1/../../../../arm-none-eabi/lib/thumb/v7e-m/nofp/libg.a(lib_a-mallocr.o)
                0x00000000200008a4                __malloc_trim_threshold
 .data.__global_locale
                0x00000000200008a8      0x16c /usr/local/arm/10.3/bin/../lib/gcc/arm-none-eabi/10.3.1/../../../../arm-none-eabi/lib/thumb/v7e-m/nofp/libg.a(lib_a-locale.o)
                0x00000000200008a8                __global_locale
 *(.RamFunc)
 *(.RamFunc*)
                0x0000000020000a14                . = ALIGN (0x4)
                0x0000000020000a14                _edata = .
                0x0000000008012f9c                _siccmram = LOADADDR (.ccmram)

.igot.plt       0x0000000020000a14        0x0 load address 0x0000000008012f9c
 .igot.plt      0x0000000020000a14        0x0 CMakeFiles/Car.elf.dir/Bsp/Bsp.c.obj

.ccmram         0x0000000010000000        0x0 load address 0x0000000008012f9c
                0x0000000010000000                . = ALIGN (0x4)
                0x0000000010000000                _sccmram = .
 *(.ccmram)
 *(.ccmram*)
                0x0000000010000000                . = ALIGN (0x4)
                0x0000000010000000                _eccmram = .
                0x0000000010000000                . = ALIGN (0x4)

.bss            0x0000000020000a18      0xc6c
                0x0000000020000a18                _sbss = .
                0x0000000020000a18                __bss_start__ = _sbss
 *(.bss)
 *(.bss*)
 .bss.Bsp_Flag  0x0000000020000a18        0x1 CMakeFiles/Car.elf.dir/Bsp/Bsp.c.obj
                0x0000000020000a18                Bsp_Flag
 .bss.HuaGui_Init_State
                0x0000000020000a19        0x1 CMakeFiles/Car.elf.dir/Bsp/Bsp.c.obj
                0x0000000020000a19                HuaGui_Init_State
 *fill*         0x0000000020000a1a        0x2 
 .bss.OLED_buffer
                0x0000000020000a1c        0x3 CMakeFiles/Car.elf.dir/Bsp/Bsp.c.obj
                0x0000000020000a1c                OLED_buffer
 .bss.temp1     0x0000000020000a1f        0x1 CMakeFiles/Car.elf.dir/Bsp/Bsp.c.obj
                0x0000000020000a1f                temp1
 .bss.temp2     0x0000000020000a20        0x1 CMakeFiles/Car.elf.dir/Bsp/Bsp.c.obj
                0x0000000020000a20                temp2
 .bss.temp3     0x0000000020000a21        0x1 CMakeFiles/Car.elf.dir/Bsp/Bsp.c.obj
                0x0000000020000a21                temp3
 .bss.temp4     0x0000000020000a22        0x1 CMakeFiles/Car.elf.dir/Bsp/Bsp.c.obj
                0x0000000020000a22                temp4
 *fill*         0x0000000020000a23        0x1 
 .bss.JY901_data
                0x0000000020000a24       0x48 CMakeFiles/Car.elf.dir/Bsp/JY901.c.obj
                0x0000000020000a24                JY901_data
 .bss.Kalman_Set_Data_Flag
                0x0000000020000a6c        0x1 CMakeFiles/Car.elf.dir/Bsp/JY901.c.obj
                0x0000000020000a6c                Kalman_Set_Data_Flag
 .bss.Kalman_count
                0x0000000020000a6d        0x1 CMakeFiles/Car.elf.dir/Bsp/JY901.c.obj