Archive member included to satisfy reference by file (symbol)

/usr/local/arm/10.3/bin/../lib/gcc/arm-none-eabi/10.3.1/thumb/v7e-m/nofp/libgcc.a(_arm_muldf3.o)
                              CMakeFiles/Car.elf.dir/Task/Motor.c.obj (__aeabi_dmul)
/usr/local/arm/10.3/bin/../lib/gcc/arm-none-eabi/10.3.1/thumb/v7e-m/nofp/libgcc.a(_arm_mulsf3.o)
                              CMakeFiles/Car.elf.dir/Bsp/JY901.c.obj (__aeabi_fmul)
/usr/local/arm/10.3/bin/../lib/gcc/arm-none-eabi/10.3.1/thumb/v7e-m/nofp/libgcc.a(_arm_addsubdf3.o)
                              CMakeFiles/Car.elf.dir/Task/Move.c.obj (__aeabi_dadd)
/usr/local/arm/10.3/bin/../lib/gcc/arm-none-eabi/10.3.1/thumb/v7e-m/nofp/libgcc.a(_arm_muldivdf3.o)
                              CMakeFiles/Car.elf.dir/Task/Motor.c.obj (__aeabi_ddiv)
/usr/local/arm/10.3/bin/../lib/gcc/arm-none-eabi/10.3.1/thumb/v7e-m/nofp/libgcc.a(_arm_cmpdf2.o)
                              CMakeFiles/Car.elf.dir/Task/Move.c.obj (__aeabi_dcmple)
/usr/local/arm/10.3/bin/../lib/gcc/arm-none-eabi/10.3.1/thumb/v7e-m/nofp/libgcc.a(_arm_fixdfsi.o)
                              CMakeFiles/Car.elf.dir/Task/Motor.c.obj (__aeabi_d2iz)
/usr/local/arm/10.3/bin/../lib/gcc/arm-none-eabi/10.3.1/thumb/v7e-m/nofp/libgcc.a(_arm_addsubsf3.o)
                              CMakeFiles/Car.elf.dir/Bsp/JY901.c.obj (__aeabi_fsub)
/usr/local/arm/10.3/bin/../lib/gcc/arm-none-eabi/10.3.1/thumb/v7e-m/nofp/libgcc.a(_arm_muldivsf3.o)
                              CMakeFiles/Car.elf.dir/Bsp/JY901.c.obj (__aeabi_fdiv)
/usr/local/arm/10.3/bin/../lib/gcc/arm-none-eabi/10.3.1/thumb/v7e-m/nofp/libgcc.a(_arm_cmpsf2.o)
                              CMakeFiles/Car.elf.dir/Bsp/JY901.c.obj (__aeabi_fcmplt)
/usr/local/arm/10.3/bin/../lib/gcc/arm-none-eabi/10.3.1/thumb/v7e-m/nofp/libgcc.a(_arm_fixsfsi.o)
                              CMakeFiles/Car.elf.dir/Task/Motor.c.obj (__aeabi_f2iz)
/usr/local/arm/10.3/bin/../lib/gcc/arm-none-eabi/10.3.1/thumb/v7e-m/nofp/libgcc.a(_arm_fixunssfsi.o)
                              CMakeFiles/Car.elf.dir/Task/Servo.c.obj (__aeabi_f2uiz)
/usr/local/arm/10.3/bin/../lib/gcc/arm-none-eabi/10.3.1/thumb/v7e-m/nofp/libgcc.a(_aeabi_uldivmod.o)
                              CMakeFiles/Car.elf.dir/Drivers/STM32F4xx_HAL_Driver/Src/stm32f4xx_hal_rcc.c.obj (__aeabi_uldivmod)
/usr/local/arm/10.3/bin/../lib/gcc/arm-none-eabi/10.3.1/thumb/v7e-m/nofp/libgcc.a(_udivmoddi4.o)
                              /usr/local/arm/10.3/bin/../lib/gcc/arm-none-eabi/10.3.1/thumb/v7e-m/nofp/libgcc.a(_aeabi_uldivmod.o) (__udivmoddi4)
/usr/local/arm/10.3/bin/../lib/gcc/arm-none-eabi/10.3.1/thumb/v7e-m/nofp/libgcc.a(_dvmd_tls.o)
                              /usr/local/arm/10.3/bin/../lib/gcc/arm-none-eabi/10.3.1/thumb/v7e-m/nofp/libgcc.a(_aeabi_uldivmod.o) (__aeabi_ldiv0)
/usr/local/arm/10.3/bin/../lib/gcc/arm-none-eabi/10.3.1/../../../../arm-none-eabi/lib/thumb/v7e-m/nofp/libg.a(lib_a-errno.o)
                              CMakeFiles/Car.elf.dir/Bsp/retarget.c.obj (__errno)
/usr/local/arm/10.3/bin/../lib/gcc/arm-none-eabi/10.3.1/../../../../arm-none-eabi/lib/thumb/v7e-m/nofp/libg.a(lib_a-exit.o)
                              /usr/local/arm/10.3/bin/../lib/gcc/arm-none-eabi/10.3.1/../../../../arm-none-eabi/lib/thumb/v7e-m/nofp/crt0.o (exit)
/usr/local/arm/10.3/bin/../lib/gcc/arm-none-eabi/10.3.1/../../../../arm-none-eabi/lib/thumb/v7e-m/nofp/libg.a(lib_a-impure.o)
                              /usr/local/arm/10.3/bin/../lib/gcc/arm-none-eabi/10.3.1/../../../../arm-none-eabi/lib/thumb/v7e-m/nofp/libg.a(lib_a-exit.o) (_global_impure_ptr)
/usr/local/arm/10.3/bin/../lib/gcc/arm-none-eabi/10.3.1/../../../../arm-none-eabi/lib/thumb/v7e-m/nofp/libg.a(lib_a-init.o)
                              /usr/local/arm/10.3/bin/../lib/gcc/arm-none-eabi/10.3.1/../../../../arm-none-eabi/lib/thumb/v7e-m/nofp/crt0.o (__libc_init_array)
/usr/local/arm/10.3/bin/../lib/gcc/arm-none-eabi/10.3.1/../../../../arm-none-eabi/lib/thumb/v7e-m/nofp/libg.a(lib_a-memset.o)
                              /usr/local/arm/10.3/bin/../lib/gcc/arm-none-eabi/10.3.1/../../../../arm-none-eabi/lib/thumb/v7e-m/nofp/crt0.o (memset)
/usr/local/arm/10.3/bin/../lib/gcc/arm-none-eabi/10.3.1/../../../../arm-none-eabi/lib/thumb/v7e-m/nofp/libg.a(lib_a-printf.o)
                              CMakeFiles/Car.elf.dir/Core/Src/main.c.obj (printf)
/usr/local/arm/10.3/bin/../lib/gcc/arm-none-eabi/10.3.1/../../../../arm-none-eabi/lib/thumb/v7e-m/nofp/libg.a(lib_a-puts.o)
                              CMakeFiles/Car.elf.dir/Core/Src/main.c.obj (puts)
/usr/local/arm/10.3/bin/../lib/gcc/arm-none-eabi/10.3.1/../../../../arm-none-eabi/lib/thumb/v7e-m/nofp/libg.a(lib_a-setvbuf.o)
                              CMakeFiles/Car.elf.dir/Bsp/retarget.c.obj (setvbuf)
/usr/local/arm/10.3/bin/../lib/gcc/arm-none-eabi/10.3.1/../../../../arm-none-eabi/lib/thumb/v7e-m/nofp/libg.a(lib_a-strlen.o)
[...]
Memory Configuration

Name             Origin             Length             Attributes
CCMRAM           0x0000000010000000 0x0000000000010000 xrw
RAM              0x0000000020000000 0x0000000000020000 xrw
FLASH            0x0000000008000000 0x0000000000080000 xr
*default*        0x0000000000000000 0xffffffffffffffff

Linker script and memory map

LOAD /usr/local/arm/10.3/bin/../lib/gcc/arm-none-eabi/10.3.1/thumb/v7e-m/nofp/crti.o
LOAD /usr/local/arm/10.3/bin/../lib/gcc/arm-none-eabi/10.3.1/thumb/v7e-m/nofp/crtbegin.o
LOAD /usr/local/arm/10.3/bin/../lib/gcc/arm-none-eabi/10.3.1/../../../../arm-none-eabi/lib/thumb/v7e-m/nofp/crt0.o
LOAD CMakeFiles/Car.elf.dir/Bsp/Bsp.c.obj
LOAD CMakeFiles/Car.elf.dir/Bsp/JY901.c.obj
LOAD CMakeFiles/Car.elf.dir/Bsp/My_Delay.c.obj
LOAD CMakeFiles/Car.elf.dir/Bsp/Uart_Bsp.c.obj
LOAD CMakeFiles/Car.elf.dir/Bsp/retarget.c.obj
LOAD CMakeFiles/Car.elf.dir/Core/Src/dma.c.obj
LOAD CMakeFiles/Car.elf.dir/Core/Src/gpio.c.obj
LOAD CMakeFiles/Car.elf.dir/Core/Src/main.c.obj
LOAD CMakeFiles/Car.elf.dir/Core/Src/stm32f4xx_hal_msp.c.obj
LOAD CMakeFiles/Car.elf.dir/Core/Src/stm32f4xx_it.c.obj
LOAD CMakeFiles/Car.elf.dir/Core/Src/syscalls.c.obj
LOAD CMakeFiles/Car.elf.dir/Core/Src/sysmem.c.obj
LOAD CMakeFiles/Car.elf.dir/Core/Src/system_stm32f4xx.c.obj
LOAD CMakeFiles/Car.elf.dir/Core/Src/tim.c.obj
LOAD CMakeFiles/Car.elf.dir/Core/Src/usart.c.obj
LOAD CMakeFiles/Car.elf.dir/Core/Startup/startup_stm32f407zetx.s.obj
LOAD CMakeFiles/Car.elf.dir/Drivers/STM32F4xx_HAL_Driver/Src/stm32f4xx_hal.c.obj
LOAD CMakeFiles/Car.elf.dir/Drivers/STM32F4xx_HAL_Driver/Src/stm32f4xx_hal_cortex.c.obj
LOAD CMakeFiles/Car.elf.dir/Drivers/STM32F4xx_HAL_Driver/Src/stm32f4xx_hal_dma.c.obj
LOAD CMakeFiles/Car.elf.dir/Drivers/STM32F4xx_HAL_Driver/Src/stm32f4xx_hal_dma_ex.c.obj
LOAD CMakeFiles/Car.elf.dir/Drivers/STM32F4xx_HAL_Driver/Src/stm32f4xx_hal_exti.c.obj
LOAD CMakeFiles/Car.elf.dir/Drivers/STM32F4xx_HAL_Driver/Src/stm32f4xx_hal_flash.c.obj
LOAD CMakeFiles/Car.elf.dir/Drivers/STM32F4xx_HAL_Driver/Src/stm32f4xx_hal_flash_ex.c.obj
LOAD CMakeFiles/Car.elf.dir/Drivers/STM32F4xx_HAL_Driver/Src/stm32f4xx_hal_flash_ramfunc.c.obj
LOAD CMakeFiles/Car.elf.dir/Drivers/STM32F4xx_HAL_Driver/Src/stm32f4xx_hal_gpio.c.obj
LOAD CMakeFiles/Car.elf.dir/Drivers/STM32F4xx_HAL_Driver/Src/stm32f4xx_hal_pwr.c.obj
LOAD CMakeFiles/Car.elf.dir/Drivers/STM32F4xx_HAL_Driver/Src/stm32f4xx_hal_pwr_ex.c.obj
LOAD CMakeFiles/Car.elf.dir/Drivers/STM32F4xx_HAL_Driver/Src/stm32f4xx_hal_rcc.c.obj
LOAD CMakeFiles/Car.elf.dir/Drivers/STM32F4xx_HAL_Driver/Src/stm32f4xx_hal_rcc_ex.c.obj
LOAD CMakeFiles/Car.elf.dir/Drivers/STM32F4xx_HAL_Driver/Src/stm32f4xx_hal_tim.c.obj
LOAD CMakeFiles/Car.elf.dir/Drivers/STM32F4xx_HAL_Driver/Src/stm32f4xx_hal_tim_ex.c.obj
LOAD CMakeFiles/Car.elf.dir/Drivers/STM32F4xx_HAL_Driver/Src/stm32f4xx_hal_uart.c.obj
LOAD CMakeFiles/Car.elf.dir/Task/Control.c.obj
LOAD CMakeFiles/Car.elf.dir/Task/Control_Logic.c.obj
LOAD CMakeFiles/Car.elf.dir/Task/Motor.c.obj
LOAD CMakeFiles/Car.elf.dir/Task/Move.c.obj
LOAD CMakeFiles/Car.elf.dir/Task/Servo.c.obj
START GROUP
LOAD /usr/local/arm/10.3/bin/../lib/gcc/arm-none-eabi/10.3.1/thumb/v7e-m/nofp/libgcc.a
LOAD /usr/local/arm/10.3/bin/../lib/gcc/arm-none-eabi/10.3.1/../../../../arm-none-eabi/lib/thumb/v7e-m/nofp/libg.a
LOAD /usr/local/arm/10.3/bin/../lib/gcc/arm-none-eabi/10.3.1/../../../../arm-none-eabi/lib/thumb/v7e-m/nofp/libc.a
END GROUP
LOAD /usr/local/arm/10.3/bin/../lib/gcc/arm-none-eabi/10.3.1/thumb/v7e-m/nofp/crtend.o
LOAD /usr/local/arm/10.3/bin/../lib/gcc/arm-none-eabi/10.3.1/thumb/v7e-m/nofp/crtn.o
                0x0000000020020000                _estack = (ORIGIN (RAM) + LENGTH (RAM))
                0x0000000000000200                _Min_Heap_Size = 0x200
                0x0000000000000400                _Min_Stack_Size = 0x400

.isr_vector     0x0000000008000000      0x188
                0x0000000008000000                . = ALIGN (0x4)
 *(.isr_vector)
 .isr_vector    0x0000000008000000      0x188 CMakeFiles/Car.elf.dir/Core/Startup/startup_stm32f407zetx.s.obj
                0x0000000008000000                g_pfnVectors
                0x0000000008000188                . = ALIGN (0x4)

.text           0x00000000080001c0     0xc414
                0x00000000080001c0                . = ALIGN (0x4)
 *(.text)
 .text          0x00000000080001c0      0x378 /usr/local/arm/10.3/bin/../lib/gcc/arm-none-eabi/10.3.1/thumb/v7e-m/nofp/libgcc.a(_arm_addsubdf3.o)
                0x00000000080001c0                __aeabi_drsub
                0x00000000080001c8                __aeabi_dsub
                0x00000000080001c8                __subdf3
                0x00000000080001cc                __adddf3
                0x00000000080001cc                __aeabi_dadd
                0x0000000008000444                __aeabi_ui2d
                0x0000000008000444                __floatunsidf
                0x0000000008000464                __floatsidf
                0x0000000008000464                __aeabi_i2d
                0x0000000008000488                __extendsfdf2
                0x0000000008000488                __aeabi_f2d
                0x00000000080004cc                __aeabi_ul2d
                0x00000000080004cc                __floatundidf
                0x00000000080004dc                __floatdidf
                0x00000000080004dc                __aeabi_l2d
 .text          0x0000000008000538      0x424 /usr/local/arm/10.3/bin/../lib/gcc/arm-none-eabi/10.3.1/thumb/v7e-m/nofp/libgcc.a(_arm_muldivdf3.o)
                0x0000000008000538                __aeabi_dmul
                0x0000000008000538                __muldf3
                0x000000000800078c                __aeabi_ddiv
                0x000000000800078c                __divdf3
 .text          0x000000000800095c      0x110 /usr/local/arm/10.3/bin/../lib/gcc/arm-none-eabi/10.3.1/thumb/v7e-m/nofp/libgcc.a(_arm_cmpdf2.o)
                0x000000000800095c                __gtdf2
                0x000000000800095c                __gedf2
                0x0000000008000964                __ltdf2
                0x0000000008000964                __ledf2
                0x000000000800096c                __cmpdf2
                0x000000000800096c                __eqdf2
                0x000000000800096c                __nedf2
                0x00000000080009e8                __aeabi_cdrcmple
                0x00000000080009f8                __aeabi_cdcmple
                0x00000000080009f8                __aeabi_cdcmpeq
                0x0000000008000a08                __aeabi_dcmpeq
                0x0000000008000a1c                __aeabi_dcmplt
                0x0000000008000a30                __aeabi_dcmple
                0x0000000008000a44                __aeabi_dcmpge
                0x0000000008000a58                __aeabi_dcmpgt
 .text          0x0000000008000a6c       0x50 /usr/local/arm/10.3/bin/../lib/gcc/arm-none-eabi/10.3.1/thumb/v7e-m/nofp/libgcc.a(_arm_fixdfsi.o)
                0x0000000008000a6c                __fixdfsi
                0x0000000008000a6c                __aeabi_d2iz
 .text          0x0000000008000abc      0x21c /usr/local/arm/10.3/bin/../lib/gcc/arm-none-eabi/10.3.1/thumb/v7e-m/nofp/libgcc.a(_arm_addsubsf3.o)
                0x0000000008000abc                __aeabi_frsub
                0x0000000008000ac4                __subsf3
                0x0000000008000ac4                __aeabi_fsub
                0x0000000008000ac8                __aeabi_fadd
                0x0000000008000ac8                __addsf3
                0x0000000008000c28                __aeabi_ui2f
                0x0000000008000c28                __floatunsisf
                0x0000000008000c30                __aeabi_i2f
                0x0000000008000c30                __floatsisf
                0x0000000008000c4c                __floatundisf
                0x0000000008000c4c                __aeabi_ul2f
                0x0000000008000c5c                __floatdisf
                0x0000000008000c5c                __aeabi_l2f
 .text          0x0000000008000cd8      0x2a0 /usr/local/arm/10.3/bin/../lib/gcc/arm-none-eabi/10.3.1/thumb/v7e-m/nofp/libgcc.a(_arm_muldivsf3.o)
                0x0000000008000cd8                __mulsf3
                0x0000000008000cd8                __aeabi_fmul
                0x0000000008000e40                __divsf3
                0x0000000008000e40                __aeabi_fdiv
 .text          0x0000000008000f78       0xec /usr/local/arm/10.3/bin/../lib/gcc/arm-none-eabi/10.3.1/thumb/v7e-m/nofp/libgcc.a(_arm_cmpsf2.o)
                0x0000000008000f78                __gtsf2
                0x0000000008000f78                __gesf2
                0x0000000008000f80                __lesf2
                0x0000000008000f80                __ltsf2
                0x0000000008000f88                __nesf2
                0x0000000008000f88                __eqsf2
                0x0000000008000f88                __cmpsf2
                0x0000000008000fe8                __aeabi_cfrcmple
                0x0000000008000ff0                __aeabi_cfcmple
                0x0000000008000ff0                __aeabi_cfcmpeq
                0x0000000008001000                __aeabi_fcmpeq
                0x0000000008001014                __aeabi_fcmplt
                0x0000000008001028                __aeabi_fcmple
                0x000000000800103c                __aeabi_fcmpge
                0x0000000008001050                __aeabi_fcmpgt
 .text          0x0000000008001064       0x4c /usr/local/arm/10.3/bin/../lib/gcc/arm-none-eabi/10.3.1/thumb/v7e-m/nofp/libgcc.a(_arm_fixsfsi.o)
                0x0000000008001064                __fixsfsi
                0x0000000008001064                __aeabi_f2iz
 .text          0x00000000080010b0       0x40 /usr/local/arm/10.3/bin/../lib/gcc/arm-none-eabi/10.3.1/thumb/v7e-m/nofp/libgcc.a(_arm_fixunssfsi.o)
                0x00000000080010b0                __aeabi_f2uiz
                0x00000000080010b0                __fixunssfsi
 .text          0x00000000080010f0       0x30 /usr/local/arm/10.3/bin/../lib/gcc/arm-none-eabi/10.3.1/thumb/v7e-m/nofp/libgcc.a(_aeabi_uldivmod.o)
                0x00000000080010f0                __aeabi_uldivmod
 .text          0x0000000008001120      0x2d0 /usr/local/arm/10.3/bin/../lib/gcc/arm-none-eabi/10.3.1/thumb/v7e-m/nofp/libgcc.a(_udivmoddi4.o)
                0x0000000008001120                __udivmoddi4
 .text          0x00000000080013f0        0x4 /usr/local/arm/10.3/bin/../lib/gcc/arm-none-eabi/10.3.1/thumb/v7e-m/nofp/libgcc.a(_dvmd_tls.o)
                0x00000000080013f0                __aeabi_ldiv0
                0x00000000080013f0                __aeabi_idiv0
 *fill*         0x00000000080013f4        0xc 
 .text          0x0000000008001400       0xdc /usr/local/arm/10.3/bin/../lib/gcc/arm-none-eabi/10.3.1/../../../../arm-none-eabi/lib/thumb/v7e-m/nofp/libg.a(lib_a-strlen.o)
                0x0000000008001400                strlen
 *fill*         0x00000000080014dc        0x4 
 .text          0x00000000080014e0       0xa0 /usr/local/arm/10.3/bin/../lib/gcc/arm-none-eabi/10.3.1/../../../../arm-none-eabi/lib/thumb/v7e-m/nofp/libg.a(lib_a-memchr.o)
                0x00000000080014e0                memchr
 .text          0x0000000008001580      0x134 /usr/local/arm/10.3/bin/../lib/gcc/arm-none-eabi/10.3.1/../../../../arm-none-eabi/lib/thumb/v7e-m/nofp/libg.a(lib_a-memcpy.o)
                0x0000000008001580                memcpy
 .text          0x00000000080016b4       0x2c /usr/local/arm/10.3/bin/../lib/gcc/arm-none-eabi/10.3.1/thumb/v7e-m/nofp/libgcc.a(_arm_unorddf2.o)
                0x00000000080016b4                __aeabi_dcmpun
                0x00000000080016b4                __unorddf2
 *(.text*)
 .text.Bsp_Init
                0x00000000080016e0       0x24 CMakeFiles/Car.elf.dir/Bsp/Bsp.c.obj
                0x00000000080016e0                Bsp_Init
 .text.User_USART_Init
                0x0000000008001704       0x1e CMakeFiles/Car.elf.dir/Bsp/JY901.c.obj
                0x0000000008001704                User_USART_Init
 *fill*         0x0000000008001722        0x2 
 .text.JY901_Process
                0x0000000008001724      0x124 CMakeFiles/Car.elf.dir/Bsp/JY901.c.obj
                0x0000000008001724                JY901_Process
 .text.my_abs_float
                0x0000000008001848       0x16 CMakeFiles/Car.elf.dir/Bsp/JY901.c.obj
                0x0000000008001848                my_abs_float
 *fill*         0x000000000800185e        0x2 
 .text.Delay_Init
                0x0000000008001860       0x18 CMakeFiles/Car.elf.dir/Bsp/My_Delay.c.obj
                0x0000000008001860                Delay_Init
 .text.Delay_us
                0x0000000008001878       0x40 CMakeFiles/Car.elf.dir/Bsp/My_Delay.c.obj
                0x0000000008001878                Delay_us
 .text.Delay_ms
                0x00000000080018b8       0x3c CMakeFiles/Car.elf.dir/Bsp/My_Delay.c.obj
                0x00000000080018b8                Delay_ms
 .text.JY901S_Init
                0x00000000080018f4       0x28 CMakeFiles/Car.elf.dir/Bsp/Uart_Bsp.c.obj
                0x00000000080018f4                JY901S_Init
 .text.Usart_Init
                0x000000000800191c        0x8 CMakeFiles/Car.elf.dir/Bsp/Uart_Bsp.c.obj
                0x000000000800191c                Usart_Init
 .text.RetargetInit
                0x0000000008001924       0x20 CMakeFiles/Car.elf.dir/Bsp/retarget.c.obj
                0x0000000008001924                RetargetInit
 .text._isatty  0x0000000008001944       0x16 CMakeFiles/Car.elf.dir/Bsp/retarget.c.obj
                0x0000000008001944                _isatty
 *fill*         0x000000000800195a        0x2 
 .text._write   0x000000000800195c       0x34 CMakeFiles/Car.elf.dir/Bsp/retarget.c.obj
                0x000000000800195c                _write
 .text._close   0x0000000008001990       0x18 CMakeFiles/Car.elf.dir/Bsp/retarget.c.obj
                0x0000000008001990                _close
 .text._lseek   0x00000000080019a8       0x10 CMakeFiles/Car.elf.dir/Bsp/retarget.c.obj
                0x00000000080019a8                _lseek
 .text._read    0x00000000080019b8       0x30 CMakeFiles/Car.elf.dir/Bsp/retarget.c.obj
                0x00000000080019b8                _read
 .text._fstat   0x00000000080019e8       0x1a CMakeFiles/Car.elf.dir/Bsp/retarget.c.obj
                0x00000000080019e8                _fstat
 *fill*         0x0000000008001a02        0x2 
 .text.MX_DMA_Init
                0x0000000008001a04       0x34 CMakeFiles/Car.elf.dir/Core/Src/dma.c.obj
                0x0000000008001a04                MX_DMA_Init
 .text.MX_GPIO_Init
                0x0000000008001a38       0xbc CMakeFiles/Car.elf.dir/Core/Src/gpio.c.obj
                0x0000000008001a38                MX_GPIO_Init
 .text.Error_Handler
                0x0000000008001af4        0x4 CMakeFiles/Car.elf.dir/Core/Src/main.c.obj
                0x0000000008001af4                Error_Handler
 .text.SystemClock_Config
                0x0000000008001af8       0xac CMakeFiles/Car.elf.dir/Core/Src/main.c.obj
                0x0000000008001af8                SystemClock_Config
 .text.main     0x0000000008001ba4       0xf8 CMakeFiles/Car.elf.dir/Core/Src/main.c.obj
                0x0000000008001ba4                main
 .text.HAL_MspInit
                0x0000000008001c9c       0x38 CMakeFiles/Car.elf.dir/Core/Src/stm32f4xx_hal_msp.c.obj
                0x0000000008001c9c                HAL_MspInit
 .text.NMI_Handler
                0x0000000008001cd4        0x2 CMakeFiles/Car.elf.dir/Core/Src/stm32f4xx_it.c.obj
                0x0000000008001cd4                NMI_Handler
 .text.HardFault_Handler
                0x0000000008001cd6        0x2 CMakeFiles/Car.elf.dir/Core/Src/stm32f4xx_it.c.obj
                0x0000000008001cd6                HardFault_Handler
 .text.MemManage_Handler
                0x0000000008001cd8        0x2 CMakeFiles/Car.elf.dir/Core/Src/stm32f4xx_it.c.obj
                0x0000000008001cd8                MemManage_Handler
 .text.BusFault_Handler
                0x0000000008001cda        0x2 CMakeFiles/Car.elf.dir/Core/Src/stm32f4xx_it.c.obj
                0x0000000008001cda                BusFault_Handler
 .text.UsageFault_Handler
                0x0000000008001cdc        0x2 CMakeFiles/Car.elf.dir/Core/Src/stm32f4xx_it.c.obj
                0x0000000008001cdc                UsageFault_Handler
 .text.SVC_Handler
                0x0000000008001cde        0x2 CMakeFiles/Car.elf.dir/Core/Src/stm32f4xx_it.c.obj
                0x0000000008001cde                SVC_Handler
 .text.DebugMon_Handler
                0x0000000008001ce0        0x2 CMakeFiles/Car.elf.dir/Core/Src/stm32f4xx_it.c.obj
                0x0000000008001ce0                DebugMon_Handler
 .text.PendSV_Handler
                0x0000000008001ce2        0x2 CMakeFiles/Car.elf.dir/Core/Src/stm32f4xx_it.c.obj
                0x0000000008001ce2                PendSV_Handler
 .text.SysTick_Handler
                0x0000000008001ce4        0x8 CMakeFiles/Car.elf.dir/Core/Src/stm32f4xx_it.c.obj
                0x0000000008001ce4                SysTick_Handler
 .text.DMA1_Stream1_IRQHandler
                0x0000000008001cec       0x10 CMakeFiles/Car.elf.dir/Core/Src/stm32f4xx_it.c.obj
                0x0000000008001cec                DMA1_Stream1_IRQHandler
 .text.USART1_IRQHandler
                0x0000000008001cfc       0x10 CMakeFiles/Car.elf.dir/Core/Src/stm32f4xx_it.c.obj
                0x0000000008001cfc                USART1_IRQHandler
 .text.USART3_IRQHandler
                0x0000000008001d0c       0x6c CMakeFiles/Car.elf.dir/Core/Src/stm32f4xx_it.c.obj
                0x0000000008001d0c                USART3_IRQHandler
 .text.TIM6_DAC_IRQHandler
                0x0000000008001d78       0x10 CMakeFiles/Car.elf.dir/Core/Src/stm32f4xx_it.c.obj
                0x0000000008001d78                TIM6_DAC_IRQHandler
 .text.HAL_UART_RxCpltCallback
                0x0000000008001d88       0x2c CMakeFiles/Car.elf.dir/Core/Src/stm32f4xx_it.c.obj
                0x0000000008001d88                HAL_UART_RxCpltCallback
 .text._getpid  0x0000000008001db4        0x4 CMakeFiles/Car.elf.dir/Core/Src/syscalls.c.obj
                0x0000000008001db4                _getpid
 .text._kill    0x0000000008001db8       0x10 CMakeFiles/Car.elf.dir/Core/Src/syscalls.c.obj
                0x0000000008001db8                _kill
 .text._exit    0x0000000008001dc8        0xc CMakeFiles/Car.elf.dir/Core/Src/syscalls.c.obj
                0x0000000008001dc8                _exit
 .text._sbrk    0x0000000008001dd4       0x48 CMakeFiles/Car.elf.dir/Core/Src/sysmem.c.obj
                0x0000000008001dd4                _sbrk
 .text.SystemInit
                0x0000000008001e1c        0x2 CMakeFiles/Car.elf.dir/Core/Src/system_stm32f4xx.c.obj
                0x0000000008001e1c                SystemInit
 *fill*         0x0000000008001e1e        0x2 
 .text.MX_TIM6_Init
                0x0000000008001e20       0x50 CMakeFiles/Car.elf.dir/Core/Src/tim.c.obj
                0x0000000008001e20                MX_TIM6_Init
 .text.MX_TIM7_Init
                0x0000000008001e70       0x50 CMakeFiles/Car.elf.dir/Core/Src/tim.c.obj
                0x0000000008001e70                MX_TIM7_Init
 .text.HAL_TIM_Base_MspInit
                0x0000000008001ec0       0x8c CMakeFiles/Car.elf.dir/Core/Src/tim.c.obj
                0x0000000008001ec0                HAL_TIM_Base_MspInit
 .text.HAL_TIM_MspPostInit
                0x0000000008001f4c       0x80 CMakeFiles/Car.elf.dir/Core/Src/tim.c.obj
                0x0000000008001f4c                HAL_TIM_MspPostInit
 .text.MX_TIM3_Init
                0x0000000008001fcc       0xec CMakeFiles/Car.elf.dir/Core/Src/tim.c.obj
                0x0000000008001fcc                MX_TIM3_Init
 .text.MX_UART5_Init
                0x00000000080020b8       0x34 CMakeFiles/Car.elf.dir/Core/Src/usart.c.obj
                0x00000000080020b8                MX_UART5_Init
 .text.MX_USART1_UART_Init
                0x00000000080020ec       0x34 CMakeFiles/Car.elf.dir/Core/Src/usart.c.obj
                0x00000000080020ec                MX_USART1_UART_Init
 .text.MX_USART3_UART_Init
                0x0000000008002120       0x34 CMakeFiles/Car.elf.dir/Core/Src/usart.c.obj
                0x0000000008002120                MX_USART3_UART_Init
 .text.HAL_UART_MspInit
                0x0000000008002154      0x1a4 CMakeFiles/Car.elf.dir/Core/Src/usart.c.obj
                0x0000000008002154                HAL_UART_MspInit
 .text.Reset_Handler
                0x00000000080022f8       0x50 CMakeFiles/Car.elf.dir/Core/Startup/startup_stm32f407zetx.s.obj
                0x00000000080022f8                Reset_Handler
 .text.Default_Handler
                0x0000000008002348        0x2 CMakeFiles/Car.elf.dir/Core/Startup/startup_stm32f407zetx.s.obj
                0x0000000008002348                RTC_Alarm_IRQHandler
                0x0000000008002348                HASH_RNG_IRQHandler
                0x0000000008002348                EXTI2_IRQHandler
                0x0000000008002348                TIM8_CC_IRQHandler
                0x0000000008002348                TIM1_CC_IRQHandler
                0x0000000008002348                DMA2_Stream5_IRQHandler
                0x0000000008002348                DMA1_Stream5_IRQHandler
                0x0000000008002348                PVD_IRQHandler
                0x0000000008002348                SDIO_IRQHandler
                0x0000000008002348                TAMP_STAMP_IRQHandler
                0x0000000008002348                CAN2_RX1_IRQHandler
                0x0000000008002348                EXTI3_IRQHandler
                0x0000000008002348                TIM8_TRG_COM_TIM14_IRQHandler
                0x0000000008002348                TIM1_UP_TIM10_IRQHandler
                0x0000000008002348                TIM8_UP_TIM13_IRQHandler
                0x0000000008002348                I2C3_ER_IRQHandler
                0x0000000008002348                EXTI0_IRQHandler
                0x0000000008002348                I2C2_EV_IRQHandler
                0x0000000008002348                DMA1_Stream2_IRQHandler
                0x0000000008002348                CAN1_RX0_IRQHandler
                0x0000000008002348                FPU_IRQHandler
                0x0000000008002348                OTG_HS_WKUP_IRQHandler
                0x0000000008002348                CAN2_SCE_IRQHandler
                0x0000000008002348                DMA2_Stream2_IRQHandler
                0x0000000008002348                SPI1_IRQHandler
                0x0000000008002348                TIM1_BRK_TIM9_IRQHandler
                0x0000000008002348                DCMI_IRQHandler
                0x0000000008002348                CAN2_RX0_IRQHandler
                0x0000000008002348                DMA2_Stream3_IRQHandler
                0x0000000008002348                USART6_IRQHandler
                0x0000000008002348                CAN1_RX1_IRQHandler
                0x0000000008002348                UART5_IRQHandler
                0x0000000008002348                DMA2_Stream0_IRQHandler
                0x0000000008002348                TIM4_IRQHandler
                0x0000000008002348                I2C1_EV_IRQHandler
                0x0000000008002348                DMA1_Stream6_IRQHandler
                0x0000000008002348                UART4_IRQHandler
                0x0000000008002348                TIM3_IRQHandler
                0x0000000008002348                RCC_IRQHandler
                0x0000000008002348                TIM8_BRK_TIM12_IRQHandler
                0x0000000008002348                Default_Handler
                0x0000000008002348                EXTI15_10_IRQHandler
                0x0000000008002348                ADC_IRQHandler
                0x0000000008002348                DMA1_Stream7_IRQHandler
                0x0000000008002348                TIM7_IRQHandler
                0x0000000008002348                CAN2_TX_IRQHandler
                0x0000000008002348                TIM5_IRQHandler
                0x0000000008002348                DMA2_Stream7_IRQHandler
                0x0000000008002348                I2C3_EV_IRQHandler
                0x0000000008002348                EXTI9_5_IRQHandler
                0x0000000008002348                RTC_WKUP_IRQHandler
                0x0000000008002348                ETH_WKUP_IRQHandler
                0x0000000008002348                SPI2_IRQHandler
                0x0000000008002348                OTG_HS_EP1_IN_IRQHandler
                0x0000000008002348                DMA1_Stream0_IRQHandler
                0x0000000008002348                CAN1_TX_IRQHandler
                0x0000000008002348                EXTI4_IRQHandler
                0x0000000008002348                FSMC_IRQHandler
                0x0000000008002348                ETH_IRQHandler
                0x0000000008002348                OTG_HS_EP1_OUT_IRQHandler
                0x0000000008002348                WWDG_IRQHandler
                0x0000000008002348                TIM2_IRQHandler
                0x0000000008002348                OTG_FS_WKUP_IRQHandler
                0x0000000008002348                TIM1_TRG_COM_TIM11_IRQHandler
                0x0000000008002348                OTG_HS_IRQHandler
                0x0000000008002348                EXTI1_IRQHandler
                0x0000000008002348                USART2_IRQHandler
                0x0000000008002348                I2C2_ER_IRQHandler
                0x0000000008002348                DMA2_Stream1_IRQHandler
                0x0000000008002348                CAN1_SCE_IRQHandler
                0x0000000008002348                FLASH_IRQHandler
                0x0000000008002348                DMA2_Stream4_IRQHandler
                0x0000000008002348                OTG_FS_IRQHandler
                0x0000000008002348                SPI3_IRQHandler
                0x0000000008002348                DMA1_Stream4_IRQHandler
                0x0000000008002348                I2C1_ER_IRQHandler
                0x0000000008002348                DMA2_Stream6_IRQHandler
                0x0000000008002348                DMA1_Stream3_IRQHandler
 *fill*         0x000000000800234a        0x2 
 .text.HAL_InitTick
                0x000000000800234c       0x4c CMakeFiles/Car.elf.dir/Drivers/STM32F4xx_HAL_Driver/Src/stm32f4xx_hal.c.obj
                0x000000000800234c                HAL_InitTick
 .text.HAL_Init
                0x0000000008002398       0x34 CMakeFiles/Car.elf.dir/Drivers/STM32F4xx_HAL_Driver/Src/stm32f4xx_hal.c.obj
                0x0000000008002398                HAL_Init
 .text.HAL_IncTick
                0x00000000080023cc       0x18 CMakeFiles/Car.elf.dir/Drivers/STM32F4xx_HAL_Driver/Src/stm32f4xx_hal.c.obj
                0x00000000080023cc                HAL_IncTick
 .text.HAL_GetTick
                0x00000000080023e4        0xc CMakeFiles/Car.elf.dir/Drivers/STM32F4xx_HAL_Driver/Src/stm32f4xx_hal.c.obj
                0x00000000080023e4                HAL_GetTick
 .text.HAL_NVIC_SetPriorityGrouping
                0x00000000080023f0       0x24 CMakeFiles/Car.elf.dir/Drivers/STM32F4xx_HAL_Driver/Src/stm32f4xx_hal_cortex.c.obj
                0x00000000080023f0                HAL_NVIC_SetPriorityGrouping
 .text.HAL_NVIC_SetPriority
                0x0000000008002414       0x70 CMakeFiles/Car.elf.dir/Drivers/STM32F4xx_HAL_Driver/Src/stm32f4xx_hal_cortex.c.obj
                0x0000000008002414                HAL_NVIC_SetPriority
 .text.HAL_NVIC_EnableIRQ
                0x0000000008002484       0x1c CMakeFiles/Car.elf.dir/Drivers/STM32F4xx_HAL_Driver/Src/stm32f4xx_hal_cortex.c.obj
                0x0000000008002484                HAL_NVIC_EnableIRQ
 .text.HAL_SYSTICK_Config
                0x00000000080024a0       0x28 CMakeFiles/Car.elf.dir/Drivers/STM32F4xx_HAL_Driver/Src/stm32f4xx_hal_cortex.c.obj
                0x00000000080024a0                HAL_SYSTICK_Config
 .text.HAL_SYSTICK_CLKSourceConfig
                0x00000000080024c8       0x20 CMakeFiles/Car.elf.dir/Drivers/STM32F4xx_HAL_Driver/Src/stm32f4xx_hal_cortex.c.obj
                0x00000000080024c8                HAL_SYSTICK_CLKSourceConfig
 .text.DMA_SetConfig
                0x00000000080024e8       0x2c CMakeFiles/Car.elf.dir/Drivers/STM32F4xx_HAL_Driver/Src/stm32f4xx_hal_dma.c.obj
 .text.DMA_CalcBaseAndBitshift
                0x0000000008002514       0x40 CMakeFiles/Car.elf.dir/Drivers/STM32F4xx_HAL_Driver/Src/stm32f4xx_hal_dma.c.obj
 .text.DMA_CheckFifoParam
                0x0000000008002554       0x8e CMakeFiles/Car.elf.dir/Drivers/STM32F4xx_HAL_Driver/Src/stm32f4xx_hal_dma.c.obj
 *fill*         0x00000000080025e2        0x2 
 .text.HAL_DMA_Init
                0x00000000080025e4       0xcc CMakeFiles/Car.elf.dir/Drivers/STM32F4xx_HAL_Driver/Src/stm32f4xx_hal_dma.c.obj
                0x00000000080025e4                HAL_DMA_Init
 .text.HAL_DMA_Start_IT
                0x00000000080026b0       0x6a CMakeFiles/Car.elf.dir/Drivers/STM32F4xx_HAL_Driver/Src/stm32f4xx_hal_dma.c.obj
                0x00000000080026b0                HAL_DMA_Start_IT
 .text.HAL_DMA_Abort
                0x000000000800271a       0x94 CMakeFiles/Car.elf.dir/Drivers/STM32F4xx_HAL_Driver/Src/stm32f4xx_hal_dma.c.obj
                0x000000000800271a                HAL_DMA_Abort
 .text.HAL_DMA_Abort_IT
                0x00000000080027ae       0x26 CMakeFiles/Car.elf.dir/Drivers/STM32F4xx_HAL_Driver/Src/stm32f4xx_hal_dma.c.obj
                0x00000000080027ae                HAL_DMA_Abort_IT
 .text.HAL_DMA_IRQHandler
                0x00000000080027d4      0x1dc CMakeFiles/Car.elf.dir/Drivers/STM32F4xx_HAL_Driver/Src/stm32f4xx_hal_dma.c.obj
                0x00000000080027d4                HAL_DMA_IRQHandler
 .text.HAL_GPIO_Init
                0x00000000080029b0      0x1e4 CMakeFiles/Car.elf.dir/Drivers/STM32F4xx_HAL_Driver/Src/stm32f4xx_hal_gpio.c.obj
                0x00000000080029b0                HAL_GPIO_Init
 .text.HAL_GPIO_WritePin
                0x0000000008002b94        0xc CMakeFiles/Car.elf.dir/Drivers/STM32F4xx_HAL_Driver/Src/stm32f4xx_hal_gpio.c.obj
                0x0000000008002b94                HAL_GPIO_WritePin
 .text.HAL_GPIO_TogglePin
                0x0000000008002ba0       0x12 CMakeFiles/Car.elf.dir/Drivers/STM32F4xx_HAL_Driver/Src/stm32f4xx_hal_gpio.c.obj
                0x0000000008002ba0                HAL_GPIO_TogglePin
 *fill*         0x0000000008002bb2        0x2 
 .text.HAL_RCC_OscConfig
                0x0000000008002bb4      0x3f8 CMakeFiles/Car.elf.dir/Drivers/STM32F4xx_HAL_Driver/Src/stm32f4xx_hal_rcc.c.obj
                0x0000000008002bb4                HAL_RCC_OscConfig
 .text.HAL_RCC_GetSysClockFreq
                0x0000000008002fac       0xd4 CMakeFiles/Car.elf.dir/Drivers/STM32F4xx_HAL_Driver/Src/stm32f4xx_hal_rcc.c.obj
                0x0000000008002fac                HAL_RCC_GetSysClockFreq
 .text.HAL_RCC_ClockConfig
                0x0000000008003080      0x160 CMakeFiles/Car.elf.dir/Drivers/STM32F4xx_HAL_Driver/Src/stm32f4xx_hal_rcc.c.obj
                0x0000000008003080                HAL_RCC_ClockConfig
 .text.HAL_RCC_GetHCLKFreq
                0x00000000080031e0        0xc CMakeFiles/Car.elf.dir/Drivers/STM32F4xx_HAL_Driver/Src/stm32f4xx_hal_rcc.c.obj
                0x00000000080031e0                HAL_RCC_GetHCLKFreq
 .text.HAL_RCC_GetPCLK1Freq
                0x00000000080031ec       0x20 CMakeFiles/Car.elf.dir/Drivers/STM32F4xx_HAL_Driver/Src/stm32f4xx_hal_rcc.c.obj
                0x00000000080031ec                HAL_RCC_GetPCLK1Freq
 .text.HAL_RCC_GetPCLK2Freq
                0x000000000800320c       0x20 CMakeFiles/Car.elf.dir/Drivers/STM32F4xx_HAL_Driver/Src/stm32f4xx_hal_rcc.c.obj
                0x000000000800320c                HAL_RCC_GetPCLK2Freq
 .text.TIM_OC1_SetConfig
                0x000000000800322c       0x68 CMakeFiles/Car.elf.dir/Drivers/STM32F4xx_HAL_Driver/Src/stm32f4xx_hal_tim.c.obj
 .text.TIM_OC3_SetConfig
                0x0000000008003294       0x70 CMakeFiles/Car.elf.dir/Drivers/STM32F4xx_HAL_Driver/Src/stm32f4xx_hal_tim.c.obj
 .text.TIM_OC4_SetConfig
                0x0000000008003304       0x50 CMakeFiles/Car.elf.dir/Drivers/STM32F4xx_HAL_Driver/Src/stm32f4xx_hal_tim.c.obj
 .text.TIM_TI1_ConfigInputStage
                0x0000000008003354       0x24 CMakeFiles/Car.elf.dir/Drivers/STM32F4xx_HAL_Driver/Src/stm32f4xx_hal_tim.c.obj
 .text.TIM_TI2_ConfigInputStage
                0x0000000008003378       0x26 CMakeFiles/Car.elf.dir/Drivers/STM32F4xx_HAL_Driver/Src/stm32f4xx_hal_tim.c.obj
 .text.TIM_ITRx_SetConfig
                0x000000000800339e       0x10 CMakeFiles/Car.elf.dir/Drivers/STM32F4xx_HAL_Driver/Src/stm32f4xx_hal_tim.c.obj
 *fill*         0x00000000080033ae        0x2 
 .text.HAL_TIM_Base_Start_IT
                0x00000000080033b0       0x88 CMakeFiles/Car.elf.dir/Drivers/STM32F4xx_HAL_Driver/Src/stm32f4xx_hal_tim.c.obj
                0x00000000080033b0                HAL_TIM_Base_Start_IT
 .text.HAL_TIM_PWM_MspInit
                0x0000000008003438        0x2 CMakeFiles/Car.elf.dir/Drivers/STM32F4xx_HAL_Driver/Src/stm32f4xx_hal_tim.c.obj
                0x0000000008003438                HAL_TIM_PWM_MspInit
 .text.HAL_TIM_OC_DelayElapsedCallback
                0x000000000800343a        0x2 CMakeFiles/Car.elf.dir/Drivers/STM32F4xx_HAL_Driver/Src/stm32f4xx_hal_tim.c.obj
                0x000000000800343a                HAL_TIM_OC_DelayElapsedCallback
 .text.HAL_TIM_IC_CaptureCallback
                0x000000000800343c        0x2 CMakeFiles/Car.elf.dir/Drivers/STM32F4xx_HAL_Driver/Src/stm32f4xx_hal_tim.c.obj
                0x000000000800343c                HAL_TIM_IC_CaptureCallback
 .text.HAL_TIM_PWM_PulseFinishedCallback
                0x000000000800343e        0x2 CMakeFiles/Car.elf.dir/Drivers/STM32F4xx_HAL_Driver/Src/stm32f4xx_hal_tim.c.obj
                0x000000000800343e                HAL_TIM_PWM_PulseFinishedCallback
 .text.HAL_TIM_TriggerCallback
                0x0000000008003440        0x2 CMakeFiles/Car.elf.dir/Drivers/STM32F4xx_HAL_Driver/Src/stm32f4xx_hal_tim.c.obj
                0x0000000008003440                HAL_TIM_TriggerCallback
 .text.HAL_TIM_IRQHandler
                0x0000000008003442      0x15e CMakeFiles/Car.elf.dir/Drivers/STM32F4xx_HAL_Driver/Src/stm32f4xx_hal_tim.c.obj
                0x0000000008003442                HAL_TIM_IRQHandler
 .text.TIM_Base_SetConfig
                0x00000000080035a0       0xd8 CMakeFiles/Car.elf.dir/Drivers/STM32F4xx_HAL_Driver/Src/stm32f4xx_hal_tim.c.obj
                0x00000000080035a0                TIM_Base_SetConfig
 .text.HAL_TIM_Base_Init
                0x0000000008003678       0x58 CMakeFiles/Car.elf.dir/Drivers/STM32F4xx_HAL_Driver/Src/stm32f4xx_hal_tim.c.obj
                0x0000000008003678                HAL_TIM_Base_Init
 .text.HAL_TIM_PWM_Init
                0x00000000080036d0       0x58 CMakeFiles/Car.elf.dir/Drivers/STM32F4xx_HAL_Driver/Src/stm32f4xx_hal_tim.c.obj
                0x00000000080036d0                HAL_TIM_PWM_Init
 .text.TIM_OC2_SetConfig
                0x0000000008003728       0x70 CMakeFiles/Car.elf.dir/Drivers/STM32F4xx_HAL_Driver/Src/stm32f4xx_hal_tim.c.obj
                0x0000000008003728                TIM_OC2_SetConfig
 .text.HAL_TIM_PWM_ConfigChannel
                0x0000000008003798       0xdc CMakeFiles/Car.elf.dir/Drivers/STM32F4xx_HAL_Driver/Src/stm32f4xx_hal_tim.c.obj
                0x0000000008003798                HAL_TIM_PWM_ConfigChannel
 .text.TIM_ETR_SetConfig
                0x0000000008003874       0x18 CMakeFiles/Car.elf.dir/Drivers/STM32F4xx_HAL_Driver/Src/stm32f4xx_hal_tim.c.obj
                0x0000000008003874                TIM_ETR_SetConfig
 .text.HAL_TIM_ConfigClockSource
                0x000000000800388c       0xfe CMakeFiles/Car.elf.dir/Drivers/STM32F4xx_HAL_Driver/Src/stm32f4xx_hal_tim.c.obj
                0x000000000800388c                HAL_TIM_ConfigClockSource
 *fill*         0x000000000800398a        0x2 
 .text.HAL_TIMEx_MasterConfigSynchronization
                0x000000000800398c       0x8c CMakeFiles/Car.elf.dir/Drivers/STM32F4xx_HAL_Driver/Src/stm32f4xx_hal_tim_ex.c.obj
                0x000000000800398c                HAL_TIMEx_MasterConfigSynchronization
 .text.HAL_TIMEx_CommutCallback
                0x0000000008003a18        0x2 CMakeFiles/Car.elf.dir/Drivers/STM32F4xx_HAL_Driver/Src/stm32f4xx_hal_tim_ex.c.obj
                0x0000000008003a18                HAL_TIMEx_CommutCallback
 .text.HAL_TIMEx_BreakCallback
                0x0000000008003a1a        0x2 CMakeFiles/Car.elf.dir/Drivers/STM32F4xx_HAL_Driver/Src/stm32f4xx_hal_tim_ex.c.obj
                0x0000000008003a1a                HAL_TIMEx_BreakCallback
 .text.UART_EndTxTransfer
                0x0000000008003a1c       0x20 CMakeFiles/Car.elf.dir/Drivers/STM32F4xx_HAL_Driver/Src/stm32f4xx_hal_uart.c.obj
 .text.UART_EndRxTransfer
                0x0000000008003a3c       0x5c CMakeFiles/Car.elf.dir/Drivers/STM32F4xx_HAL_Driver/Src/stm32f4xx_hal_uart.c.obj
 .text.UART_Transmit_IT
                0x0000000008003a98       0x60 CMakeFiles/Car.elf.dir/Drivers/STM32F4xx_HAL_Driver/Src/stm32f4xx_hal_uart.c.obj
 .text.UART_SetConfig
                0x0000000008003af8      0x110 CMakeFiles/Car.elf.dir/Drivers/STM32F4xx_HAL_Driver/Src/stm32f4xx_hal_uart.c.obj
 .text.UART_WaitOnFlagUntilTimeout
                0x0000000008003c08       0x8a CMakeFiles/Car.elf.dir/Drivers/STM32F4xx_HAL_Driver/Src/stm32f4xx_hal_uart.c.obj
 .text.HAL_UART_Init
                0x0000000008003c92       0x60 CMakeFiles/Car.elf.dir/Drivers/STM32F4xx_HAL_Driver/Src/stm32f4xx_hal_uart.c.obj
                0x0000000008003c92                HAL_UART_Init
 .text.HAL_UART_Transmit
                0x0000000008003cf2       0xcc CMakeFiles/Car.elf.dir/Drivers/STM32F4xx_HAL_Driver/Src/stm32f4xx_hal_uart.c.obj
                0x0000000008003cf2                HAL_UART_Transmit
 .text.HAL_UART_Receive
                0x0000000008003dbe       0xd2 CMakeFiles/Car.elf.dir/Drivers/STM32F4xx_HAL_Driver/Src/stm32f4xx_hal_uart.c.obj
                0x0000000008003dbe                HAL_UART_Receive
 .text.HAL_UART_DMAStop
                0x0000000008003e90       0x84 CMakeFiles/Car.elf.dir/Drivers/STM32F4xx_HAL_Driver/Src/stm32f4xx_hal_uart.c.obj
                0x0000000008003e90                HAL_UART_DMAStop
 .text.HAL_UART_TxCpltCallback
                0x0000000008003f14        0x2 CMakeFiles/Car.elf.dir/Drivers/STM32F4xx_HAL_Driver/Src/stm32f4xx_hal_uart.c.obj
                0x0000000008003f14                HAL_UART_TxCpltCallback
 .text.UART_EndTransmit_IT
                0x0000000008003f16       0x1a CMakeFiles/Car.elf.dir/Drivers/STM32F4xx_HAL_Driver/Src/stm32f4xx_hal_uart.c.obj
 .text.HAL_UART_RxHalfCpltCallback
                0x0000000008003f30        0x2 CMakeFiles/Car.elf.dir/Drivers/STM32F4xx_HAL_Driver/Src/stm32f4xx_hal_uart.c.obj
                0x0000000008003f30                HAL_UART_RxHalfCpltCallback
 .text.HAL_UART_ErrorCallback
                0x0000000008003f32        0x2 CMakeFiles/Car.elf.dir/Drivers/STM32F4xx_HAL_Driver/Src/stm32f4xx_hal_uart.c.obj
                0x0000000008003f32                HAL_UART_ErrorCallback
 .text.UART_DMAError
                0x0000000008003f34       0x58 CMakeFiles/Car.elf.dir/Drivers/STM32F4xx_HAL_Driver/Src/stm32f4xx_hal_uart.c.obj
 .text.UART_DMAAbortOnError
                0x0000000008003f8c       0x10 CMakeFiles/Car.elf.dir/Drivers/STM32F4xx_HAL_Driver/Src/stm32f4xx_hal_uart.c.obj
 .text.HAL_UARTEx_RxEventCallback
                0x0000000008003f9c        0x2 CMakeFiles/Car.elf.dir/Drivers/STM32F4xx_HAL_Driver/Src/stm32f4xx_hal_uart.c.obj
                0x0000000008003f9c                HAL_UARTEx_RxEventCallback
 .text.UART_Receive_IT
                0x0000000008003f9e       0xe6 CMakeFiles/Car.elf.dir/Drivers/STM32F4xx_HAL_Driver/Src/stm32f4xx_hal_uart.c.obj
 .text.HAL_UART_IRQHandler
                0x0000000008004084      0x288 CMakeFiles/Car.elf.dir/Drivers/STM32F4xx_HAL_Driver/Src/stm32f4xx_hal_uart.c.obj
                0x0000000008004084                HAL_UART_IRQHandler
 .text.UART_DMARxHalfCplt
                0x000000000800430c       0x1e CMakeFiles/Car.elf.dir/Drivers/STM32F4xx_HAL_Driver/Src/stm32f4xx_hal_uart.c.obj
 .text.UART_DMAReceiveCplt
                0x000000000800432a       0x9a CMakeFiles/Car.elf.dir/Drivers/STM32F4xx_HAL_Driver/Src/stm32f4xx_hal_uart.c.obj
 .text.UART_Start_Receive_IT
                0x00000000080043c4       0x36 CMakeFiles/Car.elf.dir/Drivers/STM32F4xx_HAL_Driver/Src/stm32f4xx_hal_uart.c.obj
                0x00000000080043c4                UART_Start_Receive_IT
 .text.HAL_UART_Receive_IT
                0x00000000080043fa       0x26 CMakeFiles/Car.elf.dir/Drivers/STM32F4xx_HAL_Driver/Src/stm32f4xx_hal_uart.c.obj
                0x00000000080043fa                HAL_UART_Receive_IT
 .text.UART_Start_Receive_DMA
                0x0000000008004420       0xa4 CMakeFiles/Car.elf.dir/Drivers/STM32F4xx_HAL_Driver/Src/stm32f4xx_hal_uart.c.obj
                0x0000000008004420                UART_Start_Receive_DMA
 .text.HAL_UART_Receive_DMA
                0x00000000080044c4       0x26 CMakeFiles/Car.elf.dir/Drivers/STM32F4xx_HAL_Driver/Src/stm32f4xx_hal_uart.c.obj
                0x00000000080044c4                HAL_UART_Receive_DMA
 *fill*         0x00000000080044ea        0x2 
 .text.Control_Proc
                0x00000000080044ec      0x710 CMakeFiles/Car.elf.dir/Task/Control.c.obj
                0x00000000080044ec                Control_Proc
 .text.My_ABS   0x0000000008004bfc        0xa CMakeFiles/Car.elf.dir/Task/Motor.c.obj
                0x0000000008004bfc                My_ABS
 *fill*         0x0000000008004c06        0x2 
 .text.Motor_Receive_Data
                0x0000000008004c08      0x1e4 CMakeFiles/Car.elf.dir/Task/Motor.c.obj
                0x0000000008004c08                Motor_Receive_Data
 .text.Motor_Enable
                0x0000000008004dec       0x38 CMakeFiles/Car.elf.dir/Task/Motor.c.obj
                0x0000000008004dec                Motor_Enable
 .text.Motor_Reset
                0x0000000008004e24       0x58 CMakeFiles/Car.elf.dir/Task/Motor.c.obj
                0x0000000008004e24                Motor_Reset
 .text.Motor_Enable_All
                0x0000000008004e7c       0x22 CMakeFiles/Car.elf.dir/Task/Motor.c.obj
                0x0000000008004e7c                Motor_Enable_All
 *fill*         0x0000000008004e9e        0x2 
 .text.Motor_Init
                0x0000000008004ea0       0x30 CMakeFiles/Car.elf.dir/Task/Motor.c.obj
                0x0000000008004ea0                Motor_Init
 .text.Motor_State_Scan
                0x0000000008004ed0       0x2c CMakeFiles/Car.elf.dir/Task/Motor.c.obj
                0x0000000008004ed0                Motor_State_Scan
 .text.Motor_Run
                0x0000000008004efc       0x30 CMakeFiles/Car.elf.dir/Task/Motor.c.obj
                0x0000000008004efc                Motor_Run
 .text.Motor_SetSpeed
                0x0000000008004f2c       0x68 CMakeFiles/Car.elf.dir/Task/Motor.c.obj
                0x0000000008004f2c                Motor_SetSpeed
 .text.Motor_SetPosition_Dir
                0x0000000008004f94       0xb4 CMakeFiles/Car.elf.dir/Task/Motor.c.obj
                0x0000000008004f94                Motor_SetPosition_Dir
 .text.Motor_SetPosition_A
                0x0000000008005048       0xc4 CMakeFiles/Car.elf.dir/Task/Motor.c.obj
                0x0000000008005048                Motor_SetPosition_A
 *fill*         0x000000000800510c        0x4 
 .text.Car_Go_Target
                0x0000000008005110      0x288 CMakeFiles/Car.elf.dir/Task/Motor.c.obj
                0x0000000008005110                Car_Go_Target
 .text.Car_Turn
                0x0000000008005398      0x138 CMakeFiles/Car.elf.dir/Task/Motor.c.obj
                0x0000000008005398                Car_Turn
 .text.Car_Calibration
                0x00000000080054d0      0x27c CMakeFiles/Car.elf.dir/Task/Motor.c.obj
                0x00000000080054d0                Car_Calibration
 .text.HuaGui_UP
                0x000000000800574c       0x20 CMakeFiles/Car.elf.dir/Task/Motor.c.obj
                0x000000000800574c                HuaGui_UP
 .text.HuaGui_DOWN
                0x000000000800576c       0x20 CMakeFiles/Car.elf.dir/Task/Motor.c.obj
                0x000000000800576c                HuaGui_DOWN
 .text.HuaGui_DOWN2
                0x000000000800578c       0x20 CMakeFiles/Car.elf.dir/Task/Motor.c.obj
                0x000000000800578c                HuaGui_DOWN2
 .text.HuaGui_Fang
                0x00000000080057ac       0x20 CMakeFiles/Car.elf.dir/Task/Motor.c.obj
                0x00000000080057ac                HuaGui_Fang
 .text.HuaGui_Qu
                0x00000000080057cc       0x20 CMakeFiles/Car.elf.dir/Task/Motor.c.obj
                0x00000000080057cc                HuaGui_Qu
 .text.HuaGui_ZhuanPan
                0x00000000080057ec       0x20 CMakeFiles/Car.elf.dir/Task/Motor.c.obj
                0x00000000080057ec                HuaGui_ZhuanPan
 *fill*         0x000000000800580c        0x4 
 .text.HAL_TIM_PeriodElapsedCallback
                0x0000000008005810      0x284 CMakeFiles/Car.elf.dir/Task/Move.c.obj
                0x0000000008005810                HAL_TIM_PeriodElapsedCallback
 .text.Get_Loads
                0x0000000008005a94      0x298 CMakeFiles/Car.elf.dir/Task/Move.c.obj
                0x0000000008005a94                Get_Loads
 .text.Put_Loads
                0x0000000008005d2c      0x254 CMakeFiles/Car.elf.dir/Task/Move.c.obj
                0x0000000008005d2c                Put_Loads
 .text.Servo_SetAngle
                0x0000000008005f80       0xe8 CMakeFiles/Car.elf.dir/Task/Servo.c.obj
                0x0000000008005f80                Servo_SetAngle
 .text.Servo_CallBack
                0x0000000008006068       0xe8 CMakeFiles/Car.elf.dir/Task/Servo.c.obj
                0x0000000008006068                Servo_CallBack
 .text.JiaZhua_Turn
                0x0000000008006150       0x6c CMakeFiles/Car.elf.dir/Task/Servo.c.obj
                0x0000000008006150                JiaZhua_Turn
 .text.HuaGui_Turn
                0x00000000080061bc       0x78 CMakeFiles/Car.elf.dir/Task/Servo.c.obj
                0x00000000080061bc                HuaGui_Turn
 .text.ZaiWu_Turn
                0x0000000008006234       0xd0 CMakeFiles/Car.elf.dir/Task/Servo.c.obj
                0x0000000008006234                ZaiWu_Turn
 .text.__errno  0x0000000008006304        0xc /usr/local/arm/10.3/bin/../lib/gcc/arm-none-eabi/10.3.1/../../../../arm-none-eabi/lib/thumb/v7e-m/nofp/libg.a(lib_a-errno.o)
                0x0000000008006304                __errno
 .text.__libc_init_array
                0x0000000008006310       0x48 /usr/local/arm/10.3/bin/../lib/gcc/arm-none-eabi/10.3.1/../../../../arm-none-eabi/lib/thumb/v7e-m/nofp/libg.a(lib_a-init.o)
                0x0000000008006310                __libc_init_array
 .text.memset   0x0000000008006358       0xa4 /usr/local/arm/10.3/bin/../lib/gcc/arm-none-eabi/10.3.1/../../../../arm-none-eabi/lib/thumb/v7e-m/nofp/libg.a(lib_a-memset.o)
                0x0000000008006358                memset
 .text.printf   0x00000000080063fc       0x28 /usr/local/arm/10.3/bin/../lib/gcc/arm-none-eabi/10.3.1/../../../../arm-none-eabi/lib/thumb/v7e-m/nofp/libg.a(lib_a-printf.o)
                0x00000000080063fc                printf
 .text._puts_r  0x0000000008006424       0x9c /usr/local/arm/10.3/bin/../lib/gcc/arm-none-eabi/10.3.1/../../../../arm-none-eabi/lib/thumb/v7e-m/nofp/libg.a(lib_a-puts.o)
                0x0000000008006424                _puts_r
 .text.puts     0x00000000080064c0       0x10 /usr/local/arm/10.3/bin/../lib/gcc/arm-none-eabi/10.3.1/../../../../arm-none-eabi/lib/thumb/v7e-m/nofp/libg.a(lib_a-puts.o)
                0x00000000080064c0                puts
 .text.setvbuf  0x00000000080064d0      0x1b0 /usr/local/arm/10.3/bin/../lib/gcc/arm-none-eabi/10.3.1/../../../../arm-none-eabi/lib/thumb/v7e-m/nofp/libg.a(lib_a-setvbuf.o)
                0x00000000080064d0                setvbuf
 .text._vfprintf_r
                0x0000000008006680     0x1ad4 /usr/local/arm/10.3/bin/../lib/gcc/arm-none-eabi/10.3.1/../../../../arm-none-eabi/lib/thumb/v7e-m/nofp/libg.a(lib_a-vfprintf.o)
                0x0000000008006680                _vfprintf_r
 .text.__sbprintf
                0x0000000008008154       0x80 /usr/local/arm/10.3/bin/../lib/gcc/arm-none-eabi/10.3.1/../../../../arm-none-eabi/lib/thumb/v7e-m/nofp/libg.a(lib_a-vfprintf.o)
 .text.__swsetup_r
                0x00000000080081d4       0xd4 /usr/local/arm/10.3/bin/../lib/gcc/arm-none-eabi/10.3.1/../../../../arm-none-eabi/lib/thumb/v7e-m/nofp/libg.a(lib_a-wsetup.o)
                0x00000000080081d4                __swsetup_r
 .text.quorem   0x00000000080082a8      0x124 /usr/local/arm/10.3/bin/../lib/gcc/arm-none-eabi/10.3.1/../../../../arm-none-eabi/lib/thumb/v7e-m/nofp/libg.a(lib_a-dtoa.o)
 *fill*         0x00000000080083cc        0x4 
 .text._dtoa_r  0x00000000080083d0      0xec4 /usr/local/arm/10.3/bin/../lib/gcc/arm-none-eabi/10.3.1/../../../../arm-none-eabi/lib/thumb/v7e-m/nofp/libg.a(lib_a-dtoa.o)
                0x00000000080083d0                _dtoa_r
 .text.__sflush_r
                0x0000000008009294      0x120 /usr/local/arm/10.3/bin/../lib/gcc/arm-none-eabi/10.3.1/../../../../arm-none-eabi/lib/thumb/v7e-m/nofp/libg.a(lib_a-fflush.o)
                0x0000000008009294                __sflush_r
 .text._fflush_r
                0x00000000080093b4       0x5c /usr/local/arm/10.3/bin/../lib/gcc/arm-none-eabi/10.3.1/../../../../arm-none-eabi/lib/thumb/v7e-m/nofp/libg.a(lib_a-fflush.o)
                0x00000000080093b4                _fflush_r
 .text._cleanup_r
                0x0000000008009410        0xc /usr/local/arm/10.3/bin/../lib/gcc/arm-none-eabi/10.3.1/../../../../arm-none-eabi/lib/thumb/v7e-m/nofp/libg.a(lib_a-findfp.o)
                0x0000000008009410                _cleanup_r
 .text.__sinit  0x000000000800941c      0x10c /usr/local/arm/10.3/bin/../lib/gcc/arm-none-eabi/10.3.1/../../../../arm-none-eabi/lib/thumb/v7e-m/nofp/libg.a(lib_a-findfp.o)
                0x000000000800941c                __sinit
 .text.__sfp_lock_acquire
                0x0000000008009528        0xc /usr/local/arm/10.3/bin/../lib/gcc/arm-none-eabi/10.3.1/../../../../arm-none-eabi/lib/thumb/v7e-m/nofp/libg.a(lib_a-findfp.o)
                0x0000000008009528                __sfp_lock_acquire
 .text.__sfp_lock_release
                0x0000000008009534        0xc /usr/local/arm/10.3/bin/../lib/gcc/arm-none-eabi/10.3.1/../../../../arm-none-eabi/lib/thumb/v7e-m/nofp/libg.a(lib_a-findfp.o)
                0x0000000008009534                __sfp_lock_release
 .text._malloc_trim_r
                0x0000000008009540       0xa0 /usr/local/arm/10.3/bin/../lib/gcc/arm-none-eabi/10.3.1/../../../../arm-none-eabi/lib/thumb/v7e-m/nofp/libg.a(lib_a-freer.o)
                0x0000000008009540                _malloc_trim_r
 .text._free_r  0x00000000080095e0      0x20c /usr/local/arm/10.3/bin/../lib/gcc/arm-none-eabi/10.3.1/../../../../arm-none-eabi/lib/thumb/v7e-m/nofp/libg.a(lib_a-freer.o)
                0x00000000080095e0                _free_r
 .text.__sfvwrite_r
                0x00000000080097ec      0x2e8 /usr/local/arm/10.3/bin/../lib/gcc/arm-none-eabi/10.3.1/../../../../arm-none-eabi/lib/thumb/v7e-m/nofp/libg.a(lib_a-fvwrite.o)
                0x00000000080097ec                __sfvwrite_r
 .text._fwalk_reent
                0x0000000008009ad4       0x48 /usr/local/arm/10.3/bin/../lib/gcc/arm-none-eabi/10.3.1/../../../../arm-none-eabi/lib/thumb/v7e-m/nofp/libg.a(lib_a-fwalk.o)
                0x0000000008009ad4                _fwalk_reent
 .text._localeconv_r
                0x0000000008009b1c        0x8 /usr/local/arm/10.3/bin/../lib/gcc/arm-none-eabi/10.3.1/../../../../arm-none-eabi/lib/thumb/v7e-m/nofp/libg.a(lib_a-localeconv.o)
                0x0000000008009b1c                _localeconv_r
 .text.__retarget_lock_init_recursive
                0x0000000008009b24        0x4 /usr/local/arm/10.3/bin/../lib/gcc/arm-none-eabi/10.3.1/../../../../arm-none-eabi/lib/thumb/v7e-m/nofp/libg.a(lib_a-lock.o)
                0x0000000008009b24                __retarget_lock_init_recursive
 .text.__retarget_lock_close_recursive
                0x0000000008009b28        0x4 /usr/local/arm/10.3/bin/../lib/gcc/arm-none-eabi/10.3.1/../../../../arm-none-eabi/lib/thumb/v7e-m/nofp/libg.a(lib_a-lock.o)
                0x0000000008009b28                __retarget_lock_close_recursive
 .text.__retarget_lock_acquire_recursive
                0x0000000008009b2c        0x4 /usr/local/arm/10.3/bin/../lib/gcc/arm-none-eabi/10.3.1/../../../../arm-none-eabi/lib/thumb/v7e-m/nofp/libg.a(lib_a-lock.o)
                0x0000000008009b2c                __retarget_lock_acquire_recursive
 .text.__retarget_lock_release_recursive
                0x0000000008009b30        0x4 /usr/local/arm/10.3/bin/../lib/gcc/arm-none-eabi/10.3.1/../../../../arm-none-eabi/lib/thumb/v7e-m/nofp/libg.a(lib_a-lock.o)
                0x0000000008009b30                __retarget_lock_release_recursive
 .text.__smakebuf_r
                0x0000000008009b34       0xe0 /usr/local/arm/10.3/bin/../lib/gcc/arm-none-eabi/10.3.1/../../../../arm-none-eabi/lib/thumb/v7e-m/nofp/libg.a(lib_a-makebuf.o)
                0x0000000008009b34                __smakebuf_r
 .text.__swhatbuf_r
                0x0000000008009c14       0x60 /usr/local/arm/10.3/bin/../lib/gcc/arm-none-eabi/10.3.1/../../../../arm-none-eabi/lib/thumb/v7e-m/nofp/libg.a(lib_a-makebuf.o)
                0x0000000008009c14                __swhatbuf_r
 .text.malloc   0x0000000008009c74       0x10 /usr/local/arm/10.3/bin/../lib/gcc/arm-none-eabi/10.3.1/../../../../arm-none-eabi/lib/thumb/v7e-m/nofp/libg.a(lib_a-malloc.o)
                0x0000000008009c74                malloc
 .text._malloc_r
                0x0000000008009c84      0x560 /usr/local/arm/10.3/bin/../lib/gcc/arm-none-eabi/10.3.1/../../../../arm-none-eabi/lib/thumb/v7e-m/nofp/libg.a(lib_a-mallocr.o)
                0x0000000008009c84                _malloc_r
 .text.memmove  0x000000000800a1e4       0xf8 /usr/local/arm/10.3/bin/../lib/gcc/arm-none-eabi/10.3.1/../../../../arm-none-eabi/lib/thumb/v7e-m/nofp/libg.a(lib_a-memmove.o)
                0x000000000800a1e4                memmove
 .text.__malloc_lock
                0x000000000800a2dc        0xc /usr/local/arm/10.3/bin/../lib/gcc/arm-none-eabi/10.3.1/../../../../arm-none-eabi/lib/thumb/v7e-m/nofp/libg.a(lib_a-mlock.o)
                0x000000000800a2dc                __malloc_lock
 .text.__malloc_unlock
                0x000000000800a2e8        0xc /usr/local/arm/10.3/bin/../lib/gcc/arm-none-eabi/10.3.1/../../../../arm-none-eabi/lib/thumb/v7e-m/nofp/libg.a(lib_a-mlock.o)
                0x000000000800a2e8                __malloc_unlock
 .text._Balloc  0x000000000800a2f4       0x4c /usr/local/arm/10.3/bin/../lib/gcc/arm-none-eabi/10.3.1/../../../../arm-none-eabi/lib/thumb/v7e-m/nofp/libg.a(lib_a-mprec.o)
                0x000000000800a2f4                _Balloc
 .text._Bfree   0x000000000800a340       0x14 /usr/local/arm/10.3/bin/../lib/gcc/arm-none-eabi/10.3.1/../../../../arm-none-eabi/lib/thumb/v7e-m/nofp/libg.a(lib_a-mprec.o)
                0x000000000800a340                _Bfree
 .text.__multadd
                0x000000000800a354       0xa0 /usr/local/arm/10.3/bin/../lib/gcc/arm-none-eabi/10.3.1/../../../../arm-none-eabi/lib/thumb/v7e-m/nofp/libg.a(lib_a-mprec.o)
                0x000000000800a354                __multadd
 .text.__hi0bits
                0x000000000800a3f4       0x40 /usr/local/arm/10.3/bin/../lib/gcc/arm-none-eabi/10.3.1/../../../../arm-none-eabi/lib/thumb/v7e-m/nofp/libg.a(lib_a-mprec.o)
                0x000000000800a3f4                __hi0bits
 .text.__lo0bits
                0x000000000800a434       0x5c /usr/local/arm/10.3/bin/../lib/gcc/arm-none-eabi/10.3.1/../../../../arm-none-eabi/lib/thumb/v7e-m/nofp/libg.a(lib_a-mprec.o)
                0x000000000800a434                __lo0bits
 .text.__i2b    0x000000000800a490       0x5c /usr/local/arm/10.3/bin/../lib/gcc/arm-none-eabi/10.3.1/../../../../arm-none-eabi/lib/thumb/v7e-m/nofp/libg.a(lib_a-mprec.o)
                0x000000000800a490                __i2b
 .text.__multiply
                0x000000000800a4ec      0x15c /usr/local/arm/10.3/bin/../lib/gcc/arm-none-eabi/10.3.1/../../../../arm-none-eabi/lib/thumb/v7e-m/nofp/libg.a(lib_a-mprec.o)
                0x000000000800a4ec                __multiply
 .text.__pow5mult
                0x000000000800a648       0xc0 /usr/local/arm/10.3/bin/../lib/gcc/arm-none-eabi/10.3.1/../../../../arm-none-eabi/lib/thumb/v7e-m/nofp/libg.a(lib_a-mprec.o)
                0x000000000800a648                __pow5mult
 .text.__lshift
                0x000000000800a708       0xf0 /usr/local/arm/10.3/bin/../lib/gcc/arm-none-eabi/10.3.1/../../../../arm-none-eabi/lib/thumb/v7e-m/nofp/libg.a(lib_a-mprec.o)
                0x000000000800a708                __lshift
 .text.__mcmp   0x000000000800a7f8       0x40 /usr/local/arm/10.3/bin/../lib/gcc/arm-none-eabi/10.3.1/../../../../arm-none-eabi/lib/thumb/v7e-m/nofp/libg.a(lib_a-mprec.o)
                0x000000000800a7f8                __mcmp
 .text.__mdiff  0x000000000800a838      0x14c /usr/local/arm/10.3/bin/../lib/gcc/arm-none-eabi/10.3.1/../../../../arm-none-eabi/lib/thumb/v7e-m/nofp/libg.a(lib_a-mprec.o)
                0x000000000800a838                __mdiff
 .text.__d2b    0x000000000800a984       0xc4 /usr/local/arm/10.3/bin/../lib/gcc/arm-none-eabi/10.3.1/../../../../arm-none-eabi/lib/thumb/v7e-m/nofp/libg.a(lib_a-mprec.o)
                0x000000000800a984                __d2b
 .text._realloc_r
                0x000000000800aa48      0x3d8 /usr/local/arm/10.3/bin/../lib/gcc/arm-none-eabi/10.3.1/../../../../arm-none-eabi/lib/thumb/v7e-m/nofp/libg.a(lib_a-reallocr.o)
                0x000000000800aa48                _realloc_r
 .text.frexp    0x000000000800ae20       0x70 /usr/local/arm/10.3/bin/../lib/gcc/arm-none-eabi/10.3.1/../../../../arm-none-eabi/lib/thumb/v7e-m/nofp/libg.a(lib_a-s_frexp.o)
                0x000000000800ae20                frexp
 .text._sbrk_r  0x000000000800ae90       0x24 /usr/local/arm/10.3/bin/../lib/gcc/arm-none-eabi/10.3.1/../../../../arm-none-eabi/lib/thumb/v7e-m/nofp/libg.a(lib_a-sbrkr.o)
                0x000000000800ae90                _sbrk_r
 .text.__sread  0x000000000800aeb4       0x24 /usr/local/arm/10.3/bin/../lib/gcc/arm-none-eabi/10.3.1/../../../../arm-none-eabi/lib/thumb/v7e-m/nofp/libg.a(lib_a-stdio.o)
                0x000000000800aeb4                __sread
 .text.__swrite
                0x000000000800aed8       0x40 /usr/local/arm/10.3/bin/../lib/gcc/arm-none-eabi/10.3.1/../../../../arm-none-eabi/lib/thumb/v7e-m/nofp/libg.a(lib_a-stdio.o)
                0x000000000800aed8                __swrite
 .text.__sseek  0x000000000800af18       0x20 /usr/local/arm/10.3/bin/../lib/gcc/arm-none-eabi/10.3.1/../../../../arm-none-eabi/lib/thumb/v7e-m/nofp/libg.a(lib_a-stdio.o)
                0x000000000800af18                __sseek
 .text.__sclose
                0x000000000800af38        0x8 /usr/local/arm/10.3/bin/../lib/gcc/arm-none-eabi/10.3.1/../../../../arm-none-eabi/lib/thumb/v7e-m/nofp/libg.a(lib_a-stdio.o)
                0x000000000800af38                __sclose
 .text.strncpy  0x000000000800af40       0x64 /usr/local/arm/10.3/bin/../lib/gcc/arm-none-eabi/10.3.1/../../../../arm-none-eabi/lib/thumb/v7e-m/nofp/libg.a(lib_a-strncpy.o)
                0x000000000800af40                strncpy
 .text.__sprint_r.part.0
                0x000000000800afa4       0x78 /usr/local/arm/10.3/bin/../lib/gcc/arm-none-eabi/10.3.1/../../../../arm-none-eabi/lib/thumb/v7e-m/nofp/libg.a(lib_a-vfiprintf.o)
 .text.__sprint_r
                0x000000000800b01c       0x14 /usr/local/arm/10.3/bin/../lib/gcc/arm-none-eabi/10.3.1/../../../../arm-none-eabi/lib/thumb/v7e-m/nofp/libg.a(lib_a-vfiprintf.o)
                0x000000000800b01c                __sprint_r
 .text._vfiprintf_r
                0x000000000800b030      0xda0 /usr/local/arm/10.3/bin/../lib/gcc/arm-none-eabi/10.3.1/../../../../arm-none-eabi/lib/thumb/v7e-m/nofp/libg.a(lib_a-vfiprintf.o)
                0x000000000800b030                _vfiprintf_r
 .text.__sbprintf
                0x000000000800bdd0       0x80 /usr/local/arm/10.3/bin/../lib/gcc/arm-none-eabi/10.3.1/../../../../arm-none-eabi/lib/thumb/v7e-m/nofp/libg.a(lib_a-vfiprintf.o)
 .text._write_r
                0x000000000800be50       0x2c /usr/local/arm/10.3/bin/../lib/gcc/arm-none-eabi/10.3.1/../../../../arm-none-eabi/lib/thumb/v7e-m/nofp/libg.a(lib_a-writer.o)
                0x000000000800be50                _write_r
 .text.__assert_func
                0x000000000800be7c       0x40 /usr/local/arm/10.3/bin/../lib/gcc/arm-none-eabi/10.3.1/../../../../arm-none-eabi/lib/thumb/v7e-m/nofp/libg.a(lib_a-assert.o)
                0x000000000800be7c                __assert_func
 .text._calloc_r
                0x000000000800bebc       0x78 /usr/local/arm/10.3/bin/../lib/gcc/arm-none-eabi/10.3.1/../../../../arm-none-eabi/lib/thumb/v7e-m/nofp/libg.a(lib_a-callocr.o)
                0x000000000800bebc                _calloc_r
 .text._close_r
                0x000000000800bf34       0x24 /usr/local/arm/10.3/bin/../lib/gcc/arm-none-eabi/10.3.1/../../../../arm-none-eabi/lib/thumb/v7e-m/nofp/libg.a(lib_a-closer.o)
                0x000000000800bf34                _close_r
 .text._fclose_r
                0x000000000800bf58       0xcc /usr/local/arm/10.3/bin/../lib/gcc/arm-none-eabi/10.3.1/../../../../arm-none-eabi/lib/thumb/v7e-m/nofp/libg.a(lib_a-fclose.o)
                0x000000000800bf58                _fclose_r
 .text.fiprintf
                0x000000000800c024       0x28 /usr/local/arm/10.3/bin/../lib/gcc/arm-none-eabi/10.3.1/../../../../arm-none-eabi/lib/thumb/v7e-m/nofp/libg.a(lib_a-fiprintf.o)
                0x000000000800c024                fiprintf
 .text.__fputwc
                0x000000000800c04c       0xa8 /usr/local/arm/10.3/bin/../lib/gcc/arm-none-eabi/10.3.1/../../../../arm-none-eabi/lib/thumb/v7e-m/nofp/libg.a(lib_a-fputwc.o)
                0x000000000800c04c                __fputwc
 .text._fputwc_r
                0x000000000800c0f4       0x68 /usr/local/arm/10.3/bin/../lib/gcc/arm-none-eabi/10.3.1/../../../../arm-none-eabi/lib/thumb/v7e-m/nofp/libg.a(lib_a-fputwc.o)
                0x000000000800c0f4                _fputwc_r
 .text._fstat_r
                0x000000000800c15c       0x2c /usr/local/arm/10.3/bin/../lib/gcc/arm-none-eabi/10.3.1/../../../../arm-none-eabi/lib/thumb/v7e-m/nofp/libg.a(lib_a-fstatr.o)
                0x000000000800c15c                _fstat_r
 .text._isatty_r
                0x000000000800c188       0x24 /usr/local/arm/10.3/bin/../lib/gcc/arm-none-eabi/10.3.1/../../../../arm-none-eabi/lib/thumb/v7e-m/nofp/libg.a(lib_a-isattyr.o)
                0x000000000800c188                _isatty_r
 .text.__locale_mb_cur_max
                0x000000000800c1ac        0xc /usr/local/arm/10.3/bin/../lib/gcc/arm-none-eabi/10.3.1/../../../../arm-none-eabi/lib/thumb/v7e-m/nofp/libg.a(lib_a-locale.o)
                0x000000000800c1ac                __locale_mb_cur_max
 .text._lseek_r
                0x000000000800c1b8       0x2c /usr/local/arm/10.3/bin/../lib/gcc/arm-none-eabi/10.3.1/../../../../arm-none-eabi/lib/thumb/v7e-m/nofp/libg.a(lib_a-lseekr.o)
                0x000000000800c1b8                _lseek_r
 .text.__ascii_mbtowc
                0x000000000800c1e4       0x2c /usr/local/arm/10.3/bin/../lib/gcc/arm-none-eabi/10.3.1/../../../../arm-none-eabi/lib/thumb/v7e-m/nofp/libg.a(lib_a-mbtowc_r.o)
                0x000000000800c1e4                __ascii_mbtowc
 .text._read_r  0x000000000800c210       0x2c /usr/local/arm/10.3/bin/../lib/gcc/arm-none-eabi/10.3.1/../../../../arm-none-eabi/lib/thumb/v7e-m/nofp/libg.a(lib_a-readr.o)
                0x000000000800c210                _read_r
 .text.__swbuf_r
                0x000000000800c23c       0xb0 /usr/local/arm/10.3/bin/../lib/gcc/arm-none-eabi/10.3.1/../../../../arm-none-eabi/lib/thumb/v7e-m/nofp/libg.a(lib_a-wbuf.o)
                0x000000000800c23c                __swbuf_r
 .text._wcrtomb_r
                0x000000000800c2ec       0x3c /usr/local/arm/10.3/bin/../lib/gcc/arm-none-eabi/10.3.1/../../../../arm-none-eabi/lib/thumb/v7e-m/nofp/libg.a(lib_a-wcrtomb.o)
                0x000000000800c2ec                _wcrtomb_r
 .text.__ascii_wctomb
                0x000000000800c328       0x1c /usr/local/arm/10.3/bin/../lib/gcc/arm-none-eabi/10.3.1/../../../../arm-none-eabi/lib/thumb/v7e-m/nofp/libg.a(lib_a-wctomb_r.o)
                0x000000000800c328                __ascii_wctomb
 .text.abort    0x000000000800c344       0x10 /usr/local/arm/10.3/bin/../lib/gcc/arm-none-eabi/10.3.1/../../../../arm-none-eabi/lib/thumb/v7e-m/nofp/libg.a(lib_a-abort.o)
                0x000000000800c344                abort
 .text.raise    0x000000000800c354       0x5c /usr/local/arm/10.3/bin/../lib/gcc/arm-none-eabi/10.3.1/../../../../arm-none-eabi/lib/thumb/v7e-m/nofp/libg.a(lib_a-signal.o)
                0x000000000800c354                raise
 .text._kill_r  0x000000000800c3b0       0x2c /usr/local/arm/10.3/bin/../lib/gcc/arm-none-eabi/10.3.1/../../../../arm-none-eabi/lib/thumb/v7e-m/nofp/libg.a(lib_a-signalr.o)
                0x000000000800c3b0                _kill_r
 .text._getpid_r
                0x000000000800c3dc        0x4 /usr/local/arm/10.3/bin/../lib/gcc/arm-none-eabi/10.3.1/../../../../arm-none-eabi/lib/thumb/v7e-m/nofp/libg.a(lib_a-signalr.o)
                0x000000000800c3dc                _getpid_r
 .text.sqrt     0x000000000800c3e0       0x50 /usr/local/arm/10.3/bin/../lib/gcc/arm-none-eabi/10.3.1/../../../../arm-none-eabi/lib/thumb/v7e-m/nofp/libm.a(lib_a-w_sqrt.o)
                0x000000000800c3e0                sqrt
 .text.__ieee754_sqrt
                0x000000000800c430      0x18c /usr/local/arm/10.3/bin/../lib/gcc/arm-none-eabi/10.3.1/../../../../arm-none-eabi/lib/thumb/v7e-m/nofp/libm.a(lib_a-e_sqrt.o)
                0x000000000800c430                __ieee754_sqrt
 *(.glue_7)
 .glue_7        0x000000000800c5bc        0x0 linker stubs
 *(.glue_7t)
 .glue_7t       0x000000000800c5bc        0x0 linker stubs
 *(.eh_frame)
 *(.init)
 .init          0x000000000800c5bc        0x4 /usr/local/arm/10.3/bin/../lib/gcc/arm-none-eabi/10.3.1/thumb/v7e-m/nofp/crti.o
                0x000000000800c5bc                _init
 .init          0x000000000800c5c0        0x8 /usr/local/arm/10.3/bin/../lib/gcc/arm-none-eabi/10.3.1/thumb/v7e-m/nofp/crtn.o
 *(.fini)
 .fini          0x000000000800c5c8        0x4 /usr/local/arm/10.3/bin/../lib/gcc/arm-none-eabi/10.3.1/thumb/v7e-m/nofp/crti.o
                0x000000000800c5c8                _fini
 .fini          0x000000000800c5cc        0x8 /usr/local/arm/10.3/bin/../lib/gcc/arm-none-eabi/10.3.1/thumb/v7e-m/nofp/crtn.o
                0x000000000800c5d4                . = ALIGN (0x4)
                0x000000000800c5d4                _etext = .

.vfp11_veneer   0x000000000800c5d4        0x0
 .vfp11_veneer  0x000000000800c5d4        0x0 linker stubs

.v4_bx          0x000000000800c5d4        0x0
 .v4_bx         0x000000000800c5d4        0x0 linker stubs

.iplt           0x000000000800c5d4        0x0
 .iplt          0x000000000800c5d4        0x0 CMakeFiles/Car.elf.dir/Bsp/Bsp.c.obj

.rodata         0x000000000800c5d8      0x5b8
                0x000000000800c5d8                . = ALIGN (0x4)
 *(.rodata)
 *(.rodata*)
 .rodata.main.str1.4
                0x000000000800c5d8       0x6c CMakeFiles/Car.elf.dir/Core/Src/main.c.obj
 .rodata.AHBPrescTable
                0x000000000800c644       0x10 CMakeFiles/Car.elf.dir/Core/Src/system_stm32f4xx.c.obj
                0x000000000800c644                AHBPrescTable
 .rodata.APBPrescTable
                0x000000000800c654        0x8 CMakeFiles/Car.elf.dir/Core/Src/system_stm32f4xx.c.obj
                0x000000000800c654                APBPrescTable
 .rodata.flagBitshiftOffset.0
                0x000000000800c65c        0x8 CMakeFiles/Car.elf.dir/Drivers/STM32F4xx_HAL_Driver/Src/stm32f4xx_hal_dma.c.obj
 .rodata.Control_Proc.str1.4
                0x000000000800c664       0xa0 CMakeFiles/Car.elf.dir/Task/Control.c.obj
 .rodata.Motor_Receive_Data.str1.4
                0x000000000800c704       0x41 CMakeFiles/Car.elf.dir/Task/Motor.c.obj
 *fill*         0x000000000800c745        0x3 
 .rodata.Car_Go_Target.str1.4
                0x000000000800c748       0x1f CMakeFiles/Car.elf.dir/Task/Motor.c.obj
 *fill*         0x000000000800c767        0x1 
 .rodata.HAL_TIM_PeriodElapsedCallback.str1.4
                0x000000000800c768       0x28 CMakeFiles/Car.elf.dir/Task/Move.c.obj
 .rodata._puts_r.str1.4
                0x000000000800c790        0x2 /usr/local/arm/10.3/bin/../lib/gcc/arm-none-eabi/10.3.1/../../../../arm-none-eabi/lib/thumb/v7e-m/nofp/libg.a(lib_a-puts.o)
 *fill*         0x000000000800c792        0x2 
 .rodata._vfprintf_r.str1.4
                0x000000000800c794       0x42 /usr/local/arm/10.3/bin/../lib/gcc/arm-none-eabi/10.3.1/../../../../arm-none-eabi/lib/thumb/v7e-m/nofp/libg.a(lib_a-vfprintf.o)
 *fill*         0x000000000800c7d6        0x2 
 .rodata.blanks.1
                0x000000000800c7d8       0x10 /usr/local/arm/10.3/bin/../lib/gcc/arm-none-eabi/10.3.1/../../../../arm-none-eabi/lib/thumb/v7e-m/nofp/libg.a(lib_a-vfprintf.o)
 .rodata.zeroes.0
                0x000000000800c7e8       0x10 /usr/local/arm/10.3/bin/../lib/gcc/arm-none-eabi/10.3.1/../../../../arm-none-eabi/lib/thumb/v7e-m/nofp/libg.a(lib_a-vfprintf.o)
 .rodata._dtoa_r.str1.4
                0x000000000800c7f8       0xa2 /usr/local/arm/10.3/bin/../lib/gcc/arm-none-eabi/10.3.1/../../../../arm-none-eabi/lib/thumb/v7e-m/nofp/libg.a(lib_a-dtoa.o)
                                         0xa6 (size before relaxing)
 *fill*         0x000000000800c89a        0x2 
 .rodata.__multadd.str1.4
                0x000000000800c89c       0x7f /usr/local/arm/10.3/bin/../lib/gcc/arm-none-eabi/10.3.1/../../../../arm-none-eabi/lib/thumb/v7e-m/nofp/libg.a(lib_a-mprec.o)
                                         0x93 (size before relaxing)
 *fill*         0x000000000800c91b        0x5 
 .rodata.__mprec_bigtens
                0x000000000800c920       0x28 /usr/local/arm/10.3/bin/../lib/gcc/arm-none-eabi/10.3.1/../../../../arm-none-eabi/lib/thumb/v7e-m/nofp/libg.a(lib_a-mprec.o)
                0x000000000800c920                __mprec_bigtens
 .rodata.__mprec_tens
                0x000000000800c948       0xc8 /usr/local/arm/10.3/bin/../lib/gcc/arm-none-eabi/10.3.1/../../../../arm-none-eabi/lib/thumb/v7e-m/nofp/libg.a(lib_a-mprec.o)
                0x000000000800c948                __mprec_tens
 .rodata.p05.0  0x000000000800ca10        0xc /usr/local/arm/10.3/bin/../lib/gcc/arm-none-eabi/10.3.1/../../../../arm-none-eabi/lib/thumb/v7e-m/nofp/libg.a(lib_a-mprec.o)
 .rodata._vfiprintf_r.str1.4
                0x000000000800ca1c       0x2f /usr/local/arm/10.3/bin/../lib/gcc/arm-none-eabi/10.3.1/../../../../arm-none-eabi/lib/thumb/v7e-m/nofp/libg.a(lib_a-vfiprintf.o)
 .rodata.blanks.1
                0x000000000800ca1c       0x10 /usr/local/arm/10.3/bin/../lib/gcc/arm-none-eabi/10.3.1/../../../../arm-none-eabi/lib/thumb/v7e-m/nofp/libg.a(lib_a-vfiprintf.o)
 .rodata.zeroes.0
                0x000000000800ca2c       0x10 /usr/local/arm/10.3/bin/../lib/gcc/arm-none-eabi/10.3.1/../../../../arm-none-eabi/lib/thumb/v7e-m/nofp/libg.a(lib_a-vfiprintf.o)
 .rodata.__assert_func.str1.4
                0x000000000800ca3c       0x3f /usr/local/arm/10.3/bin/../lib/gcc/arm-none-eabi/10.3.1/../../../../arm-none-eabi/lib/thumb/v7e-m/nofp/libg.a(lib_a-assert.o)
                                         0x43 (size before relaxing)
 *fill*         0x000000000800ca7b        0x1 
 .rodata._setlocale_r.str1.4
                0x000000000800ca7c        0xa /usr/local/arm/10.3/bin/../lib/gcc/arm-none-eabi/10.3.1/../../../../arm-none-eabi/lib/thumb/v7e-m/nofp/libg.a(lib_a-locale.o)
                                          0xd (size before relaxing)
 *fill*         0x000000000800ca86        0x2 
 .rodata.str1.4
                0x000000000800ca88        0x2 /usr/local/arm/10.3/bin/../lib/gcc/arm-none-eabi/10.3.1/../../../../arm-none-eabi/lib/thumb/v7e-m/nofp/libg.a(lib_a-locale.o)
 *fill*         0x000000000800ca8a        0x2 
 .rodata._ctype_
                0x000000000800ca8c      0x101 /usr/local/arm/10.3/bin/../lib/gcc/arm-none-eabi/10.3.1/../../../../arm-none-eabi/lib/thumb/v7e-m/nofp/libg.a(lib_a-ctype_.o)
                0x000000000800ca8c                _ctype_
                0x000000000800cb90                . = ALIGN (0x4)
 *fill*         0x000000000800cb8d        0x3 
                0x000000000800cb98                _sidata = LOADADDR (.data)

.ARM.exidx      0x000000000800cb90        0x8
 .ARM.exidx     0x000000000800cb90        0x8 /usr/local/arm/10.3/bin/../lib/gcc/arm-none-eabi/10.3.1/thumb/v7e-m/nofp/libgcc.a(_udivmoddi4.o)

.rel.dyn        0x000000000800cb98        0x0
 .rel.iplt      0x000000000800cb98        0x0 CMakeFiles/Car.elf.dir/Bsp/Bsp.c.obj

.data           0x0000000020000000      0x9d4 load address 0x000000000800cb98
                0x0000000020000000                . = ALIGN (0x4)
                0x0000000020000000                _sdata = .
 *(.data)
 *(.data*)
 .data.SystemCoreClock
                0x0000000020000000        0x4 CMakeFiles/Car.elf.dir/Core/Src/system_stm32f4xx.c.obj
                0x0000000020000000                SystemCoreClock
 .data.uwTickFreq
                0x0000000020000004        0x1 CMakeFiles/Car.elf.dir/Drivers/STM32F4xx_HAL_Driver/Src/stm32f4xx_hal.c.obj
                0x0000000020000004                uwTickFreq
 *fill*         0x0000000020000005        0x3 
 .data.uwTickPrio
                0x0000000020000008        0x4 CMakeFiles/Car.elf.dir/Drivers/STM32F4xx_HAL_Driver/Src/stm32f4xx_hal.c.obj
                0x0000000020000008                uwTickPrio
 .data.Car_Acc  0x000000002000000c        0x2 CMakeFiles/Car.elf.dir/Task/Control.c.obj
                0x000000002000000c                Car_Acc
 .data.Car_Acc_Slow
                0x000000002000000e        0x2 CMakeFiles/Car.elf.dir/Task/Control.c.obj
                0x000000002000000e                Car_Acc_Slow
 .data.Car_Speed
                0x0000000020000010        0x2 CMakeFiles/Car.elf.dir/Task/Control.c.obj
                0x0000000020000010                Car_Speed
 .data.Car_Speed_Slow
                0x0000000020000012        0x2 CMakeFiles/Car.elf.dir/Task/Control.c.obj
                0x0000000020000012                Car_Speed_Slow
 .data.Car_Turn_Speed_Limit
                0x0000000020000014        0x2 CMakeFiles/Car.elf.dir/Task/Control.c.obj
                0x0000000020000014                Car_Turn_Speed_Limit
 .data.Motor_HuaGui_ACC
                0x0000000020000016        0x2 CMakeFiles/Car.elf.dir/Task/Control.c.obj
                0x0000000020000016                Motor_HuaGui_ACC
 .data.Motor_HuaGui_Speed
                0x0000000020000018        0x2 CMakeFiles/Car.elf.dir/Task/Control.c.obj
                0x0000000020000018                Motor_HuaGui_Speed
 .data.Running_Mode
                0x000000002000001a        0x1 CMakeFiles/Car.elf.dir/Task/Control.c.obj
                0x000000002000001a                Running_Mode
 .data.Last_Motor_Stop_Flag_Car
                0x000000002000001b        0x1 CMakeFiles/Car.elf.dir/Task/Motor.c.obj
                0x000000002000001b                Last_Motor_Stop_Flag_Car
 .data.Stop_Flag_HuaGui
                0x000000002000001c        0x1 CMakeFiles/Car.elf.dir/Task/Motor.c.obj
                0x000000002000001c                Stop_Flag_HuaGui
 *fill*         0x000000002000001d        0x3 
 .data.HuaGui_Angle
                0x0000000020000020        0x4 CMakeFiles/Car.elf.dir/Task/Servo.c.obj
                0x0000000020000020                HuaGui_Angle
 .data.JiaZhua_Angle
                0x0000000020000024        0x4 CMakeFiles/Car.elf.dir/Task/Servo.c.obj
                0x0000000020000024                JiaZhua_Angle
 .data.ZaiWu_Angle
                0x0000000020000028        0x4 CMakeFiles/Car.elf.dir/Task/Servo.c.obj
                0x0000000020000028                ZaiWu_Angle
 .data._impure_ptr
                0x000000002000002c        0x4 /usr/local/arm/10.3/bin/../lib/gcc/arm-none-eabi/10.3.1/../../../../arm-none-eabi/lib/thumb/v7e-m/nofp/libg.a(lib_a-impure.o)
                0x000000002000002c                _impure_ptr
 .data.impure_data
                0x0000000020000030      0x428 /usr/local/arm/10.3/bin/../lib/gcc/arm-none-eabi/10.3.1/../../../../arm-none-eabi/lib/thumb/v7e-m/nofp/libg.a(lib_a-impure.o)
 .data.__malloc_av_
                0x0000000020000458      0x408 /usr/local/arm/10.3/bin/../lib/gcc/arm-none-eabi/10.3.1/../../../../arm-none-eabi/lib/thumb/v7e-m/nofp/libg.a(lib_a-mallocr.o)
                0x0000000020000458                __malloc_av_
 .data.__malloc_sbrk_base
                0x0000000020000860        0x4 /usr/local/arm/10.3/bin/../lib/gcc/arm-none-eabi/10.3.1/../../../../arm-none-eabi/lib/thumb/v7e-m/nofp/libg.a(lib_a-mallocr.o)
                0x0000000020000860                __malloc_sbrk_base
 .data.__malloc_trim_threshold
                0x0000000020000864        0x4 /usr/local/arm/10.3/bin/../lib/gcc/arm-none-eabi/10.3.1/../../../../arm-none-eabi/lib/thumb/v7e-m/nofp/libg.a(lib_a-mallocr.o)
                0x0000000020000864                __malloc_trim_threshold
 .data.__global_locale
                0x0000000020000868      0x16c /usr/local/arm/10.3/bin/../lib/gcc/arm-none-eabi/10.3.1/../../../../arm-none-eabi/lib/thumb/v7e-m/nofp/libg.a(lib_a-locale.o)
                0x0000000020000868                __global_locale
 *(.RamFunc)
 *(.RamFunc*)
                0x00000000200009d4                . = ALIGN (0x4)
                0x00000000200009d4                _edata = .
                0x000000000800d56c                _siccmram = LOADADDR (.ccmram)

.igot.plt       0x00000000200009d4        0x0 load address 0x000000000800d56c
 .igot.plt      0x00000000200009d4        0x0 CMakeFiles/Car.elf.dir/Bsp/Bsp.c.obj

.ccmram         0x0000000010000000        0x0 load address 0x000000000800d56c
                0x0000000010000000                . = ALIGN (0x4)
                0x0000000010000000                _sccmram = .
 *(.ccmram)
 *(.ccmram*)
                0x0000000010000000                . = ALIGN (0x4)
                0x0000000010000000                _eccmram = .
                0x0000000010000000                . = ALIGN (0x4)

.bss            0x00000000200009d8      0x638
                0x00000000200009d8                _sbss = .
                0x00000000200009d8                __bss_start__ = _sbss
 *(.bss)
 *(.bss*)
 .bss.JY901_data
                0x00000000200009d8       0x48 CMakeFiles/Car.elf.dir/Bsp/JY901.c.obj
                0x00000000200009d8                JY901_data
 .bss.stcAcc    0x0000000020000a20        0x8 CMakeFiles/Car.elf.dir/Bsp/JY901.c.obj
                0x0000000020000a20                stcAcc
 .bss.stcAngle  0x0000000020000a28        0x8 CMakeFiles/Car.elf.dir/Bsp/JY901.c.obj
                0x0000000020000a28                stcAngle
 .bss.stcGyro   0x0000000020000a30        0x8 CMakeFiles/Car.elf.dir/Bsp/JY901.c.obj
                0x0000000020000a30                stcGyro
 .bss.fac_us    0x0000000020000a38        0x1 CMakeFiles/Car.elf.dir/Bsp/My_Delay.c.obj
 *fill*         0x0000000020000a39        0x3 
 .bss.Yaw       0x0000000020000a3c        0x4 CMakeFiles/Car.elf.dir/Bsp/Uart_Bsp.c.obj
                0x0000000020000a3c                Yaw
 .bss.gHuart    0x0000000020000a40        0x4 CMakeFiles/Car.elf.dir/Bsp/retarget.c.obj
                0x0000000020000a40                gHuart
 .bss.__sbrk_heap_end
                0x0000000020000a44        0x4 CMakeFiles/Car.elf.dir/Core/Src/sysmem.c.obj
 .bss.htim3     0x0000000020000a48       0x48 CMakeFiles/Car.elf.dir/Core/Src/tim.c.obj
                0x0000000020000a48                htim3
 .bss.htim6     0x0000000020000a90       0x48 CMakeFiles/Car.elf.dir/Core/Src/tim.c.obj
                0x0000000020000a90                htim6
 .bss.htim7     0x0000000020000ad8       0x48 CMakeFiles/Car.elf.dir/Core/Src/tim.c.obj
                0x0000000020000ad8                htim7
 .bss.hdma_usart3_rx
                0x0000000020000b20       0x60 CMakeFiles/Car.elf.dir/Core/Src/usart.c.obj
                0x0000000020000b20                hdma_usart3_rx
 .bss.huart1    0x0000000020000b80       0x48 CMakeFiles/Car.elf.dir/Core/Src/usart.c.obj
                0x0000000020000b80                huart1
 .bss.huart3    0x0000000020000bc8       0x48 CMakeFiles/Car.elf.dir/Core/Src/usart.c.obj
                0x0000000020000bc8                huart3
 .bss.huart5    0x0000000020000c10       0x48 CMakeFiles/Car.elf.dir/Core/Src/usart.c.obj
                0x0000000020000c10                huart5
 .bss.uwTick    0x0000000020000c58        0x4 CMakeFiles/Car.elf.dir/Drivers/STM32F4xx_HAL_Driver/Src/stm32f4xx_hal.c.obj
                0x0000000020000c58                uwTick
 .bss.Last_Data1.8
                0x0000000020000c5c        0x1 CMakeFiles/Car.elf.dir/Task/Control.c.obj
 .bss.Running_Flag
                0x0000000020000c5d        0x1 CMakeFiles/Car.elf.dir/Task/Control.c.obj
                0x0000000020000c5d                Running_Flag
 *fill*         0x0000000020000c5e        0x2 
 .bss.Task_Data1
                0x0000000020000c60       0xc8 CMakeFiles/Car.elf.dir/Task/Control.c.obj
                0x0000000020000c60                Task_Data1
 .bss.Task_Data2
                0x0000000020000d28       0xc8 CMakeFiles/Car.elf.dir/Task/Control.c.obj
                0x0000000020000d28                Task_Data2
 .bss.Task_Flag
                0x0000000020000df0       0x64 CMakeFiles/Car.elf.dir/Task/Control.c.obj
                0x0000000020000df0                Task_Flag
 .bss.Task_Num_0
                0x0000000020000e54        0x1 CMakeFiles/Car.elf.dir/Task/Control.c.obj
                0x0000000020000e54                Task_Num_0
 *fill*         0x0000000020000e55        0x1 
 .bss.Task_Num_1
                0x0000000020000e56        0x2 CMakeFiles/Car.elf.dir/Task/Control.c.obj
                0x0000000020000e56                Task_Num_1
 .bss.Task_Num_2
                0x0000000020000e58        0x2 CMakeFiles/Car.elf.dir/Task/Control.c.obj
                0x0000000020000e58                Task_Num_2
 .bss.temp.0    0x0000000020000e5a        0x1 CMakeFiles/Car.elf.dir/Task/Control.c.obj
 .bss.temp.1    0x0000000020000e5b        0x1 CMakeFiles/Car.elf.dir/Task/Control.c.obj
 .bss.temp.10   0x0000000020000e5c        0x1 CMakeFiles/Car.elf.dir/Task/Control.c.obj
 .bss.temp.11   0x0000000020000e5d        0x1 CMakeFiles/Car.elf.dir/Task/Control.c.obj
 .bss.temp.4    0x0000000020000e5e        0x1 CMakeFiles/Car.elf.dir/Task/Control.c.obj
 .bss.temp.7    0x0000000020000e5f        0x1 CMakeFiles/Car.elf.dir/Task/Control.c.obj
 .bss.temp.9    0x0000000020000e60        0x1 CMakeFiles/Car.elf.dir/Task/Control.c.obj
 .bss.temp1.3   0x0000000020000e61        0x1 CMakeFiles/Car.elf.dir/Task/Control.c.obj
 .bss.temp1.6   0x0000000020000e62        0x1 CMakeFiles/Car.elf.dir/Task/Control.c.obj
 .bss.temp2.2   0x0000000020000e63        0x1 CMakeFiles/Car.elf.dir/Task/Control.c.obj
 .bss.temp2.5   0x0000000020000e64        0x1 CMakeFiles/Car.elf.dir/Task/Control.c.obj
 .bss.Car_Task_Data_0
                0x0000000020000e65        0x1 CMakeFiles/Car.elf.dir/Task/Control_Logic.c.obj
                0x0000000020000e65                Car_Task_Data_0
 .bss.Car_Task_Data_1
                0x0000000020000e66        0x2 CMakeFiles/Car.elf.dir/Task/Control_Logic.c.obj
                0x0000000020000e66                Car_Task_Data_1
 .bss.Car_Task_Data_2
                0x0000000020000e68        0x2 CMakeFiles/Car.elf.dir/Task/Control_Logic.c.obj
                0x0000000020000e68                Car_Task_Data_2
 .bss.HuaGui_Motor_State
                0x0000000020000e6a        0x1 CMakeFiles/Car.elf.dir/Task/Motor.c.obj
                0x0000000020000e6a                HuaGui_Motor_State
 *fill*         0x0000000020000e6b        0x1 
 .bss.Last_Yaw.5
                0x0000000020000e6c        0x4 CMakeFiles/Car.elf.dir/Task/Motor.c.obj
 .bss.Motor_HuaGui_Current_amount
                0x0000000020000e70        0x2 CMakeFiles/Car.elf.dir/Task/Motor.c.obj
                0x0000000020000e70                Motor_HuaGui_Current_amount
 .bss.Motor_RxBuff
                0x0000000020000e72        0x1 CMakeFiles/Car.elf.dir/Task/Motor.c.obj
                0x0000000020000e72                Motor_RxBuff
 .bss.Motor_Stop_Flag_Car
                0x0000000020000e73        0x1 CMakeFiles/Car.elf.dir/Task/Motor.c.obj
                0x0000000020000e73                Motor_Stop_Flag_Car
 .bss.RxBuffer1
                0x0000000020000e74       0x14 CMakeFiles/Car.elf.dir/Task/Motor.c.obj
                0x0000000020000e74                RxBuffer1
 .bss.RxCounter1.9
                0x0000000020000e88        0x1 CMakeFiles/Car.elf.dir/Task/Motor.c.obj
 .bss.RxState.10
                0x0000000020000e89        0x1 CMakeFiles/Car.elf.dir/Task/Motor.c.obj
 *fill*         0x0000000020000e8a        0x2 
 .bss.Send_Data
                0x0000000020000e8c       0x14 CMakeFiles/Car.elf.dir/Task/Motor.c.obj
                0x0000000020000e8c                Send_Data
 .bss.Stop_Counter.2
                0x0000000020000ea0        0x1 CMakeFiles/Car.elf.dir/Task/Motor.c.obj
 .bss.Temp_State.1
                0x0000000020000ea1        0x1 CMakeFiles/Car.elf.dir/Task/Motor.c.obj
 .bss.Temp_State.6
                0x0000000020000ea2        0x1 CMakeFiles/Car.elf.dir/Task/Motor.c.obj
 *fill*         0x0000000020000ea3        0x1 
 .bss.Temp_Yaw.0
                0x0000000020000ea4        0x4 CMakeFiles/Car.elf.dir/Task/Motor.c.obj
 .bss.Temp_Yaw.4
                0x0000000020000ea8        0x4 CMakeFiles/Car.elf.dir/Task/Motor.c.obj
 .bss.Car_Counter
                0x0000000020000eac        0x2 CMakeFiles/Car.elf.dir/Task/Move.c.obj
                0x0000000020000eac                Car_Counter
 .bss.Car_Counter_Enable
                0x0000000020000eae        0x1 CMakeFiles/Car.elf.dir/Task/Move.c.obj
                0x0000000020000eae                Car_Counter_Enable
 *fill*         0x0000000020000eaf        0x1 
 .bss.Car_Counter_Times
                0x0000000020000eb0        0x2 CMakeFiles/Car.elf.dir/Task/Move.c.obj
                0x0000000020000eb0                Car_Counter_Times
 .bss.Car_Task_Time
                0x0000000020000eb2        0x2 CMakeFiles/Car.elf.dir/Task/Move.c.obj
                0x0000000020000eb2                Car_Task_Time
 .bss.Counter   0x0000000020000eb4        0x2 CMakeFiles/Car.elf.dir/Task/Move.c.obj
                0x0000000020000eb4                Counter
 .bss.Counter_Enable
                0x0000000020000eb6        0x1 CMakeFiles/Car.elf.dir/Task/Move.c.obj
                0x0000000020000eb6                Counter_Enable
 *fill*         0x0000000020000eb7        0x1 
 .bss.Counter_Times
                0x0000000020000eb8        0x2 CMakeFiles/Car.elf.dir/Task/Move.c.obj
                0x0000000020000eb8                Counter_Times
 .bss.Get_Loads_State.1
                0x0000000020000eba        0x1 CMakeFiles/Car.elf.dir/Task/Move.c.obj
 .bss.Kalman_count
                0x0000000020000ebb        0x1 CMakeFiles/Car.elf.dir/Task/Move.c.obj
                0x0000000020000ebb                Kalman_count
 .bss.Kalman_time
                0x0000000020000ebc        0x2 CMakeFiles/Car.elf.dir/Task/Move.c.obj
                0x0000000020000ebc                Kalman_time
 .bss.Motor_Stop_Flag_Car_Kalman
                0x0000000020000ebe        0x1 CMakeFiles/Car.elf.dir/Task/Move.c.obj
                0x0000000020000ebe                Motor_Stop_Flag_Car_Kalman
 .bss.Put_Loads_State.0
                0x0000000020000ebf        0x1 CMakeFiles/Car.elf.dir/Task/Move.c.obj
 .bss.Yaw_Compensate
                0x0000000020000ec0        0x8 CMakeFiles/Car.elf.dir/Task/Move.c.obj
                0x0000000020000ec0                Yaw_Compensate
 .bss.kalman    0x0000000020000ec8       0xf0 CMakeFiles/Car.elf.dir/Task/Move.c.obj
                0x0000000020000ec8                kalman
 .bss.last_Kalman
                0x0000000020000fb8        0xc CMakeFiles/Car.elf.dir/Task/Move.c.obj
                0x0000000020000fb8                last_Kalman
 .bss.u10ms     0x0000000020000fc4        0x2 CMakeFiles/Car.elf.dir/Task/Move.c.obj
                0x0000000020000fc4                u10ms
 .bss.HuaGui_Servo_Flag
                0x0000000020000fc6        0x1 CMakeFiles/Car.elf.dir/Task/Servo.c.obj
                0x0000000020000fc6                HuaGui_Servo_Flag
 .bss.JiaZhua_Servo_Flag
                0x0000000020000fc7        0x1 CMakeFiles/Car.elf.dir/Task/Servo.c.obj
                0x0000000020000fc7                JiaZhua_Servo_Flag
 .bss.ZaiWu_Servo_Flag
                0x0000000020000fc8        0x1 CMakeFiles/Car.elf.dir/Task/Servo.c.obj
                0x0000000020000fc8                ZaiWu_Servo_Flag
 *fill*         0x0000000020000fc9        0x3 
 .bss.__lock___malloc_recursive_mutex
                0x0000000020000fcc        0x1 /usr/local/arm/10.3/bin/../lib/gcc/arm-none-eabi/10.3.1/../../../../arm-none-eabi/lib/thumb/v7e-m/nofp/libg.a(lib_a-lock.o)
                0x0000000020000fcc                __lock___malloc_recursive_mutex
 *fill*         0x0000000020000fcd        0x3 
 .bss.__lock___sfp_recursive_mutex
                0x0000000020000fd0        0x1 /usr/local/arm/10.3/bin/../lib/gcc/arm-none-eabi/10.3.1/../../../../arm-none-eabi/lib/thumb/v7e-m/nofp/libg.a(lib_a-lock.o)
                0x0000000020000fd0                __lock___sfp_recursive_mutex
 *fill*         0x0000000020000fd1        0x3 
 .bss.__lock___sinit_recursive_mutex
                0x0000000020000fd4        0x1 /usr/local/arm/10.3/bin/../lib/gcc/arm-none-eabi/10.3.1/../../../../arm-none-eabi/lib/thumb/v7e-m/nofp/libg.a(lib_a-lock.o)
                0x0000000020000fd4                __lock___sinit_recursive_mutex
 *fill*         0x0000000020000fd5        0x3 
 .bss.__malloc_current_mallinfo
                0x0000000020000fd8       0x28 /usr/local/arm/10.3/bin/../lib/gcc/arm-none-eabi/10.3.1/../../../../arm-none-eabi/lib/thumb/v7e-m/nofp/libg.a(lib_a-mallocr.o)
                0x0000000020000fd8                __malloc_current_mallinfo
 .bss.__malloc_max_sbrked_mem
                0x0000000020001000        0x4 /usr/local/arm/10.3/bin/../lib/gcc/arm-none-eabi/10.3.1/../../../../arm-none-eabi/lib/thumb/v7e-m/nofp/libg.a(lib_a-mallocr.o)
                0x0000000020001000                __malloc_max_sbrked_mem
 .bss.__malloc_max_total_mem
                0x0000000020001004        0x4 /usr/local/arm/10.3/bin/../lib/gcc/arm-none-eabi/10.3.1/../../../../arm-none-eabi/lib/thumb/v7e-m/nofp/libg.a(lib_a-mallocr.o)
                0x0000000020001004                __malloc_max_total_mem
 .bss.__malloc_top_pad
                0x0000000020001008        0x4 /usr/local/arm/10.3/bin/../lib/gcc/arm-none-eabi/10.3.1/../../../../arm-none-eabi/lib/thumb/v7e-m/nofp/libg.a(lib_a-mallocr.o)
                0x0000000020001008                __malloc_top_pad
 .bss.errno     0x000000002000100c        0x4 /usr/local/arm/10.3/bin/../lib/gcc/arm-none-eabi/10.3.1/../../../../arm-none-eabi/lib/thumb/v7e-m/nofp/libg.a(lib_a-reent.o)
                0x000000002000100c                errno
 *(COMMON)
                0x0000000020001010                . = ALIGN (0x4)
                0x0000000020001010                _ebss = .
                0x0000000020001010                __bss_end__ = _ebss

._user_heap_stack
                0x0000000020001010      0x600
                0x0000000020001010                . = ALIGN (0x8)
                [!provide]                        PROVIDE (end = .)
                0x0000000020001010                PROVIDE (_end = .)
                0x0000000020001210                . = (. + _Min_Heap_Size)
 *fill*         0x0000000020001010      0x200 
                0x0000000020001610                . = (. + _Min_Stack_Size)
 *fill*         0x0000000020001210      0x400 
                0x0000000020001610                . = ALIGN (0x8)

/DISCARD/
 libc.a(*)
 libm.a(*)
 libgcc.a(*)

.ARM.attributes
                0x0000000000000000       0x2a
 *(.ARM.attributes)
 .ARM.attributes
                0x0000000000000000       0x1e /usr/local/arm/10.3/bin/../lib/gcc/arm-none-eabi/10.3.1/thumb/v7e-m/nofp/crti.o
 .ARM.attributes
                0x000000000000001e       0x2e CMakeFiles/Car.elf.dir/Bsp/Bsp.c.obj
 .ARM.attributes
                0x000000000000004c       0x2e CMakeFiles/Car.elf.dir/Bsp/JY901.c.obj
 .ARM.attributes
                0x000000000000007a       0x2e CMakeFiles/Car.elf.dir/Bsp/My_Delay.c.obj
 .ARM.attributes
                0x00000000000000a8       0x2e CMakeFiles/Car.elf.dir/Bsp/Uart_Bsp.c.obj
 .ARM.attributes
                0x00000000000000d6       0x2e CMakeFiles/Car.elf.dir/Bsp/retarget.c.obj
 .ARM.attributes
                0x0000000000000104       0x2e CMakeFiles/Car.elf.dir/Core/Src/dma.c.obj
 .ARM.attributes
                0x0000000000000132       0x2e CMakeFiles/Car.elf.dir/Core/Src/gpio.c.obj
 .ARM.attributes
                0x0000000000000160       0x2e CMakeFiles/Car.elf.dir/Core/Src/main.c.obj
 .ARM.attributes
                0x000000000000018e       0x2e CMakeFiles/Car.elf.dir/Core/Src/stm32f4xx_hal_msp.c.obj
 .ARM.attributes
                0x00000000000001bc       0x2e CMakeFiles/Car.elf.dir/Core/Src/stm32f4xx_it.c.obj
 .ARM.attributes
                0x00000000000001ea       0x2e CMakeFiles/Car.elf.dir/Core/Src/syscalls.c.obj
 .ARM.attributes
                0x0000000000000218       0x2e CMakeFiles/Car.elf.dir/Core/Src/sysmem.c.obj
 .ARM.attributes
                0x0000000000000246       0x2e CMakeFiles/Car.elf.dir/Core/Src/system_stm32f4xx.c.obj
 .ARM.attributes
                0x0000000000000274       0x2e CMakeFiles/Car.elf.dir/Core/Src/tim.c.obj
 .ARM.attributes
                0x00000000000002a2       0x2e CMakeFiles/Car.elf.dir/Core/Src/usart.c.obj
 .ARM.attributes
                0x00000000000002d0       0x21 CMakeFiles/Car.elf.dir/Core/Startup/startup_stm32f407zetx.s.obj
 .ARM.attributes