Archive member included to satisfy reference by file (symbol)

/usr/local/arm/10.3/bin/../lib/gcc/arm-none-eabi/10.3.1/thumb/v7e-m/nofp/libgcc.a(_arm_muldf3.o)
                              CMakeFiles/Car.elf.dir/Task/Motor.c.obj (__aeabi_dmul)
/usr/local/arm/10.3/bin/../lib/gcc/arm-none-eabi/10.3.1/thumb/v7e-m/nofp/libgcc.a(_arm_mulsf3.o)
                              CMakeFiles/Car.elf.dir/Bsp/JY901.c.obj (__aeabi_fmul)
/usr/local/arm/10.3/bin/../lib/gcc/arm-none-eabi/10.3.1/thumb/v7e-m/nofp/libgcc.a(_arm_addsubdf3.o)
                              CMakeFiles/Car.elf.dir/Task/Move.c.obj (__aeabi_dadd)
/usr/local/arm/10.3/bin/../lib/gcc/arm-none-eabi/10.3.1/thumb/v7e-m/nofp/libgcc.a(_arm_muldivdf3.o)
                              CMakeFiles/Car.elf.dir/Task/Motor.c.obj (__aeabi_ddiv)
/usr/local/arm/10.3/bin/../lib/gcc/arm-none-eabi/10.3.1/thumb/v7e-m/nofp/libgcc.a(_arm_cmpdf2.o)
                              CMakeFiles/Car.elf.dir/Bsp/JY901.c.obj (__aeabi_dcmple)
/usr/local/arm/10.3/bin/../lib/gcc/arm-none-eabi/10.3.1/thumb/v7e-m/nofp/libgcc.a(_arm_fixdfsi.o)
                              CMakeFiles/Car.elf.dir/Task/Motor.c.obj (__aeabi_d2iz)
/usr/local/arm/10.3/bin/../lib/gcc/arm-none-eabi/10.3.1/thumb/v7e-m/nofp/libgcc.a(_arm_addsubsf3.o)
                              CMakeFiles/Car.elf.dir/Bsp/JY901.c.obj (__aeabi_fsub)
/usr/local/arm/10.3/bin/../lib/gcc/arm-none-eabi/10.3.1/thumb/v7e-m/nofp/libgcc.a(_arm_muldivsf3.o)
                              CMakeFiles/Car.elf.dir/Bsp/JY901.c.obj (__aeabi_fdiv)
/usr/local/arm/10.3/bin/../lib/gcc/arm-none-eabi/10.3.1/thumb/v7e-m/nofp/libgcc.a(_arm_cmpsf2.o)
                              CMakeFiles/Car.elf.dir/Bsp/JY901.c.obj (__aeabi_fcmplt)
/usr/local/arm/10.3/bin/../lib/gcc/arm-none-eabi/10.3.1/thumb/v7e-m/nofp/libgcc.a(_arm_fixsfsi.o)
                              CMakeFiles/Car.elf.dir/Task/Motor.c.obj (__aeabi_f2iz)
/usr/local/arm/10.3/bin/../lib/gcc/arm-none-eabi/10.3.1/thumb/v7e-m/nofp/libgcc.a(_arm_fixunssfsi.o)
                              CMakeFiles/Car.elf.dir/Task/Motor.c.obj (__aeabi_f2uiz)
/usr/local/arm/10.3/bin/../lib/gcc/arm-none-eabi/10.3.1/thumb/v7e-m/nofp/libgcc.a(_aeabi_uldivmod.o)
                              CMakeFiles/Car.elf.dir/Drivers/STM32F4xx_HAL_Driver/Src/stm32f4xx_hal_rcc.c.obj (__aeabi_uldivmod)
/usr/local/arm/10.3/bin/../lib/gcc/arm-none-eabi/10.3.1/thumb/v7e-m/nofp/libgcc.a(_udivmoddi4.o)
                              /usr/local/arm/10.3/bin/../lib/gcc/arm-none-eabi/10.3.1/thumb/v7e-m/nofp/libgcc.a(_aeabi_uldivmod.o) (__udivmoddi4)
/usr/local/arm/10.3/bin/../lib/gcc/arm-none-eabi/10.3.1/thumb/v7e-m/nofp/libgcc.a(_dvmd_tls.o)
                              /usr/local/arm/10.3/bin/../lib/gcc/arm-none-eabi/10.3.1/thumb/v7e-m/nofp/libgcc.a(_aeabi_uldivmod.o) (__aeabi_ldiv0)
/usr/local/arm/10.3/bin/../lib/gcc/arm-none-eabi/10.3.1/../../../../arm-none-eabi/lib/thumb/v7e-m/nofp/libg.a(lib_a-errno.o)
                              CMakeFiles/Car.elf.dir/Bsp/retarget.c.obj (__errno)
/usr/local/arm/10.3/bin/../lib/gcc/arm-none-eabi/10.3.1/../../../../arm-none-eabi/lib/thumb/v7e-m/nofp/libg.a(lib_a-exit.o)
                              /usr/local/arm/10.3/bin/../lib/gcc/arm-none-eabi/10.3.1/../../../../arm-none-eabi/lib/thumb/v7e-m/nofp/crt0.o (exit)
/usr/local/arm/10.3/bin/../lib/gcc/arm-none-eabi/10.3.1/../../../../arm-none-eabi/lib/thumb/v7e-m/nofp/libg.a(lib_a-impure.o)
                              /usr/local/arm/10.3/bin/../lib/gcc/arm-none-eabi/10.3.1/../../../../arm-none-eabi/lib/thumb/v7e-m/nofp/libg.a(lib_a-exit.o) (_global_impure_ptr)
/usr/local/arm/10.3/bin/../lib/gcc/arm-none-eabi/10.3.1/../../../../arm-none-eabi/lib/thumb/v7e-m/nofp/libg.a(lib_a-init.o)
                              /usr/local/arm/10.3/bin/../lib/gcc/arm-none-eabi/10.3.1/../../../../arm-none-eabi/lib/thumb/v7e-m/nofp/crt0.o (__libc_init_array)
/usr/local/arm/10.3/bin/../lib/gcc/arm-none-eabi/10.3.1/../../../../arm-none-eabi/lib/thumb/v7e-m/nofp/libg.a(lib_a-memset.o)
                              /usr/local/arm/10.3/bin/../lib/gcc/arm-none-eabi/10.3.1/../../../../arm-none-eabi/lib/thumb/v7e-m/nofp/crt0.o (memset)
/usr/local/arm/10.3/bin/../lib/gcc/arm-none-eabi/10.3.1/../../../../arm-none-eabi/lib/thumb/v7e-m/nofp/libg.a(lib_a-printf.o)
                              CMakeFiles/Car.elf.dir/Bsp/Bsp.c.obj (printf)
/usr/local/arm/10.3/bin/../lib/gcc/arm-none-eabi/10.3.1/../../../../arm-none-eabi/lib/thumb/v7e-m/nofp/libg.a(lib_a-puts.o)
                              CMakeFiles/Car.elf.dir/Bsp/Bsp.c.obj (puts)
/usr/local/arm/10.3/bin/../lib/gcc/arm-none-eabi/10.3.1/../../../../arm-none-eabi/lib/thumb/v7e-m/nofp/libg.a(lib_a-setvbuf.o)
                              CMakeFiles/Car.elf.dir/Bsp/retarget.c.obj (setvbuf)
/usr/local/arm/10.3/bin/../lib/gcc/arm-none-eabi/10.3.1/../../../../arm-none-eabi/lib/thumb/v7e-m/nofp/libg.a(lib_a-strlen.o)
[...]
Memory Configuration

Name             Origin             Length             Attributes
CCMRAM           0x0000000010000000 0x0000000000010000 xrw
RAM              0x0000000020000000 0x0000000000020000 xrw
FLASH            0x0000000008000000 0x0000000000080000 xr
*default*        0x0000000000000000 0xffffffffffffffff

Linker script and memory map

LOAD /usr/local/arm/10.3/bin/../lib/gcc/arm-none-eabi/10.3.1/thumb/v7e-m/nofp/crti.o
LOAD /usr/local/arm/10.3/bin/../lib/gcc/arm-none-eabi/10.3.1/thumb/v7e-m/nofp/crtbegin.o
LOAD /usr/local/arm/10.3/bin/../lib/gcc/arm-none-eabi/10.3.1/../../../../arm-none-eabi/lib/thumb/v7e-m/nofp/crt0.o
LOAD CMakeFiles/Car.elf.dir/Bsp/Bsp.c.obj
LOAD CMakeFiles/Car.elf.dir/Bsp/JY901.c.obj
LOAD CMakeFiles/Car.elf.dir/Bsp/My_Delay.c.obj
LOAD CMakeFiles/Car.elf.dir/Bsp/Uart_Bsp.c.obj
LOAD CMakeFiles/Car.elf.dir/Bsp/retarget.c.obj
LOAD CMakeFiles/Car.elf.dir/Core/Src/dma.c.obj
LOAD CMakeFiles/Car.elf.dir/Core/Src/gpio.c.obj
LOAD CMakeFiles/Car.elf.dir/Core/Src/i2c.c.obj
LOAD CMakeFiles/Car.elf.dir/Core/Src/main.c.obj
LOAD CMakeFiles/Car.elf.dir/Core/Src/stm32f4xx_hal_msp.c.obj
LOAD CMakeFiles/Car.elf.dir/Core/Src/stm32f4xx_it.c.obj
LOAD CMakeFiles/Car.elf.dir/Core/Src/syscalls.c.obj
LOAD CMakeFiles/Car.elf.dir/Core/Src/sysmem.c.obj
LOAD CMakeFiles/Car.elf.dir/Core/Src/system_stm32f4xx.c.obj
LOAD CMakeFiles/Car.elf.dir/Core/Src/tim.c.obj
LOAD CMakeFiles/Car.elf.dir/Core/Src/usart.c.obj
LOAD CMakeFiles/Car.elf.dir/Core/Startup/startup_stm32f407zetx.s.obj
LOAD CMakeFiles/Car.elf.dir/Drivers/STM32F4xx_HAL_Driver/Src/stm32f4xx_hal.c.obj
LOAD CMakeFiles/Car.elf.dir/Drivers/STM32F4xx_HAL_Driver/Src/stm32f4xx_hal_cortex.c.obj
LOAD CMakeFiles/Car.elf.dir/Drivers/STM32F4xx_HAL_Driver/Src/stm32f4xx_hal_dma.c.obj
LOAD CMakeFiles/Car.elf.dir/Drivers/STM32F4xx_HAL_Driver/Src/stm32f4xx_hal_dma_ex.c.obj
LOAD CMakeFiles/Car.elf.dir/Drivers/STM32F4xx_HAL_Driver/Src/stm32f4xx_hal_exti.c.obj
LOAD CMakeFiles/Car.elf.dir/Drivers/STM32F4xx_HAL_Driver/Src/stm32f4xx_hal_flash.c.obj
LOAD CMakeFiles/Car.elf.dir/Drivers/STM32F4xx_HAL_Driver/Src/stm32f4xx_hal_flash_ex.c.obj
LOAD CMakeFiles/Car.elf.dir/Drivers/STM32F4xx_HAL_Driver/Src/stm32f4xx_hal_flash_ramfunc.c.obj
LOAD CMakeFiles/Car.elf.dir/Drivers/STM32F4xx_HAL_Driver/Src/stm32f4xx_hal_gpio.c.obj
LOAD CMakeFiles/Car.elf.dir/Drivers/STM32F4xx_HAL_Driver/Src/stm32f4xx_hal_i2c.c.obj
LOAD CMakeFiles/Car.elf.dir/Drivers/STM32F4xx_HAL_Driver/Src/stm32f4xx_hal_i2c_ex.c.obj
LOAD CMakeFiles/Car.elf.dir/Drivers/STM32F4xx_HAL_Driver/Src/stm32f4xx_hal_pwr.c.obj
LOAD CMakeFiles/Car.elf.dir/Drivers/STM32F4xx_HAL_Driver/Src/stm32f4xx_hal_pwr_ex.c.obj
LOAD CMakeFiles/Car.elf.dir/Drivers/STM32F4xx_HAL_Driver/Src/stm32f4xx_hal_rcc.c.obj
LOAD CMakeFiles/Car.elf.dir/Drivers/STM32F4xx_HAL_Driver/Src/stm32f4xx_hal_rcc_ex.c.obj
LOAD CMakeFiles/Car.elf.dir/Drivers/STM32F4xx_HAL_Driver/Src/stm32f4xx_hal_tim.c.obj
LOAD CMakeFiles/Car.elf.dir/Drivers/STM32F4xx_HAL_Driver/Src/stm32f4xx_hal_tim_ex.c.obj
LOAD CMakeFiles/Car.elf.dir/Drivers/STM32F4xx_HAL_Driver/Src/stm32f4xx_hal_uart.c.obj
LOAD CMakeFiles/Car.elf.dir/Task/Control.c.obj
LOAD CMakeFiles/Car.elf.dir/Task/Motor.c.obj
LOAD CMakeFiles/Car.elf.dir/Task/Move.c.obj
LOAD CMakeFiles/Car.elf.dir/Task/Servo.c.obj
LOAD CMakeFiles/Car.elf.dir/Task/Task.c.obj
START GROUP
LOAD /usr/local/arm/10.3/bin/../lib/gcc/arm-none-eabi/10.3.1/thumb/v7e-m/nofp/libgcc.a
LOAD /usr/local/arm/10.3/bin/../lib/gcc/arm-none-eabi/10.3.1/../../../../arm-none-eabi/lib/thumb/v7e-m/nofp/libg.a
LOAD /usr/local/arm/10.3/bin/../lib/gcc/arm-none-eabi/10.3.1/../../../../arm-none-eabi/lib/thumb/v7e-m/nofp/libc.a
END GROUP
LOAD /usr/local/arm/10.3/bin/../lib/gcc/arm-none-eabi/10.3.1/thumb/v7e-m/nofp/crtend.o
LOAD /usr/local/arm/10.3/bin/../lib/gcc/arm-none-eabi/10.3.1/thumb/v7e-m/nofp/crtn.o
                0x0000000020020000                _estack = (ORIGIN (RAM) + LENGTH (RAM))
                0x0000000000000200                _Min_Heap_Size = 0x200
                0x0000000000000400                _Min_Stack_Size = 0x400

.isr_vector     0x0000000008000000      0x188
                0x0000000008000000                . = ALIGN (0x4)
 *(.isr_vector)
 .isr_vector    0x0000000008000000      0x188 CMakeFiles/Car.elf.dir/Core/Startup/startup_stm32f407zetx.s.obj
                0x0000000008000000                g_pfnVectors
                0x0000000008000188                . = ALIGN (0x4)

.text           0x00000000080001c0     0xcb44
                0x00000000080001c0                . = ALIGN (0x4)
 *(.text)
 .text          0x00000000080001c0      0x378 /usr/local/arm/10.3/bin/../lib/gcc/arm-none-eabi/10.3.1/thumb/v7e-m/nofp/libgcc.a(_arm_addsubdf3.o)
                0x00000000080001c0                __aeabi_drsub
                0x00000000080001c8                __aeabi_dsub
                0x00000000080001c8                __subdf3
                0x00000000080001cc                __adddf3
                0x00000000080001cc                __aeabi_dadd
                0x0000000008000444                __aeabi_ui2d
                0x0000000008000444                __floatunsidf
                0x0000000008000464                __floatsidf
                0x0000000008000464                __aeabi_i2d
                0x0000000008000488                __extendsfdf2
                0x0000000008000488                __aeabi_f2d
                0x00000000080004cc                __aeabi_ul2d
                0x00000000080004cc                __floatundidf
                0x00000000080004dc                __floatdidf
                0x00000000080004dc                __aeabi_l2d
 .text          0x0000000008000538      0x424 /usr/local/arm/10.3/bin/../lib/gcc/arm-none-eabi/10.3.1/thumb/v7e-m/nofp/libgcc.a(_arm_muldivdf3.o)
                0x0000000008000538                __aeabi_dmul
                0x0000000008000538                __muldf3
                0x000000000800078c                __aeabi_ddiv
                0x000000000800078c                __divdf3
 .text          0x000000000800095c      0x110 /usr/local/arm/10.3/bin/../lib/gcc/arm-none-eabi/10.3.1/thumb/v7e-m/nofp/libgcc.a(_arm_cmpdf2.o)
                0x000000000800095c                __gtdf2
                0x000000000800095c                __gedf2
                0x0000000008000964                __ltdf2
                0x0000000008000964                __ledf2
                0x000000000800096c                __cmpdf2
                0x000000000800096c                __eqdf2
                0x000000000800096c                __nedf2
                0x00000000080009e8                __aeabi_cdrcmple
                0x00000000080009f8                __aeabi_cdcmple
                0x00000000080009f8                __aeabi_cdcmpeq
                0x0000000008000a08                __aeabi_dcmpeq
                0x0000000008000a1c                __aeabi_dcmplt
                0x0000000008000a30                __aeabi_dcmple
                0x0000000008000a44                __aeabi_dcmpge
                0x0000000008000a58                __aeabi_dcmpgt
 .text          0x0000000008000a6c       0x50 /usr/local/arm/10.3/bin/../lib/gcc/arm-none-eabi/10.3.1/thumb/v7e-m/nofp/libgcc.a(_arm_fixdfsi.o)
                0x0000000008000a6c                __fixdfsi
                0x0000000008000a6c                __aeabi_d2iz
 .text          0x0000000008000abc      0x21c /usr/local/arm/10.3/bin/../lib/gcc/arm-none-eabi/10.3.1/thumb/v7e-m/nofp/libgcc.a(_arm_addsubsf3.o)
                0x0000000008000abc                __aeabi_frsub
                0x0000000008000ac4                __subsf3
                0x0000000008000ac4                __aeabi_fsub
                0x0000000008000ac8                __aeabi_fadd
                0x0000000008000ac8                __addsf3
                0x0000000008000c28                __aeabi_ui2f
                0x0000000008000c28                __floatunsisf
                0x0000000008000c30                __aeabi_i2f
                0x0000000008000c30                __floatsisf
                0x0000000008000c4c                __floatundisf
                0x0000000008000c4c                __aeabi_ul2f
                0x0000000008000c5c                __floatdisf
                0x0000000008000c5c                __aeabi_l2f
 .text          0x0000000008000cd8      0x2a0 /usr/local/arm/10.3/bin/../lib/gcc/arm-none-eabi/10.3.1/thumb/v7e-m/nofp/libgcc.a(_arm_muldivsf3.o)
                0x0000000008000cd8                __mulsf3
                0x0000000008000cd8                __aeabi_fmul
                0x0000000008000e40                __divsf3
                0x0000000008000e40                __aeabi_fdiv
 .text          0x0000000008000f78       0xec /usr/local/arm/10.3/bin/../lib/gcc/arm-none-eabi/10.3.1/thumb/v7e-m/nofp/libgcc.a(_arm_cmpsf2.o)
                0x0000000008000f78                __gtsf2
                0x0000000008000f78                __gesf2
                0x0000000008000f80                __lesf2
                0x0000000008000f80                __ltsf2
                0x0000000008000f88                __nesf2
                0x0000000008000f88                __eqsf2
                0x0000000008000f88                __cmpsf2
                0x0000000008000fe8                __aeabi_cfrcmple
                0x0000000008000ff0                __aeabi_cfcmple
                0x0000000008000ff0                __aeabi_cfcmpeq
                0x0000000008001000                __aeabi_fcmpeq
                0x0000000008001014                __aeabi_fcmplt
                0x0000000008001028                __aeabi_fcmple
                0x000000000800103c                __aeabi_fcmpge
                0x0000000008001050                __aeabi_fcmpgt
 .text          0x0000000008001064       0x4c /usr/local/arm/10.3/bin/../lib/gcc/arm-none-eabi/10.3.1/thumb/v7e-m/nofp/libgcc.a(_arm_fixsfsi.o)
                0x0000000008001064                __fixsfsi
                0x0000000008001064                __aeabi_f2iz
 .text          0x00000000080010b0       0x40 /usr/local/arm/10.3/bin/../lib/gcc/arm-none-eabi/10.3.1/thumb/v7e-m/nofp/libgcc.a(_arm_fixunssfsi.o)
                0x00000000080010b0                __aeabi_f2uiz
                0x00000000080010b0                __fixunssfsi
 .text          0x00000000080010f0       0x30 /usr/local/arm/10.3/bin/../lib/gcc/arm-none-eabi/10.3.1/thumb/v7e-m/nofp/libgcc.a(_aeabi_uldivmod.o)
                0x00000000080010f0                __aeabi_uldivmod
 .text          0x0000000008001120      0x2d0 /usr/local/arm/10.3/bin/../lib/gcc/arm-none-eabi/10.3.1/thumb/v7e-m/nofp/libgcc.a(_udivmoddi4.o)
                0x0000000008001120                __udivmoddi4
 .text          0x00000000080013f0        0x4 /usr/local/arm/10.3/bin/../lib/gcc/arm-none-eabi/10.3.1/thumb/v7e-m/nofp/libgcc.a(_dvmd_tls.o)
                0x00000000080013f0                __aeabi_ldiv0
                0x00000000080013f0                __aeabi_idiv0
 *fill*         0x00000000080013f4        0xc 
 .text          0x0000000008001400       0xdc /usr/local/arm/10.3/bin/../lib/gcc/arm-none-eabi/10.3.1/../../../../arm-none-eabi/lib/thumb/v7e-m/nofp/libg.a(lib_a-strlen.o)
                0x0000000008001400                strlen
 *fill*         0x00000000080014dc        0x4 
 .text          0x00000000080014e0       0xa0 /usr/local/arm/10.3/bin/../lib/gcc/arm-none-eabi/10.3.1/../../../../arm-none-eabi/lib/thumb/v7e-m/nofp/libg.a(lib_a-memchr.o)
                0x00000000080014e0                memchr
 .text          0x0000000008001580      0x134 /usr/local/arm/10.3/bin/../lib/gcc/arm-none-eabi/10.3.1/../../../../arm-none-eabi/lib/thumb/v7e-m/nofp/libg.a(lib_a-memcpy.o)
                0x0000000008001580                memcpy
 .text          0x00000000080016b4       0x2c /usr/local/arm/10.3/bin/../lib/gcc/arm-none-eabi/10.3.1/thumb/v7e-m/nofp/libgcc.a(_arm_unorddf2.o)
                0x00000000080016b4                __aeabi_dcmpun
                0x00000000080016b4                __unorddf2
 *(.text*)
 .text.Bsp_Init
                0x00000000080016e0       0x24 CMakeFiles/Car.elf.dir/Bsp/Bsp.c.obj
                0x00000000080016e0                Bsp_Init
 .text.HuaGui_Init_Proc
                0x0000000008001704       0xa0 CMakeFiles/Car.elf.dir/Bsp/Bsp.c.obj
                0x0000000008001704                HuaGui_Init_Proc
 .text.User_USART_Init
                0x00000000080017a4       0x1e CMakeFiles/Car.elf.dir/Bsp/JY901.c.obj
                0x00000000080017a4                User_USART_Init
 *fill*         0x00000000080017c2        0x2 
 .text.JY901_Process
                0x00000000080017c4      0x130 CMakeFiles/Car.elf.dir/Bsp/JY901.c.obj
                0x00000000080017c4                JY901_Process
 .text.my_abs_float
                0x00000000080018f4       0x16 CMakeFiles/Car.elf.dir/Bsp/JY901.c.obj
                0x00000000080018f4                my_abs_float
 *fill*         0x000000000800190a        0x6 
 .text.process_kalman_filter
                0x0000000008001910      0x138 CMakeFiles/Car.elf.dir/Bsp/JY901.c.obj
                0x0000000008001910                process_kalman_filter
 .text.JY901S_send_command
                0x0000000008001a48       0x34 CMakeFiles/Car.elf.dir/Bsp/JY901.c.obj
                0x0000000008001a48                JY901S_send_command
 .text.Reset_JY901S_Command
                0x0000000008001a7c       0x5c CMakeFiles/Car.elf.dir/Bsp/JY901.c.obj
                0x0000000008001a7c                Reset_JY901S_Command
 .text.Delay_Init
                0x0000000008001ad8       0x18 CMakeFiles/Car.elf.dir/Bsp/My_Delay.c.obj
                0x0000000008001ad8                Delay_Init
 .text.Delay_us
                0x0000000008001af0       0x40 CMakeFiles/Car.elf.dir/Bsp/My_Delay.c.obj
                0x0000000008001af0                Delay_us
 .text.Delay_ms
                0x0000000008001b30       0x3c CMakeFiles/Car.elf.dir/Bsp/My_Delay.c.obj
                0x0000000008001b30                Delay_ms
 .text.JY901S_Init
                0x0000000008001b6c       0x2c CMakeFiles/Car.elf.dir/Bsp/Uart_Bsp.c.obj
                0x0000000008001b6c                JY901S_Init
 .text.Usart_Init
                0x0000000008001b98        0x8 CMakeFiles/Car.elf.dir/Bsp/Uart_Bsp.c.obj
                0x0000000008001b98                Usart_Init
 .text.RetargetInit
                0x0000000008001ba0       0x20 CMakeFiles/Car.elf.dir/Bsp/retarget.c.obj
                0x0000000008001ba0                RetargetInit
 .text._isatty  0x0000000008001bc0       0x16 CMakeFiles/Car.elf.dir/Bsp/retarget.c.obj
                0x0000000008001bc0                _isatty
 *fill*         0x0000000008001bd6        0x2 
 .text._write   0x0000000008001bd8       0x34 CMakeFiles/Car.elf.dir/Bsp/retarget.c.obj
                0x0000000008001bd8                _write
 .text._close   0x0000000008001c0c       0x18 CMakeFiles/Car.elf.dir/Bsp/retarget.c.obj
                0x0000000008001c0c                _close
 .text._lseek   0x0000000008001c24       0x10 CMakeFiles/Car.elf.dir/Bsp/retarget.c.obj
                0x0000000008001c24                _lseek
 .text._read    0x0000000008001c34       0x30 CMakeFiles/Car.elf.dir/Bsp/retarget.c.obj
                0x0000000008001c34                _read
 .text._fstat   0x0000000008001c64       0x1a CMakeFiles/Car.elf.dir/Bsp/retarget.c.obj
                0x0000000008001c64                _fstat
 *fill*         0x0000000008001c7e        0x2 
 .text.MX_DMA_Init
                0x0000000008001c80       0x34 CMakeFiles/Car.elf.dir/Core/Src/dma.c.obj
                0x0000000008001c80                MX_DMA_Init
 .text.MX_GPIO_Init
                0x0000000008001cb4      0x12c CMakeFiles/Car.elf.dir/Core/Src/gpio.c.obj
                0x0000000008001cb4                MX_GPIO_Init
 .text.MX_I2C1_Init
                0x0000000008001de0       0x3c CMakeFiles/Car.elf.dir/Core/Src/i2c.c.obj
                0x0000000008001de0                MX_I2C1_Init
 .text.HAL_I2C_MspInit
                0x0000000008001e1c       0x70 CMakeFiles/Car.elf.dir/Core/Src/i2c.c.obj
                0x0000000008001e1c                HAL_I2C_MspInit
 .text.Error_Handler
                0x0000000008001e8c        0x4 CMakeFiles/Car.elf.dir/Core/Src/main.c.obj
                0x0000000008001e8c                Error_Handler
 .text.SystemClock_Config
                0x0000000008001e90       0xac CMakeFiles/Car.elf.dir/Core/Src/main.c.obj
                0x0000000008001e90                SystemClock_Config
 .text.main     0x0000000008001f3c       0x90 CMakeFiles/Car.elf.dir/Core/Src/main.c.obj
                0x0000000008001f3c                main
 .text.HAL_MspInit
                0x0000000008001fcc       0x38 CMakeFiles/Car.elf.dir/Core/Src/stm32f4xx_hal_msp.c.obj
                0x0000000008001fcc                HAL_MspInit
 .text.NMI_Handler
                0x0000000008002004        0x2 CMakeFiles/Car.elf.dir/Core/Src/stm32f4xx_it.c.obj
                0x0000000008002004                NMI_Handler
 .text.HardFault_Handler
                0x0000000008002006        0x2 CMakeFiles/Car.elf.dir/Core/Src/stm32f4xx_it.c.obj
                0x0000000008002006                HardFault_Handler
 .text.MemManage_Handler
                0x0000000008002008        0x2 CMakeFiles/Car.elf.dir/Core/Src/stm32f4xx_it.c.obj
                0x0000000008002008                MemManage_Handler
 .text.BusFault_Handler
                0x000000000800200a        0x2 CMakeFiles/Car.elf.dir/Core/Src/stm32f4xx_it.c.obj
                0x000000000800200a                BusFault_Handler
 .text.UsageFault_Handler
                0x000000000800200c        0x2 CMakeFiles/Car.elf.dir/Core/Src/stm32f4xx_it.c.obj
                0x000000000800200c                UsageFault_Handler
 .text.SVC_Handler
                0x000000000800200e        0x2 CMakeFiles/Car.elf.dir/Core/Src/stm32f4xx_it.c.obj
                0x000000000800200e                SVC_Handler
 .text.DebugMon_Handler
                0x0000000008002010        0x2 CMakeFiles/Car.elf.dir/Core/Src/stm32f4xx_it.c.obj
                0x0000000008002010                DebugMon_Handler
 .text.PendSV_Handler
                0x0000000008002012        0x2 CMakeFiles/Car.elf.dir/Core/Src/stm32f4xx_it.c.obj
                0x0000000008002012                PendSV_Handler
 .text.SysTick_Handler
                0x0000000008002014        0x8 CMakeFiles/Car.elf.dir/Core/Src/stm32f4xx_it.c.obj
                0x0000000008002014                SysTick_Handler
 .text.DMA1_Stream1_IRQHandler
                0x000000000800201c       0x10 CMakeFiles/Car.elf.dir/Core/Src/stm32f4xx_it.c.obj
                0x000000000800201c                DMA1_Stream1_IRQHandler
 .text.USART1_IRQHandler
                0x000000000800202c       0x10 CMakeFiles/Car.elf.dir/Core/Src/stm32f4xx_it.c.obj
                0x000000000800202c                USART1_IRQHandler
 .text.USART3_IRQHandler
                0x000000000800203c       0x6c CMakeFiles/Car.elf.dir/Core/Src/stm32f4xx_it.c.obj
                0x000000000800203c                USART3_IRQHandler
 .text.TIM6_DAC_IRQHandler
                0x00000000080020a8       0x10 CMakeFiles/Car.elf.dir/Core/Src/stm32f4xx_it.c.obj
                0x00000000080020a8                TIM6_DAC_IRQHandler
 .text.HAL_UART_RxCpltCallback
                0x00000000080020b8       0x2c CMakeFiles/Car.elf.dir/Core/Src/stm32f4xx_it.c.obj
                0x00000000080020b8                HAL_UART_RxCpltCallback
 .text._getpid  0x00000000080020e4        0x4 CMakeFiles/Car.elf.dir/Core/Src/syscalls.c.obj
                0x00000000080020e4                _getpid
 .text._kill    0x00000000080020e8       0x10 CMakeFiles/Car.elf.dir/Core/Src/syscalls.c.obj
                0x00000000080020e8                _kill
 .text._exit    0x00000000080020f8        0xc CMakeFiles/Car.elf.dir/Core/Src/syscalls.c.obj
                0x00000000080020f8                _exit
 .text._sbrk    0x0000000008002104       0x48 CMakeFiles/Car.elf.dir/Core/Src/sysmem.c.obj
                0x0000000008002104                _sbrk
 .text.SystemInit
                0x000000000800214c        0x2 CMakeFiles/Car.elf.dir/Core/Src/system_stm32f4xx.c.obj
                0x000000000800214c                SystemInit
 *fill*         0x000000000800214e        0x2 
 .text.MX_TIM6_Init
                0x0000000008002150       0x50 CMakeFiles/Car.elf.dir/Core/Src/tim.c.obj
                0x0000000008002150                MX_TIM6_Init
 .text.MX_TIM7_Init
                0x00000000080021a0       0x50 CMakeFiles/Car.elf.dir/Core/Src/tim.c.obj
                0x00000000080021a0                MX_TIM7_Init
 .text.HAL_TIM_Base_MspInit
                0x00000000080021f0       0x8c CMakeFiles/Car.elf.dir/Core/Src/tim.c.obj
                0x00000000080021f0                HAL_TIM_Base_MspInit
 .text.HAL_TIM_MspPostInit
                0x000000000800227c       0x80 CMakeFiles/Car.elf.dir/Core/Src/tim.c.obj
                0x000000000800227c                HAL_TIM_MspPostInit
 .text.MX_TIM3_Init
                0x00000000080022fc       0xec CMakeFiles/Car.elf.dir/Core/Src/tim.c.obj
                0x00000000080022fc                MX_TIM3_Init
 .text.MX_UART4_Init
                0x00000000080023e8       0x34 CMakeFiles/Car.elf.dir/Core/Src/usart.c.obj
                0x00000000080023e8                MX_UART4_Init
 .text.MX_UART5_Init
                0x000000000800241c       0x34 CMakeFiles/Car.elf.dir/Core/Src/usart.c.obj
                0x000000000800241c                MX_UART5_Init
 .text.MX_USART1_UART_Init
                0x0000000008002450       0x34 CMakeFiles/Car.elf.dir/Core/Src/usart.c.obj
                0x0000000008002450                MX_USART1_UART_Init
 .text.MX_USART2_UART_Init
                0x0000000008002484       0x34 CMakeFiles/Car.elf.dir/Core/Src/usart.c.obj
                0x0000000008002484                MX_USART2_UART_Init
 .text.MX_USART3_UART_Init
                0x00000000080024b8       0x34 CMakeFiles/Car.elf.dir/Core/Src/usart.c.obj
                0x00000000080024b8                MX_USART3_UART_Init
 .text.MX_USART6_UART_Init
                0x00000000080024ec       0x34 CMakeFiles/Car.elf.dir/Core/Src/usart.c.obj
                0x00000000080024ec                MX_USART6_UART_Init
 .text.HAL_UART_MspInit
                0x0000000008002520      0x298 CMakeFiles/Car.elf.dir/Core/Src/usart.c.obj
                0x0000000008002520                HAL_UART_MspInit
 .text.Reset_Handler
                0x00000000080027b8       0x50 CMakeFiles/Car.elf.dir/Core/Startup/startup_stm32f407zetx.s.obj
                0x00000000080027b8                Reset_Handler
 .text.Default_Handler
                0x0000000008002808        0x2 CMakeFiles/Car.elf.dir/Core/Startup/startup_stm32f407zetx.s.obj
                0x0000000008002808                RTC_Alarm_IRQHandler
                0x0000000008002808                HASH_RNG_IRQHandler
                0x0000000008002808                EXTI2_IRQHandler
                0x0000000008002808                TIM8_CC_IRQHandler
                0x0000000008002808                TIM1_CC_IRQHandler
                0x0000000008002808                DMA2_Stream5_IRQHandler
                0x0000000008002808                DMA1_Stream5_IRQHandler
                0x0000000008002808                PVD_IRQHandler
                0x0000000008002808                SDIO_IRQHandler
                0x0000000008002808                TAMP_STAMP_IRQHandler
                0x0000000008002808                CAN2_RX1_IRQHandler
                0x0000000008002808                EXTI3_IRQHandler
                0x0000000008002808                TIM8_TRG_COM_TIM14_IRQHandler
                0x0000000008002808                TIM1_UP_TIM10_IRQHandler
                0x0000000008002808                TIM8_UP_TIM13_IRQHandler
                0x0000000008002808                I2C3_ER_IRQHandler
                0x0000000008002808                EXTI0_IRQHandler
                0x0000000008002808                I2C2_EV_IRQHandler
                0x0000000008002808                DMA1_Stream2_IRQHandler
                0x0000000008002808                CAN1_RX0_IRQHandler
                0x0000000008002808                FPU_IRQHandler
                0x0000000008002808                OTG_HS_WKUP_IRQHandler
                0x0000000008002808                CAN2_SCE_IRQHandler
                0x0000000008002808                DMA2_Stream2_IRQHandler
                0x0000000008002808                SPI1_IRQHandler
                0x0000000008002808                TIM1_BRK_TIM9_IRQHandler
                0x0000000008002808                DCMI_IRQHandler
                0x0000000008002808                CAN2_RX0_IRQHandler
                0x0000000008002808                DMA2_Stream3_IRQHandler
                0x0000000008002808                USART6_IRQHandler
                0x0000000008002808                CAN1_RX1_IRQHandler
                0x0000000008002808                UART5_IRQHandler
                0x0000000008002808                DMA2_Stream0_IRQHandler
                0x0000000008002808                TIM4_IRQHandler
                0x0000000008002808                I2C1_EV_IRQHandler
                0x0000000008002808                DMA1_Stream6_IRQHandler
                0x0000000008002808                UART4_IRQHandler
                0x0000000008002808                TIM3_IRQHandler
                0x0000000008002808                RCC_IRQHandler
                0x0000000008002808                TIM8_BRK_TIM12_IRQHandler
                0x0000000008002808                Default_Handler
                0x0000000008002808                EXTI15_10_IRQHandler
                0x0000000008002808                ADC_IRQHandler
                0x0000000008002808                DMA1_Stream7_IRQHandler
                0x0000000008002808                TIM7_IRQHandler
                0x0000000008002808                CAN2_TX_IRQHandler
                0x0000000008002808                TIM5_IRQHandler
                0x0000000008002808                DMA2_Stream7_IRQHandler
                0x0000000008002808                I2C3_EV_IRQHandler
                0x0000000008002808                EXTI9_5_IRQHandler
                0x0000000008002808                RTC_WKUP_IRQHandler
                0x0000000008002808                ETH_WKUP_IRQHandler
                0x0000000008002808                SPI2_IRQHandler
                0x0000000008002808                OTG_HS_EP1_IN_IRQHandler
                0x0000000008002808                DMA1_Stream0_IRQHandler
                0x0000000008002808                CAN1_TX_IRQHandler
                0x0000000008002808                EXTI4_IRQHandler
                0x0000000008002808                FSMC_IRQHandler
                0x0000000008002808                ETH_IRQHandler
                0x0000000008002808                OTG_HS_EP1_OUT_IRQHandler
                0x0000000008002808                WWDG_IRQHandler
                0x0000000008002808                TIM2_IRQHandler
                0x0000000008002808                OTG_FS_WKUP_IRQHandler
                0x0000000008002808                TIM1_TRG_COM_TIM11_IRQHandler
                0x0000000008002808                OTG_HS_IRQHandler
                0x0000000008002808                EXTI1_IRQHandler
                0x0000000008002808                USART2_IRQHandler
                0x0000000008002808                I2C2_ER_IRQHandler
                0x0000000008002808                DMA2_Stream1_IRQHandler
                0x0000000008002808                CAN1_SCE_IRQHandler
                0x0000000008002808                FLASH_IRQHandler
                0x0000000008002808                DMA2_Stream4_IRQHandler
                0x0000000008002808                OTG_FS_IRQHandler
                0x0000000008002808                SPI3_IRQHandler
                0x0000000008002808                DMA1_Stream4_IRQHandler
                0x0000000008002808                I2C1_ER_IRQHandler
                0x0000000008002808                DMA2_Stream6_IRQHandler
                0x0000000008002808                DMA1_Stream3_IRQHandler
 *fill*         0x000000000800280a        0x2 
 .text.HAL_InitTick
                0x000000000800280c       0x4c CMakeFiles/Car.elf.dir/Drivers/STM32F4xx_HAL_Driver/Src/stm32f4xx_hal.c.obj
                0x000000000800280c                HAL_InitTick
 .text.HAL_Init
                0x0000000008002858       0x34 CMakeFiles/Car.elf.dir/Drivers/STM32F4xx_HAL_Driver/Src/stm32f4xx_hal.c.obj
                0x0000000008002858                HAL_Init
 .text.HAL_IncTick
                0x000000000800288c       0x18 CMakeFiles/Car.elf.dir/Drivers/STM32F4xx_HAL_Driver/Src/stm32f4xx_hal.c.obj
                0x000000000800288c                HAL_IncTick
 .text.HAL_GetTick
                0x00000000080028a4        0xc CMakeFiles/Car.elf.dir/Drivers/STM32F4xx_HAL_Driver/Src/stm32f4xx_hal.c.obj
                0x00000000080028a4                HAL_GetTick
 .text.HAL_NVIC_SetPriorityGrouping
                0x00000000080028b0       0x24 CMakeFiles/Car.elf.dir/Drivers/STM32F4xx_HAL_Driver/Src/stm32f4xx_hal_cortex.c.obj
                0x00000000080028b0                HAL_NVIC_SetPriorityGrouping
 .text.HAL_NVIC_SetPriority
                0x00000000080028d4       0x70 CMakeFiles/Car.elf.dir/Drivers/STM32F4xx_HAL_Driver/Src/stm32f4xx_hal_cortex.c.obj
                0x00000000080028d4                HAL_NVIC_SetPriority
 .text.HAL_NVIC_EnableIRQ
                0x0000000008002944       0x1c CMakeFiles/Car.elf.dir/Drivers/STM32F4xx_HAL_Driver/Src/stm32f4xx_hal_cortex.c.obj
                0x0000000008002944                HAL_NVIC_EnableIRQ
 .text.HAL_SYSTICK_Config
                0x0000000008002960       0x28 CMakeFiles/Car.elf.dir/Drivers/STM32F4xx_HAL_Driver/Src/stm32f4xx_hal_cortex.c.obj
                0x0000000008002960                HAL_SYSTICK_Config
 .text.HAL_SYSTICK_CLKSourceConfig
                0x0000000008002988       0x20 CMakeFiles/Car.elf.dir/Drivers/STM32F4xx_HAL_Driver/Src/stm32f4xx_hal_cortex.c.obj
                0x0000000008002988                HAL_SYSTICK_CLKSourceConfig
 .text.DMA_SetConfig
                0x00000000080029a8       0x2c CMakeFiles/Car.elf.dir/Drivers/STM32F4xx_HAL_Driver/Src/stm32f4xx_hal_dma.c.obj
 .text.DMA_CalcBaseAndBitshift
                0x00000000080029d4       0x40 CMakeFiles/Car.elf.dir/Drivers/STM32F4xx_HAL_Driver/Src/stm32f4xx_hal_dma.c.obj
 .text.DMA_CheckFifoParam
                0x0000000008002a14       0x8e CMakeFiles/Car.elf.dir/Drivers/STM32F4xx_HAL_Driver/Src/stm32f4xx_hal_dma.c.obj
 *fill*         0x0000000008002aa2        0x2 
 .text.HAL_DMA_Init
                0x0000000008002aa4       0xcc CMakeFiles/Car.elf.dir/Drivers/STM32F4xx_HAL_Driver/Src/stm32f4xx_hal_dma.c.obj
                0x0000000008002aa4                HAL_DMA_Init
 .text.HAL_DMA_Start_IT
                0x0000000008002b70       0x6a CMakeFiles/Car.elf.dir/Drivers/STM32F4xx_HAL_Driver/Src/stm32f4xx_hal_dma.c.obj
                0x0000000008002b70                HAL_DMA_Start_IT
 .text.HAL_DMA_Abort
                0x0000000008002bda       0x94 CMakeFiles/Car.elf.dir/Drivers/STM32F4xx_HAL_Driver/Src/stm32f4xx_hal_dma.c.obj
                0x0000000008002bda                HAL_DMA_Abort
 .text.HAL_DMA_Abort_IT
                0x0000000008002c6e       0x26 CMakeFiles/Car.elf.dir/Drivers/STM32F4xx_HAL_Driver/Src/stm32f4xx_hal_dma.c.obj
                0x0000000008002c6e                HAL_DMA_Abort_IT
 .text.HAL_DMA_IRQHandler
                0x0000000008002c94      0x1dc CMakeFiles/Car.elf.dir/Drivers/STM32F4xx_HAL_Driver/Src/stm32f4xx_hal_dma.c.obj
                0x0000000008002c94                HAL_DMA_IRQHandler
 .text.HAL_GPIO_Init
                0x0000000008002e70      0x1e4 CMakeFiles/Car.elf.dir/Drivers/STM32F4xx_HAL_Driver/Src/stm32f4xx_hal_gpio.c.obj
                0x0000000008002e70                HAL_GPIO_Init
 .text.HAL_GPIO_WritePin
                0x0000000008003054        0xc CMakeFiles/Car.elf.dir/Drivers/STM32F4xx_HAL_Driver/Src/stm32f4xx_hal_gpio.c.obj
                0x0000000008003054                HAL_GPIO_WritePin
 .text.HAL_GPIO_TogglePin
                0x0000000008003060       0x12 CMakeFiles/Car.elf.dir/Drivers/STM32F4xx_HAL_Driver/Src/stm32f4xx_hal_gpio.c.obj
                0x0000000008003060                HAL_GPIO_TogglePin
 *fill*         0x0000000008003072        0x2 
 .text.HAL_I2C_Init
                0x0000000008003074      0x1bc CMakeFiles/Car.elf.dir/Drivers/STM32F4xx_HAL_Driver/Src/stm32f4xx_hal_i2c.c.obj
                0x0000000008003074                HAL_I2C_Init
 .text.HAL_RCC_OscConfig
                0x0000000008003230      0x3f8 CMakeFiles/Car.elf.dir/Drivers/STM32F4xx_HAL_Driver/Src/stm32f4xx_hal_rcc.c.obj
                0x0000000008003230                HAL_RCC_OscConfig
 .text.HAL_RCC_GetSysClockFreq
                0x0000000008003628       0xd4 CMakeFiles/Car.elf.dir/Drivers/STM32F4xx_HAL_Driver/Src/stm32f4xx_hal_rcc.c.obj
                0x0000000008003628                HAL_RCC_GetSysClockFreq
 .text.HAL_RCC_ClockConfig
                0x00000000080036fc      0x160 CMakeFiles/Car.elf.dir/Drivers/STM32F4xx_HAL_Driver/Src/stm32f4xx_hal_rcc.c.obj
                0x00000000080036fc                HAL_RCC_ClockConfig
 .text.HAL_RCC_GetHCLKFreq
                0x000000000800385c        0xc CMakeFiles/Car.elf.dir/Drivers/STM32F4xx_HAL_Driver/Src/stm32f4xx_hal_rcc.c.obj
                0x000000000800385c                HAL_RCC_GetHCLKFreq
 .text.HAL_RCC_GetPCLK1Freq
                0x0000000008003868       0x20 CMakeFiles/Car.elf.dir/Drivers/STM32F4xx_HAL_Driver/Src/stm32f4xx_hal_rcc.c.obj
                0x0000000008003868                HAL_RCC_GetPCLK1Freq
 .text.HAL_RCC_GetPCLK2Freq
                0x0000000008003888       0x20 CMakeFiles/Car.elf.dir/Drivers/STM32F4xx_HAL_Driver/Src/stm32f4xx_hal_rcc.c.obj
                0x0000000008003888                HAL_RCC_GetPCLK2Freq
 .text.TIM_OC1_SetConfig
                0x00000000080038a8       0x68 CMakeFiles/Car.elf.dir/Drivers/STM32F4xx_HAL_Driver/Src/stm32f4xx_hal_tim.c.obj
 .text.TIM_OC3_SetConfig
                0x0000000008003910       0x70 CMakeFiles/Car.elf.dir/Drivers/STM32F4xx_HAL_Driver/Src/stm32f4xx_hal_tim.c.obj
 .text.TIM_OC4_SetConfig
                0x0000000008003980       0x50 CMakeFiles/Car.elf.dir/Drivers/STM32F4xx_HAL_Driver/Src/stm32f4xx_hal_tim.c.obj
 .text.TIM_TI1_ConfigInputStage
                0x00000000080039d0       0x24 CMakeFiles/Car.elf.dir/Drivers/STM32F4xx_HAL_Driver/Src/stm32f4xx_hal_tim.c.obj
 .text.TIM_TI2_ConfigInputStage
                0x00000000080039f4       0x26 CMakeFiles/Car.elf.dir/Drivers/STM32F4xx_HAL_Driver/Src/stm32f4xx_hal_tim.c.obj
 .text.TIM_ITRx_SetConfig
                0x0000000008003a1a       0x10 CMakeFiles/Car.elf.dir/Drivers/STM32F4xx_HAL_Driver/Src/stm32f4xx_hal_tim.c.obj
 *fill*         0x0000000008003a2a        0x2 
 .text.HAL_TIM_Base_Start_IT
                0x0000000008003a2c       0x88 CMakeFiles/Car.elf.dir/Drivers/STM32F4xx_HAL_Driver/Src/stm32f4xx_hal_tim.c.obj
                0x0000000008003a2c                HAL_TIM_Base_Start_IT
 .text.HAL_TIM_PWM_MspInit
                0x0000000008003ab4        0x2 CMakeFiles/Car.elf.dir/Drivers/STM32F4xx_HAL_Driver/Src/stm32f4xx_hal_tim.c.obj
                0x0000000008003ab4                HAL_TIM_PWM_MspInit
 .text.HAL_TIM_OC_DelayElapsedCallback
                0x0000000008003ab6        0x2 CMakeFiles/Car.elf.dir/Drivers/STM32F4xx_HAL_Driver/Src/stm32f4xx_hal_tim.c.obj
                0x0000000008003ab6                HAL_TIM_OC_DelayElapsedCallback
 .text.HAL_TIM_IC_CaptureCallback
                0x0000000008003ab8        0x2 CMakeFiles/Car.elf.dir/Drivers/STM32F4xx_HAL_Driver/Src/stm32f4xx_hal_tim.c.obj
                0x0000000008003ab8                HAL_TIM_IC_CaptureCallback
 .text.HAL_TIM_PWM_PulseFinishedCallback
                0x0000000008003aba        0x2 CMakeFiles/Car.elf.dir/Drivers/STM32F4xx_HAL_Driver/Src/stm32f4xx_hal_tim.c.obj
                0x0000000008003aba                HAL_TIM_PWM_PulseFinishedCallback
 .text.HAL_TIM_TriggerCallback
                0x0000000008003abc        0x2 CMakeFiles/Car.elf.dir/Drivers/STM32F4xx_HAL_Driver/Src/stm32f4xx_hal_tim.c.obj
                0x0000000008003abc                HAL_TIM_TriggerCallback
 .text.HAL_TIM_IRQHandler
                0x0000000008003abe      0x15e CMakeFiles/Car.elf.dir/Drivers/STM32F4xx_HAL_Driver/Src/stm32f4xx_hal_tim.c.obj
                0x0000000008003abe                HAL_TIM_IRQHandler
 .text.TIM_Base_SetConfig
                0x0000000008003c1c       0xd8 CMakeFiles/Car.elf.dir/Drivers/STM32F4xx_HAL_Driver/Src/stm32f4xx_hal_tim.c.obj
                0x0000000008003c1c                TIM_Base_SetConfig
 .text.HAL_TIM_Base_Init
                0x0000000008003cf4       0x58 CMakeFiles/Car.elf.dir/Drivers/STM32F4xx_HAL_Driver/Src/stm32f4xx_hal_tim.c.obj
                0x0000000008003cf4                HAL_TIM_Base_Init
 .text.HAL_TIM_PWM_Init
                0x0000000008003d4c       0x58 CMakeFiles/Car.elf.dir/Drivers/STM32F4xx_HAL_Driver/Src/stm32f4xx_hal_tim.c.obj
                0x0000000008003d4c                HAL_TIM_PWM_Init
 .text.TIM_OC2_SetConfig
                0x0000000008003da4       0x70 CMakeFiles/Car.elf.dir/Drivers/STM32F4xx_HAL_Driver/Src/stm32f4xx_hal_tim.c.obj
                0x0000000008003da4                TIM_OC2_SetConfig
 .text.HAL_TIM_PWM_ConfigChannel
                0x0000000008003e14       0xdc CMakeFiles/Car.elf.dir/Drivers/STM32F4xx_HAL_Driver/Src/stm32f4xx_hal_tim.c.obj
                0x0000000008003e14                HAL_TIM_PWM_ConfigChannel
 .text.TIM_ETR_SetConfig
                0x0000000008003ef0       0x18 CMakeFiles/Car.elf.dir/Drivers/STM32F4xx_HAL_Driver/Src/stm32f4xx_hal_tim.c.obj
                0x0000000008003ef0                TIM_ETR_SetConfig
 .text.HAL_TIM_ConfigClockSource
                0x0000000008003f08       0xfe CMakeFiles/Car.elf.dir/Drivers/STM32F4xx_HAL_Driver/Src/stm32f4xx_hal_tim.c.obj
                0x0000000008003f08                HAL_TIM_ConfigClockSource
 .text.TIM_CCxChannelCmd
                0x0000000008004006       0x1e CMakeFiles/Car.elf.dir/Drivers/STM32F4xx_HAL_Driver/Src/stm32f4xx_hal_tim.c.obj
                0x0000000008004006                TIM_CCxChannelCmd
 .text.HAL_TIM_PWM_Start
                0x0000000008004024      0x104 CMakeFiles/Car.elf.dir/Drivers/STM32F4xx_HAL_Driver/Src/stm32f4xx_hal_tim.c.obj
                0x0000000008004024                HAL_TIM_PWM_Start
 .text.HAL_TIMEx_MasterConfigSynchronization
                0x0000000008004128       0x8c CMakeFiles/Car.elf.dir/Drivers/STM32F4xx_HAL_Driver/Src/stm32f4xx_hal_tim_ex.c.obj
                0x0000000008004128                HAL_TIMEx_MasterConfigSynchronization
 .text.HAL_TIMEx_CommutCallback
                0x00000000080041b4        0x2 CMakeFiles/Car.elf.dir/Drivers/STM32F4xx_HAL_Driver/Src/stm32f4xx_hal_tim_ex.c.obj
                0x00000000080041b4                HAL_TIMEx_CommutCallback
 .text.HAL_TIMEx_BreakCallback
                0x00000000080041b6        0x2 CMakeFiles/Car.elf.dir/Drivers/STM32F4xx_HAL_Driver/Src/stm32f4xx_hal_tim_ex.c.obj
                0x00000000080041b6                HAL_TIMEx_BreakCallback
 .text.UART_EndTxTransfer
                0x00000000080041b8       0x20 CMakeFiles/Car.elf.dir/Drivers/STM32F4xx_HAL_Driver/Src/stm32f4xx_hal_uart.c.obj
 .text.UART_EndRxTransfer
                0x00000000080041d8       0x5c CMakeFiles/Car.elf.dir/Drivers/STM32F4xx_HAL_Driver/Src/stm32f4xx_hal_uart.c.obj
 .text.UART_Transmit_IT
                0x0000000008004234       0x60 CMakeFiles/Car.elf.dir/Drivers/STM32F4xx_HAL_Driver/Src/stm32f4xx_hal_uart.c.obj
 .text.UART_SetConfig
                0x0000000008004294      0x110 CMakeFiles/Car.elf.dir/Drivers/STM32F4xx_HAL_Driver/Src/stm32f4xx_hal_uart.c.obj
 .text.UART_WaitOnFlagUntilTimeout
                0x00000000080043a4       0x8a CMakeFiles/Car.elf.dir/Drivers/STM32F4xx_HAL_Driver/Src/stm32f4xx_hal_uart.c.obj
 .text.HAL_UART_Init
                0x000000000800442e       0x60 CMakeFiles/Car.elf.dir/Drivers/STM32F4xx_HAL_Driver/Src/stm32f4xx_hal_uart.c.obj
                0x000000000800442e                HAL_UART_Init
 .text.HAL_UART_Transmit
                0x000000000800448e       0xcc CMakeFiles/Car.elf.dir/Drivers/STM32F4xx_HAL_Driver/Src/stm32f4xx_hal_uart.c.obj
                0x000000000800448e                HAL_UART_Transmit
 .text.HAL_UART_Receive
                0x000000000800455a       0xd2 CMakeFiles/Car.elf.dir/Drivers/STM32F4xx_HAL_Driver/Src/stm32f4xx_hal_uart.c.obj
                0x000000000800455a                HAL_UART_Receive
 .text.HAL_UART_DMAStop
                0x000000000800462c       0x84 CMakeFiles/Car.elf.dir/Drivers/STM32F4xx_HAL_Driver/Src/stm32f4xx_hal_uart.c.obj
                0x000000000800462c                HAL_UART_DMAStop
 .text.HAL_UART_TxCpltCallback
                0x00000000080046b0        0x2 CMakeFiles/Car.elf.dir/Drivers/STM32F4xx_HAL_Driver/Src/stm32f4xx_hal_uart.c.obj
                0x00000000080046b0                HAL_UART_TxCpltCallback
 .text.UART_EndTransmit_IT
                0x00000000080046b2       0x1a CMakeFiles/Car.elf.dir/Drivers/STM32F4xx_HAL_Driver/Src/stm32f4xx_hal_uart.c.obj
 .text.HAL_UART_RxHalfCpltCallback
                0x00000000080046cc        0x2 CMakeFiles/Car.elf.dir/Drivers/STM32F4xx_HAL_Driver/Src/stm32f4xx_hal_uart.c.obj
                0x00000000080046cc                HAL_UART_RxHalfCpltCallback
 .text.HAL_UART_ErrorCallback
                0x00000000080046ce        0x2 CMakeFiles/Car.elf.dir/Drivers/STM32F4xx_HAL_Driver/Src/stm32f4xx_hal_uart.c.obj
                0x00000000080046ce                HAL_UART_ErrorCallback
 .text.UART_DMAError
                0x00000000080046d0       0x58 CMakeFiles/Car.elf.dir/Drivers/STM32F4xx_HAL_Driver/Src/stm32f4xx_hal_uart.c.obj
 .text.UART_DMAAbortOnError
                0x0000000008004728       0x10 CMakeFiles/Car.elf.dir/Drivers/STM32F4xx_HAL_Driver/Src/stm32f4xx_hal_uart.c.obj
 .text.HAL_UARTEx_RxEventCallback
                0x0000000008004738        0x2 CMakeFiles/Car.elf.dir/Drivers/STM32F4xx_HAL_Driver/Src/stm32f4xx_hal_uart.c.obj
                0x0000000008004738                HAL_UARTEx_RxEventCallback
 .text.UART_Receive_IT
                0x000000000800473a       0xe6 CMakeFiles/Car.elf.dir/Drivers/STM32F4xx_HAL_Driver/Src/stm32f4xx_hal_uart.c.obj
 .text.HAL_UART_IRQHandler
                0x0000000008004820      0x288 CMakeFiles/Car.elf.dir/Drivers/STM32F4xx_HAL_Driver/Src/stm32f4xx_hal_uart.c.obj
                0x0000000008004820                HAL_UART_IRQHandler
 .text.UART_DMARxHalfCplt
                0x0000000008004aa8       0x1e CMakeFiles/Car.elf.dir/Drivers/STM32F4xx_HAL_Driver/Src/stm32f4xx_hal_uart.c.obj
 .text.UART_DMAReceiveCplt
                0x0000000008004ac6       0x9a CMakeFiles/Car.elf.dir/Drivers/STM32F4xx_HAL_Driver/Src/stm32f4xx_hal_uart.c.obj
 .text.UART_Start_Receive_IT
                0x0000000008004b60       0x36 CMakeFiles/Car.elf.dir/Drivers/STM32F4xx_HAL_Driver/Src/stm32f4xx_hal_uart.c.obj
                0x0000000008004b60                UART_Start_Receive_IT
 .text.HAL_UART_Receive_IT
                0x0000000008004b96       0x26 CMakeFiles/Car.elf.dir/Drivers/STM32F4xx_HAL_Driver/Src/stm32f4xx_hal_uart.c.obj
                0x0000000008004b96                HAL_UART_Receive_IT
 .text.UART_Start_Receive_DMA
                0x0000000008004bbc       0xa4 CMakeFiles/Car.elf.dir/Drivers/STM32F4xx_HAL_Driver/Src/stm32f4xx_hal_uart.c.obj
                0x0000000008004bbc                UART_Start_Receive_DMA
 .text.HAL_UART_Receive_DMA
                0x0000000008004c60       0x26 CMakeFiles/Car.elf.dir/Drivers/STM32F4xx_HAL_Driver/Src/stm32f4xx_hal_uart.c.obj
                0x0000000008004c60                HAL_UART_Receive_DMA
 *fill*         0x0000000008004c86        0x2 
 .text.Control_Proc
                0x0000000008004c88      0x6f8 CMakeFiles/Car.elf.dir/Task/Control.c.obj
                0x0000000008004c88                Control_Proc
 .text.My_ABS   0x0000000008005380        0xa CMakeFiles/Car.elf.dir/Task/Motor.c.obj
                0x0000000008005380                My_ABS
 *fill*         0x000000000800538a        0x2 
 .text.Motor_Receive_Data
                0x000000000800538c      0x1c4 CMakeFiles/Car.elf.dir/Task/Motor.c.obj
                0x000000000800538c                Motor_Receive_Data
 .text.Motor_Enable
                0x0000000008005550       0x38 CMakeFiles/Car.elf.dir/Task/Motor.c.obj
                0x0000000008005550                Motor_Enable
 .text.Motor_Reset
                0x0000000008005588       0x58 CMakeFiles/Car.elf.dir/Task/Motor.c.obj
                0x0000000008005588                Motor_Reset
 .text.Motor_Enable_All
                0x00000000080055e0       0x22 CMakeFiles/Car.elf.dir/Task/Motor.c.obj
                0x00000000080055e0                Motor_Enable_All
 *fill*         0x0000000008005602        0x2 
 .text.Motor_Init
                0x0000000008005604       0x30 CMakeFiles/Car.elf.dir/Task/Motor.c.obj
                0x0000000008005604                Motor_Init
 .text.Motor_State_Scan
                0x0000000008005634       0x2c CMakeFiles/Car.elf.dir/Task/Motor.c.obj
                0x0000000008005634                Motor_State_Scan
 .text.Motor_Read_Current
                0x0000000008005660       0x2c CMakeFiles/Car.elf.dir/Task/Motor.c.obj
                0x0000000008005660                Motor_Read_Current
 .text.Motor_Run
                0x000000000800568c       0x30 CMakeFiles/Car.elf.dir/Task/Motor.c.obj
                0x000000000800568c                Motor_Run
 .text.Motor_SetPosition
                0x00000000080056bc       0x98 CMakeFiles/Car.elf.dir/Task/Motor.c.obj
                0x00000000080056bc                Motor_SetPosition
 .text.Motor_SetPosition_Dir
                0x0000000008005754       0xb4 CMakeFiles/Car.elf.dir/Task/Motor.c.obj
                0x0000000008005754                Motor_SetPosition_Dir
 .text.Motor_SetPosition_A
                0x0000000008005808       0xc4 CMakeFiles/Car.elf.dir/Task/Motor.c.obj
                0x0000000008005808                Motor_SetPosition_A
 *fill*         0x00000000080058cc        0x4 
 .text.Car_Go_Target
                0x00000000080058d0      0x288 CMakeFiles/Car.elf.dir/Task/Motor.c.obj
                0x00000000080058d0                Car_Go_Target
 .text.Car_Turn
                0x0000000008005b58      0x128 CMakeFiles/Car.elf.dir/Task/Motor.c.obj
                0x0000000008005b58                Car_Turn
 .text.Car_Calibration
                0x0000000008005c80      0x27c CMakeFiles/Car.elf.dir/Task/Motor.c.obj
                0x0000000008005c80                Car_Calibration
 .text.HuaGui_JiaoZhun
                0x0000000008005efc       0x3c CMakeFiles/Car.elf.dir/Task/Motor.c.obj
                0x0000000008005efc                HuaGui_JiaoZhun
 .text.HuaGui_UP
                0x0000000008005f38       0x20 CMakeFiles/Car.elf.dir/Task/Motor.c.obj
                0x0000000008005f38                HuaGui_UP
 .text.HuaGui_DOWN
                0x0000000008005f58       0x20 CMakeFiles/Car.elf.dir/Task/Motor.c.obj
                0x0000000008005f58                HuaGui_DOWN
 .text.HuaGui_DOWN2
                0x0000000008005f78       0x20 CMakeFiles/Car.elf.dir/Task/Motor.c.obj
                0x0000000008005f78                HuaGui_DOWN2
 .text.HuaGui_Fang
                0x0000000008005f98       0x20 CMakeFiles/Car.elf.dir/Task/Motor.c.obj
                0x0000000008005f98                HuaGui_Fang
 .text.HuaGui_Qu
                0x0000000008005fb8       0x20 CMakeFiles/Car.elf.dir/Task/Motor.c.obj
                0x0000000008005fb8                HuaGui_Qu
 .text.HuaGui_ZhuanPan
                0x0000000008005fd8       0x20 CMakeFiles/Car.elf.dir/Task/Motor.c.obj
                0x0000000008005fd8                HuaGui_ZhuanPan
 .text.HAL_TIM_PeriodElapsedCallback
                0x0000000008005ff8      0x188 CMakeFiles/Car.elf.dir/Task/Move.c.obj
                0x0000000008005ff8                HAL_TIM_PeriodElapsedCallback
 .text.Get_Loads
                0x0000000008006180      0x298 CMakeFiles/Car.elf.dir/Task/Move.c.obj
                0x0000000008006180                Get_Loads
 .text.Put_Loads
                0x0000000008006418      0x254 CMakeFiles/Car.elf.dir/Task/Move.c.obj
                0x0000000008006418                Put_Loads
 .text.Servo_SetAngle
                0x000000000800666c       0xe8 CMakeFiles/Car.elf.dir/Task/Servo.c.obj
                0x000000000800666c                Servo_SetAngle
 .text.Servo_Init
                0x0000000008006754       0x48 CMakeFiles/Car.elf.dir/Task/Servo.c.obj
                0x0000000008006754                Servo_Init
 .text.Servo_CallBack
                0x000000000800679c       0xe8 CMakeFiles/Car.elf.dir/Task/Servo.c.obj
                0x000000000800679c                Servo_CallBack
 .text.JiaZhua_Turn
                0x0000000008006884       0x6c CMakeFiles/Car.elf.dir/Task/Servo.c.obj
                0x0000000008006884                JiaZhua_Turn
 .text.HuaGui_Turn
                0x00000000080068f0       0x78 CMakeFiles/Car.elf.dir/Task/Servo.c.obj
                0x00000000080068f0                HuaGui_Turn
 .text.ZaiWu_Turn
                0x0000000008006968       0xd0 CMakeFiles/Car.elf.dir/Task/Servo.c.obj
                0x0000000008006968                ZaiWu_Turn
 .text.__errno  0x0000000008006a38        0xc /usr/local/arm/10.3/bin/../lib/gcc/arm-none-eabi/10.3.1/../../../../arm-none-eabi/lib/thumb/v7e-m/nofp/libg.a(lib_a-errno.o)
                0x0000000008006a38                __errno
 .text.__libc_init_array
                0x0000000008006a44       0x48 /usr/local/arm/10.3/bin/../lib/gcc/arm-none-eabi/10.3.1/../../../../arm-none-eabi/lib/thumb/v7e-m/nofp/libg.a(lib_a-init.o)
                0x0000000008006a44                __libc_init_array
 .text.memset   0x0000000008006a8c       0xa4 /usr/local/arm/10.3/bin/../lib/gcc/arm-none-eabi/10.3.1/../../../../arm-none-eabi/lib/thumb/v7e-m/nofp/libg.a(lib_a-memset.o)
                0x0000000008006a8c                memset
 .text.printf   0x0000000008006b30       0x28 /usr/local/arm/10.3/bin/../lib/gcc/arm-none-eabi/10.3.1/../../../../arm-none-eabi/lib/thumb/v7e-m/nofp/libg.a(lib_a-printf.o)
                0x0000000008006b30                printf
 .text._puts_r  0x0000000008006b58       0x9c /usr/local/arm/10.3/bin/../lib/gcc/arm-none-eabi/10.3.1/../../../../arm-none-eabi/lib/thumb/v7e-m/nofp/libg.a(lib_a-puts.o)
                0x0000000008006b58                _puts_r
 .text.puts     0x0000000008006bf4       0x10 /usr/local/arm/10.3/bin/../lib/gcc/arm-none-eabi/10.3.1/../../../../arm-none-eabi/lib/thumb/v7e-m/nofp/libg.a(lib_a-puts.o)
                0x0000000008006bf4                puts
 .text.setvbuf  0x0000000008006c04      0x1b0 /usr/local/arm/10.3/bin/../lib/gcc/arm-none-eabi/10.3.1/../../../../arm-none-eabi/lib/thumb/v7e-m/nofp/libg.a(lib_a-setvbuf.o)
                0x0000000008006c04                setvbuf
 .text._vfprintf_r
                0x0000000008006db4     0x1ad4 /usr/local/arm/10.3/bin/../lib/gcc/arm-none-eabi/10.3.1/../../../../arm-none-eabi/lib/thumb/v7e-m/nofp/libg.a(lib_a-vfprintf.o)
                0x0000000008006db4                _vfprintf_r
 .text.__sbprintf
                0x0000000008008888       0x80 /usr/local/arm/10.3/bin/../lib/gcc/arm-none-eabi/10.3.1/../../../../arm-none-eabi/lib/thumb/v7e-m/nofp/libg.a(lib_a-vfprintf.o)
 .text.__swsetup_r
                0x0000000008008908       0xd4 /usr/local/arm/10.3/bin/../lib/gcc/arm-none-eabi/10.3.1/../../../../arm-none-eabi/lib/thumb/v7e-m/nofp/libg.a(lib_a-wsetup.o)
                0x0000000008008908                __swsetup_r
 .text.quorem   0x00000000080089dc      0x124 /usr/local/arm/10.3/bin/../lib/gcc/arm-none-eabi/10.3.1/../../../../arm-none-eabi/lib/thumb/v7e-m/nofp/libg.a(lib_a-dtoa.o)
 .text._dtoa_r  0x0000000008008b00      0xec4 /usr/local/arm/10.3/bin/../lib/gcc/arm-none-eabi/10.3.1/../../../../arm-none-eabi/lib/thumb/v7e-m/nofp/libg.a(lib_a-dtoa.o)
                0x0000000008008b00                _dtoa_r
 .text.__sflush_r
                0x00000000080099c4      0x120 /usr/local/arm/10.3/bin/../lib/gcc/arm-none-eabi/10.3.1/../../../../arm-none-eabi/lib/thumb/v7e-m/nofp/libg.a(lib_a-fflush.o)
                0x00000000080099c4                __sflush_r
 .text._fflush_r
                0x0000000008009ae4       0x5c /usr/local/arm/10.3/bin/../lib/gcc/arm-none-eabi/10.3.1/../../../../arm-none-eabi/lib/thumb/v7e-m/nofp/libg.a(lib_a-fflush.o)
                0x0000000008009ae4                _fflush_r
 .text._cleanup_r
                0x0000000008009b40        0xc /usr/local/arm/10.3/bin/../lib/gcc/arm-none-eabi/10.3.1/../../../../arm-none-eabi/lib/thumb/v7e-m/nofp/libg.a(lib_a-findfp.o)
                0x0000000008009b40                _cleanup_r
 .text.__sinit  0x0000000008009b4c      0x10c /usr/local/arm/10.3/bin/../lib/gcc/arm-none-eabi/10.3.1/../../../../arm-none-eabi/lib/thumb/v7e-m/nofp/libg.a(lib_a-findfp.o)
                0x0000000008009b4c                __sinit
 .text.__sfp_lock_acquire
                0x0000000008009c58        0xc /usr/local/arm/10.3/bin/../lib/gcc/arm-none-eabi/10.3.1/../../../../arm-none-eabi/lib/thumb/v7e-m/nofp/libg.a(lib_a-findfp.o)
                0x0000000008009c58                __sfp_lock_acquire
 .text.__sfp_lock_release
                0x0000000008009c64        0xc /usr/local/arm/10.3/bin/../lib/gcc/arm-none-eabi/10.3.1/../../../../arm-none-eabi/lib/thumb/v7e-m/nofp/libg.a(lib_a-findfp.o)
                0x0000000008009c64                __sfp_lock_release
 .text._malloc_trim_r
                0x0000000008009c70       0xa0 /usr/local/arm/10.3/bin/../lib/gcc/arm-none-eabi/10.3.1/../../../../arm-none-eabi/lib/thumb/v7e-m/nofp/libg.a(lib_a-freer.o)
                0x0000000008009c70                _malloc_trim_r
 .text._free_r  0x0000000008009d10      0x20c /usr/local/arm/10.3/bin/../lib/gcc/arm-none-eabi/10.3.1/../../../../arm-none-eabi/lib/thumb/v7e-m/nofp/libg.a(lib_a-freer.o)
                0x0000000008009d10                _free_r
 .text.__sfvwrite_r
                0x0000000008009f1c      0x2e8 /usr/local/arm/10.3/bin/../lib/gcc/arm-none-eabi/10.3.1/../../../../arm-none-eabi/lib/thumb/v7e-m/nofp/libg.a(lib_a-fvwrite.o)
                0x0000000008009f1c                __sfvwrite_r
 .text._fwalk_reent
                0x000000000800a204       0x48 /usr/local/arm/10.3/bin/../lib/gcc/arm-none-eabi/10.3.1/../../../../arm-none-eabi/lib/thumb/v7e-m/nofp/libg.a(lib_a-fwalk.o)
                0x000000000800a204                _fwalk_reent
 .text._localeconv_r
                0x000000000800a24c        0x8 /usr/local/arm/10.3/bin/../lib/gcc/arm-none-eabi/10.3.1/../../../../arm-none-eabi/lib/thumb/v7e-m/nofp/libg.a(lib_a-localeconv.o)
                0x000000000800a24c                _localeconv_r
 .text.__retarget_lock_init_recursive
                0x000000000800a254        0x4 /usr/local/arm/10.3/bin/../lib/gcc/arm-none-eabi/10.3.1/../../../../arm-none-eabi/lib/thumb/v7e-m/nofp/libg.a(lib_a-lock.o)
                0x000000000800a254                __retarget_lock_init_recursive
 .text.__retarget_lock_close_recursive
                0x000000000800a258        0x4 /usr/local/arm/10.3/bin/../lib/gcc/arm-none-eabi/10.3.1/../../../../arm-none-eabi/lib/thumb/v7e-m/nofp/libg.a(lib_a-lock.o)
                0x000000000800a258                __retarget_lock_close_recursive
 .text.__retarget_lock_acquire_recursive
                0x000000000800a25c        0x4 /usr/local/arm/10.3/bin/../lib/gcc/arm-none-eabi/10.3.1/../../../../arm-none-eabi/lib/thumb/v7e-m/nofp/libg.a(lib_a-lock.o)
                0x000000000800a25c                __retarget_lock_acquire_recursive
 .text.__retarget_lock_release_recursive
                0x000000000800a260        0x4 /usr/local/arm/10.3/bin/../lib/gcc/arm-none-eabi/10.3.1/../../../../arm-none-eabi/lib/thumb/v7e-m/nofp/libg.a(lib_a-lock.o)
                0x000000000800a260                __retarget_lock_release_recursive
 .text.__smakebuf_r
                0x000000000800a264       0xe0 /usr/local/arm/10.3/bin/../lib/gcc/arm-none-eabi/10.3.1/../../../../arm-none-eabi/lib/thumb/v7e-m/nofp/libg.a(lib_a-makebuf.o)
                0x000000000800a264                __smakebuf_r
 .text.__swhatbuf_r
                0x000000000800a344       0x60 /usr/local/arm/10.3/bin/../lib/gcc/arm-none-eabi/10.3.1/../../../../arm-none-eabi/lib/thumb/v7e-m/nofp/libg.a(lib_a-makebuf.o)
                0x000000000800a344                __swhatbuf_r
 .text.malloc   0x000000000800a3a4       0x10 /usr/local/arm/10.3/bin/../lib/gcc/arm-none-eabi/10.3.1/../../../../arm-none-eabi/lib/thumb/v7e-m/nofp/libg.a(lib_a-malloc.o)
                0x000000000800a3a4                malloc
 .text._malloc_r
                0x000000000800a3b4      0x560 /usr/local/arm/10.3/bin/../lib/gcc/arm-none-eabi/10.3.1/../../../../arm-none-eabi/lib/thumb/v7e-m/nofp/libg.a(lib_a-mallocr.o)
                0x000000000800a3b4                _malloc_r
 .text.memmove  0x000000000800a914       0xf8 /usr/local/arm/10.3/bin/../lib/gcc/arm-none-eabi/10.3.1/../../../../arm-none-eabi/lib/thumb/v7e-m/nofp/libg.a(lib_a-memmove.o)
                0x000000000800a914                memmove
 .text.__malloc_lock
                0x000000000800aa0c        0xc /usr/local/arm/10.3/bin/../lib/gcc/arm-none-eabi/10.3.1/../../../../arm-none-eabi/lib/thumb/v7e-m/nofp/libg.a(lib_a-mlock.o)
                0x000000000800aa0c                __malloc_lock
 .text.__malloc_unlock
                0x000000000800aa18        0xc /usr/local/arm/10.3/bin/../lib/gcc/arm-none-eabi/10.3.1/../../../../arm-none-eabi/lib/thumb/v7e-m/nofp/libg.a(lib_a-mlock.o)
                0x000000000800aa18                __malloc_unlock
 .text._Balloc  0x000000000800aa24       0x4c /usr/local/arm/10.3/bin/../lib/gcc/arm-none-eabi/10.3.1/../../../../arm-none-eabi/lib/thumb/v7e-m/nofp/libg.a(lib_a-mprec.o)
                0x000000000800aa24                _Balloc
 .text._Bfree   0x000000000800aa70       0x14 /usr/local/arm/10.3/bin/../lib/gcc/arm-none-eabi/10.3.1/../../../../arm-none-eabi/lib/thumb/v7e-m/nofp/libg.a(lib_a-mprec.o)
                0x000000000800aa70                _Bfree
 .text.__multadd
                0x000000000800aa84       0xa0 /usr/local/arm/10.3/bin/../lib/gcc/arm-none-eabi/10.3.1/../../../../arm-none-eabi/lib/thumb/v7e-m/nofp/libg.a(lib_a-mprec.o)
                0x000000000800aa84                __multadd
 .text.__hi0bits
                0x000000000800ab24       0x40 /usr/local/arm/10.3/bin/../lib/gcc/arm-none-eabi/10.3.1/../../../../arm-none-eabi/lib/thumb/v7e-m/nofp/libg.a(lib_a-mprec.o)
                0x000000000800ab24                __hi0bits
 .text.__lo0bits
                0x000000000800ab64       0x5c /usr/local/arm/10.3/bin/../lib/gcc/arm-none-eabi/10.3.1/../../../../arm-none-eabi/lib/thumb/v7e-m/nofp/libg.a(lib_a-mprec.o)
                0x000000000800ab64                __lo0bits
 .text.__i2b    0x000000000800abc0       0x5c /usr/local/arm/10.3/bin/../lib/gcc/arm-none-eabi/10.3.1/../../../../arm-none-eabi/lib/thumb/v7e-m/nofp/libg.a(lib_a-mprec.o)
                0x000000000800abc0                __i2b
 .text.__multiply
                0x000000000800ac1c      0x15c /usr/local/arm/10.3/bin/../lib/gcc/arm-none-eabi/10.3.1/../../../../arm-none-eabi/lib/thumb/v7e-m/nofp/libg.a(lib_a-mprec.o)
                0x000000000800ac1c                __multiply
 .text.__pow5mult
                0x000000000800ad78       0xc0 /usr/local/arm/10.3/bin/../lib/gcc/arm-none-eabi/10.3.1/../../../../arm-none-eabi/lib/thumb/v7e-m/nofp/libg.a(lib_a-mprec.o)
                0x000000000800ad78                __pow5mult
 .text.__lshift
                0x000000000800ae38       0xf0 /usr/local/arm/10.3/bin/../lib/gcc/arm-none-eabi/10.3.1/../../../../arm-none-eabi/lib/thumb/v7e-m/nofp/libg.a(lib_a-mprec.o)
                0x000000000800ae38                __lshift
 .text.__mcmp   0x000000000800af28       0x40 /usr/local/arm/10.3/bin/../lib/gcc/arm-none-eabi/10.3.1/../../../../arm-none-eabi/lib/thumb/v7e-m/nofp/libg.a(lib_a-mprec.o)
                0x000000000800af28                __mcmp
 .text.__mdiff  0x000000000800af68      0x14c /usr/local/arm/10.3/bin/../lib/gcc/arm-none-eabi/10.3.1/../../../../arm-none-eabi/lib/thumb/v7e-m/nofp/libg.a(lib_a-mprec.o)
                0x000000000800af68                __mdiff
 .text.__d2b    0x000000000800b0b4       0xc4 /usr/local/arm/10.3/bin/../lib/gcc/arm-none-eabi/10.3.1/../../../../arm-none-eabi/lib/thumb/v7e-m/nofp/libg.a(lib_a-mprec.o)
                0x000000000800b0b4                __d2b
 .text._realloc_r
                0x000000000800b178      0x3d8 /usr/local/arm/10.3/bin/../lib/gcc/arm-none-eabi/10.3.1/../../../../arm-none-eabi/lib/thumb/v7e-m/nofp/libg.a(lib_a-reallocr.o)
                0x000000000800b178                _realloc_r
 .text.frexp    0x000000000800b550       0x70 /usr/local/arm/10.3/bin/../lib/gcc/arm-none-eabi/10.3.1/../../../../arm-none-eabi/lib/thumb/v7e-m/nofp/libg.a(lib_a-s_frexp.o)
                0x000000000800b550                frexp
 .text._sbrk_r  0x000000000800b5c0       0x24 /usr/local/arm/10.3/bin/../lib/gcc/arm-none-eabi/10.3.1/../../../../arm-none-eabi/lib/thumb/v7e-m/nofp/libg.a(lib_a-sbrkr.o)
                0x000000000800b5c0                _sbrk_r
 .text.__sread  0x000000000800b5e4       0x24 /usr/local/arm/10.3/bin/../lib/gcc/arm-none-eabi/10.3.1/../../../../arm-none-eabi/lib/thumb/v7e-m/nofp/libg.a(lib_a-stdio.o)
                0x000000000800b5e4                __sread
 .text.__swrite
                0x000000000800b608       0x40 /usr/local/arm/10.3/bin/../lib/gcc/arm-none-eabi/10.3.1/../../../../arm-none-eabi/lib/thumb/v7e-m/nofp/libg.a(lib_a-stdio.o)
                0x000000000800b608                __swrite
 .text.__sseek  0x000000000800b648       0x20 /usr/local/arm/10.3/bin/../lib/gcc/arm-none-eabi/10.3.1/../../../../arm-none-eabi/lib/thumb/v7e-m/nofp/libg.a(lib_a-stdio.o)
                0x000000000800b648                __sseek
 .text.__sclose
                0x000000000800b668        0x8 /usr/local/arm/10.3/bin/../lib/gcc/arm-none-eabi/10.3.1/../../../../arm-none-eabi/lib/thumb/v7e-m/nofp/libg.a(lib_a-stdio.o)
                0x000000000800b668                __sclose
 .text.strncpy  0x000000000800b670       0x64 /usr/local/arm/10.3/bin/../lib/gcc/arm-none-eabi/10.3.1/../../../../arm-none-eabi/lib/thumb/v7e-m/nofp/libg.a(lib_a-strncpy.o)
                0x000000000800b670                strncpy
 .text.__sprint_r.part.0
                0x000000000800b6d4       0x78 /usr/local/arm/10.3/bin/../lib/gcc/arm-none-eabi/10.3.1/../../../../arm-none-eabi/lib/thumb/v7e-m/nofp/libg.a(lib_a-vfiprintf.o)
 .text.__sprint_r
                0x000000000800b74c       0x14 /usr/local/arm/10.3/bin/../lib/gcc/arm-none-eabi/10.3.1/../../../../arm-none-eabi/lib/thumb/v7e-m/nofp/libg.a(lib_a-vfiprintf.o)
                0x000000000800b74c                __sprint_r
 .text._vfiprintf_r
                0x000000000800b760      0xda0 /usr/local/arm/10.3/bin/../lib/gcc/arm-none-eabi/10.3.1/../../../../arm-none-eabi/lib/thumb/v7e-m/nofp/libg.a(lib_a-vfiprintf.o)
                0x000000000800b760                _vfiprintf_r
 .text.__sbprintf
                0x000000000800c500       0x80 /usr/local/arm/10.3/bin/../lib/gcc/arm-none-eabi/10.3.1/../../../../arm-none-eabi/lib/thumb/v7e-m/nofp/libg.a(lib_a-vfiprintf.o)
 .text._write_r
                0x000000000800c580       0x2c /usr/local/arm/10.3/bin/../lib/gcc/arm-none-eabi/10.3.1/../../../../arm-none-eabi/lib/thumb/v7e-m/nofp/libg.a(lib_a-writer.o)
                0x000000000800c580                _write_r
 .text.__assert_func
                0x000000000800c5ac       0x40 /usr/local/arm/10.3/bin/../lib/gcc/arm-none-eabi/10.3.1/../../../../arm-none-eabi/lib/thumb/v7e-m/nofp/libg.a(lib_a-assert.o)
                0x000000000800c5ac                __assert_func
 .text._calloc_r
                0x000000000800c5ec       0x78 /usr/local/arm/10.3/bin/../lib/gcc/arm-none-eabi/10.3.1/../../../../arm-none-eabi/lib/thumb/v7e-m/nofp/libg.a(lib_a-callocr.o)
                0x000000000800c5ec                _calloc_r
 .text._close_r
                0x000000000800c664       0x24 /usr/local/arm/10.3/bin/../lib/gcc/arm-none-eabi/10.3.1/../../../../arm-none-eabi/lib/thumb/v7e-m/nofp/libg.a(lib_a-closer.o)
                0x000000000800c664                _close_r
 .text._fclose_r
                0x000000000800c688       0xcc /usr/local/arm/10.3/bin/../lib/gcc/arm-none-eabi/10.3.1/../../../../arm-none-eabi/lib/thumb/v7e-m/nofp/libg.a(lib_a-fclose.o)
                0x000000000800c688                _fclose_r
 .text.fiprintf
                0x000000000800c754       0x28 /usr/local/arm/10.3/bin/../lib/gcc/arm-none-eabi/10.3.1/../../../../arm-none-eabi/lib/thumb/v7e-m/nofp/libg.a(lib_a-fiprintf.o)
                0x000000000800c754                fiprintf
 .text.__fputwc
                0x000000000800c77c       0xa8 /usr/local/arm/10.3/bin/../lib/gcc/arm-none-eabi/10.3.1/../../../../arm-none-eabi/lib/thumb/v7e-m/nofp/libg.a(lib_a-fputwc.o)
                0x000000000800c77c                __fputwc
 .text._fputwc_r
                0x000000000800c824       0x68 /usr/local/arm/10.3/bin/../lib/gcc/arm-none-eabi/10.3.1/../../../../arm-none-eabi/lib/thumb/v7e-m/nofp/libg.a(lib_a-fputwc.o)
                0x000000000800c824                _fputwc_r
 .text._fstat_r
                0x000000000800c88c       0x2c /usr/local/arm/10.3/bin/../lib/gcc/arm-none-eabi/10.3.1/../../../../arm-none-eabi/lib/thumb/v7e-m/nofp/libg.a(lib_a-fstatr.o)
                0x000000000800c88c                _fstat_r
 .text._isatty_r
                0x000000000800c8b8       0x24 /usr/local/arm/10.3/bin/../lib/gcc/arm-none-eabi/10.3.1/../../../../arm-none-eabi/lib/thumb/v7e-m/nofp/libg.a(lib_a-isattyr.o)
                0x000000000800c8b8                _isatty_r
 .text.__locale_mb_cur_max
                0x000000000800c8dc        0xc /usr/local/arm/10.3/bin/../lib/gcc/arm-none-eabi/10.3.1/../../../../arm-none-eabi/lib/thumb/v7e-m/nofp/libg.a(lib_a-locale.o)
                0x000000000800c8dc                __locale_mb_cur_max
 .text._lseek_r
                0x000000000800c8e8       0x2c /usr/local/arm/10.3/bin/../lib/gcc/arm-none-eabi/10.3.1/../../../../arm-none-eabi/lib/thumb/v7e-m/nofp/libg.a(lib_a-lseekr.o)
                0x000000000800c8e8                _lseek_r
 .text.__ascii_mbtowc
                0x000000000800c914       0x2c /usr/local/arm/10.3/bin/../lib/gcc/arm-none-eabi/10.3.1/../../../../arm-none-eabi/lib/thumb/v7e-m/nofp/libg.a(lib_a-mbtowc_r.o)
                0x000000000800c914                __ascii_mbtowc
 .text._read_r  0x000000000800c940       0x2c /usr/local/arm/10.3/bin/../lib/gcc/arm-none-eabi/10.3.1/../../../../arm-none-eabi/lib/thumb/v7e-m/nofp/libg.a(lib_a-readr.o)
                0x000000000800c940                _read_r
 .text.__swbuf_r
                0x000000000800c96c       0xb0 /usr/local/arm/10.3/bin/../lib/gcc/arm-none-eabi/10.3.1/../../../../arm-none-eabi/lib/thumb/v7e-m/nofp/libg.a(lib_a-wbuf.o)
                0x000000000800c96c                __swbuf_r
 .text._wcrtomb_r
                0x000000000800ca1c       0x3c /usr/local/arm/10.3/bin/../lib/gcc/arm-none-eabi/10.3.1/../../../../arm-none-eabi/lib/thumb/v7e-m/nofp/libg.a(lib_a-wcrtomb.o)
                0x000000000800ca1c                _wcrtomb_r
 .text.__ascii_wctomb
                0x000000000800ca58       0x1c /usr/local/arm/10.3/bin/../lib/gcc/arm-none-eabi/10.3.1/../../../../arm-none-eabi/lib/thumb/v7e-m/nofp/libg.a(lib_a-wctomb_r.o)
                0x000000000800ca58                __ascii_wctomb
 .text.abort    0x000000000800ca74       0x10 /usr/local/arm/10.3/bin/../lib/gcc/arm-none-eabi/10.3.1/../../../../arm-none-eabi/lib/thumb/v7e-m/nofp/libg.a(lib_a-abort.o)
                0x000000000800ca74                abort
 .text.raise    0x000000000800ca84       0x5c /usr/local/arm/10.3/bin/../lib/gcc/arm-none-eabi/10.3.1/../../../../arm-none-eabi/lib/thumb/v7e-m/nofp/libg.a(lib_a-signal.o)
                0x000000000800ca84                raise
 .text._kill_r  0x000000000800cae0       0x2c /usr/local/arm/10.3/bin/../lib/gcc/arm-none-eabi/10.3.1/../../../../arm-none-eabi/lib/thumb/v7e-m/nofp/libg.a(lib_a-signalr.o)
                0x000000000800cae0                _kill_r
 .text._getpid_r
                0x000000000800cb0c        0x4 /usr/local/arm/10.3/bin/../lib/gcc/arm-none-eabi/10.3.1/../../../../arm-none-eabi/lib/thumb/v7e-m/nofp/libg.a(lib_a-signalr.o)
                0x000000000800cb0c                _getpid_r
 .text.sqrt     0x000000000800cb10       0x50 /usr/local/arm/10.3/bin/../lib/gcc/arm-none-eabi/10.3.1/../../../../arm-none-eabi/lib/thumb/v7e-m/nofp/libm.a(lib_a-w_sqrt.o)
                0x000000000800cb10                sqrt
 .text.__ieee754_sqrt
                0x000000000800cb60      0x18c /usr/local/arm/10.3/bin/../lib/gcc/arm-none-eabi/10.3.1/../../../../arm-none-eabi/lib/thumb/v7e-m/nofp/libm.a(lib_a-e_sqrt.o)
                0x000000000800cb60                __ieee754_sqrt
 *(.glue_7)
 .glue_7        0x000000000800ccec        0x0 linker stubs
 *(.glue_7t)
 .glue_7t       0x000000000800ccec        0x0 linker stubs
 *(.eh_frame)
 *(.init)
 .init          0x000000000800ccec        0x4 /usr/local/arm/10.3/bin/../lib/gcc/arm-none-eabi/10.3.1/thumb/v7e-m/nofp/crti.o
                0x000000000800ccec                _init
 .init          0x000000000800ccf0        0x8 /usr/local/arm/10.3/bin/../lib/gcc/arm-none-eabi/10.3.1/thumb/v7e-m/nofp/crtn.o
 *(.fini)
 .fini          0x000000000800ccf8        0x4 /usr/local/arm/10.3/bin/../lib/gcc/arm-none-eabi/10.3.1/thumb/v7e-m/nofp/crti.o
                0x000000000800ccf8                _fini
 .fini          0x000000000800ccfc        0x8 /usr/local/arm/10.3/bin/../lib/gcc/arm-none-eabi/10.3.1/thumb/v7e-m/nofp/crtn.o
                0x000000000800cd04                . = ALIGN (0x4)
                0x000000000800cd04                _etext = .

.vfp11_veneer   0x000000000800cd04        0x0
 .vfp11_veneer  0x000000000800cd04        0x0 linker stubs

.v4_bx          0x000000000800cd04        0x0
 .v4_bx         0x000000000800cd04        0x0 linker stubs

.iplt           0x000000000800cd04        0x0
 .iplt          0x000000000800cd04        0x0 CMakeFiles/Car.elf.dir/Bsp/Bsp.c.obj

.rodata         0x000000000800cd08      0x5a8
                0x000000000800cd08                . = ALIGN (0x4)
 *(.rodata)
 *(.rodata*)
 .rodata.HuaGui_Init_Proc.str1.4
                0x000000000800cd08       0x47 CMakeFiles/Car.elf.dir/Bsp/Bsp.c.obj
 *fill*         0x000000000800cd4f        0x1 
 .rodata.process_kalman_filter.str1.4
                0x000000000800cd50       0x28 CMakeFiles/Car.elf.dir/Bsp/JY901.c.obj
 .rodata.main.str1.4
                0x000000000800cd78       0x17 CMakeFiles/Car.elf.dir/Core/Src/main.c.obj
 *fill*         0x000000000800cd8f        0x1 
 .rodata.AHBPrescTable
                0x000000000800cd90       0x10 CMakeFiles/Car.elf.dir/Core/Src/system_stm32f4xx.c.obj
                0x000000000800cd90                AHBPrescTable
 .rodata.APBPrescTable
                0x000000000800cda0        0x8 CMakeFiles/Car.elf.dir/Core/Src/system_stm32f4xx.c.obj
                0x000000000800cda0                APBPrescTable
 .rodata.flagBitshiftOffset.0
                0x000000000800cda8        0x8 CMakeFiles/Car.elf.dir/Drivers/STM32F4xx_HAL_Driver/Src/stm32f4xx_hal_dma.c.obj
 .rodata.Control_Proc.str1.4
                0x000000000800cdb0       0xa0 CMakeFiles/Car.elf.dir/Task/Control.c.obj
 .rodata.Motor_Receive_Data.str1.4
                0x000000000800ce50       0x42 CMakeFiles/Car.elf.dir/Task/Motor.c.obj
                                         0x46 (size before relaxing)
 *fill*         0x000000000800ce92        0x2 
 .rodata.Car_Go_Target.str1.4
                0x000000000800ce94       0x1f CMakeFiles/Car.elf.dir/Task/Motor.c.obj
 .rodata._puts_r.str1.4
                0x000000000800ceb3       0x1f /usr/local/arm/10.3/bin/../lib/gcc/arm-none-eabi/10.3.1/../../../../arm-none-eabi/lib/thumb/v7e-m/nofp/libg.a(lib_a-puts.o)
                                          0x2 (size before relaxing)
 *fill*         0x000000000800ceb3        0x1 
 .rodata._vfprintf_r.str1.4
                0x000000000800ceb4       0x42 /usr/local/arm/10.3/bin/../lib/gcc/arm-none-eabi/10.3.1/../../../../arm-none-eabi/lib/thumb/v7e-m/nofp/libg.a(lib_a-vfprintf.o)
 *fill*         0x000000000800cef6        0x2 
 .rodata.blanks.1
                0x000000000800cef8       0x10 /usr/local/arm/10.3/bin/../lib/gcc/arm-none-eabi/10.3.1/../../../../arm-none-eabi/lib/thumb/v7e-m/nofp/libg.a(lib_a-vfprintf.o)
 .rodata.zeroes.0
                0x000000000800cf08       0x10 /usr/local/arm/10.3/bin/../lib/gcc/arm-none-eabi/10.3.1/../../../../arm-none-eabi/lib/thumb/v7e-m/nofp/libg.a(lib_a-vfprintf.o)
 .rodata._dtoa_r.str1.4
                0x000000000800cf18       0xa2 /usr/local/arm/10.3/bin/../lib/gcc/arm-none-eabi/10.3.1/../../../../arm-none-eabi/lib/thumb/v7e-m/nofp/libg.a(lib_a-dtoa.o)
                                         0xa6 (size before relaxing)
 *fill*         0x000000000800cfba        0x2 
 .rodata.__multadd.str1.4
                0x000000000800cfbc       0x7f /usr/local/arm/10.3/bin/../lib/gcc/arm-none-eabi/10.3.1/../../../../arm-none-eabi/lib/thumb/v7e-m/nofp/libg.a(lib_a-mprec.o)
                                         0x93 (size before relaxing)
 *fill*         0x000000000800d03b        0x5 
 .rodata.__mprec_bigtens
                0x000000000800d040       0x28 /usr/local/arm/10.3/bin/../lib/gcc/arm-none-eabi/10.3.1/../../../../arm-none-eabi/lib/thumb/v7e-m/nofp/libg.a(lib_a-mprec.o)
                0x000000000800d040                __mprec_bigtens
 .rodata.__mprec_tens
                0x000000000800d068       0xc8 /usr/local/arm/10.3/bin/../lib/gcc/arm-none-eabi/10.3.1/../../../../arm-none-eabi/lib/thumb/v7e-m/nofp/libg.a(lib_a-mprec.o)
                0x000000000800d068                __mprec_tens
 .rodata.p05.0  0x000000000800d130        0xc /usr/local/arm/10.3/bin/../lib/gcc/arm-none-eabi/10.3.1/../../../../arm-none-eabi/lib/thumb/v7e-m/nofp/libg.a(lib_a-mprec.o)
 .rodata._vfiprintf_r.str1.4
                0x000000000800d13c       0x2f /usr/local/arm/10.3/bin/../lib/gcc/arm-none-eabi/10.3.1/../../../../arm-none-eabi/lib/thumb/v7e-m/nofp/libg.a(lib_a-vfiprintf.o)
 .rodata.blanks.1
                0x000000000800d13c       0x10 /usr/local/arm/10.3/bin/../lib/gcc/arm-none-eabi/10.3.1/../../../../arm-none-eabi/lib/thumb/v7e-m/nofp/libg.a(lib_a-vfiprintf.o)
 .rodata.zeroes.0
                0x000000000800d14c       0x10 /usr/local/arm/10.3/bin/../lib/gcc/arm-none-eabi/10.3.1/../../../../arm-none-eabi/lib/thumb/v7e-m/nofp/libg.a(lib_a-vfiprintf.o)
 .rodata.__assert_func.str1.4
                0x000000000800d15c       0x3f /usr/local/arm/10.3/bin/../lib/gcc/arm-none-eabi/10.3.1/../../../../arm-none-eabi/lib/thumb/v7e-m/nofp/libg.a(lib_a-assert.o)
                                         0x43 (size before relaxing)
 *fill*         0x000000000800d19b        0x1 
 .rodata._setlocale_r.str1.4
                0x000000000800d19c        0xa /usr/local/arm/10.3/bin/../lib/gcc/arm-none-eabi/10.3.1/../../../../arm-none-eabi/lib/thumb/v7e-m/nofp/libg.a(lib_a-locale.o)
                                          0xd (size before relaxing)
 *fill*         0x000000000800d1a6        0x2 
 .rodata.str1.4
                0x000000000800d1a8        0x2 /usr/local/arm/10.3/bin/../lib/gcc/arm-none-eabi/10.3.1/../../../../arm-none-eabi/lib/thumb/v7e-m/nofp/libg.a(lib_a-locale.o)
 *fill*         0x000000000800d1aa        0x2 
 .rodata._ctype_
                0x000000000800d1ac      0x101 /usr/local/arm/10.3/bin/../lib/gcc/arm-none-eabi/10.3.1/../../../../arm-none-eabi/lib/thumb/v7e-m/nofp/libg.a(lib_a-ctype_.o)
                0x000000000800d1ac                _ctype_
                0x000000000800d2b0                . = ALIGN (0x4)
 *fill*         0x000000000800d2ad        0x3 
                0x000000000800d2b8                _sidata = LOADADDR (.data)

.ARM.exidx      0x000000000800d2b0        0x8
 .ARM.exidx     0x000000000800d2b0        0x8 /usr/local/arm/10.3/bin/../lib/gcc/arm-none-eabi/10.3.1/thumb/v7e-m/nofp/libgcc.a(_udivmoddi4.o)

.rel.dyn        0x000000000800d2b8        0x0
 .rel.iplt      0x000000000800d2b8        0x0 CMakeFiles/Car.elf.dir/Bsp/Bsp.c.obj

.data           0x0000000020000000      0x9d4 load address 0x000000000800d2b8
                0x0000000020000000                . = ALIGN (0x4)
                0x0000000020000000                _sdata = .
 *(.data)
 *(.data*)
 .data.SystemCoreClock
                0x0000000020000000        0x4 CMakeFiles/Car.elf.dir/Core/Src/system_stm32f4xx.c.obj
                0x0000000020000000                SystemCoreClock
 .data.uwTickFreq
                0x0000000020000004        0x1 CMakeFiles/Car.elf.dir/Drivers/STM32F4xx_HAL_Driver/Src/stm32f4xx_hal.c.obj
                0x0000000020000004                uwTickFreq
 *fill*         0x0000000020000005        0x3 
 .data.uwTickPrio
                0x0000000020000008        0x4 CMakeFiles/Car.elf.dir/Drivers/STM32F4xx_HAL_Driver/Src/stm32f4xx_hal.c.obj
                0x0000000020000008                uwTickPrio
 .data.Car_Acc  0x000000002000000c        0x2 CMakeFiles/Car.elf.dir/Task/Control.c.obj
                0x000000002000000c                Car_Acc
 .data.Car_Acc_Slow
                0x000000002000000e        0x2 CMakeFiles/Car.elf.dir/Task/Control.c.obj
                0x000000002000000e                Car_Acc_Slow
 .data.Car_Speed
                0x0000000020000010        0x2 CMakeFiles/Car.elf.dir/Task/Control.c.obj
                0x0000000020000010                Car_Speed
 .data.Car_Speed_Slow
                0x0000000020000012        0x2 CMakeFiles/Car.elf.dir/Task/Control.c.obj
                0x0000000020000012                Car_Speed_Slow
 .data.Car_Turn_Speed_Limit
                0x0000000020000014        0x2 CMakeFiles/Car.elf.dir/Task/Control.c.obj
                0x0000000020000014                Car_Turn_Speed_Limit
 .data.Motor_HuaGui_ACC
                0x0000000020000016        0x2 CMakeFiles/Car.elf.dir/Task/Control.c.obj
                0x0000000020000016                Motor_HuaGui_ACC
 .data.Motor_HuaGui_Speed
                0x0000000020000018        0x2 CMakeFiles/Car.elf.dir/Task/Control.c.obj
                0x0000000020000018                Motor_HuaGui_Speed
 .data.Running_Mode
                0x000000002000001a        0x1 CMakeFiles/Car.elf.dir/Task/Control.c.obj
                0x000000002000001a                Running_Mode
 .data.Last_Motor_Stop_Flag_Car
                0x000000002000001b        0x1 CMakeFiles/Car.elf.dir/Task/Motor.c.obj
                0x000000002000001b                Last_Motor_Stop_Flag_Car
 .data.Stop_Flag_HuaGui
                0x000000002000001c        0x1 CMakeFiles/Car.elf.dir/Task/Motor.c.obj
                0x000000002000001c                Stop_Flag_HuaGui
 *fill*         0x000000002000001d        0x3 
 .data.HuaGui_Angle
                0x0000000020000020        0x4 CMakeFiles/Car.elf.dir/Task/Servo.c.obj
                0x0000000020000020                HuaGui_Angle
 .data.JiaZhua_Angle
                0x0000000020000024        0x4 CMakeFiles/Car.elf.dir/Task/Servo.c.obj
                0x0000000020000024                JiaZhua_Angle
 .data.ZaiWu_Angle
                0x0000000020000028        0x4 CMakeFiles/Car.elf.dir/Task/Servo.c.obj
                0x0000000020000028                ZaiWu_Angle
 .data._impure_ptr
                0x000000002000002c        0x4 /usr/local/arm/10.3/bin/../lib/gcc/arm-none-eabi/10.3.1/../../../../arm-none-eabi/lib/thumb/v7e-m/nofp/libg.a(lib_a-impure.o)
                0x000000002000002c                _impure_ptr
 .data.impure_data
                0x0000000020000030      0x428 /usr/local/arm/10.3/bin/../lib/gcc/arm-none-eabi/10.3.1/../../../../arm-none-eabi/lib/thumb/v7e-m/nofp/libg.a(lib_a-impure.o)
 .data.__malloc_av_
                0x0000000020000458      0x408 /usr/local/arm/10.3/bin/../lib/gcc/arm-none-eabi/10.3.1/../../../../arm-none-eabi/lib/thumb/v7e-m/nofp/libg.a(lib_a-mallocr.o)
                0x0000000020000458                __malloc_av_
 .data.__malloc_sbrk_base
                0x0000000020000860        0x4 /usr/local/arm/10.3/bin/../lib/gcc/arm-none-eabi/10.3.1/../../../../arm-none-eabi/lib/thumb/v7e-m/nofp/libg.a(lib_a-mallocr.o)
                0x0000000020000860                __malloc_sbrk_base
 .data.__malloc_trim_threshold
                0x0000000020000864        0x4 /usr/local/arm/10.3/bin/../lib/gcc/arm-none-eabi/10.3.1/../../../../arm-none-eabi/lib/thumb/v7e-m/nofp/libg.a(lib_a-mallocr.o)
                0x0000000020000864                __malloc_trim_threshold
 .data.__global_locale
                0x0000000020000868      0x16c /usr/local/arm/10.3/bin/../lib/gcc/arm-none-eabi/10.3.1/../../../../arm-none-eabi/lib/thumb/v7e-m/nofp/libg.a(lib_a-locale.o)
                0x0000000020000868                __global_locale
 *(.RamFunc)
 *(.RamFunc*)
                0x00000000200009d4                . = ALIGN (0x4)
                0x00000000200009d4                _edata = .
                0x000000000800dc8c                _siccmram = LOADADDR (.ccmram)

.igot.plt       0x00000000200009d4        0x0 load address 0x000000000800dc8c
 .igot.plt      0x00000000200009d4        0x0 CMakeFiles/Car.elf.dir/Bsp/Bsp.c.obj

.ccmram         0x0000000010000000        0x0 load address 0x000000000800dc8c
                0x0000000010000000                . = ALIGN (0x4)
                0x0000000010000000                _sccmram = .
 *(.ccmram)
 *(.ccmram*)
                0x0000000010000000                . = ALIGN (0x4)
                0x0000000010000000                _eccmram = .
                0x0000000010000000                . = ALIGN (0x4)

.bss            0x00000000200009d8      0x764
                0x00000000200009d8                _sbss = .
                0x00000000200009d8                __bss_start__ = _sbss
 *(.bss)
 *(.bss*)
 .bss.HuaGui_Init_State
                0x00000000200009d8        0x1 CMakeFiles/Car.elf.dir/Bsp/Bsp.c.obj
                0x00000000200009d8                HuaGui_Init_State
 *fill*         0x00000000200009d9        0x3 
 .bss.JY901_data
                0x00000000200009dc       0x48 CMakeFiles/Car.elf.dir/Bsp/JY901.c.obj
                0x00000000200009dc                JY901_data
 .bss.Kalman_Set_Data_Flag
                0x0000000020000a24        0x1 CMakeFiles/Car.elf.dir/Bsp/JY901.c.obj
                0x0000000020000a24                Kalman_Set_Data_Flag
 .bss.Kalman_count
                0x0000000020000a25        0x1 CMakeFiles/Car.elf.dir/Bsp/JY901.c.obj
                0x0000000020000a25                Kalman_count
 *fill*         0x0000000020000a26        0x2 
 .bss.kalman    0x0000000020000a28       0xf0 CMakeFiles/Car.elf.dir/Bsp/JY901.c.obj
                0x0000000020000a28                kalman
 .bss.last_Kalman
                0x0000000020000b18        0xc CMakeFiles/Car.elf.dir/Bsp/JY901.c.obj
                0x0000000020000b18                last_Kalman
 .bss.stcAcc    0x0000000020000b24        0x8 CMakeFiles/Car.elf.dir/Bsp/JY901.c.obj
                0x0000000020000b24                stcAcc
 .bss.stcAngle  0x0000000020000b2c        0x8 CMakeFiles/Car.elf.dir/Bsp/JY901.c.obj
                0x0000000020000b2c                stcAngle
 .bss.stcGyro   0x0000000020000b34        0x8 CMakeFiles/Car.elf.dir/Bsp/JY901.c.obj
                0x0000000020000b34                stcGyro
 .bss.fac_us    0x0000000020000b3c        0x1 CMakeFiles/Car.elf.dir/Bsp/My_Delay.c.obj
 *fill*         0x0000000020000b3d        0x3 
 .bss.JY_Yaw    0x0000000020000b40        0x4 CMakeFiles/Car.elf.dir/Bsp/Uart_Bsp.c.obj
                0x0000000020000b40                JY_Yaw
 .bss.gHuart    0x0000000020000b44        0x4 CMakeFiles/Car.elf.dir/Bsp/retarget.c.obj
                0x0000000020000b44                gHuart
 .bss.hi2c1     0x0000000020000b48       0x54 CMakeFiles/Car.elf.dir/Core/Src/i2c.c.obj
                0x0000000020000b48                hi2c1
 .bss.__sbrk_heap_end
                0x0000000020000b9c        0x4 CMakeFiles/Car.elf.dir/Core/Src/sysmem.c.obj
 .bss.htim3     0x0000000020000ba0       0x48 CMakeFiles/Car.elf.dir/Core/Src/tim.c.obj
                0x0000000020000ba0                htim3
 .bss.htim6     0x0000000020000be8       0x48 CMakeFiles/Car.elf.dir/Core/Src/tim.c.obj
                0x0000000020000be8                htim6
 .bss.htim7     0x0000000020000c30       0x48 CMakeFiles/Car.elf.dir/Core/Src/tim.c.obj
                0x0000000020000c30                htim7
 .bss.hdma_usart3_rx
                0x0000000020000c78       0x60 CMakeFiles/Car.elf.dir/Core/Src/usart.c.obj
                0x0000000020000c78                hdma_usart3_rx
 .bss.huart1    0x0000000020000cd8       0x48 CMakeFiles/Car.elf.dir/Core/Src/usart.c.obj
                0x0000000020000cd8                huart1
 .bss.huart2    0x0000000020000d20       0x48 CMakeFiles/Car.elf.dir/Core/Src/usart.c.obj
                0x0000000020000d20                huart2
 .bss.huart3    0x0000000020000d68       0x48 CMakeFiles/Car.elf.dir/Core/Src/usart.c.obj
                0x0000000020000d68                huart3
 .bss.huart4    0x0000000020000db0       0x48 CMakeFiles/Car.elf.dir/Core/Src/usart.c.obj
                0x0000000020000db0                huart4
 .bss.huart5    0x0000000020000df8       0x48 CMakeFiles/Car.elf.dir/Core/Src/usart.c.obj
                0x0000000020000df8                huart5
 .bss.huart6    0x0000000020000e40       0x48 CMakeFiles/Car.elf.dir/Core/Src/usart.c.obj
                0x0000000020000e40                huart6
 .bss.uwTick    0x0000000020000e88        0x4 CMakeFiles/Car.elf.dir/Drivers/STM32F4xx_HAL_Driver/Src/stm32f4xx_hal.c.obj
                0x0000000020000e88                uwTick
 .bss.Last_Data1.8
                0x0000000020000e8c        0x1 CMakeFiles/Car.elf.dir/Task/Control.c.obj
 .bss.Running_Flag
                0x0000000020000e8d        0x1 CMakeFiles/Car.elf.dir/Task/Control.c.obj
                0x0000000020000e8d                Running_Flag
 *fill*         0x0000000020000e8e        0x2 
 .bss.Task_Data1
                0x0000000020000e90       0xc8 CMakeFiles/Car.elf.dir/Task/Control.c.obj
                0x0000000020000e90                Task_Data1
 .bss.Task_Data2
                0x0000000020000f58       0xc8 CMakeFiles/Car.elf.dir/Task/Control.c.obj
                0x0000000020000f58                Task_Data2
 .bss.Task_Flag
                0x0000000020001020       0x64 CMakeFiles/Car.elf.dir/Task/Control.c.obj
                0x0000000020001020                Task_Flag
 .bss.Task_Num_0
                0x0000000020001084        0x1 CMakeFiles/Car.elf.dir/Task/Control.c.obj
                0x0000000020001084                Task_Num_0
 *fill*         0x0000000020001085        0x1 
 .bss.Task_Num_1
                0x0000000020001086        0x2 CMakeFiles/Car.elf.dir/Task/Control.c.obj
                0x0000000020001086                Task_Num_1
 .bss.Task_Num_2
                0x0000000020001088        0x2 CMakeFiles/Car.elf.dir/Task/Control.c.obj
                0x0000000020001088                Task_Num_2
 .bss.temp.0    0x000000002000108a        0x1 CMakeFiles/Car.elf.dir/Task/Control.c.obj
 .bss.temp.1    0x000000002000108b        0x1 CMakeFiles/Car.elf.dir/Task/Control.c.obj
 .bss.temp.10   0x000000002000108c        0x1 CMakeFiles/Car.elf.dir/Task/Control.c.obj
 .bss.temp.11   0x000000002000108d        0x1 CMakeFiles/Car.elf.dir/Task/Control.c.obj
 .bss.temp.4    0x000000002000108e        0x1 CMakeFiles/Car.elf.dir/Task/Control.c.obj
 .bss.temp.7    0x000000002000108f        0x1 CMakeFiles/Car.elf.dir/Task/Control.c.obj
 .bss.temp.9    0x0000000020001090        0x1 CMakeFiles/Car.elf.dir/Task/Control.c.obj
 .bss.temp1.3   0x0000000020001091        0x1 CMakeFiles/Car.elf.dir/Task/Control.c.obj
 .bss.temp1.6   0x0000000020001092        0x1 CMakeFiles/Car.elf.dir/Task/Control.c.obj
 .bss.temp2.2   0x0000000020001093        0x1 CMakeFiles/Car.elf.dir/Task/Control.c.obj
 .bss.temp2.5   0x0000000020001094        0x1 CMakeFiles/Car.elf.dir/Task/Control.c.obj
 .bss.HuaGui_Motor_State
                0x0000000020001095        0x1 CMakeFiles/Car.elf.dir/Task/Motor.c.obj
                0x0000000020001095                HuaGui_Motor_State
 .bss.Motor_HuaGui_Current_amount
                0x0000000020001096        0x2 CMakeFiles/Car.elf.dir/Task/Motor.c.obj
                0x0000000020001096                Motor_HuaGui_Current_amount
 .bss.Motor_RxBuff
                0x0000000020001098        0x1 CMakeFiles/Car.elf.dir/Task/Motor.c.obj
                0x0000000020001098                Motor_RxBuff
 .bss.Motor_Stop_Flag_Car
                0x0000000020001099        0x1 CMakeFiles/Car.elf.dir/Task/Motor.c.obj
                0x0000000020001099                Motor_Stop_Flag_Car
 *fill*         0x000000002000109a        0x2 
 .bss.RxBuffer1
                0x000000002000109c       0x14 CMakeFiles/Car.elf.dir/Task/Motor.c.obj
                0x000000002000109c                RxBuffer1
 .bss.RxCounter1.6
                0x00000000200010b0        0x1 CMakeFiles/Car.elf.dir/Task/Motor.c.obj
 .bss.RxState.7
                0x00000000200010b1        0x1 CMakeFiles/Car.elf.dir/Task/Motor.c.obj
 *fill*         0x00000000200010b2        0x2 
 .bss.Send_Data
                0x00000000200010b4       0x14 CMakeFiles/Car.elf.dir/Task/Motor.c.obj
                0x00000000200010b4                Send_Data
 .bss.Temp_State.1
                0x00000000200010c8        0x1 CMakeFiles/Car.elf.dir/Task/Motor.c.obj
 .bss.Temp_State.3
                0x00000000200010c9        0x1 CMakeFiles/Car.elf.dir/Task/Motor.c.obj
 *fill*         0x00000000200010ca        0x2 
 .bss.Temp_Yaw.0
                0x00000000200010cc        0x4 CMakeFiles/Car.elf.dir/Task/Motor.c.obj
 .bss.Car_Counter
                0x00000000200010d0        0x2 CMakeFiles/Car.elf.dir/Task/Move.c.obj
                0x00000000200010d0                Car_Counter
 .bss.Car_Counter_Enable
                0x00000000200010d2        0x1 CMakeFiles/Car.elf.dir/Task/Move.c.obj
                0x00000000200010d2                Car_Counter_Enable
 *fill*         0x00000000200010d3        0x1 
 .bss.Car_Counter_Times
                0x00000000200010d4        0x2 CMakeFiles/Car.elf.dir/Task/Move.c.obj
                0x00000000200010d4                Car_Counter_Times
 .bss.Car_Task_Time
                0x00000000200010d6        0x2 CMakeFiles/Car.elf.dir/Task/Move.c.obj
                0x00000000200010d6                Car_Task_Time
 .bss.Counter   0x00000000200010d8        0x2 CMakeFiles/Car.elf.dir/Task/Move.c.obj
                0x00000000200010d8                Counter
 .bss.Counter_Enable
                0x00000000200010da        0x1 CMakeFiles/Car.elf.dir/Task/Move.c.obj
                0x00000000200010da                Counter_Enable
 *fill*         0x00000000200010db        0x1 
 .bss.Counter_Times
                0x00000000200010dc        0x2 CMakeFiles/Car.elf.dir/Task/Move.c.obj
                0x00000000200010dc                Counter_Times
 .bss.Get_Loads_State.1
                0x00000000200010de        0x1 CMakeFiles/Car.elf.dir/Task/Move.c.obj
 *fill*         0x00000000200010df        0x1 
 .bss.Kalman_time
                0x00000000200010e0        0x2 CMakeFiles/Car.elf.dir/Task/Move.c.obj
                0x00000000200010e0                Kalman_time
 .bss.Motor_Stop_Flag_Car_Kalman
                0x00000000200010e2        0x1 CMakeFiles/Car.elf.dir/Task/Move.c.obj
                0x00000000200010e2                Motor_Stop_Flag_Car_Kalman
 .bss.Put_Loads_State.0
                0x00000000200010e3        0x1 CMakeFiles/Car.elf.dir/Task/Move.c.obj
 *fill*         0x00000000200010e4        0x4 
 .bss.Yaw_Compensate
                0x00000000200010e8        0x8 CMakeFiles/Car.elf.dir/Task/Move.c.obj
                0x00000000200010e8                Yaw_Compensate
 .bss.u10ms     0x00000000200010f0        0x2 CMakeFiles/Car.elf.dir/Task/Move.c.obj
                0x00000000200010f0                u10ms
 .bss.HuaGui_Servo_Flag
                0x00000000200010f2        0x1 CMakeFiles/Car.elf.dir/Task/Servo.c.obj
                0x00000000200010f2                HuaGui_Servo_Flag
 .bss.JiaZhua_Servo_Flag
                0x00000000200010f3        0x1 CMakeFiles/Car.elf.dir/Task/Servo.c.obj
                0x00000000200010f3                JiaZhua_Servo_Flag
 .bss.ZaiWu_Servo_Flag
                0x00000000200010f4        0x1 CMakeFiles/Car.elf.dir/Task/Servo.c.obj
                0x00000000200010f4                ZaiWu_Servo_Flag
 *fill*         0x00000000200010f5        0x3 
 .bss.__lock___malloc_recursive_mutex
                0x00000000200010f8        0x1 /usr/local/arm/10.3/bin/../lib/gcc/arm-none-eabi/10.3.1/../../../../arm-none-eabi/lib/thumb/v7e-m/nofp/libg.a(lib_a-lock.o)
                0x00000000200010f8                __lock___malloc_recursive_mutex
 *fill*         0x00000000200010f9        0x3 
 .bss.__lock___sfp_recursive_mutex
                0x00000000200010fc        0x1 /usr/local/arm/10.3/bin/../lib/gcc/arm-none-eabi/10.3.1/../../../../arm-none-eabi/lib/thumb/v7e-m/nofp/libg.a(lib_a-lock.o)
                0x00000000200010fc                __lock___sfp_recursive_mutex
 *fill*         0x00000000200010fd        0x3 
 .bss.__lock___sinit_recursive_mutex
                0x0000000020001100        0x1 /usr/local/arm/10.3/bin/../lib/gcc/arm-none-eabi/10.3.1/../../../../arm-none-eabi/lib/thumb/v7e-m/nofp/libg.a(lib_a-lock.o)
                0x0000000020001100                __lock___sinit_recursive_mutex
 *fill*         0x0000000020001101        0x3 
 .bss.__malloc_current_mallinfo
                0x0000000020001104       0x28 /usr/local/arm/10.3/bin/../lib/gcc/arm-none-eabi/10.3.1/../../../../arm-none-eabi/lib/thumb/v7e-m/nofp/libg.a(lib_a-mallocr.o)
                0x0000000020001104                __malloc_current_mallinfo
 .bss.__malloc_max_sbrked_mem
                0x000000002000112c        0x4 /usr/local/arm/10.3/bin/../lib/gcc/arm-none-eabi/10.3.1/../../../../arm-none-eabi/lib/thumb/v7e-m/nofp/libg.a(lib_a-mallocr.o)
                0x000000002000112c                __malloc_max_sbrked_mem
 .bss.__malloc_max_total_mem