Archive member included to satisfy reference by file (symbol)

d:/patch/gcc-arm-none-eabi-10.3-2021.10/bin/../lib/gcc/arm-none-eabi/10.3.1/thumb/v7e-m/nofp\libgcc.a(_arm_muldf3.o)
                              CMakeFiles/gongxun.elf.dir/Task/Motor.c.obj (__aeabi_dmul)
d:/patch/gcc-arm-none-eabi-10.3-2021.10/bin/../lib/gcc/arm-none-eabi/10.3.1/thumb/v7e-m/nofp\libgcc.a(_arm_mulsf3.o)
                              CMakeFiles/gongxun.elf.dir/Bsp/My_Delay.c.obj (__aeabi_fmul)
d:/patch/gcc-arm-none-eabi-10.3-2021.10/bin/../lib/gcc/arm-none-eabi/10.3.1/thumb/v7e-m/nofp\libgcc.a(_arm_addsubdf3.o)
                              CMakeFiles/gongxun.elf.dir/Task/Move.c.obj (__aeabi_dadd)
d:/patch/gcc-arm-none-eabi-10.3-2021.10/bin/../lib/gcc/arm-none-eabi/10.3.1/thumb/v7e-m/nofp\libgcc.a(_arm_muldivdf3.o)
                              CMakeFiles/gongxun.elf.dir/Task/Motor.c.obj (__aeabi_ddiv)
d:/patch/gcc-arm-none-eabi-10.3-2021.10/bin/../lib/gcc/arm-none-eabi/10.3.1/thumb/v7e-m/nofp\libgcc.a(_arm_fixdfsi.o)
                              CMakeFiles/gongxun.elf.dir/Task/Motor.c.obj (__aeabi_d2iz)
d:/patch/gcc-arm-none-eabi-10.3-2021.10/bin/../lib/gcc/arm-none-eabi/10.3.1/thumb/v7e-m/nofp\libgcc.a(_arm_addsubsf3.o)
                              CMakeFiles/gongxun.elf.dir/Bsp/PID.c.obj (__aeabi_fsub)
d:/patch/gcc-arm-none-eabi-10.3-2021.10/bin/../lib/gcc/arm-none-eabi/10.3.1/thumb/v7e-m/nofp\libgcc.a(_arm_muldivsf3.o)
                              CMakeFiles/gongxun.elf.dir/Bsp/My_Delay.c.obj (__aeabi_fdiv)
d:/patch/gcc-arm-none-eabi-10.3-2021.10/bin/../lib/gcc/arm-none-eabi/10.3.1/thumb/v7e-m/nofp\libgcc.a(_arm_cmpsf2.o)
                              CMakeFiles/gongxun.elf.dir/Bsp/PID.c.obj (__aeabi_fcmplt)
d:/patch/gcc-arm-none-eabi-10.3-2021.10/bin/../lib/gcc/arm-none-eabi/10.3.1/thumb/v7e-m/nofp\libgcc.a(_arm_fixsfsi.o)
                              CMakeFiles/gongxun.elf.dir/Task/Motor.c.obj (__aeabi_f2iz)
d:/patch/gcc-arm-none-eabi-10.3-2021.10/bin/../lib/gcc/arm-none-eabi/10.3.1/thumb/v7e-m/nofp\libgcc.a(_arm_fixunssfsi.o)
                              CMakeFiles/gongxun.elf.dir/Bsp/My_Delay.c.obj (__aeabi_f2uiz)
d:/patch/gcc-arm-none-eabi-10.3-2021.10/bin/../lib/gcc/arm-none-eabi/10.3.1/thumb/v7e-m/nofp\libgcc.a(_aeabi_uldivmod.o)
                              CMakeFiles/gongxun.elf.dir/Drivers/STM32F4xx_HAL_Driver/Src/stm32f4xx_hal_rcc.c.obj (__aeabi_uldivmod)
d:/patch/gcc-arm-none-eabi-10.3-2021.10/bin/../lib/gcc/arm-none-eabi/10.3.1/thumb/v7e-m/nofp\libgcc.a(_udivmoddi4.o)
                              d:/patch/gcc-arm-none-eabi-10.3-2021.10/bin/../lib/gcc/arm-none-eabi/10.3.1/thumb/v7e-m/nofp\libgcc.a(_aeabi_uldivmod.o) (__udivmoddi4)
d:/patch/gcc-arm-none-eabi-10.3-2021.10/bin/../lib/gcc/arm-none-eabi/10.3.1/thumb/v7e-m/nofp\libgcc.a(_dvmd_tls.o)
                              d:/patch/gcc-arm-none-eabi-10.3-2021.10/bin/../lib/gcc/arm-none-eabi/10.3.1/thumb/v7e-m/nofp\libgcc.a(_aeabi_uldivmod.o) (__aeabi_ldiv0)
d:/patch/gcc-arm-none-eabi-10.3-2021.10/bin/../lib/gcc/arm-none-eabi/10.3.1/../../../../arm-none-eabi/lib/thumb/v7e-m/nofp\libg.a(lib_a-errno.o)
                              CMakeFiles/gongxun.elf.dir/Core/Src/retarget.c.obj (__errno)
d:/patch/gcc-arm-none-eabi-10.3-2021.10/bin/../lib/gcc/arm-none-eabi/10.3.1/../../../../arm-none-eabi/lib/thumb/v7e-m/nofp\libg.a(lib_a-exit.o)
                              d:/patch/gcc-arm-none-eabi-10.3-2021.10/bin/../lib/gcc/arm-none-eabi/10.3.1/../../../../arm-none-eabi/lib/thumb/v7e-m/nofp/crt0.o (exit)
d:/patch/gcc-arm-none-eabi-10.3-2021.10/bin/../lib/gcc/arm-none-eabi/10.3.1/../../../../arm-none-eabi/lib/thumb/v7e-m/nofp\libg.a(lib_a-impure.o)
                              d:/patch/gcc-arm-none-eabi-10.3-2021.10/bin/../lib/gcc/arm-none-eabi/10.3.1/../../../../arm-none-eabi/lib/thumb/v7e-m/nofp\libg.a(lib_a-exit.o) (_global_impure_ptr)
d:/patch/gcc-arm-none-eabi-10.3-2021.10/bin/../lib/gcc/arm-none-eabi/10.3.1/../../../../arm-none-eabi/lib/thumb/v7e-m/nofp\libg.a(lib_a-init.o)
                              d:/patch/gcc-arm-none-eabi-10.3-2021.10/bin/../lib/gcc/arm-none-eabi/10.3.1/../../../../arm-none-eabi/lib/thumb/v7e-m/nofp/crt0.o (__libc_init_array)
d:/patch/gcc-arm-none-eabi-10.3-2021.10/bin/../lib/gcc/arm-none-eabi/10.3.1/../../../../arm-none-eabi/lib/thumb/v7e-m/nofp\libg.a(lib_a-memset.o)
                              d:/patch/gcc-arm-none-eabi-10.3-2021.10/bin/../lib/gcc/arm-none-eabi/10.3.1/../../../../arm-none-eabi/lib/thumb/v7e-m/nofp/crt0.o (memset)
d:/patch/gcc-arm-none-eabi-10.3-2021.10/bin/../lib/gcc/arm-none-eabi/10.3.1/../../../../arm-none-eabi/lib/thumb/v7e-m/nofp\libg.a(lib_a-puts.o)
                              CMakeFiles/gongxun.elf.dir/Core/Src/main.c.obj (puts)
d:/patch/gcc-arm-none-eabi-10.3-2021.10/bin/../lib/gcc/arm-none-eabi/10.3.1/../../../../arm-none-eabi/lib/thumb/v7e-m/nofp\libg.a(lib_a-setvbuf.o)
                              CMakeFiles/gongxun.elf.dir/Core/Src/retarget.c.obj (setvbuf)
[...]
Memory Configuration

Name             Origin             Length             Attributes
CCMRAM           0x10000000         0x00010000         xrw
RAM              0x20000000         0x00020000         xrw
FLASH            0x08000000         0x00080000         xr
*default*        0x00000000         0xffffffff

Linker script and memory map

LOAD d:/patch/gcc-arm-none-eabi-10.3-2021.10/bin/../lib/gcc/arm-none-eabi/10.3.1/thumb/v7e-m/nofp/crti.o
LOAD d:/patch/gcc-arm-none-eabi-10.3-2021.10/bin/../lib/gcc/arm-none-eabi/10.3.1/thumb/v7e-m/nofp/crtbegin.o
LOAD d:/patch/gcc-arm-none-eabi-10.3-2021.10/bin/../lib/gcc/arm-none-eabi/10.3.1/../../../../arm-none-eabi/lib/thumb/v7e-m/nofp/crt0.o
LOAD CMakeFiles/gongxun.elf.dir/Bsp/Bsp.c.obj
LOAD CMakeFiles/gongxun.elf.dir/Bsp/LCD.c.obj
LOAD CMakeFiles/gongxun.elf.dir/Bsp/My_Delay.c.obj
LOAD CMakeFiles/gongxun.elf.dir/Bsp/OLED.c.obj
LOAD CMakeFiles/gongxun.elf.dir/Bsp/PID.c.obj
LOAD CMakeFiles/gongxun.elf.dir/Bsp/Uart_Bsp.c.obj
LOAD CMakeFiles/gongxun.elf.dir/Bsp/key.c.obj
LOAD CMakeFiles/gongxun.elf.dir/Core/Src/dma.c.obj
LOAD CMakeFiles/gongxun.elf.dir/Core/Src/gpio.c.obj
LOAD CMakeFiles/gongxun.elf.dir/Core/Src/main.c.obj
LOAD CMakeFiles/gongxun.elf.dir/Core/Src/retarget.c.obj
LOAD CMakeFiles/gongxun.elf.dir/Core/Src/stm32f4xx_hal_msp.c.obj
LOAD CMakeFiles/gongxun.elf.dir/Core/Src/stm32f4xx_it.c.obj
LOAD CMakeFiles/gongxun.elf.dir/Core/Src/syscalls.c.obj
LOAD CMakeFiles/gongxun.elf.dir/Core/Src/sysmem.c.obj
LOAD CMakeFiles/gongxun.elf.dir/Core/Src/system_stm32f4xx.c.obj
LOAD CMakeFiles/gongxun.elf.dir/Core/Src/tim.c.obj
LOAD CMakeFiles/gongxun.elf.dir/Core/Src/usart.c.obj
LOAD CMakeFiles/gongxun.elf.dir/Core/Startup/startup_stm32f407zetx.s.obj
LOAD CMakeFiles/gongxun.elf.dir/Drivers/STM32F4xx_HAL_Driver/Src/stm32f4xx_hal.c.obj
LOAD CMakeFiles/gongxun.elf.dir/Drivers/STM32F4xx_HAL_Driver/Src/stm32f4xx_hal_cortex.c.obj
LOAD CMakeFiles/gongxun.elf.dir/Drivers/STM32F4xx_HAL_Driver/Src/stm32f4xx_hal_dma.c.obj
LOAD CMakeFiles/gongxun.elf.dir/Drivers/STM32F4xx_HAL_Driver/Src/stm32f4xx_hal_dma_ex.c.obj
LOAD CMakeFiles/gongxun.elf.dir/Drivers/STM32F4xx_HAL_Driver/Src/stm32f4xx_hal_exti.c.obj
LOAD CMakeFiles/gongxun.elf.dir/Drivers/STM32F4xx_HAL_Driver/Src/stm32f4xx_hal_flash.c.obj
LOAD CMakeFiles/gongxun.elf.dir/Drivers/STM32F4xx_HAL_Driver/Src/stm32f4xx_hal_flash_ex.c.obj
LOAD CMakeFiles/gongxun.elf.dir/Drivers/STM32F4xx_HAL_Driver/Src/stm32f4xx_hal_flash_ramfunc.c.obj
LOAD CMakeFiles/gongxun.elf.dir/Drivers/STM32F4xx_HAL_Driver/Src/stm32f4xx_hal_gpio.c.obj
LOAD CMakeFiles/gongxun.elf.dir/Drivers/STM32F4xx_HAL_Driver/Src/stm32f4xx_hal_pwr.c.obj
LOAD CMakeFiles/gongxun.elf.dir/Drivers/STM32F4xx_HAL_Driver/Src/stm32f4xx_hal_pwr_ex.c.obj
LOAD CMakeFiles/gongxun.elf.dir/Drivers/STM32F4xx_HAL_Driver/Src/stm32f4xx_hal_rcc.c.obj
LOAD CMakeFiles/gongxun.elf.dir/Drivers/STM32F4xx_HAL_Driver/Src/stm32f4xx_hal_rcc_ex.c.obj
LOAD CMakeFiles/gongxun.elf.dir/Drivers/STM32F4xx_HAL_Driver/Src/stm32f4xx_hal_tim.c.obj
LOAD CMakeFiles/gongxun.elf.dir/Drivers/STM32F4xx_HAL_Driver/Src/stm32f4xx_hal_tim_ex.c.obj
LOAD CMakeFiles/gongxun.elf.dir/Drivers/STM32F4xx_HAL_Driver/Src/stm32f4xx_hal_uart.c.obj
LOAD CMakeFiles/gongxun.elf.dir/Task/Control.c.obj
LOAD CMakeFiles/gongxun.elf.dir/Task/Control_Logic.c.obj
LOAD CMakeFiles/gongxun.elf.dir/Task/Motor.c.obj
LOAD CMakeFiles/gongxun.elf.dir/Task/Move.c.obj
LOAD CMakeFiles/gongxun.elf.dir/Task/PI.c.obj
LOAD CMakeFiles/gongxun.elf.dir/Task/Servo.c.obj
START GROUP
LOAD d:/patch/gcc-arm-none-eabi-10.3-2021.10/bin/../lib/gcc/arm-none-eabi/10.3.1/thumb/v7e-m/nofp\libgcc.a
LOAD d:/patch/gcc-arm-none-eabi-10.3-2021.10/bin/../lib/gcc/arm-none-eabi/10.3.1/../../../../arm-none-eabi/lib/thumb/v7e-m/nofp\libg.a
LOAD d:/patch/gcc-arm-none-eabi-10.3-2021.10/bin/../lib/gcc/arm-none-eabi/10.3.1/../../../../arm-none-eabi/lib/thumb/v7e-m/nofp\libc.a
END GROUP
LOAD d:/patch/gcc-arm-none-eabi-10.3-2021.10/bin/../lib/gcc/arm-none-eabi/10.3.1/thumb/v7e-m/nofp/crtend.o
LOAD d:/patch/gcc-arm-none-eabi-10.3-2021.10/bin/../lib/gcc/arm-none-eabi/10.3.1/thumb/v7e-m/nofp/crtn.o
                0x20020000                _estack = (ORIGIN (RAM) + LENGTH (RAM))
                0x00000200                _Min_Heap_Size = 0x200
                0x00000400                _Min_Stack_Size = 0x400

.isr_vector     0x08000000      0x188
                0x08000000                . = ALIGN (0x4)
 *(.isr_vector)
 .isr_vector    0x08000000      0x188 CMakeFiles/gongxun.elf.dir/Core/Startup/startup_stm32f407zetx.s.obj
                0x08000000                g_pfnVectors
                0x08000188                . = ALIGN (0x4)

.text           0x080001c0     0x8148
                0x080001c0                . = ALIGN (0x4)
 *(.text)
 .text          0x080001c0      0x378 d:/patch/gcc-arm-none-eabi-10.3-2021.10/bin/../lib/gcc/arm-none-eabi/10.3.1/thumb/v7e-m/nofp\libgcc.a(_arm_addsubdf3.o)
                0x080001c0                __aeabi_drsub
                0x080001c8                __aeabi_dsub
                0x080001c8                __subdf3
                0x080001cc                __aeabi_dadd
                0x080001cc                __adddf3
                0x08000444                __floatunsidf
                0x08000444                __aeabi_ui2d
                0x08000464                __floatsidf
                0x08000464                __aeabi_i2d
                0x08000488                __aeabi_f2d
                0x08000488                __extendsfdf2
                0x080004cc                __floatundidf
                0x080004cc                __aeabi_ul2d
                0x080004dc                __floatdidf
                0x080004dc                __aeabi_l2d
 .text          0x08000538      0x424 d:/patch/gcc-arm-none-eabi-10.3-2021.10/bin/../lib/gcc/arm-none-eabi/10.3.1/thumb/v7e-m/nofp\libgcc.a(_arm_muldivdf3.o)
                0x08000538                __aeabi_dmul
                0x08000538                __muldf3
                0x0800078c                __divdf3
                0x0800078c                __aeabi_ddiv
 .text          0x0800095c       0x50 d:/patch/gcc-arm-none-eabi-10.3-2021.10/bin/../lib/gcc/arm-none-eabi/10.3.1/thumb/v7e-m/nofp\libgcc.a(_arm_fixdfsi.o)
                0x0800095c                __aeabi_d2iz
                0x0800095c                __fixdfsi
 .text          0x080009ac      0x21c d:/patch/gcc-arm-none-eabi-10.3-2021.10/bin/../lib/gcc/arm-none-eabi/10.3.1/thumb/v7e-m/nofp\libgcc.a(_arm_addsubsf3.o)
                0x080009ac                __aeabi_frsub
                0x080009b4                __subsf3
                0x080009b4                __aeabi_fsub
                0x080009b8                __aeabi_fadd
                0x080009b8                __addsf3
                0x08000b18                __aeabi_ui2f
                0x08000b18                __floatunsisf
                0x08000b20                __aeabi_i2f
                0x08000b20                __floatsisf
                0x08000b3c                __aeabi_ul2f
                0x08000b3c                __floatundisf
                0x08000b4c                __aeabi_l2f
                0x08000b4c                __floatdisf
 .text          0x08000bc8      0x2a0 d:/patch/gcc-arm-none-eabi-10.3-2021.10/bin/../lib/gcc/arm-none-eabi/10.3.1/thumb/v7e-m/nofp\libgcc.a(_arm_muldivsf3.o)
                0x08000bc8                __mulsf3
                0x08000bc8                __aeabi_fmul
                0x08000d30                __aeabi_fdiv
                0x08000d30                __divsf3
 .text          0x08000e68       0xec d:/patch/gcc-arm-none-eabi-10.3-2021.10/bin/../lib/gcc/arm-none-eabi/10.3.1/thumb/v7e-m/nofp\libgcc.a(_arm_cmpsf2.o)
                0x08000e68                __gesf2
                0x08000e68                __gtsf2
                0x08000e70                __lesf2
                0x08000e70                __ltsf2
                0x08000e78                __nesf2
                0x08000e78                __eqsf2
                0x08000e78                __cmpsf2
                0x08000ed8                __aeabi_cfrcmple
                0x08000ee0                __aeabi_cfcmpeq
                0x08000ee0                __aeabi_cfcmple
                0x08000ef0                __aeabi_fcmpeq
                0x08000f04                __aeabi_fcmplt
                0x08000f18                __aeabi_fcmple
                0x08000f2c                __aeabi_fcmpge
                0x08000f40                __aeabi_fcmpgt
 .text          0x08000f54       0x4c d:/patch/gcc-arm-none-eabi-10.3-2021.10/bin/../lib/gcc/arm-none-eabi/10.3.1/thumb/v7e-m/nofp\libgcc.a(_arm_fixsfsi.o)
                0x08000f54                __aeabi_f2iz
                0x08000f54                __fixsfsi
 .text          0x08000fa0       0x40 d:/patch/gcc-arm-none-eabi-10.3-2021.10/bin/../lib/gcc/arm-none-eabi/10.3.1/thumb/v7e-m/nofp\libgcc.a(_arm_fixunssfsi.o)
                0x08000fa0                __fixunssfsi
                0x08000fa0                __aeabi_f2uiz
 .text          0x08000fe0       0x30 d:/patch/gcc-arm-none-eabi-10.3-2021.10/bin/../lib/gcc/arm-none-eabi/10.3.1/thumb/v7e-m/nofp\libgcc.a(_aeabi_uldivmod.o)
                0x08000fe0                __aeabi_uldivmod
 .text          0x08001010      0x2d0 d:/patch/gcc-arm-none-eabi-10.3-2021.10/bin/../lib/gcc/arm-none-eabi/10.3.1/thumb/v7e-m/nofp\libgcc.a(_udivmoddi4.o)
                0x08001010                __udivmoddi4
 .text          0x080012e0        0x4 d:/patch/gcc-arm-none-eabi-10.3-2021.10/bin/../lib/gcc/arm-none-eabi/10.3.1/thumb/v7e-m/nofp\libgcc.a(_dvmd_tls.o)
                0x080012e0                __aeabi_idiv0
                0x080012e0                __aeabi_ldiv0
 *fill*         0x080012e4       0x1c 
 .text          0x08001300       0xdc d:/patch/gcc-arm-none-eabi-10.3-2021.10/bin/../lib/gcc/arm-none-eabi/10.3.1/../../../../arm-none-eabi/lib/thumb/v7e-m/nofp\libg.a(lib_a-strlen.o)
                0x08001300                strlen
 *fill*         0x080013dc        0x4 
 .text          0x080013e0       0xa0 d:/patch/gcc-arm-none-eabi-10.3-2021.10/bin/../lib/gcc/arm-none-eabi/10.3.1/../../../../arm-none-eabi/lib/thumb/v7e-m/nofp\libg.a(lib_a-memchr.o)
                0x080013e0                memchr
 .text          0x08001480      0x134 d:/patch/gcc-arm-none-eabi-10.3-2021.10/bin/../lib/gcc/arm-none-eabi/10.3.1/../../../../arm-none-eabi/lib/thumb/v7e-m/nofp\libg.a(lib_a-memcpy.o)
                0x08001480                memcpy
 .text          0x080015b4      0x110 d:/patch/gcc-arm-none-eabi-10.3-2021.10/bin/../lib/gcc/arm-none-eabi/10.3.1/thumb/v7e-m/nofp\libgcc.a(_arm_cmpdf2.o)
                0x080015b4                __gtdf2
                0x080015b4                __gedf2
                0x080015bc                __ltdf2
                0x080015bc                __ledf2
                0x080015c4                __nedf2
                0x080015c4                __eqdf2
                0x080015c4                __cmpdf2
                0x08001640                __aeabi_cdrcmple
                0x08001650                __aeabi_cdcmpeq
                0x08001650                __aeabi_cdcmple
                0x08001660                __aeabi_dcmpeq
                0x08001674                __aeabi_dcmplt
                0x08001688                __aeabi_dcmple
                0x0800169c                __aeabi_dcmpge
                0x080016b0                __aeabi_dcmpgt
 .text          0x080016c4       0x2c d:/patch/gcc-arm-none-eabi-10.3-2021.10/bin/../lib/gcc/arm-none-eabi/10.3.1/thumb/v7e-m/nofp\libgcc.a(_arm_unorddf2.o)
                0x080016c4                __unorddf2
                0x080016c4                __aeabi_dcmpun
 *(.text*)
 .text.Bsp_Init
                0x080016f0       0x20 CMakeFiles/gongxun.elf.dir/Bsp/Bsp.c.obj
                0x080016f0                Bsp_Init
 .text.LCD_SendData
                0x08001710      0x118 CMakeFiles/gongxun.elf.dir/Bsp/LCD.c.obj
                0x08001710                LCD_SendData
 .text.Delay_Init
                0x08001828       0x18 CMakeFiles/gongxun.elf.dir/Bsp/My_Delay.c.obj
                0x08001828                Delay_Init
 .text.Delay_us
                0x08001840       0x40 CMakeFiles/gongxun.elf.dir/Bsp/My_Delay.c.obj
                0x08001840                Delay_us
 .text.Delay_ms
                0x08001880       0x3c CMakeFiles/gongxun.elf.dir/Bsp/My_Delay.c.obj
                0x08001880                Delay_ms
 .text.Usart_Init
                0x080018bc        0x2 CMakeFiles/gongxun.elf.dir/Bsp/Uart_Bsp.c.obj
                0x080018bc                Usart_Init
 *fill*         0x080018be        0x2 
 .text.JY901_Process
                0x080018c0      0x124 CMakeFiles/gongxun.elf.dir/Bsp/Uart_Bsp.c.obj
                0x080018c0                JY901_Process
 .text.OpenMV_Receive_Data
                0x080019e4       0xb0 CMakeFiles/gongxun.elf.dir/Bsp/Uart_Bsp.c.obj
                0x080019e4                OpenMV_Receive_Data
 .text.MX_DMA_Init
                0x08001a94       0x34 CMakeFiles/gongxun.elf.dir/Core/Src/dma.c.obj
                0x08001a94                MX_DMA_Init
 .text.MX_GPIO_Init
                0x08001ac8      0x1cc CMakeFiles/gongxun.elf.dir/Core/Src/gpio.c.obj
                0x08001ac8                MX_GPIO_Init
 .text.Error_Handler
                0x08001c94       0x18 CMakeFiles/gongxun.elf.dir/Core/Src/main.c.obj
                0x08001c94                Error_Handler
 .text.SystemClock_Config
                0x08001cac       0xac CMakeFiles/gongxun.elf.dir/Core/Src/main.c.obj
                0x08001cac                SystemClock_Config
 .text.main     0x08001d58       0xa8 CMakeFiles/gongxun.elf.dir/Core/Src/main.c.obj
                0x08001d58                main
 .text.RetargetInit
                0x08001e00       0x20 CMakeFiles/gongxun.elf.dir/Core/Src/retarget.c.obj
                0x08001e00                RetargetInit
 .text._isatty  0x08001e20       0x16 CMakeFiles/gongxun.elf.dir/Core/Src/retarget.c.obj
                0x08001e20                _isatty
 *fill*         0x08001e36        0x2 
 .text._write   0x08001e38       0x34 CMakeFiles/gongxun.elf.dir/Core/Src/retarget.c.obj
                0x08001e38                _write
 .text._close   0x08001e6c       0x18 CMakeFiles/gongxun.elf.dir/Core/Src/retarget.c.obj
                0x08001e6c                _close
 .text._lseek   0x08001e84       0x10 CMakeFiles/gongxun.elf.dir/Core/Src/retarget.c.obj
                0x08001e84                _lseek
 .text._read    0x08001e94       0x30 CMakeFiles/gongxun.elf.dir/Core/Src/retarget.c.obj
                0x08001e94                _read
 .text._fstat   0x08001ec4       0x1a CMakeFiles/gongxun.elf.dir/Core/Src/retarget.c.obj
                0x08001ec4                _fstat
 *fill*         0x08001ede        0x2 
 .text.HAL_MspInit
                0x08001ee0       0x38 CMakeFiles/gongxun.elf.dir/Core/Src/stm32f4xx_hal_msp.c.obj
                0x08001ee0                HAL_MspInit
 .text.NMI_Handler
                0x08001f18        0x2 CMakeFiles/gongxun.elf.dir/Core/Src/stm32f4xx_it.c.obj
                0x08001f18                NMI_Handler
 .text.HardFault_Handler
                0x08001f1a        0x2 CMakeFiles/gongxun.elf.dir/Core/Src/stm32f4xx_it.c.obj
                0x08001f1a                HardFault_Handler
 .text.MemManage_Handler
                0x08001f1c        0x2 CMakeFiles/gongxun.elf.dir/Core/Src/stm32f4xx_it.c.obj
                0x08001f1c                MemManage_Handler
 .text.BusFault_Handler
                0x08001f1e        0x2 CMakeFiles/gongxun.elf.dir/Core/Src/stm32f4xx_it.c.obj
                0x08001f1e                BusFault_Handler
 .text.UsageFault_Handler
                0x08001f20        0x2 CMakeFiles/gongxun.elf.dir/Core/Src/stm32f4xx_it.c.obj
                0x08001f20                UsageFault_Handler
 .text.SVC_Handler
                0x08001f22        0x2 CMakeFiles/gongxun.elf.dir/Core/Src/stm32f4xx_it.c.obj
                0x08001f22                SVC_Handler
 .text.DebugMon_Handler
                0x08001f24        0x2 CMakeFiles/gongxun.elf.dir/Core/Src/stm32f4xx_it.c.obj
                0x08001f24                DebugMon_Handler
 .text.PendSV_Handler
                0x08001f26        0x2 CMakeFiles/gongxun.elf.dir/Core/Src/stm32f4xx_it.c.obj
                0x08001f26                PendSV_Handler
 .text.SysTick_Handler
                0x08001f28        0x8 CMakeFiles/gongxun.elf.dir/Core/Src/stm32f4xx_it.c.obj
                0x08001f28                SysTick_Handler
 .text.DMA1_Stream1_IRQHandler
                0x08001f30       0x10 CMakeFiles/gongxun.elf.dir/Core/Src/stm32f4xx_it.c.obj
                0x08001f30                DMA1_Stream1_IRQHandler
 .text.USART2_IRQHandler
                0x08001f40       0x10 CMakeFiles/gongxun.elf.dir/Core/Src/stm32f4xx_it.c.obj
                0x08001f40                USART2_IRQHandler
 .text.USART3_IRQHandler
                0x08001f50       0x70 CMakeFiles/gongxun.elf.dir/Core/Src/stm32f4xx_it.c.obj
                0x08001f50                USART3_IRQHandler
 .text.TIM8_UP_TIM13_IRQHandler
                0x08001fc0       0x20 CMakeFiles/gongxun.elf.dir/Core/Src/stm32f4xx_it.c.obj
                0x08001fc0                TIM8_UP_TIM13_IRQHandler
 .text.UART4_IRQHandler
                0x08001fe0       0x10 CMakeFiles/gongxun.elf.dir/Core/Src/stm32f4xx_it.c.obj
                0x08001fe0                UART4_IRQHandler
 .text.UART5_IRQHandler
                0x08001ff0       0x10 CMakeFiles/gongxun.elf.dir/Core/Src/stm32f4xx_it.c.obj
                0x08001ff0                UART5_IRQHandler
 .text.TIM6_DAC_IRQHandler
                0x08002000       0x10 CMakeFiles/gongxun.elf.dir/Core/Src/stm32f4xx_it.c.obj
                0x08002000                TIM6_DAC_IRQHandler
 .text.TIM7_IRQHandler
                0x08002010       0x10 CMakeFiles/gongxun.elf.dir/Core/Src/stm32f4xx_it.c.obj
                0x08002010                TIM7_IRQHandler
 .text.HAL_UART_RxCpltCallback
                0x08002020       0x58 CMakeFiles/gongxun.elf.dir/Core/Src/stm32f4xx_it.c.obj
                0x08002020                HAL_UART_RxCpltCallback
 .text._sbrk    0x08002078       0x48 CMakeFiles/gongxun.elf.dir/Core/Src/sysmem.c.obj
                0x08002078                _sbrk
 .text.SystemInit
                0x080020c0        0x2 CMakeFiles/gongxun.elf.dir/Core/Src/system_stm32f4xx.c.obj
                0x080020c0                SystemInit
 *fill*         0x080020c2        0x2 
 .text.MX_TIM6_Init
                0x080020c4       0x50 CMakeFiles/gongxun.elf.dir/Core/Src/tim.c.obj
                0x080020c4                MX_TIM6_Init
 .text.MX_TIM7_Init
                0x08002114       0x50 CMakeFiles/gongxun.elf.dir/Core/Src/tim.c.obj
                0x08002114                MX_TIM7_Init
 .text.HAL_TIM_Base_MspInit
                0x08002164       0xec CMakeFiles/gongxun.elf.dir/Core/Src/tim.c.obj
                0x08002164                HAL_TIM_Base_MspInit
 .text.HAL_TIM_MspPostInit
                0x08002250      0x104 CMakeFiles/gongxun.elf.dir/Core/Src/tim.c.obj
                0x08002250                HAL_TIM_MspPostInit
 .text.MX_TIM1_Init
                0x08002354       0xe4 CMakeFiles/gongxun.elf.dir/Core/Src/tim.c.obj
                0x08002354                MX_TIM1_Init
 .text.MX_TIM3_Init
                0x08002438       0xec CMakeFiles/gongxun.elf.dir/Core/Src/tim.c.obj
                0x08002438                MX_TIM3_Init
 .text.MX_TIM8_Init
                0x08002524      0x158 CMakeFiles/gongxun.elf.dir/Core/Src/tim.c.obj
                0x08002524                MX_TIM8_Init
 .text.MX_UART4_Init
                0x0800267c       0x34 CMakeFiles/gongxun.elf.dir/Core/Src/usart.c.obj
                0x0800267c                MX_UART4_Init
 .text.MX_UART5_Init
                0x080026b0       0x34 CMakeFiles/gongxun.elf.dir/Core/Src/usart.c.obj
                0x080026b0                MX_UART5_Init
 .text.MX_USART1_UART_Init
                0x080026e4       0x34 CMakeFiles/gongxun.elf.dir/Core/Src/usart.c.obj
                0x080026e4                MX_USART1_UART_Init
 .text.MX_USART2_UART_Init
                0x08002718       0x34 CMakeFiles/gongxun.elf.dir/Core/Src/usart.c.obj
                0x08002718                MX_USART2_UART_Init
 .text.MX_USART3_UART_Init
                0x0800274c       0x34 CMakeFiles/gongxun.elf.dir/Core/Src/usart.c.obj
                0x0800274c                MX_USART3_UART_Init
 .text.MX_USART6_UART_Init
                0x08002780       0x34 CMakeFiles/gongxun.elf.dir/Core/Src/usart.c.obj
                0x08002780                MX_USART6_UART_Init
 .text.HAL_UART_MspInit
                0x080027b4      0x2f0 CMakeFiles/gongxun.elf.dir/Core/Src/usart.c.obj
                0x080027b4                HAL_UART_MspInit
 .text.Reset_Handler
                0x08002aa4       0x50 CMakeFiles/gongxun.elf.dir/Core/Startup/startup_stm32f407zetx.s.obj
                0x08002aa4                Reset_Handler
 .text.Default_Handler
                0x08002af4        0x2 CMakeFiles/gongxun.elf.dir/Core/Startup/startup_stm32f407zetx.s.obj
                0x08002af4                RTC_Alarm_IRQHandler
                0x08002af4                HASH_RNG_IRQHandler
                0x08002af4                EXTI2_IRQHandler
                0x08002af4                TIM8_CC_IRQHandler
                0x08002af4                TIM1_CC_IRQHandler
                0x08002af4                DMA2_Stream5_IRQHandler
                0x08002af4                DMA1_Stream5_IRQHandler
                0x08002af4                PVD_IRQHandler
                0x08002af4                SDIO_IRQHandler
                0x08002af4                TAMP_STAMP_IRQHandler
                0x08002af4                CAN2_RX1_IRQHandler
                0x08002af4                EXTI3_IRQHandler
                0x08002af4                TIM8_TRG_COM_TIM14_IRQHandler
                0x08002af4                TIM1_UP_TIM10_IRQHandler
                0x08002af4                I2C3_ER_IRQHandler
                0x08002af4                EXTI0_IRQHandler
                0x08002af4                I2C2_EV_IRQHandler
                0x08002af4                DMA1_Stream2_IRQHandler
                0x08002af4                CAN1_RX0_IRQHandler
                0x08002af4                FPU_IRQHandler
                0x08002af4                OTG_HS_WKUP_IRQHandler
                0x08002af4                CAN2_SCE_IRQHandler
                0x08002af4                DMA2_Stream2_IRQHandler
                0x08002af4                SPI1_IRQHandler
                0x08002af4                TIM1_BRK_TIM9_IRQHandler
                0x08002af4                DCMI_IRQHandler
                0x08002af4                CAN2_RX0_IRQHandler
                0x08002af4                DMA2_Stream3_IRQHandler
                0x08002af4                USART6_IRQHandler
                0x08002af4                CAN1_RX1_IRQHandler
                0x08002af4                DMA2_Stream0_IRQHandler
                0x08002af4                TIM4_IRQHandler
                0x08002af4                I2C1_EV_IRQHandler
                0x08002af4                DMA1_Stream6_IRQHandler
                0x08002af4                TIM3_IRQHandler
                0x08002af4                RCC_IRQHandler
                0x08002af4                TIM8_BRK_TIM12_IRQHandler
                0x08002af4                Default_Handler
                0x08002af4                EXTI15_10_IRQHandler
                0x08002af4                ADC_IRQHandler
                0x08002af4                DMA1_Stream7_IRQHandler
                0x08002af4                CAN2_TX_IRQHandler
                0x08002af4                TIM5_IRQHandler
                0x08002af4                DMA2_Stream7_IRQHandler
                0x08002af4                I2C3_EV_IRQHandler
                0x08002af4                EXTI9_5_IRQHandler
                0x08002af4                RTC_WKUP_IRQHandler
                0x08002af4                ETH_WKUP_IRQHandler
                0x08002af4                SPI2_IRQHandler
                0x08002af4                OTG_HS_EP1_IN_IRQHandler
                0x08002af4                DMA1_Stream0_IRQHandler
                0x08002af4                CAN1_TX_IRQHandler
                0x08002af4                EXTI4_IRQHandler
                0x08002af4                FSMC_IRQHandler
                0x08002af4                ETH_IRQHandler
                0x08002af4                OTG_HS_EP1_OUT_IRQHandler
                0x08002af4                WWDG_IRQHandler
                0x08002af4                TIM2_IRQHandler
                0x08002af4                OTG_FS_WKUP_IRQHandler
                0x08002af4                TIM1_TRG_COM_TIM11_IRQHandler
                0x08002af4                OTG_HS_IRQHandler
                0x08002af4                EXTI1_IRQHandler
                0x08002af4                I2C2_ER_IRQHandler
                0x08002af4                DMA2_Stream1_IRQHandler
                0x08002af4                CAN1_SCE_IRQHandler
                0x08002af4                FLASH_IRQHandler
                0x08002af4                DMA2_Stream4_IRQHandler
                0x08002af4                USART1_IRQHandler
                0x08002af4                OTG_FS_IRQHandler
                0x08002af4                SPI3_IRQHandler
                0x08002af4                DMA1_Stream4_IRQHandler
                0x08002af4                I2C1_ER_IRQHandler
                0x08002af4                DMA2_Stream6_IRQHandler
                0x08002af4                DMA1_Stream3_IRQHandler
 *fill*         0x08002af6        0x2 
 .text.HAL_InitTick
                0x08002af8       0x4c CMakeFiles/gongxun.elf.dir/Drivers/STM32F4xx_HAL_Driver/Src/stm32f4xx_hal.c.obj
                0x08002af8                HAL_InitTick
 .text.HAL_Init
                0x08002b44       0x34 CMakeFiles/gongxun.elf.dir/Drivers/STM32F4xx_HAL_Driver/Src/stm32f4xx_hal.c.obj
                0x08002b44                HAL_Init
 .text.HAL_IncTick
                0x08002b78       0x18 CMakeFiles/gongxun.elf.dir/Drivers/STM32F4xx_HAL_Driver/Src/stm32f4xx_hal.c.obj
                0x08002b78                HAL_IncTick
 .text.HAL_GetTick
                0x08002b90        0xc CMakeFiles/gongxun.elf.dir/Drivers/STM32F4xx_HAL_Driver/Src/stm32f4xx_hal.c.obj
                0x08002b90                HAL_GetTick
 .text.HAL_Delay
                0x08002b9c       0x28 CMakeFiles/gongxun.elf.dir/Drivers/STM32F4xx_HAL_Driver/Src/stm32f4xx_hal.c.obj
                0x08002b9c                HAL_Delay
 .text.HAL_NVIC_SetPriorityGrouping
                0x08002bc4       0x24 CMakeFiles/gongxun.elf.dir/Drivers/STM32F4xx_HAL_Driver/Src/stm32f4xx_hal_cortex.c.obj
                0x08002bc4                HAL_NVIC_SetPriorityGrouping
 .text.HAL_NVIC_SetPriority
                0x08002be8       0x70 CMakeFiles/gongxun.elf.dir/Drivers/STM32F4xx_HAL_Driver/Src/stm32f4xx_hal_cortex.c.obj
                0x08002be8                HAL_NVIC_SetPriority
 .text.HAL_NVIC_EnableIRQ
                0x08002c58       0x1c CMakeFiles/gongxun.elf.dir/Drivers/STM32F4xx_HAL_Driver/Src/stm32f4xx_hal_cortex.c.obj
                0x08002c58                HAL_NVIC_EnableIRQ
 .text.HAL_SYSTICK_Config
                0x08002c74       0x28 CMakeFiles/gongxun.elf.dir/Drivers/STM32F4xx_HAL_Driver/Src/stm32f4xx_hal_cortex.c.obj
                0x08002c74                HAL_SYSTICK_Config
 .text.HAL_SYSTICK_CLKSourceConfig
                0x08002c9c       0x20 CMakeFiles/gongxun.elf.dir/Drivers/STM32F4xx_HAL_Driver/Src/stm32f4xx_hal_cortex.c.obj
                0x08002c9c                HAL_SYSTICK_CLKSourceConfig
 .text.DMA_SetConfig
                0x08002cbc       0x2c CMakeFiles/gongxun.elf.dir/Drivers/STM32F4xx_HAL_Driver/Src/stm32f4xx_hal_dma.c.obj
 .text.DMA_CalcBaseAndBitshift
                0x08002ce8       0x40 CMakeFiles/gongxun.elf.dir/Drivers/STM32F4xx_HAL_Driver/Src/stm32f4xx_hal_dma.c.obj
 .text.DMA_CheckFifoParam
                0x08002d28       0x8e CMakeFiles/gongxun.elf.dir/Drivers/STM32F4xx_HAL_Driver/Src/stm32f4xx_hal_dma.c.obj
 *fill*         0x08002db6        0x2 
 .text.HAL_DMA_Init
                0x08002db8       0xcc CMakeFiles/gongxun.elf.dir/Drivers/STM32F4xx_HAL_Driver/Src/stm32f4xx_hal_dma.c.obj
                0x08002db8                HAL_DMA_Init
 .text.HAL_DMA_Start_IT
                0x08002e84       0x6a CMakeFiles/gongxun.elf.dir/Drivers/STM32F4xx_HAL_Driver/Src/stm32f4xx_hal_dma.c.obj
                0x08002e84                HAL_DMA_Start_IT
 .text.HAL_DMA_Abort
                0x08002eee       0x94 CMakeFiles/gongxun.elf.dir/Drivers/STM32F4xx_HAL_Driver/Src/stm32f4xx_hal_dma.c.obj
                0x08002eee                HAL_DMA_Abort
 .text.HAL_DMA_Abort_IT
                0x08002f82       0x26 CMakeFiles/gongxun.elf.dir/Drivers/STM32F4xx_HAL_Driver/Src/stm32f4xx_hal_dma.c.obj
                0x08002f82                HAL_DMA_Abort_IT
 .text.HAL_DMA_IRQHandler
                0x08002fa8      0x1dc CMakeFiles/gongxun.elf.dir/Drivers/STM32F4xx_HAL_Driver/Src/stm32f4xx_hal_dma.c.obj
                0x08002fa8                HAL_DMA_IRQHandler
 .text.HAL_GPIO_Init
                0x08003184      0x1e4 CMakeFiles/gongxun.elf.dir/Drivers/STM32F4xx_HAL_Driver/Src/stm32f4xx_hal_gpio.c.obj
                0x08003184                HAL_GPIO_Init
 .text.HAL_GPIO_WritePin
                0x08003368        0xc CMakeFiles/gongxun.elf.dir/Drivers/STM32F4xx_HAL_Driver/Src/stm32f4xx_hal_gpio.c.obj
                0x08003368                HAL_GPIO_WritePin
 .text.HAL_GPIO_TogglePin
                0x08003374       0x12 CMakeFiles/gongxun.elf.dir/Drivers/STM32F4xx_HAL_Driver/Src/stm32f4xx_hal_gpio.c.obj
                0x08003374                HAL_GPIO_TogglePin
 *fill*         0x08003386        0x2 
 .text.HAL_RCC_OscConfig
                0x08003388      0x3f8 CMakeFiles/gongxun.elf.dir/Drivers/STM32F4xx_HAL_Driver/Src/stm32f4xx_hal_rcc.c.obj
                0x08003388                HAL_RCC_OscConfig
 .text.HAL_RCC_GetSysClockFreq
                0x08003780       0xd4 CMakeFiles/gongxun.elf.dir/Drivers/STM32F4xx_HAL_Driver/Src/stm32f4xx_hal_rcc.c.obj
                0x08003780                HAL_RCC_GetSysClockFreq
 .text.HAL_RCC_ClockConfig
                0x08003854      0x160 CMakeFiles/gongxun.elf.dir/Drivers/STM32F4xx_HAL_Driver/Src/stm32f4xx_hal_rcc.c.obj
                0x08003854                HAL_RCC_ClockConfig
 .text.HAL_RCC_GetHCLKFreq
                0x080039b4        0xc CMakeFiles/gongxun.elf.dir/Drivers/STM32F4xx_HAL_Driver/Src/stm32f4xx_hal_rcc.c.obj
                0x080039b4                HAL_RCC_GetHCLKFreq
 .text.HAL_RCC_GetPCLK1Freq
                0x080039c0       0x20 CMakeFiles/gongxun.elf.dir/Drivers/STM32F4xx_HAL_Driver/Src/stm32f4xx_hal_rcc.c.obj
                0x080039c0                HAL_RCC_GetPCLK1Freq
 .text.HAL_RCC_GetPCLK2Freq
                0x080039e0       0x20 CMakeFiles/gongxun.elf.dir/Drivers/STM32F4xx_HAL_Driver/Src/stm32f4xx_hal_rcc.c.obj
                0x080039e0                HAL_RCC_GetPCLK2Freq
 .text.TIM_OC1_SetConfig
                0x08003a00       0x68 CMakeFiles/gongxun.elf.dir/Drivers/STM32F4xx_HAL_Driver/Src/stm32f4xx_hal_tim.c.obj
 .text.TIM_OC3_SetConfig
                0x08003a68       0x70 CMakeFiles/gongxun.elf.dir/Drivers/STM32F4xx_HAL_Driver/Src/stm32f4xx_hal_tim.c.obj
 .text.TIM_OC4_SetConfig
                0x08003ad8       0x50 CMakeFiles/gongxun.elf.dir/Drivers/STM32F4xx_HAL_Driver/Src/stm32f4xx_hal_tim.c.obj
 .text.TIM_TI1_ConfigInputStage
                0x08003b28       0x24 CMakeFiles/gongxun.elf.dir/Drivers/STM32F4xx_HAL_Driver/Src/stm32f4xx_hal_tim.c.obj
 .text.TIM_TI2_ConfigInputStage
                0x08003b4c       0x26 CMakeFiles/gongxun.elf.dir/Drivers/STM32F4xx_HAL_Driver/Src/stm32f4xx_hal_tim.c.obj
 .text.TIM_ITRx_SetConfig
                0x08003b72       0x10 CMakeFiles/gongxun.elf.dir/Drivers/STM32F4xx_HAL_Driver/Src/stm32f4xx_hal_tim.c.obj
 .text.HAL_TIM_PWM_MspInit
                0x08003b82        0x2 CMakeFiles/gongxun.elf.dir/Drivers/STM32F4xx_HAL_Driver/Src/stm32f4xx_hal_tim.c.obj
                0x08003b82                HAL_TIM_PWM_MspInit
 .text.HAL_TIM_OC_DelayElapsedCallback
                0x08003b84        0x2 CMakeFiles/gongxun.elf.dir/Drivers/STM32F4xx_HAL_Driver/Src/stm32f4xx_hal_tim.c.obj
                0x08003b84                HAL_TIM_OC_DelayElapsedCallback
 .text.HAL_TIM_IC_CaptureCallback
                0x08003b86        0x2 CMakeFiles/gongxun.elf.dir/Drivers/STM32F4xx_HAL_Driver/Src/stm32f4xx_hal_tim.c.obj
                0x08003b86                HAL_TIM_IC_CaptureCallback
 .text.HAL_TIM_PWM_PulseFinishedCallback
                0x08003b88        0x2 CMakeFiles/gongxun.elf.dir/Drivers/STM32F4xx_HAL_Driver/Src/stm32f4xx_hal_tim.c.obj
                0x08003b88                HAL_TIM_PWM_PulseFinishedCallback
 .text.HAL_TIM_TriggerCallback
                0x08003b8a        0x2 CMakeFiles/gongxun.elf.dir/Drivers/STM32F4xx_HAL_Driver/Src/stm32f4xx_hal_tim.c.obj
                0x08003b8a                HAL_TIM_TriggerCallback
 .text.HAL_TIM_IRQHandler
                0x08003b8c      0x15e CMakeFiles/gongxun.elf.dir/Drivers/STM32F4xx_HAL_Driver/Src/stm32f4xx_hal_tim.c.obj
                0x08003b8c                HAL_TIM_IRQHandler
 *fill*         0x08003cea        0x2 
 .text.TIM_Base_SetConfig
                0x08003cec       0xd8 CMakeFiles/gongxun.elf.dir/Drivers/STM32F4xx_HAL_Driver/Src/stm32f4xx_hal_tim.c.obj
                0x08003cec                TIM_Base_SetConfig
 .text.HAL_TIM_Base_Init
                0x08003dc4       0x58 CMakeFiles/gongxun.elf.dir/Drivers/STM32F4xx_HAL_Driver/Src/stm32f4xx_hal_tim.c.obj
                0x08003dc4                HAL_TIM_Base_Init
 .text.HAL_TIM_PWM_Init
                0x08003e1c       0x58 CMakeFiles/gongxun.elf.dir/Drivers/STM32F4xx_HAL_Driver/Src/stm32f4xx_hal_tim.c.obj
                0x08003e1c                HAL_TIM_PWM_Init
 .text.TIM_OC2_SetConfig
                0x08003e74       0x70 CMakeFiles/gongxun.elf.dir/Drivers/STM32F4xx_HAL_Driver/Src/stm32f4xx_hal_tim.c.obj
                0x08003e74                TIM_OC2_SetConfig
 .text.HAL_TIM_PWM_ConfigChannel
                0x08003ee4       0xdc CMakeFiles/gongxun.elf.dir/Drivers/STM32F4xx_HAL_Driver/Src/stm32f4xx_hal_tim.c.obj
                0x08003ee4                HAL_TIM_PWM_ConfigChannel
 .text.TIM_ETR_SetConfig
                0x08003fc0       0x18 CMakeFiles/gongxun.elf.dir/Drivers/STM32F4xx_HAL_Driver/Src/stm32f4xx_hal_tim.c.obj
                0x08003fc0                TIM_ETR_SetConfig
 .text.HAL_TIM_ConfigClockSource
                0x08003fd8       0xfe CMakeFiles/gongxun.elf.dir/Drivers/STM32F4xx_HAL_Driver/Src/stm32f4xx_hal_tim.c.obj
                0x08003fd8                HAL_TIM_ConfigClockSource
 .text.TIM_CCxChannelCmd
                0x080040d6       0x1e CMakeFiles/gongxun.elf.dir/Drivers/STM32F4xx_HAL_Driver/Src/stm32f4xx_hal_tim.c.obj
                0x080040d6                TIM_CCxChannelCmd
 .text.HAL_TIM_PWM_Start
                0x080040f4      0x104 CMakeFiles/gongxun.elf.dir/Drivers/STM32F4xx_HAL_Driver/Src/stm32f4xx_hal_tim.c.obj
                0x080040f4                HAL_TIM_PWM_Start
 .text.HAL_TIMEx_MasterConfigSynchronization
                0x080041f8       0x8c CMakeFiles/gongxun.elf.dir/Drivers/STM32F4xx_HAL_Driver/Src/stm32f4xx_hal_tim_ex.c.obj
                0x080041f8                HAL_TIMEx_MasterConfigSynchronization
 .text.HAL_TIMEx_ConfigBreakDeadTime
                0x08004284       0x52 CMakeFiles/gongxun.elf.dir/Drivers/STM32F4xx_HAL_Driver/Src/stm32f4xx_hal_tim_ex.c.obj
                0x08004284                HAL_TIMEx_ConfigBreakDeadTime
 .text.HAL_TIMEx_CommutCallback
                0x080042d6        0x2 CMakeFiles/gongxun.elf.dir/Drivers/STM32F4xx_HAL_Driver/Src/stm32f4xx_hal_tim_ex.c.obj
                0x080042d6                HAL_TIMEx_CommutCallback
 .text.HAL_TIMEx_BreakCallback
                0x080042d8        0x2 CMakeFiles/gongxun.elf.dir/Drivers/STM32F4xx_HAL_Driver/Src/stm32f4xx_hal_tim_ex.c.obj
                0x080042d8                HAL_TIMEx_BreakCallback
 .text.UART_EndTxTransfer
                0x080042da       0x20 CMakeFiles/gongxun.elf.dir/Drivers/STM32F4xx_HAL_Driver/Src/stm32f4xx_hal_uart.c.obj
 .text.UART_EndRxTransfer
                0x080042fa       0x5c CMakeFiles/gongxun.elf.dir/Drivers/STM32F4xx_HAL_Driver/Src/stm32f4xx_hal_uart.c.obj
 .text.UART_Transmit_IT
                0x08004356       0x60 CMakeFiles/gongxun.elf.dir/Drivers/STM32F4xx_HAL_Driver/Src/stm32f4xx_hal_uart.c.obj
 *fill*         0x080043b6        0x2 
 .text.UART_SetConfig
                0x080043b8      0x110 CMakeFiles/gongxun.elf.dir/Drivers/STM32F4xx_HAL_Driver/Src/stm32f4xx_hal_uart.c.obj
 .text.UART_WaitOnFlagUntilTimeout
                0x080044c8       0x8a CMakeFiles/gongxun.elf.dir/Drivers/STM32F4xx_HAL_Driver/Src/stm32f4xx_hal_uart.c.obj
 .text.HAL_UART_Init
                0x08004552       0x60 CMakeFiles/gongxun.elf.dir/Drivers/STM32F4xx_HAL_Driver/Src/stm32f4xx_hal_uart.c.obj
                0x08004552                HAL_UART_Init
 .text.HAL_UART_Transmit
                0x080045b2       0xcc CMakeFiles/gongxun.elf.dir/Drivers/STM32F4xx_HAL_Driver/Src/stm32f4xx_hal_uart.c.obj
                0x080045b2                HAL_UART_Transmit
 .text.HAL_UART_Receive
                0x0800467e       0xd2 CMakeFiles/gongxun.elf.dir/Drivers/STM32F4xx_HAL_Driver/Src/stm32f4xx_hal_uart.c.obj
                0x0800467e                HAL_UART_Receive
 .text.HAL_UART_DMAStop
                0x08004750       0x84 CMakeFiles/gongxun.elf.dir/Drivers/STM32F4xx_HAL_Driver/Src/stm32f4xx_hal_uart.c.obj
                0x08004750                HAL_UART_DMAStop
 .text.HAL_UART_TxCpltCallback
                0x080047d4        0x2 CMakeFiles/gongxun.elf.dir/Drivers/STM32F4xx_HAL_Driver/Src/stm32f4xx_hal_uart.c.obj
                0x080047d4                HAL_UART_TxCpltCallback
 .text.UART_EndTransmit_IT
                0x080047d6       0x1a CMakeFiles/gongxun.elf.dir/Drivers/STM32F4xx_HAL_Driver/Src/stm32f4xx_hal_uart.c.obj
 .text.HAL_UART_RxHalfCpltCallback
                0x080047f0        0x2 CMakeFiles/gongxun.elf.dir/Drivers/STM32F4xx_HAL_Driver/Src/stm32f4xx_hal_uart.c.obj
                0x080047f0                HAL_UART_RxHalfCpltCallback
 .text.HAL_UART_ErrorCallback
                0x080047f2        0x2 CMakeFiles/gongxun.elf.dir/Drivers/STM32F4xx_HAL_Driver/Src/stm32f4xx_hal_uart.c.obj
                0x080047f2                HAL_UART_ErrorCallback
 .text.UART_DMAError
                0x080047f4       0x58 CMakeFiles/gongxun.elf.dir/Drivers/STM32F4xx_HAL_Driver/Src/stm32f4xx_hal_uart.c.obj
 .text.UART_DMAAbortOnError
                0x0800484c       0x10 CMakeFiles/gongxun.elf.dir/Drivers/STM32F4xx_HAL_Driver/Src/stm32f4xx_hal_uart.c.obj
 .text.HAL_UARTEx_RxEventCallback
                0x0800485c        0x2 CMakeFiles/gongxun.elf.dir/Drivers/STM32F4xx_HAL_Driver/Src/stm32f4xx_hal_uart.c.obj
                0x0800485c                HAL_UARTEx_RxEventCallback
 .text.UART_Receive_IT
                0x0800485e       0xe6 CMakeFiles/gongxun.elf.dir/Drivers/STM32F4xx_HAL_Driver/Src/stm32f4xx_hal_uart.c.obj
 .text.HAL_UART_IRQHandler
                0x08004944      0x288 CMakeFiles/gongxun.elf.dir/Drivers/STM32F4xx_HAL_Driver/Src/stm32f4xx_hal_uart.c.obj
                0x08004944                HAL_UART_IRQHandler
 .text.UART_DMARxHalfCplt
                0x08004bcc       0x1e CMakeFiles/gongxun.elf.dir/Drivers/STM32F4xx_HAL_Driver/Src/stm32f4xx_hal_uart.c.obj
 .text.UART_DMAReceiveCplt
                0x08004bea       0x9a CMakeFiles/gongxun.elf.dir/Drivers/STM32F4xx_HAL_Driver/Src/stm32f4xx_hal_uart.c.obj
 .text.UART_Start_Receive_IT
                0x08004c84       0x36 CMakeFiles/gongxun.elf.dir/Drivers/STM32F4xx_HAL_Driver/Src/stm32f4xx_hal_uart.c.obj
                0x08004c84                UART_Start_Receive_IT
 .text.HAL_UART_Receive_IT
                0x08004cba       0x26 CMakeFiles/gongxun.elf.dir/Drivers/STM32F4xx_HAL_Driver/Src/stm32f4xx_hal_uart.c.obj
                0x08004cba                HAL_UART_Receive_IT
 .text.UART_Start_Receive_DMA
                0x08004ce0       0xa4 CMakeFiles/gongxun.elf.dir/Drivers/STM32F4xx_HAL_Driver/Src/stm32f4xx_hal_uart.c.obj
                0x08004ce0                UART_Start_Receive_DMA
 .text.HAL_UART_Receive_DMA
                0x08004d84       0x26 CMakeFiles/gongxun.elf.dir/Drivers/STM32F4xx_HAL_Driver/Src/stm32f4xx_hal_uart.c.obj
                0x08004d84                HAL_UART_Receive_DMA
 *fill*         0x08004daa        0x2 
 .text.Control_Proc
                0x08004dac      0x64c CMakeFiles/gongxun.elf.dir/Task/Control.c.obj
                0x08004dac                Control_Proc
 .text.My_ABS   0x080053f8        0xa CMakeFiles/gongxun.elf.dir/Task/Motor.c.obj
                0x080053f8                My_ABS
 *fill*         0x08005402        0x2 
 .text.Motor_Receive_Data
                0x08005404      0x14c CMakeFiles/gongxun.elf.dir/Task/Motor.c.obj
                0x08005404                Motor_Receive_Data
 .text.Motor_Run
                0x08005550       0x30 CMakeFiles/gongxun.elf.dir/Task/Motor.c.obj
                0x08005550                Motor_Run
 .text.Motor_SetSpeed
                0x08005580       0x68 CMakeFiles/gongxun.elf.dir/Task/Motor.c.obj
                0x08005580                Motor_SetSpeed
 .text.Motor_SetPosition
                0x080055e8       0x98 CMakeFiles/gongxun.elf.dir/Task/Motor.c.obj
                0x080055e8                Motor_SetPosition
 .text.Motor_SetPosition_A
                0x08005680       0xc4 CMakeFiles/gongxun.elf.dir/Task/Motor.c.obj
                0x08005680                Motor_SetPosition_A
 *fill*         0x08005744        0x4 
 .text.Car_Go_Target
                0x08005748      0x130 CMakeFiles/gongxun.elf.dir/Task/Motor.c.obj
                0x08005748                Car_Go_Target
 .text.Car_Turn
                0x08005878      0x128 CMakeFiles/gongxun.elf.dir/Task/Motor.c.obj
                0x08005878                Car_Turn
 .text.Car_Calibration
                0x080059a0      0x27c CMakeFiles/gongxun.elf.dir/Task/Motor.c.obj
                0x080059a0                Car_Calibration
 .text.HuaGui_UP
                0x08005c1c       0x20 CMakeFiles/gongxun.elf.dir/Task/Motor.c.obj
                0x08005c1c                HuaGui_UP
 .text.HuaGui_DOWN
                0x08005c3c       0x20 CMakeFiles/gongxun.elf.dir/Task/Motor.c.obj
                0x08005c3c                HuaGui_DOWN
 .text.HuaGui_DOWN2
                0x08005c5c       0x20 CMakeFiles/gongxun.elf.dir/Task/Motor.c.obj
                0x08005c5c                HuaGui_DOWN2
 .text.HuaGui_Fang
                0x08005c7c       0x20 CMakeFiles/gongxun.elf.dir/Task/Motor.c.obj
                0x08005c7c                HuaGui_Fang
 .text.HuaGui_Qu
                0x08005c9c       0x20 CMakeFiles/gongxun.elf.dir/Task/Motor.c.obj
                0x08005c9c                HuaGui_Qu
 .text.HuaGui_ZhuanPan
                0x08005cbc       0x20 CMakeFiles/gongxun.elf.dir/Task/Motor.c.obj
                0x08005cbc                HuaGui_ZhuanPan
 *fill*         0x08005cdc        0x4 
 .text.HAL_TIM_PeriodElapsedCallback
                0x08005ce0       0xf8 CMakeFiles/gongxun.elf.dir/Task/Move.c.obj
                0x08005ce0                HAL_TIM_PeriodElapsedCallback
 .text.Get_Loads
                0x08005dd8      0x298 CMakeFiles/gongxun.elf.dir/Task/Move.c.obj
                0x08005dd8                Get_Loads
 .text.Put_Loads
                0x08006070      0x254 CMakeFiles/gongxun.elf.dir/Task/Move.c.obj
                0x08006070                Put_Loads
 .text.Servo_SetAngle
                0x080062c4       0xe8 CMakeFiles/gongxun.elf.dir/Task/Servo.c.obj
                0x080062c4                Servo_SetAngle
 .text.Servo_CallBack
                0x080063ac       0xe8 CMakeFiles/gongxun.elf.dir/Task/Servo.c.obj
                0x080063ac                Servo_CallBack
 .text.JiaZhua_Turn
                0x08006494       0x6c CMakeFiles/gongxun.elf.dir/Task/Servo.c.obj
                0x08006494                JiaZhua_Turn
 .text.HuaGui_Turn
                0x08006500       0x78 CMakeFiles/gongxun.elf.dir/Task/Servo.c.obj
                0x08006500                HuaGui_Turn
 .text.ZaiWu_Turn
                0x08006578       0xd0 CMakeFiles/gongxun.elf.dir/Task/Servo.c.obj
                0x08006578                ZaiWu_Turn
 .text.__errno  0x08006648        0xc d:/patch/gcc-arm-none-eabi-10.3-2021.10/bin/../lib/gcc/arm-none-eabi/10.3.1/../../../../arm-none-eabi/lib/thumb/v7e-m/nofp\libg.a(lib_a-errno.o)
                0x08006648                __errno
 .text.__libc_init_array
                0x08006654       0x48 d:/patch/gcc-arm-none-eabi-10.3-2021.10/bin/../lib/gcc/arm-none-eabi/10.3.1/../../../../arm-none-eabi/lib/thumb/v7e-m/nofp\libg.a(lib_a-init.o)
                0x08006654                __libc_init_array
 .text.memset   0x0800669c       0xa4 d:/patch/gcc-arm-none-eabi-10.3-2021.10/bin/../lib/gcc/arm-none-eabi/10.3.1/../../../../arm-none-eabi/lib/thumb/v7e-m/nofp\libg.a(lib_a-memset.o)
                0x0800669c                memset
 .text._puts_r  0x08006740       0x9c d:/patch/gcc-arm-none-eabi-10.3-2021.10/bin/../lib/gcc/arm-none-eabi/10.3.1/../../../../arm-none-eabi/lib/thumb/v7e-m/nofp\libg.a(lib_a-puts.o)
                0x08006740                _puts_r
 .text.puts     0x080067dc       0x10 d:/patch/gcc-arm-none-eabi-10.3-2021.10/bin/../lib/gcc/arm-none-eabi/10.3.1/../../../../arm-none-eabi/lib/thumb/v7e-m/nofp\libg.a(lib_a-puts.o)
                0x080067dc                puts
 .text.setvbuf  0x080067ec      0x1b0 d:/patch/gcc-arm-none-eabi-10.3-2021.10/bin/../lib/gcc/arm-none-eabi/10.3.1/../../../../arm-none-eabi/lib/thumb/v7e-m/nofp\libg.a(lib_a-setvbuf.o)
                0x080067ec                setvbuf
 .text.__sflush_r
                0x0800699c      0x120 d:/patch/gcc-arm-none-eabi-10.3-2021.10/bin/../lib/gcc/arm-none-eabi/10.3.1/../../../../arm-none-eabi/lib/thumb/v7e-m/nofp\libg.a(lib_a-fflush.o)
                0x0800699c                __sflush_r
 .text._fflush_r
                0x08006abc       0x5c d:/patch/gcc-arm-none-eabi-10.3-2021.10/bin/../lib/gcc/arm-none-eabi/10.3.1/../../../../arm-none-eabi/lib/thumb/v7e-m/nofp\libg.a(lib_a-fflush.o)
                0x08006abc                _fflush_r
 .text._cleanup_r
                0x08006b18        0xc d:/patch/gcc-arm-none-eabi-10.3-2021.10/bin/../lib/gcc/arm-none-eabi/10.3.1/../../../../arm-none-eabi/lib/thumb/v7e-m/nofp\libg.a(lib_a-findfp.o)
                0x08006b18                _cleanup_r
 .text.__sinit  0x08006b24      0x10c d:/patch/gcc-arm-none-eabi-10.3-2021.10/bin/../lib/gcc/arm-none-eabi/10.3.1/../../../../arm-none-eabi/lib/thumb/v7e-m/nofp\libg.a(lib_a-findfp.o)
                0x08006b24                __sinit
 .text.__sfp_lock_acquire
                0x08006c30        0xc d:/patch/gcc-arm-none-eabi-10.3-2021.10/bin/../lib/gcc/arm-none-eabi/10.3.1/../../../../arm-none-eabi/lib/thumb/v7e-m/nofp\libg.a(lib_a-findfp.o)
                0x08006c30                __sfp_lock_acquire
 .text.__sfp_lock_release
                0x08006c3c        0xc d:/patch/gcc-arm-none-eabi-10.3-2021.10/bin/../lib/gcc/arm-none-eabi/10.3.1/../../../../arm-none-eabi/lib/thumb/v7e-m/nofp\libg.a(lib_a-findfp.o)
                0x08006c3c                __sfp_lock_release
 .text._malloc_trim_r
                0x08006c48       0xa0 d:/patch/gcc-arm-none-eabi-10.3-2021.10/bin/../lib/gcc/arm-none-eabi/10.3.1/../../../../arm-none-eabi/lib/thumb/v7e-m/nofp\libg.a(lib_a-freer.o)
                0x08006c48                _malloc_trim_r
 .text._free_r  0x08006ce8      0x20c d:/patch/gcc-arm-none-eabi-10.3-2021.10/bin/../lib/gcc/arm-none-eabi/10.3.1/../../../../arm-none-eabi/lib/thumb/v7e-m/nofp\libg.a(lib_a-freer.o)
                0x08006ce8                _free_r
 .text.__sfvwrite_r
                0x08006ef4      0x2e8 d:/patch/gcc-arm-none-eabi-10.3-2021.10/bin/../lib/gcc/arm-none-eabi/10.3.1/../../../../arm-none-eabi/lib/thumb/v7e-m/nofp\libg.a(lib_a-fvwrite.o)
                0x08006ef4                __sfvwrite_r
 .text._fwalk_reent
                0x080071dc       0x48 d:/patch/gcc-arm-none-eabi-10.3-2021.10/bin/../lib/gcc/arm-none-eabi/10.3.1/../../../../arm-none-eabi/lib/thumb/v7e-m/nofp\libg.a(lib_a-fwalk.o)
                0x080071dc                _fwalk_reent
 .text.__retarget_lock_init_recursive
                0x08007224        0x4 d:/patch/gcc-arm-none-eabi-10.3-2021.10/bin/../lib/gcc/arm-none-eabi/10.3.1/../../../../arm-none-eabi/lib/thumb/v7e-m/nofp\libg.a(lib_a-lock.o)
                0x08007224                __retarget_lock_init_recursive
 .text.__retarget_lock_close_recursive
                0x08007228        0x4 d:/patch/gcc-arm-none-eabi-10.3-2021.10/bin/../lib/gcc/arm-none-eabi/10.3.1/../../../../arm-none-eabi/lib/thumb/v7e-m/nofp\libg.a(lib_a-lock.o)
                0x08007228                __retarget_lock_close_recursive
 .text.__retarget_lock_acquire_recursive
                0x0800722c        0x4 d:/patch/gcc-arm-none-eabi-10.3-2021.10/bin/../lib/gcc/arm-none-eabi/10.3.1/../../../../arm-none-eabi/lib/thumb/v7e-m/nofp\libg.a(lib_a-lock.o)
                0x0800722c                __retarget_lock_acquire_recursive
 .text.__retarget_lock_release_recursive
                0x08007230        0x4 d:/patch/gcc-arm-none-eabi-10.3-2021.10/bin/../lib/gcc/arm-none-eabi/10.3.1/../../../../arm-none-eabi/lib/thumb/v7e-m/nofp\libg.a(lib_a-lock.o)
                0x08007230                __retarget_lock_release_recursive
 .text.__smakebuf_r
                0x08007234       0xe0 d:/patch/gcc-arm-none-eabi-10.3-2021.10/bin/../lib/gcc/arm-none-eabi/10.3.1/../../../../arm-none-eabi/lib/thumb/v7e-m/nofp\libg.a(lib_a-makebuf.o)
                0x08007234                __smakebuf_r
 .text.__swhatbuf_r
                0x08007314       0x60 d:/patch/gcc-arm-none-eabi-10.3-2021.10/bin/../lib/gcc/arm-none-eabi/10.3.1/../../../../arm-none-eabi/lib/thumb/v7e-m/nofp\libg.a(lib_a-makebuf.o)
                0x08007314                __swhatbuf_r
 .text.malloc   0x08007374       0x10 d:/patch/gcc-arm-none-eabi-10.3-2021.10/bin/../lib/gcc/arm-none-eabi/10.3.1/../../../../arm-none-eabi/lib/thumb/v7e-m/nofp\libg.a(lib_a-malloc.o)
                0x08007374                malloc
 .text._malloc_r
                0x08007384      0x560 d:/patch/gcc-arm-none-eabi-10.3-2021.10/bin/../lib/gcc/arm-none-eabi/10.3.1/../../../../arm-none-eabi/lib/thumb/v7e-m/nofp\libg.a(lib_a-mallocr.o)
                0x08007384                _malloc_r
 .text.memmove  0x080078e4       0xf8 d:/patch/gcc-arm-none-eabi-10.3-2021.10/bin/../lib/gcc/arm-none-eabi/10.3.1/../../../../arm-none-eabi/lib/thumb/v7e-m/nofp\libg.a(lib_a-memmove.o)
                0x080078e4                memmove
 .text.__malloc_lock
                0x080079dc        0xc d:/patch/gcc-arm-none-eabi-10.3-2021.10/bin/../lib/gcc/arm-none-eabi/10.3.1/../../../../arm-none-eabi/lib/thumb/v7e-m/nofp\libg.a(lib_a-mlock.o)
                0x080079dc                __malloc_lock
 .text.__malloc_unlock
                0x080079e8        0xc d:/patch/gcc-arm-none-eabi-10.3-2021.10/bin/../lib/gcc/arm-none-eabi/10.3.1/../../../../arm-none-eabi/lib/thumb/v7e-m/nofp\libg.a(lib_a-mlock.o)
                0x080079e8                __malloc_unlock
 .text._realloc_r
                0x080079f4      0x3d8 d:/patch/gcc-arm-none-eabi-10.3-2021.10/bin/../lib/gcc/arm-none-eabi/10.3.1/../../../../arm-none-eabi/lib/thumb/v7e-m/nofp\libg.a(lib_a-reallocr.o)
                0x080079f4                _realloc_r
 .text._sbrk_r  0x08007dcc       0x24 d:/patch/gcc-arm-none-eabi-10.3-2021.10/bin/../lib/gcc/arm-none-eabi/10.3.1/../../../../arm-none-eabi/lib/thumb/v7e-m/nofp\libg.a(lib_a-sbrkr.o)
                0x08007dcc                _sbrk_r
 .text.__sread  0x08007df0       0x24 d:/patch/gcc-arm-none-eabi-10.3-2021.10/bin/../lib/gcc/arm-none-eabi/10.3.1/../../../../arm-none-eabi/lib/thumb/v7e-m/nofp\libg.a(lib_a-stdio.o)
                0x08007df0                __sread
 .text.__swrite
                0x08007e14       0x40 d:/patch/gcc-arm-none-eabi-10.3-2021.10/bin/../lib/gcc/arm-none-eabi/10.3.1/../../../../arm-none-eabi/lib/thumb/v7e-m/nofp\libg.a(lib_a-stdio.o)
                0x08007e14                __swrite
 .text.__sseek  0x08007e54       0x20 d:/patch/gcc-arm-none-eabi-10.3-2021.10/bin/../lib/gcc/arm-none-eabi/10.3.1/../../../../arm-none-eabi/lib/thumb/v7e-m/nofp\libg.a(lib_a-stdio.o)
                0x08007e54                __sseek
 .text.__sclose
                0x08007e74        0x8 d:/patch/gcc-arm-none-eabi-10.3-2021.10/bin/../lib/gcc/arm-none-eabi/10.3.1/../../../../arm-none-eabi/lib/thumb/v7e-m/nofp\libg.a(lib_a-stdio.o)
                0x08007e74                __sclose
 .text._write_r
                0x08007e7c       0x2c d:/patch/gcc-arm-none-eabi-10.3-2021.10/bin/../lib/gcc/arm-none-eabi/10.3.1/../../../../arm-none-eabi/lib/thumb/v7e-m/nofp\libg.a(lib_a-writer.o)
                0x08007e7c                _write_r
 .text.__swsetup_r
                0x08007ea8       0xd4 d:/patch/gcc-arm-none-eabi-10.3-2021.10/bin/../lib/gcc/arm-none-eabi/10.3.1/../../../../arm-none-eabi/lib/thumb/v7e-m/nofp\libg.a(lib_a-wsetup.o)
                0x08007ea8                __swsetup_r
 .text._close_r
                0x08007f7c       0x24 d:/patch/gcc-arm-none-eabi-10.3-2021.10/bin/../lib/gcc/arm-none-eabi/10.3.1/../../../../arm-none-eabi/lib/thumb/v7e-m/nofp\libg.a(lib_a-closer.o)
                0x08007f7c                _close_r
 .text._fclose_r
                0x08007fa0       0xcc d:/patch/gcc-arm-none-eabi-10.3-2021.10/bin/../lib/gcc/arm-none-eabi/10.3.1/../../../../arm-none-eabi/lib/thumb/v7e-m/nofp\libg.a(lib_a-fclose.o)
                0x08007fa0                _fclose_r
 .text._fstat_r
                0x0800806c       0x2c d:/patch/gcc-arm-none-eabi-10.3-2021.10/bin/../lib/gcc/arm-none-eabi/10.3.1/../../../../arm-none-eabi/lib/thumb/v7e-m/nofp\libg.a(lib_a-fstatr.o)
                0x0800806c                _fstat_r
 .text._isatty_r
                0x08008098       0x24 d:/patch/gcc-arm-none-eabi-10.3-2021.10/bin/../lib/gcc/arm-none-eabi/10.3.1/../../../../arm-none-eabi/lib/thumb/v7e-m/nofp\libg.a(lib_a-isattyr.o)
                0x08008098                _isatty_r
 .text._lseek_r
                0x080080bc       0x2c d:/patch/gcc-arm-none-eabi-10.3-2021.10/bin/../lib/gcc/arm-none-eabi/10.3.1/../../../../arm-none-eabi/lib/thumb/v7e-m/nofp\libg.a(lib_a-lseekr.o)
                0x080080bc                _lseek_r
 .text._read_r  0x080080e8       0x2c d:/patch/gcc-arm-none-eabi-10.3-2021.10/bin/../lib/gcc/arm-none-eabi/10.3.1/../../../../arm-none-eabi/lib/thumb/v7e-m/nofp\libg.a(lib_a-readr.o)
                0x080080e8                _read_r
 .text.sqrt     0x08008114       0x50 d:/patch/gcc-arm-none-eabi-10.3-2021.10/bin/../lib/gcc/arm-none-eabi/10.3.1/../../../../arm-none-eabi/lib/thumb/v7e-m/nofp\libm.a(lib_a-w_sqrt.o)
                0x08008114                sqrt
 .text.__ieee754_sqrt
                0x08008164      0x18c d:/patch/gcc-arm-none-eabi-10.3-2021.10/bin/../lib/gcc/arm-none-eabi/10.3.1/../../../../arm-none-eabi/lib/thumb/v7e-m/nofp\libm.a(lib_a-e_sqrt.o)
                0x08008164                __ieee754_sqrt
 *(.glue_7)
 .glue_7        0x080082f0        0x0 linker stubs
 *(.glue_7t)
 .glue_7t       0x080082f0        0x0 linker stubs
 *(.eh_frame)
 *(.init)
 .init          0x080082f0        0x4 d:/patch/gcc-arm-none-eabi-10.3-2021.10/bin/../lib/gcc/arm-none-eabi/10.3.1/thumb/v7e-m/nofp/crti.o
                0x080082f0                _init
 .init          0x080082f4        0x8 d:/patch/gcc-arm-none-eabi-10.3-2021.10/bin/../lib/gcc/arm-none-eabi/10.3.1/thumb/v7e-m/nofp/crtn.o
 *(.fini)
 .fini          0x080082fc        0x4 d:/patch/gcc-arm-none-eabi-10.3-2021.10/bin/../lib/gcc/arm-none-eabi/10.3.1/thumb/v7e-m/nofp/crti.o
                0x080082fc                _fini
 .fini          0x08008300        0x8 d:/patch/gcc-arm-none-eabi-10.3-2021.10/bin/../lib/gcc/arm-none-eabi/10.3.1/thumb/v7e-m/nofp/crtn.o
                0x08008308                . = ALIGN (0x4)
                0x08008308                _etext = .

.vfp11_veneer   0x08008308        0x0
 .vfp11_veneer  0x08008308        0x0 linker stubs

.v4_bx          0x08008308        0x0
 .v4_bx         0x08008308        0x0 linker stubs

.iplt           0x08008308        0x0
 .iplt          0x08008308        0x0 CMakeFiles/gongxun.elf.dir/Bsp/Bsp.c.obj

.rodata         0x08008308       0x74
                0x08008308                . = ALIGN (0x4)
 *(.rodata)
 *(.rodata*)
 .rodata.Error_Handler.str1.4
                0x08008308        0x9 CMakeFiles/gongxun.elf.dir/Core/Src/main.c.obj
 *fill*         0x08008311        0x3 
 .rodata.main.str1.4
                0x08008314       0x13 CMakeFiles/gongxun.elf.dir/Core/Src/main.c.obj
 *fill*         0x08008327        0x1 
 .rodata.AHBPrescTable
                0x08008328       0x10 CMakeFiles/gongxun.elf.dir/Core/Src/system_stm32f4xx.c.obj
                0x08008328                AHBPrescTable
 .rodata.APBPrescTable
                0x08008338        0x8 CMakeFiles/gongxun.elf.dir/Core/Src/system_stm32f4xx.c.obj
                0x08008338                APBPrescTable
 .rodata.flagBitshiftOffset.0
                0x08008340        0x8 CMakeFiles/gongxun.elf.dir/Drivers/STM32F4xx_HAL_Driver/Src/stm32f4xx_hal_dma.c.obj
 .rodata.Control_Proc.str1.4
                0x08008348       0x2f CMakeFiles/gongxun.elf.dir/Task/Control.c.obj
 *fill*         0x08008377        0x1 
 .rodata._puts_r.str1.4
                0x08008378        0x2 d:/patch/gcc-arm-none-eabi-10.3-2021.10/bin/../lib/gcc/arm-none-eabi/10.3.1/../../../../arm-none-eabi/lib/thumb/v7e-m/nofp\libg.a(lib_a-puts.o)
                0x0800837c                . = ALIGN (0x4)
 *fill*         0x0800837a        0x2 
                0x08008384                _sidata = LOADADDR (.data)

.ARM.exidx      0x0800837c        0x8
 .ARM.exidx     0x0800837c        0x8 d:/patch/gcc-arm-none-eabi-10.3-2021.10/bin/../lib/gcc/arm-none-eabi/10.3.1/thumb/v7e-m/nofp\libgcc.a(_udivmoddi4.o)

.rel.dyn        0x08008384        0x0
 .rel.iplt      0x08008384        0x0 CMakeFiles/gongxun.elf.dir/Bsp/Bsp.c.obj

.data           0x20000000      0x880 load address 0x08008384
                0x20000000                . = ALIGN (0x4)
                0x20000000                _sdata = .
 *(.data)
 *(.data*)
 .data.LCD_Data
                0x20000000       0x13 CMakeFiles/gongxun.elf.dir/Bsp/LCD.c.obj
                0x20000000                LCD_Data
 .data.OpenMV_End_Char
                0x20000013        0x1 CMakeFiles/gongxun.elf.dir/Bsp/Uart_Bsp.c.obj
                0x20000013                OpenMV_End_Char
 .data.OpenMV_Start_Char
                0x20000014        0x1 CMakeFiles/gongxun.elf.dir/Bsp/Uart_Bsp.c.obj
                0x20000014                OpenMV_Start_Char
 *fill*         0x20000015        0x3 
 .data.SystemCoreClock
                0x20000018        0x4 CMakeFiles/gongxun.elf.dir/Core/Src/system_stm32f4xx.c.obj
                0x20000018                SystemCoreClock
 .data.uwTickFreq
                0x2000001c        0x1 CMakeFiles/gongxun.elf.dir/Drivers/STM32F4xx_HAL_Driver/Src/stm32f4xx_hal.c.obj
                0x2000001c                uwTickFreq
 *fill*         0x2000001d        0x3 
 .data.uwTickPrio
                0x20000020        0x4 CMakeFiles/gongxun.elf.dir/Drivers/STM32F4xx_HAL_Driver/Src/stm32f4xx_hal.c.obj
                0x20000020                uwTickPrio
 .data.Car_Acc  0x20000024        0x2 CMakeFiles/gongxun.elf.dir/Task/Control.c.obj
                0x20000024                Car_Acc
 .data.Car_Acc_Slow
                0x20000026        0x2 CMakeFiles/gongxun.elf.dir/Task/Control.c.obj
                0x20000026                Car_Acc_Slow
 .data.Car_Speed
                0x20000028        0x2 CMakeFiles/gongxun.elf.dir/Task/Control.c.obj
                0x20000028                Car_Speed
 .data.Car_Speed_Slow
                0x2000002a        0x2 CMakeFiles/gongxun.elf.dir/Task/Control.c.obj
                0x2000002a                Car_Speed_Slow
 .data.Car_Turn_Speed_Limit
                0x2000002c        0x2 CMakeFiles/gongxun.elf.dir/Task/Control.c.obj
                0x2000002c                Car_Turn_Speed_Limit
 .data.Motor_HuaGui_ACC
                0x2000002e        0x2 CMakeFiles/gongxun.elf.dir/Task/Control.c.obj
                0x2000002e                Motor_HuaGui_ACC
 .data.Motor_HuaGui_Speed
                0x20000030        0x2 CMakeFiles/gongxun.elf.dir/Task/Control.c.obj
                0x20000030                Motor_HuaGui_Speed
 .data.Stop_Flag_HuaGui
                0x20000032        0x1 CMakeFiles/gongxun.elf.dir/Task/Motor.c.obj
                0x20000032                Stop_Flag_HuaGui
 *fill*         0x20000033        0x1 
 .data.HuaGui_Angle
                0x20000034        0x4 CMakeFiles/gongxun.elf.dir/Task/Servo.c.obj
                0x20000034                HuaGui_Angle
 .data.JiaZhua_Angle
                0x20000038        0x4 CMakeFiles/gongxun.elf.dir/Task/Servo.c.obj
                0x20000038                JiaZhua_Angle
 .data.ZaiWu_Angle
                0x2000003c        0x4 CMakeFiles/gongxun.elf.dir/Task/Servo.c.obj
                0x2000003c                ZaiWu_Angle
 .data._impure_ptr
                0x20000040        0x4 d:/patch/gcc-arm-none-eabi-10.3-2021.10/bin/../lib/gcc/arm-none-eabi/10.3.1/../../../../arm-none-eabi/lib/thumb/v7e-m/nofp\libg.a(lib_a-impure.o)
                0x20000040                _impure_ptr
 *fill*         0x20000044        0x4 
 .data.impure_data
                0x20000048      0x428 d:/patch/gcc-arm-none-eabi-10.3-2021.10/bin/../lib/gcc/arm-none-eabi/10.3.1/../../../../arm-none-eabi/lib/thumb/v7e-m/nofp\libg.a(lib_a-impure.o)
 .data.__malloc_av_
                0x20000470      0x408 d:/patch/gcc-arm-none-eabi-10.3-2021.10/bin/../lib/gcc/arm-none-eabi/10.3.1/../../../../arm-none-eabi/lib/thumb/v7e-m/nofp\libg.a(lib_a-mallocr.o)
                0x20000470                __malloc_av_
 .data.__malloc_sbrk_base
                0x20000878        0x4 d:/patch/gcc-arm-none-eabi-10.3-2021.10/bin/../lib/gcc/arm-none-eabi/10.3.1/../../../../arm-none-eabi/lib/thumb/v7e-m/nofp\libg.a(lib_a-mallocr.o)
                0x20000878                __malloc_sbrk_base
 .data.__malloc_trim_threshold
                0x2000087c        0x4 d:/patch/gcc-arm-none-eabi-10.3-2021.10/bin/../lib/gcc/arm-none-eabi/10.3.1/../../../../arm-none-eabi/lib/thumb/v7e-m/nofp\libg.a(lib_a-mallocr.o)
                0x2000087c                __malloc_trim_threshold
 *(.RamFunc)
 *(.RamFunc*)
                0x20000880                . = ALIGN (0x4)
                0x20000880                _edata = .
                0x08008c04                _siccmram = LOADADDR (.ccmram)

.igot.plt       0x20000880        0x0 load address 0x08008c04
 .igot.plt      0x20000880        0x0 CMakeFiles/gongxun.elf.dir/Bsp/Bsp.c.obj

.ccmram         0x10000000        0x0 load address 0x08008c04
                0x10000000                . = ALIGN (0x4)
                0x10000000                _sccmram = .
 *(.ccmram)
 *(.ccmram*)
                0x10000000                . = ALIGN (0x4)
                0x10000000                _eccmram = .
                0x10000000                . = ALIGN (0x4)

.bss            0x20000880      0x6ac
                0x20000880                _sbss = .
                0x20000880                __bss_start__ = _sbss
 *(.bss)
 *(.bss*)
 .bss.HuaGui_Init_State
                0x20000880        0x1 CMakeFiles/gongxun.elf.dir/Bsp/Bsp.c.obj
                0x20000880                HuaGui_Init_State
 .bss.fac_us    0x20000881        0x1 CMakeFiles/gongxun.elf.dir/Bsp/My_Delay.c.obj
 *fill*         0x20000882        0x2 
 .bss.JY901_data
                0x20000884       0x48 CMakeFiles/gongxun.elf.dir/Bsp/Uart_Bsp.c.obj
                0x20000884                JY901_data
 .bss.OpenMV_RawData_X
                0x200008cc        0x2 CMakeFiles/gongxun.elf.dir/Bsp/Uart_Bsp.c.obj
                0x200008cc                OpenMV_RawData_X
 *fill*         0x200008ce        0x2 
 .bss.OpenMV_RawData_Y
                0x200008d0        0x2 CMakeFiles/gongxun.elf.dir/Bsp/Uart_Bsp.c.obj
                0x200008d0                OpenMV_RawData_Y
 *fill*         0x200008d2        0x2 
 .bss.OpenMV_RawData_Z
                0x200008d4        0x2 CMakeFiles/gongxun.elf.dir/Bsp/Uart_Bsp.c.obj
                0x200008d4                OpenMV_RawData_Z
 .bss.OpenMV_RxFlag
                0x200008d6        0x1 CMakeFiles/gongxun.elf.dir/Bsp/Uart_Bsp.c.obj
                0x200008d6                OpenMV_RxFlag
 .bss.OpenMV_rxbuff
                0x200008d7        0x1 CMakeFiles/gongxun.elf.dir/Bsp/Uart_Bsp.c.obj
                0x200008d7                OpenMV_rxbuff
 .bss.RxCounter.0
                0x200008d8        0x1 CMakeFiles/gongxun.elf.dir/Bsp/Uart_Bsp.c.obj
 .bss.RxState.1
                0x200008d9        0x1 CMakeFiles/gongxun.elf.dir/Bsp/Uart_Bsp.c.obj
 *fill*         0x200008da        0x2 
 .bss.stcAcc    0x200008dc        0x8 CMakeFiles/gongxun.elf.dir/Bsp/Uart_Bsp.c.obj
                0x200008dc                stcAcc
 .bss.stcAngle  0x200008e4        0x8 CMakeFiles/gongxun.elf.dir/Bsp/Uart_Bsp.c.obj
                0x200008e4                stcAngle
 .bss.stcGyro   0x200008ec        0x8 CMakeFiles/gongxun.elf.dir/Bsp/Uart_Bsp.c.obj
                0x200008ec                stcGyro
 .bss.gHuart    0x200008f4        0x4 CMakeFiles/gongxun.elf.dir/Core/Src/retarget.c.obj
                0x200008f4                gHuart
 .bss.__sbrk_heap_end
                0x200008f8        0x4 CMakeFiles/gongxun.elf.dir/Core/Src/sysmem.c.obj
 .bss.htim1     0x200008fc       0x48 CMakeFiles/gongxun.elf.dir/Core/Src/tim.c.obj
                0x200008fc                htim1
 .bss.htim3     0x20000944       0x48 CMakeFiles/gongxun.elf.dir/Core/Src/tim.c.obj
                0x20000944                htim3
 .bss.htim6     0x2000098c       0x48 CMakeFiles/gongxun.elf.dir/Core/Src/tim.c.obj
                0x2000098c                htim6
 .bss.htim7     0x200009d4       0x48 CMakeFiles/gongxun.elf.dir/Core/Src/tim.c.obj
                0x200009d4                htim7
 .bss.htim8     0x20000a1c       0x48 CMakeFiles/gongxun.elf.dir/Core/Src/tim.c.obj
                0x20000a1c                htim8
 .bss.hdma_usart3_rx
                0x20000a64       0x60 CMakeFiles/gongxun.elf.dir/Core/Src/usart.c.obj
                0x20000a64                hdma_usart3_rx
 .bss.huart1    0x20000ac4       0x48 CMakeFiles/gongxun.elf.dir/Core/Src/usart.c.obj
                0x20000ac4                huart1
 .bss.huart2    0x20000b0c       0x48 CMakeFiles/gongxun.elf.dir/Core/Src/usart.c.obj
                0x20000b0c                huart2
 .bss.huart3    0x20000b54       0x48 CMakeFiles/gongxun.elf.dir/Core/Src/usart.c.obj
                0x20000b54                huart3
 .bss.huart4    0x20000b9c       0x48 CMakeFiles/gongxun.elf.dir/Core/Src/usart.c.obj
                0x20000b9c                huart4
 .bss.huart5    0x20000be4       0x48 CMakeFiles/gongxun.elf.dir/Core/Src/usart.c.obj
                0x20000be4                huart5
 .bss.huart6    0x20000c2c       0x48 CMakeFiles/gongxun.elf.dir/Core/Src/usart.c.obj
                0x20000c2c                huart6
 .bss.uwTick    0x20000c74        0x4 CMakeFiles/gongxun.elf.dir/Drivers/STM32F4xx_HAL_Driver/Src/stm32f4xx_hal.c.obj
                0x20000c74                uwTick
 .bss.Last_Data1.8
                0x20000c78        0x1 CMakeFiles/gongxun.elf.dir/Task/Control.c.obj
 .bss.Running_Flag
                0x20000c79        0x1 CMakeFiles/gongxun.elf.dir/Task/Control.c.obj
                0x20000c79                Running_Flag
 .bss.Running_Mode
                0x20000c7a        0x1 CMakeFiles/gongxun.elf.dir/Task/Control.c.obj
                0x20000c7a                Running_Mode
 *fill*         0x20000c7b        0x1 
 .bss.Task_Data1
                0x20000c7c       0xc8 CMakeFiles/gongxun.elf.dir/Task/Control.c.obj
                0x20000c7c                Task_Data1
 .bss.Task_Data2
                0x20000d44       0xc8 CMakeFiles/gongxun.elf.dir/Task/Control.c.obj
                0x20000d44                Task_Data2
 .bss.Task_Flag
                0x20000e0c       0x64 CMakeFiles/gongxun.elf.dir/Task/Control.c.obj
                0x20000e0c                Task_Flag
 .bss.Task_Num_0
                0x20000e70        0x1 CMakeFiles/gongxun.elf.dir/Task/Control.c.obj
                0x20000e70                Task_Num_0
 *fill*         0x20000e71        0x1 
 .bss.Task_Num_1
                0x20000e72        0x2 CMakeFiles/gongxun.elf.dir/Task/Control.c.obj
                0x20000e72                Task_Num_1
 .bss.Task_Num_2
                0x20000e74        0x2 CMakeFiles/gongxun.elf.dir/Task/Control.c.obj
                0x20000e74                Task_Num_2
 .bss.temp.0    0x20000e76        0x1 CMakeFiles/gongxun.elf.dir/Task/Control.c.obj
 .bss.temp.1    0x20000e77        0x1 CMakeFiles/gongxun.elf.dir/Task/Control.c.obj
 .bss.temp.10   0x20000e78        0x1 CMakeFiles/gongxun.elf.dir/Task/Control.c.obj
 .bss.temp.11   0x20000e79        0x1 CMakeFiles/gongxun.elf.dir/Task/Control.c.obj
 .bss.temp.4    0x20000e7a        0x1 CMakeFiles/gongxun.elf.dir/Task/Control.c.obj
 .bss.temp.7    0x20000e7b        0x1 CMakeFiles/gongxun.elf.dir/Task/Control.c.obj
 .bss.temp.9    0x20000e7c        0x1 CMakeFiles/gongxun.elf.dir/Task/Control.c.obj
 .bss.temp1.3   0x20000e7d        0x1 CMakeFiles/gongxun.elf.dir/Task/Control.c.obj
 .bss.temp1.6   0x20000e7e        0x1 CMakeFiles/gongxun.elf.dir/Task/Control.c.obj
 .bss.temp2.2   0x20000e7f        0x1 CMakeFiles/gongxun.elf.dir/Task/Control.c.obj
 .bss.temp2.5   0x20000e80        0x1 CMakeFiles/gongxun.elf.dir/Task/Control.c.obj
 .bss.Car_Task_Data_0
                0x20000e81        0x1 CMakeFiles/gongxun.elf.dir/Task/Control_Logic.c.obj
                0x20000e81                Car_Task_Data_0
 .bss.Car_Task_Data_1
                0x20000e82        0x2 CMakeFiles/gongxun.elf.dir/Task/Control_Logic.c.obj
                0x20000e82                Car_Task_Data_1
 .bss.Car_Task_Data_2
                0x20000e84        0x2 CMakeFiles/gongxun.elf.dir/Task/Control_Logic.c.obj
                0x20000e84                Car_Task_Data_2
 .bss.HuaGui_Motor_State
                0x20000e86        0x1 CMakeFiles/gongxun.elf.dir/Task/Motor.c.obj
                0x20000e86                HuaGui_Motor_State
 *fill*         0x20000e87        0x1 
 .bss.Last_Yaw.5
                0x20000e88        0x4 CMakeFiles/gongxun.elf.dir/Task/Motor.c.obj
 .bss.Motor_HuaGui_Current_amount
                0x20000e8c        0x2 CMakeFiles/gongxun.elf.dir/Task/Motor.c.obj
                0x20000e8c                Motor_HuaGui_Current_amount
 .bss.Motor_RxBuff
                0x20000e8e        0x1 CMakeFiles/gongxun.elf.dir/Task/Motor.c.obj
                0x20000e8e                Motor_RxBuff
 .bss.Motor_Stop_Flag_Car
                0x20000e8f        0x1 CMakeFiles/gongxun.elf.dir/Task/Motor.c.obj
                0x20000e8f                Motor_Stop_Flag_Car
 .bss.RxBuffer1
                0x20000e90       0x14 CMakeFiles/gongxun.elf.dir/Task/Motor.c.obj
                0x20000e90                RxBuffer1
 .bss.RxCounter1.9
                0x20000ea4        0x1 CMakeFiles/gongxun.elf.dir/Task/Motor.c.obj
 .bss.RxState.10
                0x20000ea5        0x1 CMakeFiles/gongxun.elf.dir/Task/Motor.c.obj
 *fill*         0x20000ea6        0x2 
 .bss.Send_Data
                0x20000ea8       0x14 CMakeFiles/gongxun.elf.dir/Task/Motor.c.obj
                0x20000ea8                Send_Data
 .bss.Stop_Counter.2
                0x20000ebc        0x1 CMakeFiles/gongxun.elf.dir/Task/Motor.c.obj
 .bss.Temp_State.1
                0x20000ebd        0x1 CMakeFiles/gongxun.elf.dir/Task/Motor.c.obj
 .bss.Temp_State.6
                0x20000ebe        0x1 CMakeFiles/gongxun.elf.dir/Task/Motor.c.obj
 *fill*         0x20000ebf        0x1 
 .bss.Temp_Yaw.0
                0x20000ec0        0x4 CMakeFiles/gongxun.elf.dir/Task/Motor.c.obj
 .bss.Temp_Yaw.4
                0x20000ec4        0x4 CMakeFiles/gongxun.elf.dir/Task/Motor.c.obj
 .bss.Car_Counter
                0x20000ec8        0x2 CMakeFiles/gongxun.elf.dir/Task/Move.c.obj
                0x20000ec8                Car_Counter
 .bss.Car_Counter_Enable
                0x20000eca        0x1 CMakeFiles/gongxun.elf.dir/Task/Move.c.obj
                0x20000eca                Car_Counter_Enable
 *fill*         0x20000ecb        0x1 
 .bss.Car_Counter_Times
                0x20000ecc        0x2 CMakeFiles/gongxun.elf.dir/Task/Move.c.obj
                0x20000ecc                Car_Counter_Times
 .bss.Car_Task_Time
                0x20000ece        0x2 CMakeFiles/gongxun.elf.dir/Task/Move.c.obj
                0x20000ece                Car_Task_Time
 .bss.Counter   0x20000ed0        0x2 CMakeFiles/gongxun.elf.dir/Task/Move.c.obj
                0x20000ed0                Counter
 .bss.Counter_Enable
                0x20000ed2        0x1 CMakeFiles/gongxun.elf.dir/Task/Move.c.obj
                0x20000ed2                Counter_Enable
 *fill*         0x20000ed3        0x1 
 .bss.Counter_Times
                0x20000ed4        0x2 CMakeFiles/gongxun.elf.dir/Task/Move.c.obj
                0x20000ed4                Counter_Times
 .bss.Get_Loads_State.1
                0x20000ed6        0x1 CMakeFiles/gongxun.elf.dir/Task/Move.c.obj
 .bss.Put_Loads_State.0
                0x20000ed7        0x1 CMakeFiles/gongxun.elf.dir/Task/Move.c.obj
 .bss.Yaw_Compensate
                0x20000ed8        0x8 CMakeFiles/gongxun.elf.dir/Task/Move.c.obj
                0x20000ed8                Yaw_Compensate
 .bss.u10ms     0x20000ee0        0x2 CMakeFiles/gongxun.elf.dir/Task/Move.c.obj
                0x20000ee0                u10ms
 .bss.HuaGui_Servo_Flag
                0x20000ee2        0x1 CMakeFiles/gongxun.elf.dir/Task/Servo.c.obj
                0x20000ee2                HuaGui_Servo_Flag
 .bss.JiaZhua_Servo_Flag
                0x20000ee3        0x1 CMakeFiles/gongxun.elf.dir/Task/Servo.c.obj
                0x20000ee3                JiaZhua_Servo_Flag
 .bss.ZaiWu_Servo_Flag
                0x20000ee4        0x1 CMakeFiles/gongxun.elf.dir/Task/Servo.c.obj
                0x20000ee4                ZaiWu_Servo_Flag
 *fill*         0x20000ee5        0x3 
 .bss.__lock___malloc_recursive_mutex
                0x20000ee8        0x1 d:/patch/gcc-arm-none-eabi-10.3-2021.10/bin/../lib/gcc/arm-none-eabi/10.3.1/../../../../arm-none-eabi/lib/thumb/v7e-m/nofp\libg.a(lib_a-lock.o)
                0x20000ee8                __lock___malloc_recursive_mutex
 *fill*         0x20000ee9        0x3 
 .bss.__lock___sfp_recursive_mutex
                0x20000eec        0x1 d:/patch/gcc-arm-none-eabi-10.3-2021.10/bin/../lib/gcc/arm-none-eabi/10.3.1/../../../../arm-none-eabi/lib/thumb/v7e-m/nofp\libg.a(lib_a-lock.o)
                0x20000eec                __lock___sfp_recursive_mutex
 *fill*         0x20000eed        0x3 
 .bss.__lock___sinit_recursive_mutex
                0x20000ef0        0x1 d:/patch/gcc-arm-none-eabi-10.3-2021.10/bin/../lib/gcc/arm-none-eabi/10.3.1/../../../../arm-none-eabi/lib/thumb/v7e-m/nofp\libg.a(lib_a-lock.o)
                0x20000ef0                __lock___sinit_recursive_mutex
 *fill*         0x20000ef1        0x3 
 .bss.__malloc_current_mallinfo
                0x20000ef4       0x28 d:/patch/gcc-arm-none-eabi-10.3-2021.10/bin/../lib/gcc/arm-none-eabi/10.3.1/../../../../arm-none-eabi/lib/thumb/v7e-m/nofp\libg.a(lib_a-mallocr.o)
                0x20000ef4                __malloc_current_mallinfo
 .bss.__malloc_max_sbrked_mem
                0x20000f1c        0x4 d:/patch/gcc-arm-none-eabi-10.3-2021.10/bin/../lib/gcc/arm-none-eabi/10.3.1/../../../../arm-none-eabi/lib/thumb/v7e-m/nofp\libg.a(lib_a-mallocr.o)
                0x20000f1c                __malloc_max_sbrked_mem
 .bss.__malloc_max_total_mem
                0x20000f20        0x4 d:/patch/gcc-arm-none-eabi-10.3-2021.10/bin/../lib/gcc/arm-none-eabi/10.3.1/../../../../arm-none-eabi/lib/thumb/v7e-m/nofp\libg.a(lib_a-mallocr.o)
                0x20000f20                __malloc_max_total_mem
 .bss.__malloc_top_pad
                0x20000f24        0x4 d:/patch/gcc-arm-none-eabi-10.3-2021.10/bin/../lib/gcc/arm-none-eabi/10.3.1/../../../../arm-none-eabi/lib/thumb/v7e-m/nofp\libg.a(lib_a-mallocr.o)
                0x20000f24                __malloc_top_pad
 .bss.errno     0x20000f28        0x4 d:/patch/gcc-arm-none-eabi-10.3-2021.10/bin/../lib/gcc/arm-none-eabi/10.3.1/../../../../arm-none-eabi/lib/thumb/v7e-m/nofp\libg.a(lib_a-reent.o)
                0x20000f28                errno
 *(COMMON)
                0x20000f2c                . = ALIGN (0x4)
                0x20000f2c                _ebss = .
                0x20000f2c                __bss_end__ = _ebss

._user_heap_stack
                0x20000f2c      0x604
                0x20000f30                . = ALIGN (0x8)
 *fill*         0x20000f2c        0x4 
                [!provide]                PROVIDE (end = .)
                0x20000f30                PROVIDE (_end = .)
                0x20001130                . = (. + _Min_Heap_Size)
 *fill*         0x20000f30      0x200 
                0x20001530                . = (. + _Min_Stack_Size)
 *fill*         0x20001130      0x400 
                0x20001530                . = ALIGN (0x8)

/DISCARD/
 libc.a(*)
 libm.a(*)
 libgcc.a(*)

.ARM.attributes
                0x00000000       0x2a
 *(.ARM.attributes)
 .ARM.attributes
                0x00000000       0x1e d:/patch/gcc-arm-none-eabi-10.3-2021.10/bin/../lib/gcc/arm-none-eabi/10.3.1/thumb/v7e-m/nofp/crti.o
 .ARM.attributes
                0x0000001e       0x2e CMakeFiles/gongxun.elf.dir/Bsp/Bsp.c.obj
 .ARM.attributes
                0x0000004c       0x2e CMakeFiles/gongxun.elf.dir/Bsp/LCD.c.obj
 .ARM.attributes
                0x0000007a       0x2e CMakeFiles/gongxun.elf.dir/Bsp/My_Delay.c.obj
 .ARM.attributes
                0x000000a8       0x2e CMakeFiles/gongxun.elf.dir/Bsp/Uart_Bsp.c.obj
 .ARM.attributes
                0x000000d6       0x2e CMakeFiles/gongxun.elf.dir/Core/Src/dma.c.obj
 .ARM.attributes
                0x00000104       0x2e CMakeFiles/gongxun.elf.dir/Core/Src/gpio.c.obj
 .ARM.attributes
                0x00000132       0x2e CMakeFiles/gongxun.elf.dir/Core/Src/main.c.obj
 .ARM.attributes
                0x00000160       0x2e CMakeFiles/gongxun.elf.dir/Core/Src/retarget.c.obj
 .ARM.attributes
                0x0000018e       0x2e CMakeFiles/gongxun.elf.dir/Core/Src/stm32f4xx_hal_msp.c.obj
 .ARM.attributes
                0x000001bc       0x2e CMakeFiles/gongxun.elf.dir/Core/Src/stm32f4xx_it.c.obj
 .ARM.attributes
                0x000001ea       0x2e CMakeFiles/gongxun.elf.dir/Core/Src/sysmem.c.obj
 .ARM.attributes
                0x00000218       0x2e CMakeFiles/gongxun.elf.dir/Core/Src/system_stm32f4xx.c.obj
 .ARM.attributes
                0x00000246       0x2e CMakeFiles/gongxun.elf.dir/Core/Src/tim.c.obj
 .ARM.attributes
                0x00000274       0x2e CMakeFiles/gongxun.elf.dir/Core/Src/usart.c.obj
 .ARM.attributes
                0x000002a2       0x21 CMakeFiles/gongxun.elf.dir/Core/Startup/startup_stm32f407zetx.s.obj
 .ARM.attributes
                0x000002c3       0x2e CMakeFiles/gongxun.elf.dir/Drivers/STM32F4xx_HAL_Driver/Src/stm32f4xx_hal.c.obj
 .ARM.attributes
                0x000002f1       0x2e CMakeFiles/gongxun.elf.dir/Drivers/STM32F4xx_HAL_Driver/Src/stm32f4xx_hal_cortex.c.obj
 .ARM.attributes
                0x0000031f       0x2e CMakeFiles/gongxun.elf.dir/Drivers/STM32F4xx_HAL_Driver/Src/stm32f4xx_hal_dma.c.obj
 .ARM.attributes
                0x0000034d       0x2e CMakeFiles/gongxun.elf.dir/Drivers/STM32F4xx_HAL_Driver/Src/stm32f4xx_hal_gpio.c.obj
 .ARM.attributes
                0x0000037b       0x2e CMakeFiles/gongxun.elf.dir/Drivers/STM32F4xx_HAL_Driver/Src/stm32f4xx_hal_rcc.c.obj
 .ARM.attributes
                0x000003a9       0x2e CMakeFiles/gongxun.elf.dir/Drivers/STM32F4xx_HAL_Driver/Src/stm32f4xx_hal_tim.c.obj
 .ARM.attributes
                0x000003d7       0x2e CMakeFiles/gongxun.elf.dir/Drivers/STM32F4xx_HAL_Driver/Src/stm32f4xx_hal_tim_ex.c.obj
 .ARM.attributes
                0x00000405       0x2e CMakeFiles/gongxun.elf.dir/Drivers/STM32F4xx_HAL_Driver/Src/stm32f4xx_hal_uart.c.obj
 .ARM.attributes
                0x00000433       0x2e CMakeFiles/gongxun.elf.dir/Task/Control.c.obj
 .ARM.attributes
                0x00000461       0x2e CMakeFiles/gongxun.elf.dir/Task/Control_Logic.c.obj
 .ARM.attributes
                0x0000048f       0x2e CMakeFiles/gongxun.elf.dir/Task/Motor.c.obj
 .ARM.attributes
                0x000004bd       0x2e CMakeFiles/gongxun.elf.dir/Task/Move.c.obj
 .ARM.attributes
                0x000004eb       0x2e CMakeFiles/gongxun.elf.dir/Task/Servo.c.obj
 .ARM.attributes
                0x00000519       0x1e d:/patch/gcc-arm-none-eabi-10.3-2021.10/bin/../lib/gcc/arm-none-eabi/10.3.1/thumb/v7e-m/nofp\libgcc.a(_arm_addsubdf3.o)
 .ARM.attributes
                0x00000537       0x1e d:/patch/gcc-arm-none-eabi-10.3-2021.10/bin/../lib/gcc/arm-none-eabi/10.3.1/thumb/v7e-m/nofp\libgcc.a(_arm_muldivdf3.o)
 .ARM.attributes
                0x00000555       0x1e d:/patch/gcc-arm-none-eabi-10.3-2021.10/bin/../lib/gcc/arm-none-eabi/10.3.1/thumb/v7e-m/nofp\libgcc.a(_arm_fixdfsi.o)
 .ARM.attributes
                0x00000573       0x1e d:/patch/gcc-arm-none-eabi-10.3-2021.10/bin/../lib/gcc/arm-none-eabi/10.3.1/thumb/v7e-m/nofp\libgcc.a(_arm_addsubsf3.o)
 .ARM.attributes
                0x00000591       0x1e d:/patch/gcc-arm-none-eabi-10.3-2021.10/bin/../lib/gcc/arm-none-eabi/10.3.1/thumb/v7e-m/nofp\libgcc.a(_arm_muldivsf3.o)
 .ARM.attributes
                0x000005af       0x1e d:/patch/gcc-arm-none-eabi-10.3-2021.10/bin/../lib/gcc/arm-none-eabi/10.3.1/thumb/v7e-m/nofp\libgcc.a(_arm_cmpsf2.o)
 .ARM.attributes
                0x000005cd       0x1e d:/patch/gcc-arm-none-eabi-10.3-2021.10/bin/../lib/gcc/arm-none-eabi/10.3.1/thumb/v7e-m/nofp\libgcc.a(_arm_fixsfsi.o)
 .ARM.attributes
                0x000005eb       0x1e d:/patch/gcc-arm-none-eabi-10.3-2021.10/bin/../lib/gcc/arm-none-eabi/10.3.1/thumb/v7e-m/nofp\libgcc.a(_arm_fixunssfsi.o)
 .ARM.attributes
                0x00000609       0x1e d:/patch/gcc-arm-none-eabi-10.3-2021.10/bin/../lib/gcc/arm-none-eabi/10.3.1/thumb/v7e-m/nofp\libgcc.a(_aeabi_uldivmod.o)
 .ARM.attributes
                0x00000627       0x2e d:/patch/gcc-arm-none-eabi-10.3-2021.10/bin/../lib/gcc/arm-none-eabi/10.3.1/thumb/v7e-m/nofp\libgcc.a(_udivmoddi4.o)
 .ARM.attributes
                0x00000655       0x1e d:/patch/gcc-arm-none-eabi-10.3-2021.10/bin/../lib/gcc/arm-none-eabi/10.3.1/thumb/v7e-m/nofp\libgcc.a(_dvmd_tls.o)
 .ARM.attributes
                0x00000673       0x2e d:/patch/gcc-arm-none-eabi-10.3-2021.10/bin/../lib/gcc/arm-none-eabi/10.3.1/../../../../arm-none-eabi/lib/thumb/v7e-m/nofp\libg.a(lib_a-errno.o)
 .ARM.attributes
                0x000006a1       0x2e d:/patch/gcc-arm-none-eabi-10.3-2021.10/bin/../lib/gcc/arm-none-eabi/10.3.1/../../../../arm-none-eabi/lib/thumb/v7e-m/nofp\libg.a(lib_a-impure.o)
 .ARM.attributes
                0x000006cf       0x2e d:/patch/gcc-arm-none-eabi-10.3-2021.10/bin/../lib/gcc/arm-none-eabi/10.3.1/../../../../arm-none-eabi/lib/thumb/v7e-m/nofp\libg.a(lib_a-init.o)
 .ARM.attributes
                0x000006fd       0x2e d:/patch/gcc-arm-none-eabi-10.3-2021.10/bin/../lib/gcc/arm-none-eabi/10.3.1/../../../../arm-none-eabi/lib/thumb/v7e-m/nofp\libg.a(lib_a-memset.o)
 .ARM.attributes
                0x0000072b       0x2e d:/patch/gcc-arm-none-eabi-10.3-2021.10/bin/../lib/gcc/arm-none-eabi/10.3.1/../../../../arm-none-eabi/lib/thumb/v7e-m/nofp\libg.a(lib_a-puts.o)
 .ARM.attributes
                0x00000759       0x2e d:/patch/gcc-arm-none-eabi-10.3-2021.10/bin/../lib/gcc/arm-none-eabi/10.3.1/../../../../arm-none-eabi/lib/thumb/v7e-m/nofp\libg.a(lib_a-setvbuf.o)
 .ARM.attributes
                0x00000787       0x1c d:/patch/gcc-arm-none-eabi-10.3-2021.10/bin/../lib/gcc/arm-none-eabi/10.3.1/../../../../arm-none-eabi/lib/thumb/v7e-m/nofp\libg.a(lib_a-strlen.o)
 .ARM.attributes
                0x000007a3       0x2e d:/patch/gcc-arm-none-eabi-10.3-2021.10/bin/../lib/gcc/arm-none-eabi/10.3.1/../../../../arm-none-eabi/lib/thumb/v7e-m/nofp\libg.a(lib_a-fflush.o)
 .ARM.attributes
                0x000007d1       0x2e d:/patch/gcc-arm-none-eabi-10.3-2021.10/bin/../lib/gcc/arm-none-eabi/10.3.1/../../../../arm-none-eabi/lib/thumb/v7e-m/nofp\libg.a(lib_a-findfp.o)
 .ARM.attributes
                0x000007ff       0x2e d:/patch/gcc-arm-none-eabi-10.3-2021.10/bin/../lib/gcc/arm-none-eabi/10.3.1/../../../../arm-none-eabi/lib/thumb/v7e-m/nofp\libg.a(lib_a-freer.o)
 .ARM.attributes
                0x0000082d       0x2e d:/patch/gcc-arm-none-eabi-10.3-2021.10/bin/../lib/gcc/arm-none-eabi/10.3.1/../../../../arm-none-eabi/lib/thumb/v7e-m/nofp\libg.a(lib_a-fvwrite.o)
 .ARM.attributes
                0x0000085b       0x2e d:/patch/gcc-arm-none-eabi-10.3-2021.10/bin/../lib/gcc/arm-none-eabi/10.3.1/../../../../arm-none-eabi/lib/thumb/v7e-m/nofp\libg.a(lib_a-fwalk.o)
 .ARM.attributes
                0x00000889       0x2e d:/patch/gcc-arm-none-eabi-10.3-2021.10/bin/../lib/gcc/arm-none-eabi/10.3.1/../../../../arm-none-eabi/lib/thumb/v7e-m/nofp\libg.a(lib_a-lock.o)
 .ARM.attributes
                0x000008b7       0x2e d:/patch/gcc-arm-none-eabi-10.3-2021.10/bin/../lib/gcc/arm-none-eabi/10.3.1/../../../../arm-none-eabi/lib/thumb/v7e-m/nofp\libg.a(lib_a-makebuf.o)
 .ARM.attributes
                0x000008e5       0x2e d:/patch/gcc-arm-none-eabi-10.3-2021.10/bin/../lib/gcc/arm-none-eabi/10.3.1/../../../../arm-none-eabi/lib/thumb/v7e-m/nofp\libg.a(lib_a-malloc.o)
 .ARM.attributes
                0x00000913       0x2e d:/patch/gcc-arm-none-eabi-10.3-2021.10/bin/../lib/gcc/arm-none-eabi/10.3.1/../../../../arm-none-eabi/lib/thumb/v7e-m/nofp\libg.a(lib_a-mallocr.o)
 .ARM.attributes
                0x00000941       0x1c d:/patch/gcc-arm-none-eabi-10.3-2021.10/bin/../lib/gcc/arm-none-eabi/10.3.1/../../../../arm-none-eabi/lib/thumb/v7e-m/nofp\libg.a(lib_a-memchr.o)
 .ARM.attributes
                0x0000095d       0x1c d:/patch/gcc-arm-none-eabi-10.3-2021.10/bin/../lib/gcc/arm-none-eabi/10.3.1/../../../../arm-none-eabi/lib/thumb/v7e-m/nofp\libg.a(lib_a-memcpy.o)
 .ARM.attributes
                0x00000979       0x2e d:/patch/gcc-arm-none-eabi-10.3-2021.10/bin/../lib/gcc/arm-none-eabi/10.3.1/../../../../arm-none-eabi/lib/thumb/v7e-m/nofp\libg.a(lib_a-memmove.o)
 .ARM.attributes
                0x000009a7       0x2e d:/patch/gcc-arm-none-eabi-10.3-2021.10/bin/../lib/gcc/arm-none-eabi/10.3.1/../../../../arm-none-eabi/lib/thumb/v7e-m/nofp\libg.a(lib_a-mlock.o)
 .ARM.attributes
                0x000009d5       0x2e d:/patch/gcc-arm-none-eabi-10.3-2021.10/bin/../lib/gcc/arm-none-eabi/10.3.1/../../../../arm-none-eabi/lib/thumb/v7e-m/nofp\libg.a(lib_a-reallocr.o)
 .ARM.attributes
                0x00000a03       0x2e d:/patch/gcc-arm-none-eabi-10.3-2021.10/bin/../lib/gcc/arm-none-eabi/10.3.1/../../../../arm-none-eabi/lib/thumb/v7e-m/nofp\libg.a(lib_a-sbrkr.o)
 .ARM.attributes
                0x00000a31       0x2e d:/patch/gcc-arm-none-eabi-10.3-2021.10/bin/../lib/gcc/arm-none-eabi/10.3.1/../../../../arm-none-eabi/lib/thumb/v7e-m/nofp\libg.a(lib_a-stdio.o)
 .ARM.attributes
                0x00000a5f       0x2e d:/patch/gcc-arm-none-eabi-10.3-2021.10/bin/../lib/gcc/arm-none-eabi/10.3.1/../../../../arm-none-eabi/lib/thumb/v7e-m/nofp\libg.a(lib_a-writer.o)
 .ARM.attributes
                0x00000a8d       0x2e d:/patch/gcc-arm-none-eabi-10.3-2021.10/bin/../lib/gcc/arm-none-eabi/10.3.1/../../../../arm-none-eabi/lib/thumb/v7e-m/nofp\libg.a(lib_a-wsetup.o)
 .ARM.attributes
                0x00000abb       0x2e d:/patch/gcc-arm-none-eabi-10.3-2021.10/bin/../lib/gcc/arm-none-eabi/10.3.1/../../../../arm-none-eabi/lib/thumb/v7e-m/nofp\libg.a(lib_a-closer.o)
 .ARM.attributes
                0x00000ae9       0x2e d:/patch/gcc-arm-none-eabi-10.3-2021.10/bin/../lib/gcc/arm-none-eabi/10.3.1/../../../../arm-none-eabi/lib/thumb/v7e-m/nofp\libg.a(lib_a-fclose.o)
 .ARM.attributes
                0x00000b17       0x2e d:/patch/gcc-arm-none-eabi-10.3-2021.10/bin/../lib/gcc/arm-none-eabi/10.3.1/../../../../arm-none-eabi/lib/thumb/v7e-m/nofp\libg.a(lib_a-fstatr.o)
 .ARM.attributes
                0x00000b45       0x2e d:/patch/gcc-arm-none-eabi-10.3-2021.10/bin/../lib/gcc/arm-none-eabi/10.3.1/../../../../arm-none-eabi/lib/thumb/v7e-m/nofp\libg.a(lib_a-isattyr.o)
 .ARM.attributes
                0x00000b73       0x2e d:/patch/gcc-arm-none-eabi-10.3-2021.10/bin/../lib/gcc/arm-none-eabi/10.3.1/../../../../arm-none-eabi/lib/thumb/v7e-m/nofp\libg.a(lib_a-lseekr.o)
 .ARM.attributes
                0x00000ba1       0x2e d:/patch/gcc-arm-none-eabi-10.3-2021.10/bin/../lib/gcc/arm-none-eabi/10.3.1/../../../../arm-none-eabi/lib/thumb/v7e-m/nofp\libg.a(lib_a-readr.o)
 .ARM.attributes
                0x00000bcf       0x2e d:/patch/gcc-arm-none-eabi-10.3-2021.10/bin/../lib/gcc/arm-none-eabi/10.3.1/../../../../arm-none-eabi/lib/thumb/v7e-m/nofp\libg.a(lib_a-reent.o)
 .ARM.attributes
                0x00000bfd       0x1e d:/patch/gcc-arm-none-eabi-10.3-2021.10/bin/../lib/gcc/arm-none-eabi/10.3.1/thumb/v7e-m/nofp/crtn.o
OUTPUT(gongxun.elf elf32-littlearm)
LOAD linker stubs
LOAD d:/patch/gcc-arm-none-eabi-10.3-2021.10/bin/../lib/gcc/arm-none-eabi/10.3.1/../../../../arm-none-eabi/lib/thumb/v7e-m/nofp\libc.a
LOAD d:/patch/gcc-arm-none-eabi-10.3-2021.10/bin/../lib/gcc/arm-none-eabi/10.3.1/../../../../arm-none-eabi/lib/thumb/v7e-m/nofp\libm.a
LOAD d:/patch/gcc-arm-none-eabi-10.3-2021.10/bin/../lib/gcc/arm-none-eabi/10.3.1/thumb/v7e-m/nofp\libgcc.a

.debug_info     0x00000000    0x1ae38
 .debug_info    0x00000000      0xc48 CMakeFiles/gongxun.elf.dir/Bsp/Bsp.c.obj
 .debug_info    0x00000c48      0x685 CMakeFiles/gongxun.elf.dir/Bsp/LCD.c.obj
 .debug_info    0x000012cd      0x476 CMakeFiles/gongxun.elf.dir/Bsp/My_Delay.c.obj
 .debug_info    0x00001743      0xc92 CMakeFiles/gongxun.elf.dir/Bsp/Uart_Bsp.c.obj
 .debug_info    0x000023d5      0x4fa CMakeFiles/gongxun.elf.dir/Core/Src/dma.c.obj
 .debug_info    0x000028cf      0x666 CMakeFiles/gongxun.elf.dir/Core/Src/gpio.c.obj
 .debug_info    0x00002f35      0xd80 CMakeFiles/gongxun.elf.dir/Core/Src/main.c.obj
 .debug_info    0x00003cb5     0x131d CMakeFiles/gongxun.elf.dir/Core/Src/retarget.c.obj
 .debug_info    0x00004fd2      0x2a4 CMakeFiles/gongxun.elf.dir/Core/Src/stm32f4xx_hal_msp.c.obj
 .debug_info    0x00005276      0xefa CMakeFiles/gongxun.elf.dir/Core/Src/stm32f4xx_it.c.obj
 .debug_info    0x00006170      0x174 CMakeFiles/gongxun.elf.dir/Core/Src/sysmem.c.obj
 .debug_info    0x000062e4      0x37d CMakeFiles/gongxun.elf.dir/Core/Src/system_stm32f4xx.c.obj
 .debug_info    0x00006661     0x173c CMakeFiles/gongxun.elf.dir/Core/Src/tim.c.obj
 .debug_info    0x00007d9d     0x1249 CMakeFiles/gongxun.elf.dir/Core/Src/usart.c.obj
 .debug_info    0x00008fe6       0x22 CMakeFiles/gongxun.elf.dir/Core/Startup/startup_stm32f407zetx.s.obj
 .debug_info    0x00009008      0x9f0 CMakeFiles/gongxun.elf.dir/Drivers/STM32F4xx_HAL_Driver/Src/stm32f4xx_hal.c.obj
 .debug_info    0x000099f8     0x10ab CMakeFiles/gongxun.elf.dir/Drivers/STM32F4xx_HAL_Driver/Src/stm32f4xx_hal_cortex.c.obj
 .debug_info    0x0000aaa3      0xb3f CMakeFiles/gongxun.elf.dir/Drivers/STM32F4xx_HAL_Driver/Src/stm32f4xx_hal_dma.c.obj
 .debug_info    0x0000b5e2      0x7b0 CMakeFiles/gongxun.elf.dir/Drivers/STM32F4xx_HAL_Driver/Src/stm32f4xx_hal_gpio.c.obj
 .debug_info    0x0000bd92      0xb03 CMakeFiles/gongxun.elf.dir/Drivers/STM32F4xx_HAL_Driver/Src/stm32f4xx_hal_rcc.c.obj
 .debug_info    0x0000c895     0x3dc6 CMakeFiles/gongxun.elf.dir/Drivers/STM32F4xx_HAL_Driver/Src/stm32f4xx_hal_tim.c.obj
 .debug_info    0x0001065b     0x1b03 CMakeFiles/gongxun.elf.dir/Drivers/STM32F4xx_HAL_Driver/Src/stm32f4xx_hal_tim_ex.c.obj
 .debug_info    0x0001215e     0x418f CMakeFiles/gongxun.elf.dir/Drivers/STM32F4xx_HAL_Driver/Src/stm32f4xx_hal_uart.c.obj
 .debug_info    0x000162ed      0xbe0 CMakeFiles/gongxun.elf.dir/Task/Control.c.obj
 .debug_info    0x00016ecd      0x383 CMakeFiles/gongxun.elf.dir/Task/Control_Logic.c.obj
 .debug_info    0x00017250     0x204d CMakeFiles/gongxun.elf.dir/Task/Motor.c.obj
 .debug_info    0x0001929d      0xfda CMakeFiles/gongxun.elf.dir/Task/Move.c.obj
 .debug_info    0x0001a277      0xbc1 CMakeFiles/gongxun.elf.dir/Task/Servo.c.obj

.debug_abbrev   0x00000000     0x36b3
 .debug_abbrev  0x00000000      0x1ac CMakeFiles/gongxun.elf.dir/Bsp/Bsp.c.obj
 .debug_abbrev  0x000001ac      0x19a CMakeFiles/gongxun.elf.dir/Bsp/LCD.c.obj
 .debug_abbrev  0x00000346      0x19a CMakeFiles/gongxun.elf.dir/Bsp/My_Delay.c.obj
 .debug_abbrev  0x000004e0      0x25b CMakeFiles/gongxun.elf.dir/Bsp/Uart_Bsp.c.obj
 .debug_abbrev  0x0000073b      0x126 CMakeFiles/gongxun.elf.dir/Core/Src/dma.c.obj
 .debug_abbrev  0x00000861      0x14e CMakeFiles/gongxun.elf.dir/Core/Src/gpio.c.obj
 .debug_abbrev  0x000009af      0x232 CMakeFiles/gongxun.elf.dir/Core/Src/main.c.obj
 .debug_abbrev  0x00000be1      0x2b4 CMakeFiles/gongxun.elf.dir/Core/Src/retarget.c.obj
 .debug_abbrev  0x00000e95       0xd1 CMakeFiles/gongxun.elf.dir/Core/Src/stm32f4xx_hal_msp.c.obj
 .debug_abbrev  0x00000f66      0x265 CMakeFiles/gongxun.elf.dir/Core/Src/stm32f4xx_it.c.obj
 .debug_abbrev  0x000011cb       0xe7 CMakeFiles/gongxun.elf.dir/Core/Src/sysmem.c.obj
 .debug_abbrev  0x000012b2      0x119 CMakeFiles/gongxun.elf.dir/Core/Src/system_stm32f4xx.c.obj
 .debug_abbrev  0x000013cb      0x22d CMakeFiles/gongxun.elf.dir/Core/Src/tim.c.obj
 .debug_abbrev  0x000015f8      0x237 CMakeFiles/gongxun.elf.dir/Core/Src/usart.c.obj
 .debug_abbrev  0x0000182f       0x12 CMakeFiles/gongxun.elf.dir/Core/Startup/startup_stm32f407zetx.s.obj
 .debug_abbrev  0x00001841      0x206 CMakeFiles/gongxun.elf.dir/Drivers/STM32F4xx_HAL_Driver/Src/stm32f4xx_hal.c.obj
 .debug_abbrev  0x00001a47      0x36a CMakeFiles/gongxun.elf.dir/Drivers/STM32F4xx_HAL_Driver/Src/stm32f4xx_hal_cortex.c.obj